DEBUG:paramiko.transport:starting thread (client mode): 0xddbe4f0
DEBUG:paramiko.transport:Local version/idstring: SSH-2.0-paramiko_2.10.3
DEBUG:paramiko.transport:Remote version/idstring: SSH-2.0-OpenSSH_8.2
INFO:paramiko.transport:Connected (version 2.0, client OpenSSH_8.2)
DEBUG:paramiko.transport:=== Key exchange possibilities ===
DEBUG:paramiko.transport:kex algos: curve25519-sha256, curve25519-sha256@libssh.org, diffie-hellman-group1-sha1, diffie-hellman-group14-sha1, diffie-hellman-group14-sha256, diffie-hellman-group16-sha512, ecdh-sha2-nistp256, ecdh-sha2-nistp384, ecdh-sha2-nistp521
DEBUG:paramiko.transport:server key: ssh-rsa
DEBUG:paramiko.transport:client encrypt: aes128-ctr, aes192-ctr, aes256-ctr
DEBUG:paramiko.transport:server encrypt: aes128-ctr, aes192-ctr, aes256-ctr
DEBUG:paramiko.transport:client mac: hmac-sha1, hmac-sha2-256, hmac-sha2-512
DEBUG:paramiko.transport:server mac: hmac-sha1, hmac-sha2-256, hmac-sha2-512
DEBUG:paramiko.transport:client compress: none, zlib@openssh.com
DEBUG:paramiko.transport:server compress: none, zlib@openssh.com
DEBUG:paramiko.transport:client lang: <none>
DEBUG:paramiko.transport:server lang: <none>
DEBUG:paramiko.transport:kex follows: False
DEBUG:paramiko.transport:=== Key exchange agreements ===
DEBUG:paramiko.transport:Kex: curve25519-sha256@libssh.org
DEBUG:paramiko.transport:HostKey: ssh-rsa
DEBUG:paramiko.transport:Cipher: aes128-ctr
DEBUG:paramiko.transport:MAC: hmac-sha2-256
DEBUG:paramiko.transport:Compression: none
DEBUG:paramiko.transport:=== End of kex handshake ===
DEBUG:paramiko.transport:kex engine KexCurve25519 specified hash_algo <built-in function openssl_sha256>
DEBUG:paramiko.transport:Switch to new keys ...
DEBUG:paramiko.transport:Adding ssh-rsa host key for svlngen4-fab1-apic1: b'cb2da8ed61e467840f2aac1ca52bcede'
DEBUG:paramiko.transport:Got EXT_INFO: {'server-sig-algs': b'ssh-ed25519,sk-ssh-ed25519@openssh.com,ssh-rsa,rsa-sha2-256,rsa-sha2-512,ssh-dss,ecdsa-sha2-nistp256,ecdsa-sha2-nistp384,ecdsa-sha2-nistp521,sk-ecdsa-sha2-nistp256@openssh.com'}
DEBUG:paramiko.transport:userauth is OK
INFO:paramiko.transport:Auth banner: b'Application Policy Infrastructure Controller\n'
INFO:paramiko.transport:Authentication (password) successful!
DEBUG:paramiko.transport:[chan 0] Max packet in: 32768 bytes
DEBUG:paramiko.transport:Received global request "hostkeys-00@openssh.com"
DEBUG:paramiko.transport:Rejecting "hostkeys-00@openssh.com" global request from server.
DEBUG:paramiko.transport:[chan 0] Max packet out: 32768 bytes
DEBUG:paramiko.transport:Secsh channel 0 opened.
DEBUG:paramiko.transport:[chan 0] Sesch channel 0 request ok
DEBUG:paramiko.transport:[chan 0] Sesch channel 0 request ok
DEBUG:netmiko:read_channel: 
DEBUG:netmiko:read_channel: 
DEBUG:netmiko:read_channel: 
DEBUG:netmiko:read_channel: 
DEBUG:netmiko:read_channel: 
DEBUG:netmiko:read_channel: 
DEBUG:netmiko:read_channel: 
DEBUG:netmiko:read_channel: 
DEBUG:netmiko:read_channel: 
DEBUG:netmiko:read_channel: 
DEBUG:netmiko:read_channel: 
DEBUG:netmiko:read_channel: 
DEBUG:netmiko:read_channel: 
DEBUG:netmiko:read_channel: 
DEBUG:netmiko:read_channel: 
DEBUG:netmiko:read_channel: 
DEBUG:netmiko:read_channel: 
DEBUG:netmiko:read_channel: 
DEBUG:netmiko:read_channel: 
DEBUG:netmiko:read_channel: 
DEBUG:netmiko:read_channel: 
DEBUG:netmiko:read_channel: 
DEBUG:netmiko:read_channel: 
DEBUG:netmiko:read_channel: 
DEBUG:netmiko:read_channel: 
DEBUG:netmiko:read_channel: 
DEBUG:netmiko:read_channel: 
DEBUG:netmiko:read_channel: 
DEBUG:netmiko:read_channel: 
DEBUG:netmiko:read_channel: 
DEBUG:netmiko:read_channel: 
DEBUG:netmiko:read_channel: 
DEBUG:netmiko:read_channel: 
DEBUG:netmiko:read_channel: 
DEBUG:netmiko:read_channel: 
DEBUG:netmiko:read_channel: 
DEBUG:netmiko:read_channel: 
DEBUG:netmiko:read_channel: 
DEBUG:netmiko:read_channel: 
DEBUG:netmiko:read_channel: 
DEBUG:netmiko:read_channel: 
DEBUG:netmiko:read_channel: 
DEBUG:netmiko:read_channel: 
DEBUG:netmiko:read_channel: 
DEBUG:netmiko:read_channel: 
DEBUG:netmiko:read_channel: 
DEBUG:netmiko:read_channel: 
DEBUG:netmiko:read_channel: Last login: 2022-04-22T22:22:22.000-07:00 UTC

DEBUG:netmiko:read_channel: 
DEBUG:netmiko:read_channel: 
DEBUG:netmiko:read_channel: 
DEBUG:netmiko:read_channel: %                                                                                                                                                                                                                                                                                                                                                                                                                                                                                                                              
 

svlngen4-fab1-apic1# 
DEBUG:netmiko:Pattern found: ([>#]) Last login: 2022-04-22T22:22:22.000-07:00 UTC
%                                                                                                                                                                                                                                                                                                                                                                                                                                                                                                                              
 

svlngen4-fab1-apic1#
DEBUG:netmiko:write_channel: b'terminal width 511\n'
DEBUG:netmiko:read_channel: 
DEBUG:netmiko:read_channel: 
DEBUG:netmiko:read_channel: 
DEBUG:netmiko:read_channel: 
DEBUG:netmiko:read_channel: 
DEBUG:netmiko:read_channel: 
DEBUG:netmiko:read_channel: 
DEBUG:netmiko:read_channel: 
DEBUG:netmiko:read_channel: 
DEBUG:netmiko:read_channel: 
DEBUG:netmiko:read_channel: 
DEBUG:netmiko:read_channel: 
DEBUG:netmiko:read_channel: 
DEBUG:netmiko:read_channel: 
DEBUG:netmiko:read_channel: 
DEBUG:netmiko:read_channel: 
DEBUG:netmiko:read_channel: 
DEBUG:netmiko:read_channel: 
DEBUG:netmiko:read_channel: 
DEBUG:netmiko:read_channel: 
DEBUG:netmiko:read_channel: 
DEBUG:netmiko:read_channel: 
DEBUG:netmiko:read_channel: 
DEBUG:netmiko:read_channel: 
DEBUG:netmiko:read_channel: 
DEBUG:netmiko:read_channel: 
DEBUG:netmiko:read_channel: tterminal width 511

DEBUG:netmiko:Pattern found: (terminal width 511)  tterminal width 511
DEBUG:netmiko:In disable_paging
DEBUG:netmiko:Command: terminal length 0

DEBUG:netmiko:write_channel: b'terminal length 0\n'
DEBUG:netmiko:read_channel: 
DEBUG:netmiko:read_channel: 
DEBUG:netmiko:read_channel: 
DEBUG:netmiko:read_channel: 
DEBUG:netmiko:read_channel: 
DEBUG:netmiko:read_channel: 
DEBUG:netmiko:read_channel: 
DEBUG:netmiko:read_channel: 
DEBUG:netmiko:read_channel: 
DEBUG:netmiko:read_channel: 
DEBUG:netmiko:read_channel: 
DEBUG:netmiko:read_channel: 
DEBUG:netmiko:read_channel: 
DEBUG:netmiko:read_channel: 
DEBUG:netmiko:read_channel: 
DEBUG:netmiko:read_channel: 
DEBUG:netmiko:read_channel: 
DEBUG:netmiko:read_channel: 
DEBUG:netmiko:read_channel: 
DEBUG:netmiko:read_channel: 
DEBUG:netmiko:read_channel: 
DEBUG:netmiko:read_channel: 
DEBUG:netmiko:read_channel: 
DEBUG:netmiko:read_channel: 
DEBUG:netmiko:read_channel: 
DEBUG:netmiko:read_channel: %                                                                                                                                                                                                                                                                                                                                                                                                                                                                                                                              
 

svlngen4-fab1-apic1# tte
DEBUG:netmiko:read_channel: rminal length 0
%                                                                                                                                                                                                                                                                                                                                                                                                                                                                                                                              
 

svlngen4-fab1-apic1# 
DEBUG:netmiko:Pattern found: (terminal\ length\ 0) 
%                                                                                                                                                                                                                                                                                                                                                                                                                                                                                                                              
 

svlngen4-fab1-apic1# tterminal length 0
DEBUG:netmiko:
%                                                                                                                                                                                                                                                                                                                                                                                                                                                                                                                              
 

svlngen4-fab1-apic1# tterminal length 0
DEBUG:netmiko:Exiting disable_paging
DEBUG:netmiko:read_channel: 
DEBUG:netmiko:Clear buffer detects data in the channel
DEBUG:netmiko:read_channel: 
DEBUG:netmiko:write_channel: b'\n'
DEBUG:netmiko:read_channel: 
DEBUG:netmiko:read_channel: 
DEBUG:netmiko:read_channel: 
DEBUG:netmiko:read_channel: 
DEBUG:netmiko:read_channel: 
DEBUG:netmiko:read_channel: 
DEBUG:netmiko:read_channel: 
DEBUG:netmiko:read_channel: 
DEBUG:netmiko:read_channel: 
DEBUG:netmiko:read_channel: 
DEBUG:netmiko:read_channel: 
DEBUG:netmiko:read_channel: 
DEBUG:netmiko:read_channel: 
DEBUG:netmiko:read_channel: 
DEBUG:netmiko:read_channel: 
DEBUG:netmiko:read_channel: 
DEBUG:netmiko:read_channel: 
DEBUG:netmiko:read_channel: 
DEBUG:netmiko:read_channel: 
DEBUG:netmiko:read_channel: 
DEBUG:netmiko:read_channel: 
DEBUG:netmiko:read_channel: 
%                                                                                                                                                                                                                                                                                                                                                                                                                                                                                                                              
 

svlngen4-fab1-apic1# 
DEBUG:netmiko:Pattern found: (\#|>) 
%                                                                                                                                                                                                                                                                                                                                                                                                                                                                                                                              
 

svlngen4-fab1-apic1#
DEBUG:netmiko:read_channel: 
DEBUG:netmiko:Clear buffer detects data in the channel
DEBUG:netmiko:read_channel: 
DEBUG:netmiko:[find_prompt()]: prompt is svlngen4-fab1-apic1#
DEBUG:paramiko.transport:starting thread (client mode): 0x750b520
DEBUG:paramiko.transport:Local version/idstring: SSH-2.0-paramiko_2.10.3
DEBUG:paramiko.transport:Remote version/idstring: SSH-2.0-OpenSSH_8.2
INFO:paramiko.transport:Connected (version 2.0, client OpenSSH_8.2)
DEBUG:paramiko.transport:=== Key exchange possibilities ===
DEBUG:paramiko.transport:kex algos: curve25519-sha256, curve25519-sha256@libssh.org, diffie-hellman-group1-sha1, diffie-hellman-group14-sha1, diffie-hellman-group14-sha256, diffie-hellman-group16-sha512, ecdh-sha2-nistp256, ecdh-sha2-nistp384, ecdh-sha2-nistp521
DEBUG:paramiko.transport:server key: ssh-rsa
DEBUG:paramiko.transport:client encrypt: aes128-ctr, aes192-ctr, aes256-ctr
DEBUG:paramiko.transport:server encrypt: aes128-ctr, aes192-ctr, aes256-ctr
DEBUG:paramiko.transport:client mac: hmac-sha1, hmac-sha2-256, hmac-sha2-512
DEBUG:paramiko.transport:server mac: hmac-sha1, hmac-sha2-256, hmac-sha2-512
DEBUG:paramiko.transport:client compress: none, zlib@openssh.com
DEBUG:paramiko.transport:server compress: none, zlib@openssh.com
DEBUG:paramiko.transport:client lang: <none>
DEBUG:paramiko.transport:server lang: <none>
DEBUG:paramiko.transport:kex follows: False
DEBUG:paramiko.transport:=== Key exchange agreements ===
DEBUG:paramiko.transport:Kex: curve25519-sha256@libssh.org
DEBUG:paramiko.transport:HostKey: ssh-rsa
DEBUG:paramiko.transport:Cipher: aes128-ctr
DEBUG:paramiko.transport:MAC: hmac-sha2-256
DEBUG:paramiko.transport:Compression: none
DEBUG:paramiko.transport:=== End of kex handshake ===
DEBUG:paramiko.transport:kex engine KexCurve25519 specified hash_algo <built-in function openssl_sha256>
DEBUG:paramiko.transport:Switch to new keys ...
DEBUG:paramiko.transport:Adding ssh-rsa host key for svlngen4-fab1-apic1: b'cb2da8ed61e467840f2aac1ca52bcede'
DEBUG:paramiko.transport:Got EXT_INFO: {'server-sig-algs': b'ssh-ed25519,sk-ssh-ed25519@openssh.com,ssh-rsa,rsa-sha2-256,rsa-sha2-512,ssh-dss,ecdsa-sha2-nistp256,ecdsa-sha2-nistp384,ecdsa-sha2-nistp521,sk-ecdsa-sha2-nistp256@openssh.com'}
DEBUG:paramiko.transport:userauth is OK
INFO:paramiko.transport:Auth banner: b'Application Policy Infrastructure Controller\n'
INFO:paramiko.transport:Authentication (password) successful!
DEBUG:paramiko.transport:[chan 0] Max packet in: 32768 bytes
DEBUG:paramiko.transport:Received global request "hostkeys-00@openssh.com"
DEBUG:paramiko.transport:Rejecting "hostkeys-00@openssh.com" global request from server.
DEBUG:paramiko.transport:[chan 0] Max packet out: 32768 bytes
DEBUG:paramiko.transport:Secsh channel 0 opened.
DEBUG:paramiko.transport:[chan 0] Sesch channel 0 request ok
DEBUG:paramiko.transport:[chan 0] Sesch channel 0 request ok
DEBUG:netmiko:read_channel: 
DEBUG:netmiko:read_channel: 
DEBUG:netmiko:read_channel: 
DEBUG:netmiko:read_channel: 
DEBUG:netmiko:read_channel: 
DEBUG:netmiko:read_channel: 
DEBUG:netmiko:read_channel: 
DEBUG:netmiko:read_channel: 
DEBUG:netmiko:read_channel: 
DEBUG:netmiko:read_channel: 
DEBUG:netmiko:read_channel: 
DEBUG:netmiko:read_channel: 
DEBUG:netmiko:read_channel: 
DEBUG:netmiko:read_channel: 
DEBUG:netmiko:read_channel: 
DEBUG:netmiko:read_channel: 
DEBUG:netmiko:read_channel: 
DEBUG:netmiko:read_channel: 
DEBUG:netmiko:read_channel: 
DEBUG:netmiko:read_channel: 
DEBUG:netmiko:read_channel: 
DEBUG:netmiko:read_channel: 
DEBUG:netmiko:read_channel: 
DEBUG:netmiko:read_channel: 
DEBUG:netmiko:read_channel: 
DEBUG:netmiko:read_channel: 
DEBUG:netmiko:read_channel: 
DEBUG:netmiko:read_channel: 
DEBUG:netmiko:read_channel: 
DEBUG:netmiko:read_channel: 
DEBUG:netmiko:read_channel: 
DEBUG:netmiko:read_channel: 
DEBUG:netmiko:read_channel: 
DEBUG:netmiko:read_channel: 
DEBUG:netmiko:read_channel: 
DEBUG:netmiko:read_channel: 
DEBUG:netmiko:read_channel: Last login: 2022-04-23T01:15:22.000-07:00 UTC

DEBUG:netmiko:read_channel: 
DEBUG:netmiko:read_channel: 
DEBUG:netmiko:read_channel: 
DEBUG:netmiko:read_channel: %                                                                                                                                                                                                                                                                                                                                                                                                                                                                                                                              
 

DEBUG:netmiko:read_channel: 
svlngen4-fab1-apic1# 
DEBUG:netmiko:Pattern found: ([>#]) Last login: 2022-04-23T01:15:22.000-07:00 UTC
%                                                                                                                                                                                                                                                                                                                                                                                                                                                                                                                              
 

svlngen4-fab1-apic1#
DEBUG:netmiko:write_channel: b'terminal width 511\n'
DEBUG:netmiko:read_channel: 
DEBUG:netmiko:read_channel: 
DEBUG:netmiko:read_channel: 
DEBUG:netmiko:read_channel: 
DEBUG:netmiko:read_channel: 
DEBUG:netmiko:read_channel: 
DEBUG:netmiko:read_channel: 
DEBUG:netmiko:read_channel: 
DEBUG:netmiko:read_channel: 
DEBUG:netmiko:read_channel: 
DEBUG:netmiko:read_channel: 
DEBUG:netmiko:read_channel: 
DEBUG:netmiko:read_channel: 
DEBUG:netmiko:read_channel: 
DEBUG:netmiko:read_channel: 
DEBUG:netmiko:read_channel: 
DEBUG:netmiko:read_channel: 
DEBUG:netmiko:read_channel: 
DEBUG:netmiko:read_channel: 
DEBUG:netmiko:read_channel: 
DEBUG:netmiko:read_channel: 
DEBUG:netmiko:read_channel: 
DEBUG:netmiko:read_channel: 
DEBUG:netmiko:read_channel: 
DEBUG:netmiko:read_channel: 
DEBUG:netmiko:read_channel: 
DEBUG:netmiko:read_channel: 
DEBUG:netmiko:read_channel: 
DEBUG:netmiko:read_channel: tterminal width 511
%                                                                                                                                                                                                                                                                                                                                                                                                                                                                                                                              
 

DEBUG:netmiko:Pattern found: (terminal width 511)  tterminal width 511
DEBUG:netmiko:In disable_paging
DEBUG:netmiko:Command: terminal length 0

DEBUG:netmiko:write_channel: b'terminal length 0\n'
DEBUG:netmiko:read_channel: 
DEBUG:netmiko:read_channel: 
DEBUG:netmiko:read_channel: 
DEBUG:netmiko:read_channel: 
DEBUG:netmiko:read_channel: 
DEBUG:netmiko:read_channel: 
DEBUG:netmiko:read_channel: 
DEBUG:netmiko:read_channel: 
DEBUG:netmiko:read_channel: 
DEBUG:netmiko:read_channel: 
DEBUG:netmiko:read_channel: 
DEBUG:netmiko:read_channel: 
DEBUG:netmiko:read_channel: 
DEBUG:netmiko:read_channel: 
DEBUG:netmiko:read_channel: 
DEBUG:netmiko:read_channel: 
DEBUG:netmiko:read_channel: 
DEBUG:netmiko:read_channel: 
DEBUG:netmiko:read_channel: 
DEBUG:netmiko:read_channel: 
DEBUG:netmiko:read_channel: 
DEBUG:netmiko:read_channel: 
DEBUG:netmiko:read_channel: 
DEBUG:netmiko:read_channel: 
DEBUG:netmiko:read_channel: 
DEBUG:netmiko:read_channel: 
DEBUG:netmiko:read_channel: 
DEBUG:netmiko:read_channel: 
svlngen4-fab1-apic1# tterminal length 0
%                                                                                                                                                                                                                                                                                                                                                                                                                                                                                                                              
 

svlngen4-fab1-apic1# 
DEBUG:netmiko:Pattern found: (terminal\ length\ 0) 
%                                                                                                                                                                                                                                                                                                                                                                                                                                                                                                                              
 

svlngen4-fab1-apic1# tterminal length 0
DEBUG:netmiko:
%                                                                                                                                                                                                                                                                                                                                                                                                                                                                                                                              
 

svlngen4-fab1-apic1# tterminal length 0
DEBUG:netmiko:Exiting disable_paging
DEBUG:netmiko:read_channel: 
DEBUG:netmiko:Clear buffer detects data in the channel
DEBUG:netmiko:read_channel: 
DEBUG:netmiko:write_channel: b'\n'
DEBUG:netmiko:read_channel: 
DEBUG:netmiko:read_channel: 
DEBUG:netmiko:read_channel: 
DEBUG:netmiko:read_channel: 
DEBUG:netmiko:read_channel: 
DEBUG:netmiko:read_channel: 
DEBUG:netmiko:read_channel: 
DEBUG:netmiko:read_channel: 
DEBUG:netmiko:read_channel: 
DEBUG:netmiko:read_channel: 
DEBUG:netmiko:read_channel: 
DEBUG:netmiko:read_channel: 
DEBUG:netmiko:read_channel: 
DEBUG:netmiko:read_channel: 
DEBUG:netmiko:read_channel: 
DEBUG:netmiko:read_channel: 
DEBUG:netmiko:read_channel: 
DEBUG:netmiko:read_channel: 
DEBUG:netmiko:read_channel: 
DEBUG:netmiko:read_channel: 
DEBUG:netmiko:read_channel: 
DEBUG:netmiko:read_channel: 
%                                                                                                                                                                                                                                                                                                                                                                                                                                                                                                                              
 

svlngen4-fab1-apic1# 
DEBUG:netmiko:Pattern found: (\#|>) 
%                                                                                                                                                                                                                                                                                                                                                                                                                                                                                                                              
 

svlngen4-fab1-apic1#
DEBUG:netmiko:read_channel: 
DEBUG:netmiko:Clear buffer detects data in the channel
DEBUG:netmiko:read_channel: 
DEBUG:netmiko:[find_prompt()]: prompt is svlngen4-fab1-apic1#
DEBUG:netmiko:read_channel: 
DEBUG:netmiko:write_channel: b'\n'
DEBUG:netmiko:read_channel: 
DEBUG:netmiko:write_channel: b'\n'
DEBUG:netmiko:read_channel: 
DEBUG:netmiko:write_channel: b'\n'
DEBUG:netmiko:read_channel: 
DEBUG:netmiko:write_channel: b'\n'
DEBUG:netmiko:read_channel: 
DEBUG:netmiko:write_channel: b'\n'
DEBUG:netmiko:read_channel: 
%                                                                                                                                                                                                                                                                                                                                                                                                                                                                                                                              
 

svlngen4-fab1-apic1# 
DEBUG:netmiko:read_channel: 
DEBUG:netmiko:[find_prompt()]: prompt is svlngen4-fab1-apic1#
DEBUG:paramiko.transport:starting thread (client mode): 0x6ec5550
DEBUG:paramiko.transport:Local version/idstring: SSH-2.0-paramiko_2.10.3
DEBUG:paramiko.transport:Remote version/idstring: SSH-2.0-OpenSSH_8.2
INFO:paramiko.transport:Connected (version 2.0, client OpenSSH_8.2)
DEBUG:paramiko.transport:=== Key exchange possibilities ===
DEBUG:paramiko.transport:kex algos: curve25519-sha256, curve25519-sha256@libssh.org, diffie-hellman-group1-sha1, diffie-hellman-group14-sha1, diffie-hellman-group14-sha256, diffie-hellman-group16-sha512, ecdh-sha2-nistp256, ecdh-sha2-nistp384, ecdh-sha2-nistp521
DEBUG:paramiko.transport:server key: ssh-rsa
DEBUG:paramiko.transport:client encrypt: aes128-ctr, aes192-ctr, aes256-ctr
DEBUG:paramiko.transport:server encrypt: aes128-ctr, aes192-ctr, aes256-ctr
DEBUG:paramiko.transport:client mac: hmac-sha1, hmac-sha2-256, hmac-sha2-512
DEBUG:paramiko.transport:server mac: hmac-sha1, hmac-sha2-256, hmac-sha2-512
DEBUG:paramiko.transport:client compress: none, zlib@openssh.com
DEBUG:paramiko.transport:server compress: none, zlib@openssh.com
DEBUG:paramiko.transport:client lang: <none>
DEBUG:paramiko.transport:server lang: <none>
DEBUG:paramiko.transport:kex follows: False
DEBUG:paramiko.transport:=== Key exchange agreements ===
DEBUG:paramiko.transport:Kex: curve25519-sha256@libssh.org
DEBUG:paramiko.transport:HostKey: ssh-rsa
DEBUG:paramiko.transport:Cipher: aes128-ctr
DEBUG:paramiko.transport:MAC: hmac-sha2-256
DEBUG:paramiko.transport:Compression: none
DEBUG:paramiko.transport:=== End of kex handshake ===
DEBUG:paramiko.transport:kex engine KexCurve25519 specified hash_algo <built-in function openssl_sha256>
DEBUG:paramiko.transport:Switch to new keys ...
DEBUG:paramiko.transport:Adding ssh-rsa host key for svlngen4-fab1-apic1: b'cb2da8ed61e467840f2aac1ca52bcede'
DEBUG:paramiko.transport:Got EXT_INFO: {'server-sig-algs': b'ssh-ed25519,sk-ssh-ed25519@openssh.com,ssh-rsa,rsa-sha2-256,rsa-sha2-512,ssh-dss,ecdsa-sha2-nistp256,ecdsa-sha2-nistp384,ecdsa-sha2-nistp521,sk-ecdsa-sha2-nistp256@openssh.com'}
DEBUG:paramiko.transport:userauth is OK
INFO:paramiko.transport:Auth banner: b'Application Policy Infrastructure Controller\n'
INFO:paramiko.transport:Authentication (password) successful!
DEBUG:paramiko.transport:[chan 0] Max packet in: 32768 bytes
DEBUG:paramiko.transport:Received global request "hostkeys-00@openssh.com"
DEBUG:paramiko.transport:Rejecting "hostkeys-00@openssh.com" global request from server.
DEBUG:paramiko.transport:[chan 0] Max packet out: 32768 bytes
DEBUG:paramiko.transport:Secsh channel 0 opened.
DEBUG:paramiko.transport:[chan 0] Sesch channel 0 request ok
DEBUG:paramiko.transport:[chan 0] Sesch channel 0 request ok
DEBUG:netmiko:read_channel: 
DEBUG:netmiko:read_channel: 
DEBUG:netmiko:read_channel: 
DEBUG:netmiko:read_channel: 
DEBUG:netmiko:read_channel: 
DEBUG:netmiko:read_channel: 
DEBUG:netmiko:read_channel: 
DEBUG:netmiko:read_channel: 
DEBUG:netmiko:read_channel: 
DEBUG:netmiko:read_channel: 
DEBUG:netmiko:read_channel: 
DEBUG:netmiko:read_channel: 
DEBUG:netmiko:read_channel: 
DEBUG:netmiko:read_channel: 
DEBUG:netmiko:read_channel: 
DEBUG:netmiko:read_channel: 
DEBUG:netmiko:read_channel: 
DEBUG:netmiko:read_channel: 
DEBUG:netmiko:read_channel: 
DEBUG:netmiko:read_channel: 
DEBUG:netmiko:read_channel: 
DEBUG:netmiko:read_channel: 
DEBUG:netmiko:read_channel: 
DEBUG:netmiko:read_channel: 
DEBUG:netmiko:read_channel: 
DEBUG:netmiko:read_channel: 
DEBUG:netmiko:read_channel: 
DEBUG:netmiko:read_channel: 
DEBUG:netmiko:read_channel: 
DEBUG:netmiko:read_channel: 
DEBUG:netmiko:read_channel: 
DEBUG:netmiko:read_channel: 
DEBUG:netmiko:read_channel: 
DEBUG:netmiko:read_channel: 
DEBUG:netmiko:read_channel: 
DEBUG:netmiko:read_channel: 
DEBUG:netmiko:read_channel: 
DEBUG:netmiko:read_channel: 
DEBUG:netmiko:read_channel: 
DEBUG:netmiko:read_channel: 
DEBUG:netmiko:read_channel: 
DEBUG:netmiko:read_channel: 
DEBUG:netmiko:read_channel: 
DEBUG:netmiko:read_channel: 
DEBUG:netmiko:read_channel: 
DEBUG:netmiko:read_channel: 
DEBUG:netmiko:read_channel: Last login: 2022-04-23T01:17:24.000-07:00 UTC

DEBUG:netmiko:read_channel: 
DEBUG:netmiko:read_channel: 
DEBUG:netmiko:read_channel: 
DEBUG:netmiko:read_channel: 
DEBUG:netmiko:read_channel: 
DEBUG:netmiko:read_channel: 
DEBUG:netmiko:read_channel: 
DEBUG:netmiko:read_channel: %                                                                                                                                                                                                                                                                                                                                                                                                                                                                                                                              
 

svlngen4-fab1-apic1# 
DEBUG:netmiko:Pattern found: ([>#]) Last login: 2022-04-23T01:17:24.000-07:00 UTC
%                                                                                                                                                                                                                                                                                                                                                                                                                                                                                                                              
 

svlngen4-fab1-apic1#
DEBUG:netmiko:write_channel: b'terminal width 511\n'
DEBUG:netmiko:read_channel: 
DEBUG:netmiko:read_channel: 
DEBUG:netmiko:read_channel: 
DEBUG:netmiko:read_channel: 
DEBUG:netmiko:read_channel: 
DEBUG:netmiko:read_channel: 
DEBUG:netmiko:read_channel: 
DEBUG:netmiko:read_channel: 
DEBUG:netmiko:read_channel: 
DEBUG:netmiko:read_channel: 
DEBUG:netmiko:read_channel: 
DEBUG:netmiko:read_channel: 
DEBUG:netmiko:read_channel: 
DEBUG:netmiko:read_channel: 
DEBUG:netmiko:read_channel: 
DEBUG:netmiko:read_channel: 
DEBUG:netmiko:read_channel: 
DEBUG:netmiko:read_channel: 
DEBUG:netmiko:read_channel: 
DEBUG:netmiko:read_channel: 
DEBUG:netmiko:read_channel: 
DEBUG:netmiko:read_channel: 
DEBUG:netmiko:read_channel: 
DEBUG:netmiko:read_channel: 
DEBUG:netmiko:read_channel: 
DEBUG:netmiko:read_channel: 
DEBUG:netmiko:read_channel: 
DEBUG:netmiko:read_channel: tterminal width 511
%                                                                                                                                                                                                                                                                                                                                                                                                                                                                                                                              
 

svlngen4-fab1-apic1# 
DEBUG:netmiko:Pattern found: (terminal width 511)  tterminal width 511
DEBUG:netmiko:In disable_paging
DEBUG:netmiko:Command: terminal length 0

DEBUG:netmiko:write_channel: b'terminal length 0\n'
DEBUG:netmiko:read_channel: 
DEBUG:netmiko:read_channel: 
DEBUG:netmiko:read_channel: 
DEBUG:netmiko:read_channel: 
DEBUG:netmiko:read_channel: 
DEBUG:netmiko:read_channel: 
DEBUG:netmiko:read_channel: 
DEBUG:netmiko:read_channel: 
DEBUG:netmiko:read_channel: 
DEBUG:netmiko:read_channel: 
DEBUG:netmiko:read_channel: 
DEBUG:netmiko:read_channel: 
DEBUG:netmiko:read_channel: 
DEBUG:netmiko:read_channel: 
DEBUG:netmiko:read_channel: 
DEBUG:netmiko:read_channel: 
DEBUG:netmiko:read_channel: 
DEBUG:netmiko:read_channel: 
DEBUG:netmiko:read_channel: 
DEBUG:netmiko:read_channel: 
DEBUG:netmiko:read_channel: 
DEBUG:netmiko:read_channel: 
DEBUG:netmiko:read_channel: 
DEBUG:netmiko:read_channel: 
DEBUG:netmiko:read_channel: 
DEBUG:netmiko:read_channel: 
DEBUG:netmiko:read_channel: tterminal length 0
%                                                                                                                                                                                                                                                                                                                                                                                                                                                                                                                              
 

svlngen4-fab1-apic1# 
DEBUG:netmiko:Pattern found: (terminal\ length\ 0) 
%                                                                                                                                                                                                                                                                                                                                                                                                                                                                                                                              
 

svlngen4-fab1-apic1# tterminal length 0
DEBUG:netmiko:
%                                                                                                                                                                                                                                                                                                                                                                                                                                                                                                                              
 

svlngen4-fab1-apic1# tterminal length 0
DEBUG:netmiko:Exiting disable_paging
DEBUG:netmiko:read_channel: 
DEBUG:netmiko:Clear buffer detects data in the channel
DEBUG:netmiko:read_channel: 
DEBUG:netmiko:write_channel: b'\n'
DEBUG:netmiko:read_channel: 
DEBUG:netmiko:read_channel: 
DEBUG:netmiko:read_channel: 
DEBUG:netmiko:read_channel: 
DEBUG:netmiko:read_channel: 
DEBUG:netmiko:read_channel: 
DEBUG:netmiko:read_channel: 
DEBUG:netmiko:read_channel: 
DEBUG:netmiko:read_channel: 
DEBUG:netmiko:read_channel: 
DEBUG:netmiko:read_channel: 
DEBUG:netmiko:read_channel: 
DEBUG:netmiko:read_channel: 
DEBUG:netmiko:read_channel: 
DEBUG:netmiko:read_channel: 
DEBUG:netmiko:read_channel: 
DEBUG:netmiko:read_channel: 
DEBUG:netmiko:read_channel: 
DEBUG:netmiko:read_channel: 
DEBUG:netmiko:read_channel: 
DEBUG:netmiko:read_channel: 
DEBUG:netmiko:read_channel: 
DEBUG:netmiko:read_channel: 
DEBUG:netmiko:read_channel: 
%                                                                                                                                                                                                                                                                                                                                                                                                                                                                                                                              
 

svlngen4-fab1-apic1# 
DEBUG:netmiko:Pattern found: (\#|>) 
%                                                                                                                                                                                                                                                                                                                                                                                                                                                                                                                              
 

svlngen4-fab1-apic1#
DEBUG:netmiko:read_channel: 
DEBUG:netmiko:Clear buffer detects data in the channel
DEBUG:netmiko:read_channel: 
DEBUG:netmiko:[find_prompt()]: prompt is svlngen4-fab1-apic1#
DEBUG:netmiko:read_channel: 
DEBUG:netmiko:write_channel: b'\n'
DEBUG:netmiko:read_channel: 
DEBUG:netmiko:write_channel: b'\n'
DEBUG:netmiko:read_channel: 
DEBUG:netmiko:write_channel: b'\n'
DEBUG:netmiko:read_channel: 
DEBUG:netmiko:write_channel: b'\n'
DEBUG:netmiko:read_channel: 
DEBUG:netmiko:write_channel: b'\n'
DEBUG:netmiko:read_channel: 
%                                                                                                                                                                                                                                                                                                                                                                                                                                                                                                                              
 

svlngen4-fab1-apic1# 
DEBUG:netmiko:read_channel: 
DEBUG:netmiko:[find_prompt()]: prompt is svlngen4-fab1-apic1#
DEBUG:paramiko.transport:starting thread (client mode): 0x1150b640
DEBUG:paramiko.transport:Local version/idstring: SSH-2.0-paramiko_2.10.3
DEBUG:paramiko.transport:Remote version/idstring: SSH-2.0-OpenSSH_8.2
INFO:paramiko.transport:Connected (version 2.0, client OpenSSH_8.2)
DEBUG:paramiko.transport:=== Key exchange possibilities ===
DEBUG:paramiko.transport:kex algos: curve25519-sha256, curve25519-sha256@libssh.org, diffie-hellman-group1-sha1, diffie-hellman-group14-sha1, diffie-hellman-group14-sha256, diffie-hellman-group16-sha512, ecdh-sha2-nistp256, ecdh-sha2-nistp384, ecdh-sha2-nistp521
DEBUG:paramiko.transport:server key: ssh-rsa
DEBUG:paramiko.transport:client encrypt: aes128-ctr, aes192-ctr, aes256-ctr
DEBUG:paramiko.transport:server encrypt: aes128-ctr, aes192-ctr, aes256-ctr
DEBUG:paramiko.transport:client mac: hmac-sha1, hmac-sha2-256, hmac-sha2-512
DEBUG:paramiko.transport:server mac: hmac-sha1, hmac-sha2-256, hmac-sha2-512
DEBUG:paramiko.transport:client compress: none, zlib@openssh.com
DEBUG:paramiko.transport:server compress: none, zlib@openssh.com
DEBUG:paramiko.transport:client lang: <none>
DEBUG:paramiko.transport:server lang: <none>
DEBUG:paramiko.transport:kex follows: False
DEBUG:paramiko.transport:=== Key exchange agreements ===
DEBUG:paramiko.transport:Kex: curve25519-sha256@libssh.org
DEBUG:paramiko.transport:HostKey: ssh-rsa
DEBUG:paramiko.transport:Cipher: aes128-ctr
DEBUG:paramiko.transport:MAC: hmac-sha2-256
DEBUG:paramiko.transport:Compression: none
DEBUG:paramiko.transport:=== End of kex handshake ===
DEBUG:paramiko.transport:kex engine KexCurve25519 specified hash_algo <built-in function openssl_sha256>
DEBUG:paramiko.transport:Switch to new keys ...
DEBUG:paramiko.transport:Got EXT_INFO: {'server-sig-algs': b'ssh-ed25519,sk-ssh-ed25519@openssh.com,ssh-rsa,rsa-sha2-256,rsa-sha2-512,ssh-dss,ecdsa-sha2-nistp256,ecdsa-sha2-nistp384,ecdsa-sha2-nistp521,sk-ecdsa-sha2-nistp256@openssh.com'}
DEBUG:paramiko.transport:Adding ssh-rsa host key for svlngen4-fab1-apic1: b'cb2da8ed61e467840f2aac1ca52bcede'
DEBUG:paramiko.transport:userauth is OK
INFO:paramiko.transport:Auth banner: b'Application Policy Infrastructure Controller\n'
INFO:paramiko.transport:Authentication (password) successful!
DEBUG:paramiko.transport:[chan 0] Max packet in: 32768 bytes
DEBUG:paramiko.transport:Received global request "hostkeys-00@openssh.com"
DEBUG:paramiko.transport:Rejecting "hostkeys-00@openssh.com" global request from server.
DEBUG:paramiko.transport:[chan 0] Max packet out: 32768 bytes
DEBUG:paramiko.transport:Secsh channel 0 opened.
DEBUG:paramiko.transport:[chan 0] Sesch channel 0 request ok
DEBUG:paramiko.transport:[chan 0] Sesch channel 0 request ok
DEBUG:netmiko:read_channel: 
DEBUG:netmiko:read_channel: 
DEBUG:netmiko:read_channel: 
DEBUG:netmiko:read_channel: 
DEBUG:netmiko:read_channel: 
DEBUG:netmiko:read_channel: 
DEBUG:netmiko:read_channel: 
DEBUG:netmiko:read_channel: 
DEBUG:netmiko:read_channel: 
DEBUG:netmiko:read_channel: 
DEBUG:netmiko:read_channel: 
DEBUG:netmiko:read_channel: 
DEBUG:netmiko:read_channel: 
DEBUG:netmiko:read_channel: 
DEBUG:netmiko:read_channel: 
DEBUG:netmiko:read_channel: 
DEBUG:netmiko:read_channel: 
DEBUG:netmiko:read_channel: 
DEBUG:netmiko:read_channel: 
DEBUG:netmiko:read_channel: 
DEBUG:netmiko:read_channel: 
DEBUG:netmiko:read_channel: 
DEBUG:netmiko:read_channel: 
DEBUG:netmiko:read_channel: 
DEBUG:netmiko:read_channel: 
DEBUG:netmiko:read_channel: 
DEBUG:netmiko:read_channel: 
DEBUG:netmiko:read_channel: 
DEBUG:netmiko:read_channel: 
DEBUG:netmiko:read_channel: 
DEBUG:netmiko:read_channel: 
DEBUG:netmiko:read_channel: 
DEBUG:netmiko:read_channel: 
DEBUG:netmiko:read_channel: 
DEBUG:netmiko:read_channel: 
DEBUG:netmiko:read_channel: 
DEBUG:netmiko:read_channel: 
DEBUG:netmiko:read_channel: 
DEBUG:netmiko:read_channel: 
DEBUG:netmiko:read_channel: 
DEBUG:netmiko:read_channel: 
DEBUG:netmiko:read_channel: 
DEBUG:netmiko:read_channel: 
DEBUG:netmiko:read_channel: 
DEBUG:netmiko:read_channel: 
DEBUG:netmiko:read_channel: 
DEBUG:netmiko:read_channel: 
DEBUG:netmiko:read_channel: 
DEBUG:netmiko:read_channel: 
DEBUG:netmiko:read_channel: 
DEBUG:netmiko:read_channel: 
DEBUG:netmiko:read_channel: 
DEBUG:netmiko:read_channel: Last login: 2022-04-23T01:18:39.000-07:00 UTC
%                                                                                                                                                                                                                                                                                                                                                                                                                                                                                                                              
 

svlngen4-fab1-apic1# 
DEBUG:netmiko:Pattern found: ([>#]) Last login: 2022-04-23T01:18:39.000-07:00 UTC
%                                                                                                                                                                                                                                                                                                                                                                                                                                                                                                                              
 

svlngen4-fab1-apic1#
DEBUG:netmiko:write_channel: b'terminal width 511\n'
DEBUG:netmiko:read_channel: 
DEBUG:netmiko:read_channel: 
DEBUG:netmiko:read_channel: 
DEBUG:netmiko:read_channel: 
DEBUG:netmiko:read_channel: 
DEBUG:netmiko:read_channel: 
DEBUG:netmiko:read_channel: 
DEBUG:netmiko:read_channel: 
DEBUG:netmiko:read_channel: 
DEBUG:netmiko:read_channel: 
DEBUG:netmiko:read_channel: 
DEBUG:netmiko:read_channel: 
DEBUG:netmiko:read_channel: 
DEBUG:netmiko:read_channel: 
DEBUG:netmiko:read_channel: 
DEBUG:netmiko:read_channel: 
DEBUG:netmiko:read_channel: 
DEBUG:netmiko:read_channel: 
DEBUG:netmiko:read_channel: 
DEBUG:netmiko:read_channel: 
DEBUG:netmiko:read_channel: 
DEBUG:netmiko:read_channel: 
DEBUG:netmiko:read_channel: 
DEBUG:netmiko:read_channel: 
DEBUG:netmiko:read_channel: 
DEBUG:netmiko:read_channel: 
DEBUG:netmiko:read_channel: tterminal width 511
%                                                                                                                                                                                                                                                                                                                                                                                                                                                                                                                              
 

DEBUG:netmiko:Pattern found: (terminal width 511)  tterminal width 511
DEBUG:netmiko:In disable_paging
DEBUG:netmiko:Command: terminal length 0

DEBUG:netmiko:write_channel: b'terminal length 0\n'
DEBUG:netmiko:read_channel: 
DEBUG:netmiko:read_channel: 
DEBUG:netmiko:read_channel: 
DEBUG:netmiko:read_channel: 
DEBUG:netmiko:read_channel: 
DEBUG:netmiko:read_channel: 
DEBUG:netmiko:read_channel: 
DEBUG:netmiko:read_channel: 
DEBUG:netmiko:read_channel: 
DEBUG:netmiko:read_channel: 
DEBUG:netmiko:read_channel: 
DEBUG:netmiko:read_channel: 
DEBUG:netmiko:read_channel: 
DEBUG:netmiko:read_channel: 
DEBUG:netmiko:read_channel: 
DEBUG:netmiko:read_channel: 
DEBUG:netmiko:read_channel: 
DEBUG:netmiko:read_channel: 
DEBUG:netmiko:read_channel: 
DEBUG:netmiko:read_channel: 
svlngen4-fab1-apic1# 
DEBUG:netmiko:read_channel: tterminal length 0
%                                                                                                                                                                                                                                                                                                                                                                                                                                                                                                                              
 

svlngen4-fab1-apic1# 
DEBUG:netmiko:Pattern found: (terminal\ length\ 0) 
%                                                                                                                                                                                                                                                                                                                                                                                                                                                                                                                              
 

svlngen4-fab1-apic1# tterminal length 0
DEBUG:netmiko:
%                                                                                                                                                                                                                                                                                                                                                                                                                                                                                                                              
 

svlngen4-fab1-apic1# tterminal length 0
DEBUG:netmiko:Exiting disable_paging
DEBUG:netmiko:read_channel: 
DEBUG:netmiko:Clear buffer detects data in the channel
DEBUG:netmiko:read_channel: 
DEBUG:netmiko:write_channel: b'\n'
DEBUG:netmiko:read_channel: 
DEBUG:netmiko:read_channel: 
DEBUG:netmiko:read_channel: 
DEBUG:netmiko:read_channel: 
DEBUG:netmiko:read_channel: 
DEBUG:netmiko:read_channel: 
DEBUG:netmiko:read_channel: 
DEBUG:netmiko:read_channel: 
DEBUG:netmiko:read_channel: 
DEBUG:netmiko:read_channel: 
DEBUG:netmiko:read_channel: 
DEBUG:netmiko:read_channel: 
DEBUG:netmiko:read_channel: 
DEBUG:netmiko:read_channel: 
DEBUG:netmiko:read_channel: 
DEBUG:netmiko:read_channel: 
DEBUG:netmiko:read_channel: 
DEBUG:netmiko:read_channel: 
DEBUG:netmiko:read_channel: 
DEBUG:netmiko:read_channel: 
%                                                                                                                                                                                                                                                                                                                                                                                                                                                                                                                              
 

DEBUG:netmiko:read_channel: 
svlngen4-fab1-apic1# 
DEBUG:netmiko:Pattern found: (\#|>) 
%                                                                                                                                                                                                                                                                                                                                                                                                                                                                                                                              
 

svlngen4-fab1-apic1#
DEBUG:netmiko:read_channel: 
DEBUG:netmiko:Clear buffer detects data in the channel
DEBUG:netmiko:read_channel: 
DEBUG:netmiko:[find_prompt()]: prompt is svlngen4-fab1-apic1#
DEBUG:paramiko.transport:starting thread (client mode): 0xa4066a0
DEBUG:paramiko.transport:Local version/idstring: SSH-2.0-paramiko_2.10.3
DEBUG:paramiko.transport:Remote version/idstring: SSH-2.0-OpenSSH_8.2
INFO:paramiko.transport:Connected (version 2.0, client OpenSSH_8.2)
DEBUG:paramiko.transport:=== Key exchange possibilities ===
DEBUG:paramiko.transport:kex algos: curve25519-sha256, curve25519-sha256@libssh.org, diffie-hellman-group1-sha1, diffie-hellman-group14-sha1, diffie-hellman-group14-sha256, diffie-hellman-group16-sha512, ecdh-sha2-nistp256, ecdh-sha2-nistp384, ecdh-sha2-nistp521
DEBUG:paramiko.transport:server key: ssh-rsa
DEBUG:paramiko.transport:client encrypt: aes128-ctr, aes192-ctr, aes256-ctr
DEBUG:paramiko.transport:server encrypt: aes128-ctr, aes192-ctr, aes256-ctr
DEBUG:paramiko.transport:client mac: hmac-sha1, hmac-sha2-256, hmac-sha2-512
DEBUG:paramiko.transport:server mac: hmac-sha1, hmac-sha2-256, hmac-sha2-512
DEBUG:paramiko.transport:client compress: none, zlib@openssh.com
DEBUG:paramiko.transport:server compress: none, zlib@openssh.com
DEBUG:paramiko.transport:client lang: <none>
DEBUG:paramiko.transport:server lang: <none>
DEBUG:paramiko.transport:kex follows: False
DEBUG:paramiko.transport:=== Key exchange agreements ===
DEBUG:paramiko.transport:Kex: curve25519-sha256@libssh.org
DEBUG:paramiko.transport:HostKey: ssh-rsa
DEBUG:paramiko.transport:Cipher: aes128-ctr
DEBUG:paramiko.transport:MAC: hmac-sha2-256
DEBUG:paramiko.transport:Compression: none
DEBUG:paramiko.transport:=== End of kex handshake ===
DEBUG:paramiko.transport:kex engine KexCurve25519 specified hash_algo <built-in function openssl_sha256>
DEBUG:paramiko.transport:Switch to new keys ...
DEBUG:paramiko.transport:Got EXT_INFO: {'server-sig-algs': b'ssh-ed25519,sk-ssh-ed25519@openssh.com,ssh-rsa,rsa-sha2-256,rsa-sha2-512,ssh-dss,ecdsa-sha2-nistp256,ecdsa-sha2-nistp384,ecdsa-sha2-nistp521,sk-ecdsa-sha2-nistp256@openssh.com'}
DEBUG:paramiko.transport:Adding ssh-rsa host key for svlngen4-fab1-apic1: b'cb2da8ed61e467840f2aac1ca52bcede'
DEBUG:paramiko.transport:userauth is OK
INFO:paramiko.transport:Auth banner: b'Application Policy Infrastructure Controller\n'
INFO:paramiko.transport:Authentication (password) successful!
DEBUG:paramiko.transport:[chan 0] Max packet in: 32768 bytes
DEBUG:paramiko.transport:Received global request "hostkeys-00@openssh.com"
DEBUG:paramiko.transport:Rejecting "hostkeys-00@openssh.com" global request from server.
DEBUG:paramiko.transport:[chan 0] Max packet out: 32768 bytes
DEBUG:paramiko.transport:Secsh channel 0 opened.
DEBUG:paramiko.transport:[chan 0] Sesch channel 0 request ok
DEBUG:paramiko.transport:[chan 0] Sesch channel 0 request ok
DEBUG:netmiko:read_channel: 
DEBUG:netmiko:read_channel: 
DEBUG:netmiko:read_channel: 
DEBUG:netmiko:read_channel: 
DEBUG:netmiko:read_channel: 
DEBUG:netmiko:read_channel: 
DEBUG:netmiko:read_channel: 
DEBUG:netmiko:read_channel: 
DEBUG:netmiko:read_channel: 
DEBUG:netmiko:read_channel: 
DEBUG:netmiko:read_channel: 
DEBUG:netmiko:read_channel: 
DEBUG:netmiko:read_channel: 
DEBUG:netmiko:read_channel: 
DEBUG:netmiko:read_channel: 
DEBUG:netmiko:read_channel: 
DEBUG:netmiko:read_channel: 
DEBUG:netmiko:read_channel: 
DEBUG:netmiko:read_channel: 
DEBUG:netmiko:read_channel: 
DEBUG:netmiko:read_channel: 
DEBUG:netmiko:read_channel: 
DEBUG:netmiko:read_channel: 
DEBUG:netmiko:read_channel: 
DEBUG:netmiko:read_channel: 
DEBUG:netmiko:read_channel: 
DEBUG:netmiko:read_channel: 
DEBUG:netmiko:read_channel: 
DEBUG:netmiko:read_channel: 
DEBUG:netmiko:read_channel: 
DEBUG:netmiko:read_channel: 
DEBUG:netmiko:read_channel: 
DEBUG:netmiko:read_channel: 
DEBUG:netmiko:read_channel: 
DEBUG:netmiko:read_channel: 
DEBUG:netmiko:read_channel: 
DEBUG:netmiko:read_channel: Last login: 2022-04-23T01:23:53.000-07:00 UTC

DEBUG:netmiko:read_channel: 
DEBUG:netmiko:read_channel: 
DEBUG:netmiko:read_channel: 
DEBUG:netmiko:read_channel: 
DEBUG:netmiko:read_channel: %                                                                                                                                                                                                                                                                                                                                                                                                                                                                                                                              
 

svlngen4-fab1-apic1# 
DEBUG:netmiko:Pattern found: ([>#]) Last login: 2022-04-23T01:23:53.000-07:00 UTC
%                                                                                                                                                                                                                                                                                                                                                                                                                                                                                                                              
 

svlngen4-fab1-apic1#
DEBUG:netmiko:write_channel: b'terminal width 511\n'
DEBUG:netmiko:read_channel: 
DEBUG:netmiko:read_channel: 
DEBUG:netmiko:read_channel: 
DEBUG:netmiko:read_channel: 
DEBUG:netmiko:read_channel: 
DEBUG:netmiko:read_channel: 
DEBUG:netmiko:read_channel: 
DEBUG:netmiko:read_channel: 
DEBUG:netmiko:read_channel: 
DEBUG:netmiko:read_channel: 
DEBUG:netmiko:read_channel: 
DEBUG:netmiko:read_channel: 
DEBUG:netmiko:read_channel: 
DEBUG:netmiko:read_channel: 
DEBUG:netmiko:read_channel: 
DEBUG:netmiko:read_channel: 
DEBUG:netmiko:read_channel: 
DEBUG:netmiko:read_channel: 
DEBUG:netmiko:read_channel: 
DEBUG:netmiko:read_channel: tterminal width
DEBUG:netmiko:read_channel: 
DEBUG:netmiko:read_channel: 
DEBUG:netmiko:read_channel: 
DEBUG:netmiko:read_channel: 
DEBUG:netmiko:read_channel: 
DEBUG:netmiko:read_channel: 
DEBUG:netmiko:read_channel: 
DEBUG:netmiko:read_channel: 
DEBUG:netmiko:read_channel: 
DEBUG:netmiko:read_channel: 
DEBUG:netmiko:read_channel: 
DEBUG:netmiko:read_channel: 
DEBUG:netmiko:read_channel: 
DEBUG:netmiko:read_channel: 
DEBUG:netmiko:read_channel:  511
%                                                                                                                                                                                                                                                                                                                                                                                                                                                                                                                              
 

svlngen4-fab1-apic1# 
DEBUG:netmiko:Pattern found: (terminal width 511)  tterminal width 511
DEBUG:netmiko:In disable_paging
DEBUG:netmiko:Command: terminal length 0

DEBUG:netmiko:write_channel: b'terminal length 0\n'
DEBUG:netmiko:read_channel: 
DEBUG:netmiko:read_channel: 
DEBUG:netmiko:read_channel: 
DEBUG:netmiko:read_channel: 
DEBUG:netmiko:read_channel: 
DEBUG:netmiko:read_channel: 
DEBUG:netmiko:read_channel: 
DEBUG:netmiko:read_channel: 
DEBUG:netmiko:read_channel: 
DEBUG:netmiko:read_channel: 
DEBUG:netmiko:read_channel: 
DEBUG:netmiko:read_channel: 
DEBUG:netmiko:read_channel: 
DEBUG:netmiko:read_channel: 
DEBUG:netmiko:read_channel: tterminal length 
DEBUG:netmiko:read_channel: 
DEBUG:netmiko:read_channel: 
DEBUG:netmiko:read_channel: 
DEBUG:netmiko:read_channel: 
DEBUG:netmiko:read_channel: 
DEBUG:netmiko:read_channel: 
DEBUG:netmiko:read_channel: 
DEBUG:netmiko:read_channel: 
DEBUG:netmiko:read_channel: 
DEBUG:netmiko:read_channel: 
DEBUG:netmiko:read_channel: 
DEBUG:netmiko:read_channel: 
DEBUG:netmiko:read_channel: 
DEBUG:netmiko:read_channel: 
DEBUG:netmiko:read_channel: 0
%                                                                                                                                                                                                                                                                                                                                                                                                                                                                                                                              
 

svlngen4-fab1-apic1# 
DEBUG:netmiko:Pattern found: (terminal\ length\ 0) 
%                                                                                                                                                                                                                                                                                                                                                                                                                                                                                                                              
 

svlngen4-fab1-apic1# tterminal length 0
DEBUG:netmiko:
%                                                                                                                                                                                                                                                                                                                                                                                                                                                                                                                              
 

svlngen4-fab1-apic1# tterminal length 0
DEBUG:netmiko:Exiting disable_paging
DEBUG:netmiko:read_channel: 
DEBUG:netmiko:Clear buffer detects data in the channel
DEBUG:netmiko:read_channel: 
DEBUG:netmiko:write_channel: b'\n'
DEBUG:netmiko:read_channel: 
DEBUG:netmiko:read_channel: 
DEBUG:netmiko:read_channel: 
DEBUG:netmiko:read_channel: 
DEBUG:netmiko:read_channel: 
DEBUG:netmiko:read_channel: 
DEBUG:netmiko:read_channel: 
DEBUG:netmiko:read_channel: 
DEBUG:netmiko:read_channel: 
DEBUG:netmiko:read_channel: 
DEBUG:netmiko:read_channel: 
DEBUG:netmiko:read_channel: 
DEBUG:netmiko:read_channel: 
DEBUG:netmiko:read_channel: 
DEBUG:netmiko:read_channel: 
DEBUG:netmiko:read_channel: 
DEBUG:netmiko:read_channel: 
DEBUG:netmiko:read_channel: 
DEBUG:netmiko:read_channel: 
DEBUG:netmiko:read_channel: 
DEBUG:netmiko:read_channel: 
DEBUG:netmiko:read_channel: 
%                                                                                                                                                                                                                                                                                                                                                                                                                                                                                                                              
 

svlngen4-fab1-apic1# 
DEBUG:netmiko:Pattern found: (\#|>) 
%                                                                                                                                                                                                                                                                                                                                                                                                                                                                                                                              
 

svlngen4-fab1-apic1#
DEBUG:netmiko:read_channel: 
DEBUG:netmiko:Clear buffer detects data in the channel
DEBUG:netmiko:read_channel: 
DEBUG:netmiko:[find_prompt()]: prompt is svlngen4-fab1-apic1#
DEBUG:paramiko.transport:starting thread (client mode): 0x27cc6a0
DEBUG:paramiko.transport:Local version/idstring: SSH-2.0-paramiko_2.10.3
DEBUG:paramiko.transport:Remote version/idstring: SSH-2.0-OpenSSH_8.2
INFO:paramiko.transport:Connected (version 2.0, client OpenSSH_8.2)
DEBUG:paramiko.transport:=== Key exchange possibilities ===
DEBUG:paramiko.transport:kex algos: curve25519-sha256, curve25519-sha256@libssh.org, diffie-hellman-group1-sha1, diffie-hellman-group14-sha1, diffie-hellman-group14-sha256, diffie-hellman-group16-sha512, ecdh-sha2-nistp256, ecdh-sha2-nistp384, ecdh-sha2-nistp521
DEBUG:paramiko.transport:server key: ssh-rsa
DEBUG:paramiko.transport:client encrypt: aes128-ctr, aes192-ctr, aes256-ctr
DEBUG:paramiko.transport:server encrypt: aes128-ctr, aes192-ctr, aes256-ctr
DEBUG:paramiko.transport:client mac: hmac-sha1, hmac-sha2-256, hmac-sha2-512
DEBUG:paramiko.transport:server mac: hmac-sha1, hmac-sha2-256, hmac-sha2-512
DEBUG:paramiko.transport:client compress: none, zlib@openssh.com
DEBUG:paramiko.transport:server compress: none, zlib@openssh.com
DEBUG:paramiko.transport:client lang: <none>
DEBUG:paramiko.transport:server lang: <none>
DEBUG:paramiko.transport:kex follows: False
DEBUG:paramiko.transport:=== Key exchange agreements ===
DEBUG:paramiko.transport:Kex: curve25519-sha256@libssh.org
DEBUG:paramiko.transport:HostKey: ssh-rsa
DEBUG:paramiko.transport:Cipher: aes128-ctr
DEBUG:paramiko.transport:MAC: hmac-sha2-256
DEBUG:paramiko.transport:Compression: none
DEBUG:paramiko.transport:=== End of kex handshake ===
DEBUG:paramiko.transport:kex engine KexCurve25519 specified hash_algo <built-in function openssl_sha256>
DEBUG:paramiko.transport:Switch to new keys ...
DEBUG:paramiko.transport:Adding ssh-rsa host key for svlngen4-fab1-apic1: b'cb2da8ed61e467840f2aac1ca52bcede'
DEBUG:paramiko.transport:Got EXT_INFO: {'server-sig-algs': b'ssh-ed25519,sk-ssh-ed25519@openssh.com,ssh-rsa,rsa-sha2-256,rsa-sha2-512,ssh-dss,ecdsa-sha2-nistp256,ecdsa-sha2-nistp384,ecdsa-sha2-nistp521,sk-ecdsa-sha2-nistp256@openssh.com'}
DEBUG:paramiko.transport:userauth is OK
INFO:paramiko.transport:Auth banner: b'Application Policy Infrastructure Controller\n'
INFO:paramiko.transport:Authentication (password) successful!
DEBUG:paramiko.transport:[chan 0] Max packet in: 32768 bytes
DEBUG:paramiko.transport:Received global request "hostkeys-00@openssh.com"
DEBUG:paramiko.transport:Rejecting "hostkeys-00@openssh.com" global request from server.
DEBUG:paramiko.transport:[chan 0] Max packet out: 32768 bytes
DEBUG:paramiko.transport:Secsh channel 0 opened.
DEBUG:paramiko.transport:[chan 0] Sesch channel 0 request ok
DEBUG:paramiko.transport:[chan 0] Sesch channel 0 request ok
DEBUG:netmiko:read_channel: 
DEBUG:netmiko:read_channel: 
DEBUG:netmiko:read_channel: 
DEBUG:netmiko:read_channel: 
DEBUG:netmiko:read_channel: 
DEBUG:netmiko:read_channel: 
DEBUG:netmiko:read_channel: 
DEBUG:netmiko:read_channel: 
DEBUG:netmiko:read_channel: 
DEBUG:netmiko:read_channel: 
DEBUG:netmiko:read_channel: 
DEBUG:netmiko:read_channel: 
DEBUG:netmiko:read_channel: 
DEBUG:netmiko:read_channel: 
DEBUG:netmiko:read_channel: 
DEBUG:netmiko:read_channel: 
DEBUG:netmiko:read_channel: 
DEBUG:netmiko:read_channel: 
DEBUG:netmiko:read_channel: 
DEBUG:netmiko:read_channel: 
DEBUG:netmiko:read_channel: 
DEBUG:netmiko:read_channel: 
DEBUG:netmiko:read_channel: 
DEBUG:netmiko:read_channel: 
DEBUG:netmiko:read_channel: 
DEBUG:netmiko:read_channel: 
DEBUG:netmiko:read_channel: 
DEBUG:netmiko:read_channel: 
DEBUG:netmiko:read_channel: 
DEBUG:netmiko:read_channel: 
DEBUG:netmiko:read_channel: 
DEBUG:netmiko:read_channel: 
DEBUG:netmiko:read_channel: 
DEBUG:netmiko:read_channel: 
DEBUG:netmiko:read_channel: 
DEBUG:netmiko:read_channel: 
DEBUG:netmiko:read_channel: 
DEBUG:netmiko:read_channel: 
DEBUG:netmiko:read_channel: 
DEBUG:netmiko:read_channel: 
DEBUG:netmiko:read_channel: 
DEBUG:netmiko:read_channel: 
DEBUG:netmiko:read_channel: 
DEBUG:netmiko:read_channel: Last login: 2022-04-23T01:24:29.000-07:00 UTC
%                                                                                                                                                                                                                                                                                                                                                                                                                                                                                                                              
 

svlngen4-fab1-apic1# 
DEBUG:netmiko:Pattern found: ([>#]) Last login: 2022-04-23T01:24:29.000-07:00 UTC
%                                                                                                                                                                                                                                                                                                                                                                                                                                                                                                                              
 

svlngen4-fab1-apic1#
DEBUG:netmiko:write_channel: b'terminal width 511\n'
DEBUG:netmiko:read_channel: 
DEBUG:netmiko:read_channel: 
DEBUG:netmiko:read_channel: 
DEBUG:netmiko:read_channel: 
DEBUG:netmiko:read_channel: 
DEBUG:netmiko:read_channel: 
DEBUG:netmiko:read_channel: 
DEBUG:netmiko:read_channel: 
DEBUG:netmiko:read_channel: 
DEBUG:netmiko:read_channel: 
DEBUG:netmiko:read_channel: 
DEBUG:netmiko:read_channel: 
DEBUG:netmiko:read_channel: 
DEBUG:netmiko:read_channel: 
DEBUG:netmiko:read_channel: 
DEBUG:netmiko:read_channel: 
DEBUG:netmiko:read_channel: 
DEBUG:netmiko:read_channel: 
DEBUG:netmiko:read_channel: 
DEBUG:netmiko:read_channel: 
DEBUG:netmiko:read_channel: 
DEBUG:netmiko:read_channel: 
DEBUG:netmiko:read_channel: 
DEBUG:netmiko:read_channel: 
DEBUG:netmiko:read_channel: t
DEBUG:netmiko:read_channel: terminal width 511

DEBUG:netmiko:Pattern found: (terminal width 511)  tterminal width 511
DEBUG:netmiko:In disable_paging
DEBUG:netmiko:Command: terminal length 0

DEBUG:netmiko:write_channel: b'terminal length 0\n'
DEBUG:netmiko:read_channel: 
DEBUG:netmiko:read_channel: 
DEBUG:netmiko:read_channel: 
DEBUG:netmiko:read_channel: 
DEBUG:netmiko:read_channel: 
DEBUG:netmiko:read_channel: 
DEBUG:netmiko:read_channel: 
DEBUG:netmiko:read_channel: 
DEBUG:netmiko:read_channel: 
DEBUG:netmiko:read_channel: 
DEBUG:netmiko:read_channel: 
DEBUG:netmiko:read_channel: 
DEBUG:netmiko:read_channel: 
DEBUG:netmiko:read_channel: 
DEBUG:netmiko:read_channel: 
DEBUG:netmiko:read_channel: 
DEBUG:netmiko:read_channel: 
DEBUG:netmiko:read_channel: 
DEBUG:netmiko:read_channel: %                                                                                                                                                                                                                                                                                                                                                                                                                                                                                                                              
 

svlngen4-fab1-apic1# tterminal length 0

DEBUG:netmiko:Pattern found: (terminal\ length\ 0) 
%                                                                                                                                                                                                                                                                                                                                                                                                                                                                                                                              
 

svlngen4-fab1-apic1# tterminal length 0
DEBUG:netmiko:
%                                                                                                                                                                                                                                                                                                                                                                                                                                                                                                                              
 

svlngen4-fab1-apic1# tterminal length 0
DEBUG:netmiko:Exiting disable_paging
DEBUG:netmiko:read_channel: 
DEBUG:netmiko:Clear buffer detects data in the channel
DEBUG:netmiko:read_channel: 
DEBUG:netmiko:write_channel: b'\n'
DEBUG:netmiko:read_channel: 
DEBUG:netmiko:read_channel: 
DEBUG:netmiko:read_channel: 
DEBUG:netmiko:read_channel: 
DEBUG:netmiko:read_channel: 
DEBUG:netmiko:read_channel: 
DEBUG:netmiko:read_channel: 
DEBUG:netmiko:read_channel: 
DEBUG:netmiko:read_channel: 
DEBUG:netmiko:read_channel: 
DEBUG:netmiko:read_channel: 
DEBUG:netmiko:read_channel: 
DEBUG:netmiko:read_channel: 
DEBUG:netmiko:read_channel: 
DEBUG:netmiko:read_channel: 
DEBUG:netmiko:read_channel: 
DEBUG:netmiko:read_channel: 
DEBUG:netmiko:read_channel: %                                                                                                                                                                                                                                                                                                                                                                                                                                                                                                                              
 

svlngen4-fab1-apic1# 
DEBUG:netmiko:Pattern found: (\#|>) %                                                                                                                                                                                                                                                                                                                                                                                                                                                                                                                              
 

svlngen4-fab1-apic1#
DEBUG:netmiko:read_channel: 
DEBUG:netmiko:Clear buffer detects data in the channel
DEBUG:netmiko:read_channel: 
DEBUG:netmiko:[find_prompt()]: prompt is svlngen4-fab1-apic1#
DEBUG:paramiko.transport:starting thread (client mode): 0x820d6d0
DEBUG:paramiko.transport:Local version/idstring: SSH-2.0-paramiko_2.10.3
DEBUG:paramiko.transport:Remote version/idstring: SSH-2.0-OpenSSH_8.2
INFO:paramiko.transport:Connected (version 2.0, client OpenSSH_8.2)
DEBUG:paramiko.transport:=== Key exchange possibilities ===
DEBUG:paramiko.transport:kex algos: curve25519-sha256, curve25519-sha256@libssh.org, diffie-hellman-group1-sha1, diffie-hellman-group14-sha1, diffie-hellman-group14-sha256, diffie-hellman-group16-sha512, ecdh-sha2-nistp256, ecdh-sha2-nistp384, ecdh-sha2-nistp521
DEBUG:paramiko.transport:server key: ssh-rsa
DEBUG:paramiko.transport:client encrypt: aes128-ctr, aes192-ctr, aes256-ctr
DEBUG:paramiko.transport:server encrypt: aes128-ctr, aes192-ctr, aes256-ctr
DEBUG:paramiko.transport:client mac: hmac-sha1, hmac-sha2-256, hmac-sha2-512
DEBUG:paramiko.transport:server mac: hmac-sha1, hmac-sha2-256, hmac-sha2-512
DEBUG:paramiko.transport:client compress: none, zlib@openssh.com
DEBUG:paramiko.transport:server compress: none, zlib@openssh.com
DEBUG:paramiko.transport:client lang: <none>
DEBUG:paramiko.transport:server lang: <none>
DEBUG:paramiko.transport:kex follows: False
DEBUG:paramiko.transport:=== Key exchange agreements ===
DEBUG:paramiko.transport:Kex: curve25519-sha256@libssh.org
DEBUG:paramiko.transport:HostKey: ssh-rsa
DEBUG:paramiko.transport:Cipher: aes128-ctr
DEBUG:paramiko.transport:MAC: hmac-sha2-256
DEBUG:paramiko.transport:Compression: none
DEBUG:paramiko.transport:=== End of kex handshake ===
DEBUG:paramiko.transport:kex engine KexCurve25519 specified hash_algo <built-in function openssl_sha256>
DEBUG:paramiko.transport:Switch to new keys ...
DEBUG:paramiko.transport:Adding ssh-rsa host key for svlngen4-fab1-apic1: b'cb2da8ed61e467840f2aac1ca52bcede'
DEBUG:paramiko.transport:Got EXT_INFO: {'server-sig-algs': b'ssh-ed25519,sk-ssh-ed25519@openssh.com,ssh-rsa,rsa-sha2-256,rsa-sha2-512,ssh-dss,ecdsa-sha2-nistp256,ecdsa-sha2-nistp384,ecdsa-sha2-nistp521,sk-ecdsa-sha2-nistp256@openssh.com'}
DEBUG:paramiko.transport:userauth is OK
INFO:paramiko.transport:Auth banner: b'Application Policy Infrastructure Controller\n'
INFO:paramiko.transport:Authentication (password) successful!
DEBUG:paramiko.transport:[chan 0] Max packet in: 32768 bytes
DEBUG:paramiko.transport:Received global request "hostkeys-00@openssh.com"
DEBUG:paramiko.transport:Rejecting "hostkeys-00@openssh.com" global request from server.
DEBUG:paramiko.transport:[chan 0] Max packet out: 32768 bytes
DEBUG:paramiko.transport:Secsh channel 0 opened.
DEBUG:paramiko.transport:[chan 0] Sesch channel 0 request ok
DEBUG:paramiko.transport:[chan 0] Sesch channel 0 request ok
DEBUG:netmiko:read_channel: 
DEBUG:netmiko:read_channel: 
DEBUG:netmiko:read_channel: 
DEBUG:netmiko:read_channel: 
DEBUG:netmiko:read_channel: 
DEBUG:netmiko:read_channel: 
DEBUG:netmiko:read_channel: 
DEBUG:netmiko:read_channel: 
DEBUG:netmiko:read_channel: 
DEBUG:netmiko:read_channel: 
DEBUG:netmiko:read_channel: 
DEBUG:netmiko:read_channel: 
DEBUG:netmiko:read_channel: 
DEBUG:netmiko:read_channel: 
DEBUG:netmiko:read_channel: 
DEBUG:netmiko:read_channel: 
DEBUG:netmiko:read_channel: 
DEBUG:netmiko:read_channel: 
DEBUG:netmiko:read_channel: 
DEBUG:netmiko:read_channel: 
DEBUG:netmiko:read_channel: 
DEBUG:netmiko:read_channel: 
DEBUG:netmiko:read_channel: 
DEBUG:netmiko:read_channel: 
DEBUG:netmiko:read_channel: 
DEBUG:netmiko:read_channel: 
DEBUG:netmiko:read_channel: 
DEBUG:netmiko:read_channel: 
DEBUG:netmiko:read_channel: 
DEBUG:netmiko:read_channel: 
DEBUG:netmiko:read_channel: 
DEBUG:netmiko:read_channel: 
DEBUG:netmiko:read_channel: 
DEBUG:netmiko:read_channel: 
DEBUG:netmiko:read_channel: 
DEBUG:netmiko:read_channel: 
DEBUG:netmiko:read_channel: 
DEBUG:netmiko:read_channel: 
DEBUG:netmiko:read_channel: 
DEBUG:netmiko:read_channel: 
DEBUG:netmiko:read_channel: 
DEBUG:netmiko:read_channel: 
DEBUG:netmiko:read_channel: 
DEBUG:netmiko:read_channel: 
DEBUG:netmiko:read_channel: 
DEBUG:netmiko:read_channel: 
DEBUG:netmiko:read_channel: Last login: 2022-04-23T01:25:46.000-07:00 UTC

DEBUG:netmiko:read_channel: 
DEBUG:netmiko:read_channel: 
DEBUG:netmiko:read_channel: 
DEBUG:netmiko:read_channel: %                                                                                                                                                                                                                                                                                                                                                                                                                                                                                                                              
 

svlngen4-fab1-apic1# 
DEBUG:netmiko:Pattern found: ([>#]) Last login: 2022-04-23T01:25:46.000-07:00 UTC
%                                                                                                                                                                                                                                                                                                                                                                                                                                                                                                                              
 

svlngen4-fab1-apic1#
DEBUG:netmiko:write_channel: b'terminal width 511\n'
DEBUG:netmiko:read_channel: 
DEBUG:netmiko:read_channel: 
DEBUG:netmiko:read_channel: 
DEBUG:netmiko:read_channel: 
DEBUG:netmiko:read_channel: 
DEBUG:netmiko:read_channel: 
DEBUG:netmiko:read_channel: 
DEBUG:netmiko:read_channel: 
DEBUG:netmiko:read_channel: 
DEBUG:netmiko:read_channel: 
DEBUG:netmiko:read_channel: 
DEBUG:netmiko:read_channel: 
DEBUG:netmiko:read_channel: 
DEBUG:netmiko:read_channel: 
DEBUG:netmiko:read_channel: 
DEBUG:netmiko:read_channel: 
DEBUG:netmiko:read_channel: 
DEBUG:netmiko:read_channel: 
DEBUG:netmiko:read_channel: 
DEBUG:netmiko:read_channel: 
DEBUG:netmiko:read_channel: 
DEBUG:netmiko:read_channel: tterminal width 511
%                                                                                                                                                                                                                                                                                                                                                                                                                                                                                                                              
 

DEBUG:netmiko:Pattern found: (terminal width 511)  tterminal width 511
DEBUG:netmiko:In disable_paging
DEBUG:netmiko:Command: terminal length 0

DEBUG:netmiko:write_channel: b'terminal length 0\n'
DEBUG:netmiko:read_channel: 
DEBUG:netmiko:read_channel: 
DEBUG:netmiko:read_channel: 
DEBUG:netmiko:read_channel: 
DEBUG:netmiko:read_channel: 
DEBUG:netmiko:read_channel: 
DEBUG:netmiko:read_channel: 
DEBUG:netmiko:read_channel: 
DEBUG:netmiko:read_channel: 
DEBUG:netmiko:read_channel: 
DEBUG:netmiko:read_channel: 
DEBUG:netmiko:read_channel: 
DEBUG:netmiko:read_channel: 
DEBUG:netmiko:read_channel: 
DEBUG:netmiko:read_channel: 
DEBUG:netmiko:read_channel: 
DEBUG:netmiko:read_channel: 
DEBUG:netmiko:read_channel: 
DEBUG:netmiko:read_channel: 
DEBUG:netmiko:read_channel: 
svlngen4-fab1-apic1# 
DEBUG:netmiko:read_channel: tterminal
DEBUG:netmiko:read_channel: 
DEBUG:netmiko:read_channel:  length 0
DEBUG:netmiko:Pattern found: (terminal\ length\ 0) 
%                                                                                                                                                                                                                                                                                                                                                                                                                                                                                                                              
 

svlngen4-fab1-apic1# tterminal length 0
DEBUG:netmiko:
%                                                                                                                                                                                                                                                                                                                                                                                                                                                                                                                              
 

svlngen4-fab1-apic1# tterminal length 0
DEBUG:netmiko:Exiting disable_paging
DEBUG:netmiko:read_channel: 
DEBUG:netmiko:write_channel: b'\n'
DEBUG:netmiko:read_channel: 
DEBUG:netmiko:read_channel: 
DEBUG:netmiko:read_channel: 
DEBUG:netmiko:read_channel: 
DEBUG:netmiko:read_channel: 
DEBUG:netmiko:read_channel: 
DEBUG:netmiko:read_channel: 
DEBUG:netmiko:read_channel: 
DEBUG:netmiko:read_channel: 
DEBUG:netmiko:read_channel: 
DEBUG:netmiko:read_channel: 
DEBUG:netmiko:read_channel: 
DEBUG:netmiko:read_channel: 
DEBUG:netmiko:read_channel: 
DEBUG:netmiko:read_channel: 
DEBUG:netmiko:read_channel: 
%                                                                                                                                                                                                                                                                                                                                                                                                                                                                                                                              
 

svlngen4-fab1-apic1# 
DEBUG:netmiko:Pattern found: (\#|>) 
%                                                                                                                                                                                                                                                                                                                                                                                                                                                                                                                              
 

svlngen4-fab1-apic1#
DEBUG:netmiko:read_channel: 
DEBUG:netmiko:Clear buffer detects data in the channel
DEBUG:netmiko:read_channel: 
DEBUG:netmiko:[find_prompt()]: prompt is svlngen4-fab1-apic1#
DEBUG:paramiko.transport:starting thread (client mode): 0x11c7a6a0
DEBUG:paramiko.transport:Local version/idstring: SSH-2.0-paramiko_2.10.3
DEBUG:paramiko.transport:Remote version/idstring: SSH-2.0-OpenSSH_8.2
INFO:paramiko.transport:Connected (version 2.0, client OpenSSH_8.2)
DEBUG:paramiko.transport:=== Key exchange possibilities ===
DEBUG:paramiko.transport:kex algos: curve25519-sha256, curve25519-sha256@libssh.org, diffie-hellman-group1-sha1, diffie-hellman-group14-sha1, diffie-hellman-group14-sha256, diffie-hellman-group16-sha512, ecdh-sha2-nistp256, ecdh-sha2-nistp384, ecdh-sha2-nistp521
DEBUG:paramiko.transport:server key: ssh-rsa
DEBUG:paramiko.transport:client encrypt: aes128-ctr, aes192-ctr, aes256-ctr
DEBUG:paramiko.transport:server encrypt: aes128-ctr, aes192-ctr, aes256-ctr
DEBUG:paramiko.transport:client mac: hmac-sha1, hmac-sha2-256, hmac-sha2-512
DEBUG:paramiko.transport:server mac: hmac-sha1, hmac-sha2-256, hmac-sha2-512
DEBUG:paramiko.transport:client compress: none, zlib@openssh.com
DEBUG:paramiko.transport:server compress: none, zlib@openssh.com
DEBUG:paramiko.transport:client lang: <none>
DEBUG:paramiko.transport:server lang: <none>
DEBUG:paramiko.transport:kex follows: False
DEBUG:paramiko.transport:=== Key exchange agreements ===
DEBUG:paramiko.transport:Kex: curve25519-sha256@libssh.org
DEBUG:paramiko.transport:HostKey: ssh-rsa
DEBUG:paramiko.transport:Cipher: aes128-ctr
DEBUG:paramiko.transport:MAC: hmac-sha2-256
DEBUG:paramiko.transport:Compression: none
DEBUG:paramiko.transport:=== End of kex handshake ===
DEBUG:paramiko.transport:kex engine KexCurve25519 specified hash_algo <built-in function openssl_sha256>
DEBUG:paramiko.transport:Switch to new keys ...
DEBUG:paramiko.transport:Adding ssh-rsa host key for svlngen4-fab1-apic1: b'cb2da8ed61e467840f2aac1ca52bcede'
DEBUG:paramiko.transport:Got EXT_INFO: {'server-sig-algs': b'ssh-ed25519,sk-ssh-ed25519@openssh.com,ssh-rsa,rsa-sha2-256,rsa-sha2-512,ssh-dss,ecdsa-sha2-nistp256,ecdsa-sha2-nistp384,ecdsa-sha2-nistp521,sk-ecdsa-sha2-nistp256@openssh.com'}
DEBUG:paramiko.transport:userauth is OK
INFO:paramiko.transport:Auth banner: b'Application Policy Infrastructure Controller\n'
INFO:paramiko.transport:Authentication (password) successful!
DEBUG:paramiko.transport:[chan 0] Max packet in: 32768 bytes
DEBUG:paramiko.transport:Received global request "hostkeys-00@openssh.com"
DEBUG:paramiko.transport:Rejecting "hostkeys-00@openssh.com" global request from server.
DEBUG:paramiko.transport:[chan 0] Max packet out: 32768 bytes
DEBUG:paramiko.transport:Secsh channel 0 opened.
DEBUG:paramiko.transport:[chan 0] Sesch channel 0 request ok
DEBUG:paramiko.transport:[chan 0] Sesch channel 0 request ok
DEBUG:netmiko:read_channel: 
DEBUG:netmiko:read_channel: 
DEBUG:netmiko:read_channel: 
DEBUG:netmiko:read_channel: 
DEBUG:netmiko:read_channel: 
DEBUG:netmiko:read_channel: 
DEBUG:netmiko:read_channel: 
DEBUG:netmiko:read_channel: 
DEBUG:netmiko:read_channel: 
DEBUG:netmiko:read_channel: 
DEBUG:netmiko:read_channel: 
DEBUG:netmiko:read_channel: 
DEBUG:netmiko:read_channel: 
DEBUG:netmiko:read_channel: 
DEBUG:netmiko:read_channel: 
DEBUG:netmiko:read_channel: 
DEBUG:netmiko:read_channel: 
DEBUG:netmiko:read_channel: 
DEBUG:netmiko:read_channel: 
DEBUG:netmiko:read_channel: 
DEBUG:netmiko:read_channel: 
DEBUG:netmiko:read_channel: 
DEBUG:netmiko:read_channel: 
DEBUG:netmiko:read_channel: 
DEBUG:netmiko:read_channel: 
DEBUG:netmiko:read_channel: 
DEBUG:netmiko:read_channel: 
DEBUG:netmiko:read_channel: 
DEBUG:netmiko:read_channel: 
DEBUG:netmiko:read_channel: 
DEBUG:netmiko:read_channel: 
DEBUG:netmiko:read_channel: 
DEBUG:netmiko:read_channel: 
DEBUG:netmiko:read_channel: 
DEBUG:netmiko:read_channel: 
DEBUG:netmiko:read_channel: 
DEBUG:netmiko:read_channel: Last login: 2022-04-23T01:47:44.000-07:00 UTC

DEBUG:netmiko:read_channel: 
DEBUG:netmiko:read_channel: 
DEBUG:netmiko:read_channel: %                                                                                                                                                                                                                                                                                                                                                                                                                                                                                                                              
 

DEBUG:netmiko:read_channel: 
svlngen4-fab1-apic1# 
DEBUG:netmiko:Pattern found: ([>#]) Last login: 2022-04-23T01:47:44.000-07:00 UTC
%                                                                                                                                                                                                                                                                                                                                                                                                                                                                                                                              
 

svlngen4-fab1-apic1#
DEBUG:netmiko:write_channel: b'terminal width 511\n'
DEBUG:netmiko:read_channel: 
DEBUG:netmiko:read_channel: 
DEBUG:netmiko:read_channel: 
DEBUG:netmiko:read_channel: 
DEBUG:netmiko:read_channel: 
DEBUG:netmiko:read_channel: 
DEBUG:netmiko:read_channel: 
DEBUG:netmiko:read_channel: 
DEBUG:netmiko:read_channel: 
DEBUG:netmiko:read_channel: 
DEBUG:netmiko:read_channel: 
DEBUG:netmiko:read_channel: 
DEBUG:netmiko:read_channel: 
DEBUG:netmiko:read_channel: 
DEBUG:netmiko:read_channel: 
DEBUG:netmiko:read_channel: 
DEBUG:netmiko:read_channel: 
DEBUG:netmiko:read_channel: 
DEBUG:netmiko:read_channel: 
DEBUG:netmiko:read_channel: 
DEBUG:netmiko:read_channel: tter
DEBUG:netmiko:read_channel: minal width 511
DEBUG:netmiko:Pattern found: (terminal width 511)  tterminal width 511
DEBUG:netmiko:In disable_paging
DEBUG:netmiko:Command: terminal length 0

DEBUG:netmiko:write_channel: b'terminal length 0\n'
DEBUG:netmiko:read_channel: 
DEBUG:netmiko:read_channel: 
DEBUG:netmiko:read_channel: 
DEBUG:netmiko:read_channel: 
DEBUG:netmiko:read_channel: 
DEBUG:netmiko:read_channel: 
DEBUG:netmiko:read_channel: 
DEBUG:netmiko:read_channel: 
DEBUG:netmiko:read_channel: 
DEBUG:netmiko:read_channel: 
DEBUG:netmiko:read_channel: 
DEBUG:netmiko:read_channel: 
DEBUG:netmiko:read_channel: 
DEBUG:netmiko:read_channel: 
DEBUG:netmiko:read_channel: 
DEBUG:netmiko:read_channel: 
DEBUG:netmiko:read_channel: 
DEBUG:netmiko:read_channel: 
DEBUG:netmiko:read_channel: 
DEBUG:netmiko:read_channel: 
%                                                                                                                                                                                                                                                                                                                                                                                                                                                                                                                              
 

svlngen4-fab1-apic1# 
DEBUG:netmiko:read_channel: 
DEBUG:netmiko:read_channel: t
DEBUG:netmiko:read_channel: terminal length 0
DEBUG:netmiko:Pattern found: (terminal\ length\ 0) 
%                                                                                                                                                                                                                                                                                                                                                                                                                                                                                                                              
 

svlngen4-fab1-apic1# tterminal length 0
DEBUG:netmiko:
%                                                                                                                                                                                                                                                                                                                                                                                                                                                                                                                              
 

svlngen4-fab1-apic1# tterminal length 0
DEBUG:netmiko:Exiting disable_paging
DEBUG:netmiko:read_channel: 
DEBUG:netmiko:write_channel: b'\n'
DEBUG:netmiko:read_channel: 
DEBUG:netmiko:read_channel: 
DEBUG:netmiko:read_channel: 
DEBUG:netmiko:read_channel: 
DEBUG:netmiko:read_channel: 
DEBUG:netmiko:read_channel: 
DEBUG:netmiko:read_channel: 
DEBUG:netmiko:read_channel: 
DEBUG:netmiko:read_channel: 
DEBUG:netmiko:read_channel: 
DEBUG:netmiko:read_channel: 
DEBUG:netmiko:read_channel: 
DEBUG:netmiko:read_channel: 
DEBUG:netmiko:read_channel: 
DEBUG:netmiko:read_channel: 
DEBUG:netmiko:read_channel: 
DEBUG:netmiko:read_channel: 
%                                                                                                                                                                                                                                                                                                                                                                                                                                                                                                                              
 

svlngen4-fab1-apic1# 
DEBUG:netmiko:Pattern found: (\#|>) 
%                                                                                                                                                                                                                                                                                                                                                                                                                                                                                                                              
 

svlngen4-fab1-apic1#
DEBUG:netmiko:read_channel: 
DEBUG:netmiko:Clear buffer detects data in the channel
DEBUG:netmiko:read_channel: 
DEBUG:netmiko:[find_prompt()]: prompt is svlngen4-fab1-apic1#
DEBUG:netmiko:read_channel: 
%                                                                                                                                                                                                                                                                                                                                                                                                                                                                                                                              
 

svlngen4-fab1-apic1# 
DEBUG:netmiko:Clear buffer detects data in the channel
DEBUG:netmiko:read_channel: 
DEBUG:netmiko:write_channel: b'\n'
DEBUG:netmiko:read_channel: 
DEBUG:netmiko:write_channel: b'\n'
DEBUG:netmiko:read_channel: 
DEBUG:netmiko:write_channel: b'\n'
DEBUG:netmiko:read_channel: 
DEBUG:netmiko:write_channel: b'\n'
DEBUG:netmiko:read_channel: 
DEBUG:netmiko:write_channel: b'\n'
DEBUG:netmiko:read_channel: 
%                                                                                                                                                                                                                                                                                                                                                                                                                                                                                                                              
 

svlngen4-fab1-apic1# 
DEBUG:netmiko:read_channel: 
DEBUG:netmiko:[find_prompt()]: prompt is svlngen4-fab1-apic1#
DEBUG:paramiko.transport:starting thread (client mode): 0xe4e5640
DEBUG:paramiko.transport:Local version/idstring: SSH-2.0-paramiko_2.10.3
DEBUG:paramiko.transport:Remote version/idstring: SSH-2.0-OpenSSH_8.2
INFO:paramiko.transport:Connected (version 2.0, client OpenSSH_8.2)
DEBUG:paramiko.transport:=== Key exchange possibilities ===
DEBUG:paramiko.transport:kex algos: curve25519-sha256, curve25519-sha256@libssh.org, diffie-hellman-group1-sha1, diffie-hellman-group14-sha1, diffie-hellman-group14-sha256, diffie-hellman-group16-sha512, ecdh-sha2-nistp256, ecdh-sha2-nistp384, ecdh-sha2-nistp521
DEBUG:paramiko.transport:server key: ssh-rsa
DEBUG:paramiko.transport:client encrypt: aes128-ctr, aes192-ctr, aes256-ctr
DEBUG:paramiko.transport:server encrypt: aes128-ctr, aes192-ctr, aes256-ctr
DEBUG:paramiko.transport:client mac: hmac-sha1, hmac-sha2-256, hmac-sha2-512
DEBUG:paramiko.transport:server mac: hmac-sha1, hmac-sha2-256, hmac-sha2-512
DEBUG:paramiko.transport:client compress: none, zlib@openssh.com
DEBUG:paramiko.transport:server compress: none, zlib@openssh.com
DEBUG:paramiko.transport:client lang: <none>
DEBUG:paramiko.transport:server lang: <none>
DEBUG:paramiko.transport:kex follows: False
DEBUG:paramiko.transport:=== Key exchange agreements ===
DEBUG:paramiko.transport:Kex: curve25519-sha256@libssh.org
DEBUG:paramiko.transport:HostKey: ssh-rsa
DEBUG:paramiko.transport:Cipher: aes128-ctr
DEBUG:paramiko.transport:MAC: hmac-sha2-256
DEBUG:paramiko.transport:Compression: none
DEBUG:paramiko.transport:=== End of kex handshake ===
DEBUG:paramiko.transport:kex engine KexCurve25519 specified hash_algo <built-in function openssl_sha256>
DEBUG:paramiko.transport:Switch to new keys ...
DEBUG:paramiko.transport:Got EXT_INFO: {'server-sig-algs': b'ssh-ed25519,sk-ssh-ed25519@openssh.com,ssh-rsa,rsa-sha2-256,rsa-sha2-512,ssh-dss,ecdsa-sha2-nistp256,ecdsa-sha2-nistp384,ecdsa-sha2-nistp521,sk-ecdsa-sha2-nistp256@openssh.com'}
DEBUG:paramiko.transport:Adding ssh-rsa host key for svlngen4-fab1-apic1: b'cb2da8ed61e467840f2aac1ca52bcede'
DEBUG:paramiko.transport:userauth is OK
INFO:paramiko.transport:Auth banner: b'Application Policy Infrastructure Controller\n'
INFO:paramiko.transport:Authentication (password) successful!
DEBUG:paramiko.transport:[chan 0] Max packet in: 32768 bytes
DEBUG:paramiko.transport:Received global request "hostkeys-00@openssh.com"
DEBUG:paramiko.transport:Rejecting "hostkeys-00@openssh.com" global request from server.
DEBUG:paramiko.transport:[chan 0] Max packet out: 32768 bytes
DEBUG:paramiko.transport:Secsh channel 0 opened.
DEBUG:paramiko.transport:[chan 0] Sesch channel 0 request ok
DEBUG:paramiko.transport:[chan 0] Sesch channel 0 request ok
DEBUG:netmiko:read_channel: 
DEBUG:netmiko:read_channel: 
DEBUG:netmiko:read_channel: 
DEBUG:netmiko:read_channel: 
DEBUG:netmiko:read_channel: 
DEBUG:netmiko:read_channel: 
DEBUG:netmiko:read_channel: 
DEBUG:netmiko:read_channel: 
DEBUG:netmiko:read_channel: 
DEBUG:netmiko:read_channel: 
DEBUG:netmiko:read_channel: 
DEBUG:netmiko:read_channel: 
DEBUG:netmiko:read_channel: 
DEBUG:netmiko:read_channel: 
DEBUG:netmiko:read_channel: 
DEBUG:netmiko:read_channel: 
DEBUG:netmiko:read_channel: 
DEBUG:netmiko:read_channel: 
DEBUG:netmiko:read_channel: 
DEBUG:netmiko:read_channel: 
DEBUG:netmiko:read_channel: 
DEBUG:netmiko:read_channel: 
DEBUG:netmiko:read_channel: 
DEBUG:netmiko:read_channel: 
DEBUG:netmiko:read_channel: 
DEBUG:netmiko:read_channel: 
DEBUG:netmiko:read_channel: 
DEBUG:netmiko:read_channel: 
DEBUG:netmiko:read_channel: 
DEBUG:netmiko:read_channel: 
DEBUG:netmiko:read_channel: 
DEBUG:netmiko:read_channel: 
DEBUG:netmiko:read_channel: 
DEBUG:netmiko:read_channel: 
DEBUG:netmiko:read_channel: 
DEBUG:netmiko:read_channel: 
DEBUG:netmiko:read_channel: 
DEBUG:netmiko:read_channel: 
DEBUG:netmiko:read_channel: 
DEBUG:netmiko:read_channel: 
DEBUG:netmiko:read_channel: 
DEBUG:netmiko:read_channel: 
DEBUG:netmiko:read_channel: 
DEBUG:netmiko:read_channel: Last login: 2022-04-23T01:56:19.000-07:00 UTC

DEBUG:netmiko:read_channel: %                                                                                                                                                                                                                                                                                                                                                                                                                                                                                                                              
 

DEBUG:netmiko:read_channel: 
svlngen4-fab1-apic1# 
DEBUG:netmiko:Pattern found: ([>#]) Last login: 2022-04-23T01:56:19.000-07:00 UTC
%                                                                                                                                                                                                                                                                                                                                                                                                                                                                                                                              
 

svlngen4-fab1-apic1#
DEBUG:netmiko:write_channel: b'terminal width 511\n'
DEBUG:netmiko:read_channel: 
DEBUG:netmiko:read_channel: 
DEBUG:netmiko:read_channel: 
DEBUG:netmiko:read_channel: 
DEBUG:netmiko:read_channel: 
DEBUG:netmiko:read_channel: 
DEBUG:netmiko:read_channel: 
DEBUG:netmiko:read_channel: 
DEBUG:netmiko:read_channel: 
DEBUG:netmiko:read_channel: 
DEBUG:netmiko:read_channel: 
DEBUG:netmiko:read_channel: 
DEBUG:netmiko:read_channel: 
DEBUG:netmiko:read_channel: 
DEBUG:netmiko:read_channel: 
DEBUG:netmiko:read_channel: 
DEBUG:netmiko:read_channel: 
DEBUG:netmiko:read_channel: 
DEBUG:netmiko:read_channel: 
DEBUG:netmiko:read_channel: 
DEBUG:netmiko:read_channel: 
DEBUG:netmiko:read_channel: 
DEBUG:netmiko:read_channel: 
DEBUG:netmiko:read_channel: 
DEBUG:netmiko:read_channel: 
DEBUG:netmiko:read_channel: 
DEBUG:netmiko:read_channel: t
DEBUG:netmiko:read_channel: terminal width 511
%                                                                                                                                                                                                                                                                                                                                                                                                                                                                                                                              
 

DEBUG:netmiko:Pattern found: (terminal width 511)  tterminal width 511
DEBUG:netmiko:In disable_paging
DEBUG:netmiko:Command: terminal length 0

DEBUG:netmiko:write_channel: b'terminal length 0\n'
DEBUG:netmiko:read_channel: 
DEBUG:netmiko:read_channel: 
DEBUG:netmiko:read_channel: 
DEBUG:netmiko:read_channel: 
DEBUG:netmiko:read_channel: 
DEBUG:netmiko:read_channel: 
DEBUG:netmiko:read_channel: 
DEBUG:netmiko:read_channel: 
DEBUG:netmiko:read_channel: 
DEBUG:netmiko:read_channel: 
DEBUG:netmiko:read_channel: 
DEBUG:netmiko:read_channel: 
DEBUG:netmiko:read_channel: 
DEBUG:netmiko:read_channel: 
DEBUG:netmiko:read_channel: 
DEBUG:netmiko:read_channel: 
DEBUG:netmiko:read_channel: 
DEBUG:netmiko:read_channel: 
DEBUG:netmiko:read_channel: 
DEBUG:netmiko:read_channel: 
svlngen4-fab1-apic1# 
DEBUG:netmiko:read_channel: 
DEBUG:netmiko:read_channel: 
DEBUG:netmiko:read_channel: tterminal length 0

DEBUG:netmiko:Pattern found: (terminal\ length\ 0) 
%                                                                                                                                                                                                                                                                                                                                                                                                                                                                                                                              
 

svlngen4-fab1-apic1# tterminal length 0
DEBUG:netmiko:
%                                                                                                                                                                                                                                                                                                                                                                                                                                                                                                                              
 

svlngen4-fab1-apic1# tterminal length 0
DEBUG:netmiko:Exiting disable_paging
DEBUG:netmiko:read_channel: 
DEBUG:netmiko:Clear buffer detects data in the channel
DEBUG:netmiko:read_channel: 
DEBUG:netmiko:write_channel: b'\n'
DEBUG:netmiko:read_channel: 
DEBUG:netmiko:read_channel: 
DEBUG:netmiko:read_channel: 
DEBUG:netmiko:read_channel: 
DEBUG:netmiko:read_channel: 
DEBUG:netmiko:read_channel: 
DEBUG:netmiko:read_channel: 
DEBUG:netmiko:read_channel: 
DEBUG:netmiko:read_channel: 
DEBUG:netmiko:read_channel: 
DEBUG:netmiko:read_channel: 
DEBUG:netmiko:read_channel: 
DEBUG:netmiko:read_channel: 
DEBUG:netmiko:read_channel: 
DEBUG:netmiko:read_channel: %                                                                                                                                                                                                                                                                                                                                                                                                                                                                                                                              
 

svlngen4-fab1-apic1# 
DEBUG:netmiko:Pattern found: (\#|>) %                                                                                                                                                                                                                                                                                                                                                                                                                                                                                                                              
 

svlngen4-fab1-apic1#
DEBUG:netmiko:read_channel: 
DEBUG:netmiko:Clear buffer detects data in the channel
DEBUG:netmiko:read_channel: 
DEBUG:netmiko:[find_prompt()]: prompt is svlngen4-fab1-apic1#
DEBUG:netmiko:read_channel: 
DEBUG:netmiko:write_channel: b'\n'
DEBUG:netmiko:read_channel: 
DEBUG:netmiko:write_channel: b'\n'
DEBUG:netmiko:read_channel: 
%                                                                                                                                                                                                                                                                                                                                                                                                                                                                                                                              
 

svlngen4-fab1-apic1# 
DEBUG:netmiko:read_channel: 
DEBUG:netmiko:[find_prompt()]: prompt is svlngen4-fab1-apic1#
DEBUG:netmiko:write_channel: b'show version\n'
DEBUG:netmiko:read_channel: 
DEBUG:netmiko:read_channel: 
DEBUG:netmiko:read_channel: 
DEBUG:netmiko:read_channel: 
DEBUG:netmiko:read_channel: 
DEBUG:netmiko:read_channel: 
DEBUG:netmiko:read_channel: 
DEBUG:netmiko:read_channel: 
DEBUG:netmiko:read_channel: 
DEBUG:netmiko:read_channel: 
DEBUG:netmiko:read_channel: 
DEBUG:netmiko:read_channel: 
DEBUG:netmiko:read_channel: 
DEBUG:netmiko:read_channel: 
DEBUG:netmiko:read_channel: 
DEBUG:netmiko:read_channel: 
DEBUG:netmiko:read_channel: 
DEBUG:netmiko:read_channel: 
%                                                                                                                                                                                                                                                                                                                                                                                                                                                                                                                              
 

svlngen4-fab1-apic1# 
%                                                                                                                                                                                                                                                                                                                                                                                                                                                                                                                              
 

svlngen4-fab1-apic1# 
DEBUG:netmiko:read_channel: 
DEBUG:netmiko:read_channel: 
DEBUG:netmiko:read_channel: 
DEBUG:netmiko:read_channel: 
DEBUG:netmiko:read_channel: 
DEBUG:netmiko:read_channel: 
DEBUG:netmiko:read_channel: 
DEBUG:netmiko:read_channel: 
DEBUG:netmiko:read_channel: 
DEBUG:netmiko:read_channel: 
DEBUG:netmiko:read_channel: 
DEBUG:netmiko:read_channel: 
DEBUG:netmiko:read_channel: 
DEBUG:netmiko:read_channel: 
DEBUG:netmiko:read_channel: 
DEBUG:netmiko:read_channel: 
DEBUG:netmiko:read_channel: 
DEBUG:netmiko:read_channel: 
DEBUG:netmiko:read_channel: 
DEBUG:netmiko:read_channel: sshow version

DEBUG:netmiko:Pattern found: (show\ version) 
%                                                                                                                                                                                                                                                                                                                                                                                                                                                                                                                              
 

svlngen4-fab1-apic1# 
%                                                                                                                                                                                                                                                                                                                                                                                                                                                                                                                              
 

svlngen4-fab1-apic1# sshow version
DEBUG:netmiko:read_channel: 
DEBUG:netmiko:read_channel: 
DEBUG:netmiko:read_channel: 
DEBUG:netmiko:read_channel: 
DEBUG:netmiko:read_channel: 
DEBUG:netmiko:read_channel: 
DEBUG:netmiko:read_channel: 
DEBUG:netmiko:read_channel: 
DEBUG:netmiko:read_channel: 
DEBUG:netmiko:read_channel: 
DEBUG:netmiko:read_channel: 
DEBUG:netmiko:read_channel: 
DEBUG:netmiko:read_channel: 
DEBUG:netmiko:read_channel: 
DEBUG:netmiko:read_channel: 
DEBUG:netmiko:read_channel: 
DEBUG:netmiko:read_channel: 
DEBUG:netmiko:read_channel: 
DEBUG:netmiko:read_channel: 
DEBUG:netmiko:read_channel: 
DEBUG:netmiko:read_channel: 
DEBUG:netmiko:read_channel: 
DEBUG:netmiko:read_channel: 
DEBUG:netmiko:read_channel: 
DEBUG:netmiko:read_channel: 
DEBUG:netmiko:read_channel: 
DEBUG:netmiko:read_channel: 
DEBUG:netmiko:read_channel: 
DEBUG:netmiko:read_channel: 
DEBUG:netmiko:read_channel: 
DEBUG:netmiko:read_channel: 
DEBUG:netmiko:read_channel: 
DEBUG:netmiko:read_channel: 
DEBUG:netmiko:read_channel: 
DEBUG:netmiko:read_channel: 
DEBUG:netmiko:read_channel: 
DEBUG:netmiko:read_channel: 
DEBUG:netmiko:read_channel: 
DEBUG:netmiko:read_channel: 
DEBUG:netmiko:read_channel: 
DEBUG:netmiko:read_channel: 
DEBUG:netmiko:read_channel: 
DEBUG:netmiko:read_channel: 
DEBUG:netmiko:read_channel: 
DEBUG:netmiko:read_channel: 
DEBUG:netmiko:read_channel: 
DEBUG:netmiko:read_channel: 
DEBUG:netmiko:read_channel: 
DEBUG:netmiko:read_channel: 
DEBUG:netmiko:read_channel: 
DEBUG:netmiko:read_channel: 
DEBUG:netmiko:read_channel: 
DEBUG:netmiko:read_channel: 
DEBUG:netmiko:read_channel: 
DEBUG:netmiko:read_channel: 
DEBUG:netmiko:read_channel: 
DEBUG:netmiko:read_channel: 
DEBUG:netmiko:read_channel: 
DEBUG:netmiko:read_channel: 
DEBUG:netmiko:read_channel: 
DEBUG:netmiko:read_channel: 
DEBUG:netmiko:read_channel: 
DEBUG:netmiko:read_channel: 
DEBUG:netmiko:read_channel: 
DEBUG:netmiko:read_channel: 
DEBUG:netmiko:read_channel: 
DEBUG:netmiko:read_channel: 
DEBUG:netmiko:read_channel: 
DEBUG:netmiko:read_channel: 
DEBUG:netmiko:read_channel: 
DEBUG:netmiko:read_channel: 
DEBUG:netmiko:read_channel: 
DEBUG:netmiko:read_channel: 
DEBUG:netmiko:read_channel: 
DEBUG:netmiko:read_channel: 
DEBUG:netmiko:read_channel: 
DEBUG:netmiko:read_channel: 
DEBUG:netmiko:read_channel: 
DEBUG:netmiko:read_channel: 
DEBUG:netmiko:read_channel: 
DEBUG:netmiko:read_channel: 
DEBUG:netmiko:read_channel: 
DEBUG:netmiko:read_channel: 
DEBUG:netmiko:read_channel: 
DEBUG:netmiko:read_channel: 
DEBUG:netmiko:read_channel: 
DEBUG:netmiko:read_channel: 
DEBUG:netmiko:read_channel: 
DEBUG:netmiko:read_channel: 
DEBUG:netmiko:read_channel: 
DEBUG:netmiko:read_channel: 
DEBUG:netmiko:read_channel: 
DEBUG:netmiko:read_channel: 
DEBUG:netmiko:read_channel: 
DEBUG:netmiko:read_channel: 
DEBUG:netmiko:read_channel: 
DEBUG:netmiko:read_channel: 
DEBUG:netmiko:read_channel: 
DEBUG:netmiko:read_channel: 
DEBUG:netmiko:read_channel: 
DEBUG:netmiko:read_channel: 
DEBUG:netmiko:read_channel: 
DEBUG:netmiko:read_channel: 
DEBUG:netmiko:read_channel: 
DEBUG:netmiko:read_channel: 
DEBUG:netmiko:read_channel: 
DEBUG:netmiko:read_channel: 
DEBUG:netmiko:read_channel: 
DEBUG:netmiko:read_channel: 
DEBUG:netmiko:read_channel: 
DEBUG:netmiko:read_channel: 
DEBUG:netmiko:read_channel: 
DEBUG:netmiko:read_channel: 
DEBUG:netmiko:read_channel: 
DEBUG:netmiko:read_channel: 
DEBUG:netmiko:read_channel: 
DEBUG:netmiko:read_channel: 
DEBUG:netmiko:read_channel: 
DEBUG:netmiko:read_channel: 
DEBUG:netmiko:read_channel: 
DEBUG:netmiko:read_channel: 
DEBUG:netmiko:read_channel: 
DEBUG:netmiko:read_channel: 
DEBUG:netmiko:read_channel: 
DEBUG:netmiko:read_channel: 
DEBUG:netmiko:read_channel: 
DEBUG:netmiko:read_channel: 
DEBUG:netmiko:read_channel: 
DEBUG:netmiko:read_channel:  Role        Pod         Node        Name                      Version              
 ----------  ----------  ----------  ------------------------  -------------------- 
 controller  1           1           svlngen4-fab1-apic1       5.2(4e)              
 controller  1           2           svlngen4-fab1-apic2       5.2(4e)              
 controller  1           3           svlngen4-fab1-apic3       5.2(4e)              
 controller  1           4           svlngen4-fab1-apic4       5.2(4e)              
 controller  1           5           svlngen4-fab1-apic5       5.2(4e)              
 leaf        1           400         svlngen4-fab1-sw400       n9000-15.2(4e)       
 leaf        1           401         svlngen4-fab1-sw401       n9000-15.2(4e)       
 leaf        1           1011        svlngen4-fab1-sw1011      n9000-15.2(4e)       
 leaf        1           1012        svlngen4-fab1-sw1012      n9000-15.2(4e)       

DEBUG:netmiko:read_channel: 
DEBUG:netmiko:read_channel: 
DEBUG:netmiko:read_channel: 
DEBUG:netmiko:read_channel: 
DEBUG:netmiko:read_channel: 
DEBUG:netmiko:read_channel: 
DEBUG:netmiko:read_channel:  leaf        1           1021        svlngen4-fab1-sw1021      n9000-15.2(4e)       
 leaf        1           1022        svlngen4-fab1-sw1022      n9000-15.2(4e)       
 leaf        1           1031        svlngen4-fab1-sw1031      n9000-15.2(4e)       
 leaf        1           1032        svlngen4-fab1-sw1032      n9000-15.2(4e)       
 leaf        1           1041        svlngen4-fab1-sw1041      n9000-15.2(4e)       
 leaf        1           1042        svlngen4-fab1-sw1042      n9000-15.2(4e)       
 leaf        1           1061        svlngen4-fab1-sw1061      n9000-15.2(4e)       
 leaf        1           1062        svlngen4-fab1-sw1062      n9000-15.2(4e)       
 leaf        1           3811        svlngen4-fab1-sw3811      n9000-15.2(4e)       
 leaf        1           3812        svlngen4-fab1-sw3812      n9000-15.2(4e)       
 leaf        1           3813        svlngen4-fab1-sw3813      n9000-15.2(4e)       
 leaf        1           3814        svlngen4-fab1-sw3814      n9000-15.2(4e)       
 leaf        1           3821        svlngen4-fab1-sw3821      n9000-15.2(4e)       
 leaf        1           3822        svlngen4-fab1-sw3822      n9000-15.2(4e)       
 leaf        1           3823        svlngen4-fab1-sw3823      n9000-15.2(4e)       
 leaf        1           3824        svlngen4-fab1-sw3824      n9000-15.2(4e)       
 spine       1           3911        svlngen4-fab1-sw3911      n9000-15.2(4e)       
 spine       1           3912        svlngen4-fab1-sw3912      n9000-15.2(4e)       
 spine       1           3913        svlngen4-fab1-sw3913      n9000-15.2(4e)       
 spine       1           3914        svlngen4-fab1-sw3914      n9000-15.2(4e)       

%                                                                                                                                                                                                                                                                                                                                                                                                                                                                                                                              
 

svlngen4-fab1-apic1# 
DEBUG:paramiko.transport:starting thread (client mode): 0x113f6610
DEBUG:paramiko.transport:Local version/idstring: SSH-2.0-paramiko_2.10.3
DEBUG:paramiko.transport:Remote version/idstring: SSH-2.0-OpenSSH_8.2
INFO:paramiko.transport:Connected (version 2.0, client OpenSSH_8.2)
DEBUG:paramiko.transport:=== Key exchange possibilities ===
DEBUG:paramiko.transport:kex algos: curve25519-sha256, curve25519-sha256@libssh.org, diffie-hellman-group1-sha1, diffie-hellman-group14-sha1, diffie-hellman-group14-sha256, diffie-hellman-group16-sha512, ecdh-sha2-nistp256, ecdh-sha2-nistp384, ecdh-sha2-nistp521
DEBUG:paramiko.transport:server key: ssh-rsa
DEBUG:paramiko.transport:client encrypt: aes128-ctr, aes192-ctr, aes256-ctr
DEBUG:paramiko.transport:server encrypt: aes128-ctr, aes192-ctr, aes256-ctr
DEBUG:paramiko.transport:client mac: hmac-sha1, hmac-sha2-256, hmac-sha2-512
DEBUG:paramiko.transport:server mac: hmac-sha1, hmac-sha2-256, hmac-sha2-512
DEBUG:paramiko.transport:client compress: none, zlib@openssh.com
DEBUG:paramiko.transport:server compress: none, zlib@openssh.com
DEBUG:paramiko.transport:client lang: <none>
DEBUG:paramiko.transport:server lang: <none>
DEBUG:paramiko.transport:kex follows: False
DEBUG:paramiko.transport:=== Key exchange agreements ===
DEBUG:paramiko.transport:Kex: curve25519-sha256@libssh.org
DEBUG:paramiko.transport:HostKey: ssh-rsa
DEBUG:paramiko.transport:Cipher: aes128-ctr
DEBUG:paramiko.transport:MAC: hmac-sha2-256
DEBUG:paramiko.transport:Compression: none
DEBUG:paramiko.transport:=== End of kex handshake ===
DEBUG:paramiko.transport:kex engine KexCurve25519 specified hash_algo <built-in function openssl_sha256>
DEBUG:paramiko.transport:Switch to new keys ...
DEBUG:paramiko.transport:Adding ssh-rsa host key for svlngen4-fab1-apic1: b'cb2da8ed61e467840f2aac1ca52bcede'
DEBUG:paramiko.transport:Got EXT_INFO: {'server-sig-algs': b'ssh-ed25519,sk-ssh-ed25519@openssh.com,ssh-rsa,rsa-sha2-256,rsa-sha2-512,ssh-dss,ecdsa-sha2-nistp256,ecdsa-sha2-nistp384,ecdsa-sha2-nistp521,sk-ecdsa-sha2-nistp256@openssh.com'}
DEBUG:paramiko.transport:userauth is OK
INFO:paramiko.transport:Auth banner: b'Application Policy Infrastructure Controller\n'
INFO:paramiko.transport:Authentication (password) successful!
DEBUG:paramiko.transport:[chan 0] Max packet in: 32768 bytes
DEBUG:paramiko.transport:Received global request "hostkeys-00@openssh.com"
DEBUG:paramiko.transport:Rejecting "hostkeys-00@openssh.com" global request from server.
DEBUG:paramiko.transport:[chan 0] Max packet out: 32768 bytes
DEBUG:paramiko.transport:Secsh channel 0 opened.
DEBUG:paramiko.transport:[chan 0] Sesch channel 0 request ok
DEBUG:paramiko.transport:[chan 0] Sesch channel 0 request ok
DEBUG:netmiko:read_channel: 
DEBUG:netmiko:read_channel: 
DEBUG:netmiko:read_channel: 
DEBUG:netmiko:read_channel: 
DEBUG:netmiko:read_channel: 
DEBUG:netmiko:read_channel: 
DEBUG:netmiko:read_channel: 
DEBUG:netmiko:read_channel: 
DEBUG:netmiko:read_channel: 
DEBUG:netmiko:read_channel: 
DEBUG:netmiko:read_channel: 
DEBUG:netmiko:read_channel: 
DEBUG:netmiko:read_channel: 
DEBUG:netmiko:read_channel: 
DEBUG:netmiko:read_channel: 
DEBUG:netmiko:read_channel: 
DEBUG:netmiko:read_channel: 
DEBUG:netmiko:read_channel: 
DEBUG:netmiko:read_channel: 
DEBUG:netmiko:read_channel: 
DEBUG:netmiko:read_channel: 
DEBUG:netmiko:read_channel: 
DEBUG:netmiko:read_channel: 
DEBUG:netmiko:read_channel: 
DEBUG:netmiko:read_channel: 
DEBUG:netmiko:read_channel: 
DEBUG:netmiko:read_channel: 
DEBUG:netmiko:read_channel: 
DEBUG:netmiko:read_channel: 
DEBUG:netmiko:read_channel: 
DEBUG:netmiko:read_channel: 
DEBUG:netmiko:read_channel: 
DEBUG:netmiko:read_channel: 
DEBUG:netmiko:read_channel: 
DEBUG:netmiko:read_channel: 
DEBUG:netmiko:read_channel: 
DEBUG:netmiko:read_channel: 
DEBUG:netmiko:read_channel: 
DEBUG:netmiko:read_channel: 
DEBUG:netmiko:read_channel: 
DEBUG:netmiko:read_channel: 
DEBUG:netmiko:read_channel: 
DEBUG:netmiko:read_channel: 
DEBUG:netmiko:read_channel: 
DEBUG:netmiko:read_channel: 
DEBUG:netmiko:read_channel: Last login: 2022-04-23T01:57:13.000-07:00 UTC
%                                                                                                                                                                                                                                                                                                                                                                                                                                                                                                                              
 

svlngen4-fab1-apic1# 
DEBUG:netmiko:Pattern found: ([>#]) Last login: 2022-04-23T01:57:13.000-07:00 UTC
%                                                                                                                                                                                                                                                                                                                                                                                                                                                                                                                              
 

svlngen4-fab1-apic1#
DEBUG:netmiko:write_channel: b'terminal width 511\n'
DEBUG:netmiko:read_channel: 
DEBUG:netmiko:read_channel: 
DEBUG:netmiko:read_channel: 
DEBUG:netmiko:read_channel: 
DEBUG:netmiko:read_channel: 
DEBUG:netmiko:read_channel: 
DEBUG:netmiko:read_channel: 
DEBUG:netmiko:read_channel: 
DEBUG:netmiko:read_channel: 
DEBUG:netmiko:read_channel: 
DEBUG:netmiko:read_channel: 
DEBUG:netmiko:read_channel: 
DEBUG:netmiko:read_channel: 
DEBUG:netmiko:read_channel: 
DEBUG:netmiko:read_channel: 
DEBUG:netmiko:read_channel: 
DEBUG:netmiko:read_channel: 
DEBUG:netmiko:read_channel: 
DEBUG:netmiko:read_channel: 
DEBUG:netmiko:read_channel: 
DEBUG:netmiko:read_channel: 
DEBUG:netmiko:read_channel: 
DEBUG:netmiko:read_channel: 
DEBUG:netmiko:read_channel: 
DEBUG:netmiko:read_channel: 
DEBUG:netmiko:read_channel: tterminal width
DEBUG:netmiko:read_channel: 
DEBUG:netmiko:read_channel: 
DEBUG:netmiko:read_channel: 
DEBUG:netmiko:read_channel: 
DEBUG:netmiko:read_channel: 
DEBUG:netmiko:read_channel: 
DEBUG:netmiko:read_channel: 
DEBUG:netmiko:read_channel: 
DEBUG:netmiko:read_channel: 
DEBUG:netmiko:read_channel: 
DEBUG:netmiko:read_channel: 
DEBUG:netmiko:read_channel: 
DEBUG:netmiko:read_channel: 
DEBUG:netmiko:read_channel: 
DEBUG:netmiko:read_channel: 
DEBUG:netmiko:read_channel: 
DEBUG:netmiko:read_channel: 
DEBUG:netmiko:read_channel: 
DEBUG:netmiko:read_channel: 
DEBUG:netmiko:read_channel: 
DEBUG:netmiko:read_channel: 
DEBUG:netmiko:read_channel: 
DEBUG:netmiko:read_channel: 
DEBUG:netmiko:read_channel:  511
%                                                                                                                                                                                                                                                                                                                                                                                                                                                                                                                              
 

svlngen4-fab1-apic1# 
DEBUG:netmiko:Pattern found: (terminal width 511)  tterminal width 511
DEBUG:netmiko:In disable_paging
DEBUG:netmiko:Command: terminal length 0

DEBUG:netmiko:write_channel: b'terminal length 0\n'
DEBUG:netmiko:read_channel: 
DEBUG:netmiko:read_channel: 
DEBUG:netmiko:read_channel: 
DEBUG:netmiko:read_channel: 
DEBUG:netmiko:read_channel: 
DEBUG:netmiko:read_channel: 
DEBUG:netmiko:read_channel: 
DEBUG:netmiko:read_channel: 
DEBUG:netmiko:read_channel: 
DEBUG:netmiko:read_channel: 
DEBUG:netmiko:read_channel: 
DEBUG:netmiko:read_channel: 
DEBUG:netmiko:read_channel: 
DEBUG:netmiko:read_channel: 
DEBUG:netmiko:read_channel: 
DEBUG:netmiko:read_channel: 
DEBUG:netmiko:read_channel: 
DEBUG:netmiko:read_channel: 
DEBUG:netmiko:read_channel: 
DEBUG:netmiko:read_channel: tterminal length 0
%                                                                                                                                                                                                                                                                                                                                                                                                                                                                                                                              
 

DEBUG:netmiko:Pattern found: (terminal\ length\ 0) 
%                                                                                                                                                                                                                                                                                                                                                                                                                                                                                                                              
 

svlngen4-fab1-apic1# tterminal length 0
DEBUG:netmiko:
%                                                                                                                                                                                                                                                                                                                                                                                                                                                                                                                              
 

svlngen4-fab1-apic1# tterminal length 0
DEBUG:netmiko:Exiting disable_paging
DEBUG:netmiko:read_channel: 
svlngen4-fab1-apic1# 
DEBUG:netmiko:Clear buffer detects data in the channel
DEBUG:netmiko:read_channel: 
DEBUG:netmiko:write_channel: b'\n'
DEBUG:netmiko:read_channel: 
DEBUG:netmiko:read_channel: 
DEBUG:netmiko:read_channel: 
DEBUG:netmiko:read_channel: 
DEBUG:netmiko:read_channel: 
DEBUG:netmiko:read_channel: 
DEBUG:netmiko:read_channel: 
DEBUG:netmiko:read_channel: 
DEBUG:netmiko:read_channel: 
DEBUG:netmiko:read_channel: 
DEBUG:netmiko:read_channel: 
DEBUG:netmiko:read_channel: 
DEBUG:netmiko:read_channel: 
DEBUG:netmiko:read_channel: 
DEBUG:netmiko:read_channel: 
DEBUG:netmiko:read_channel: 
DEBUG:netmiko:read_channel: 
DEBUG:netmiko:read_channel: 
DEBUG:netmiko:read_channel: 
DEBUG:netmiko:read_channel: 
DEBUG:netmiko:read_channel: 
%                                                                                                                                                                                                                                                                                                                                                                                                                                                                                                                              
 

svlngen4-fab1-apic1# 
DEBUG:netmiko:Pattern found: (\#|>) 
%                                                                                                                                                                                                                                                                                                                                                                                                                                                                                                                              
 

svlngen4-fab1-apic1#
DEBUG:netmiko:read_channel: 
DEBUG:netmiko:Clear buffer detects data in the channel
DEBUG:netmiko:read_channel: 
DEBUG:netmiko:[find_prompt()]: prompt is svlngen4-fab1-apic1#
DEBUG:netmiko:read_channel: 
DEBUG:netmiko:write_channel: b'\n'
DEBUG:netmiko:read_channel: 
DEBUG:netmiko:write_channel: b'\n'
DEBUG:netmiko:read_channel: 
DEBUG:netmiko:write_channel: b'\n'
DEBUG:netmiko:read_channel: 
DEBUG:netmiko:write_channel: b'\n'
DEBUG:netmiko:read_channel: 
DEBUG:netmiko:write_channel: b'\n'
DEBUG:netmiko:read_channel: 
%                                                                                                                                                                                                                                                                                                                                                                                                                                                                                                                              
 

svlngen4-fab1-apic1# 
DEBUG:netmiko:read_channel: 
DEBUG:netmiko:[find_prompt()]: prompt is svlngen4-fab1-apic1#
DEBUG:netmiko:write_channel: b'cd /data/techsupport\n'
DEBUG:netmiko:read_channel: 
DEBUG:netmiko:read_channel: 
DEBUG:netmiko:read_channel: 
DEBUG:netmiko:read_channel: 
DEBUG:netmiko:read_channel: 
DEBUG:netmiko:read_channel: 
DEBUG:netmiko:read_channel: 
%                                                                                                                                                                                                                                                                                                                                                                                                                                                                                                                              
 

svlngen4-fab1-apic1# 
%                                                                                                                                                                                                                                                                                                                                                                                                                                                                                                                              
 

DEBUG:netmiko:read_channel: 
DEBUG:netmiko:read_channel: 
svlngen4-fab1-apic1# 
%                                                                                                                                                                                                                                                                                                                                                                                                                                                                                                                              
 

svlngen4-fab1-apic1# 
%                                                                                                                                                                                                                                                                                                                                                                                                                                                                                                                              
 

svlngen4-fab1-apic1# 
DEBUG:netmiko:read_channel: 
DEBUG:netmiko:read_channel: 
DEBUG:netmiko:read_channel: 
DEBUG:netmiko:read_channel: 
DEBUG:netmiko:read_channel: 
DEBUG:netmiko:read_channel: 
DEBUG:netmiko:read_channel: 
DEBUG:netmiko:read_channel: 
DEBUG:netmiko:read_channel: 
DEBUG:netmiko:read_channel: 
DEBUG:netmiko:read_channel: 
DEBUG:netmiko:read_channel: 
DEBUG:netmiko:read_channel: 
DEBUG:netmiko:read_channel: 
DEBUG:netmiko:read_channel: 
DEBUG:netmiko:read_channel: ccd /data/techsupport
%                                                                                                                                                                                                                                                                                                                                                                                                                                                                                                                              
 

DEBUG:netmiko:Pattern found: (cd\ /data/techsupport) 
%                                                                                                                                                                                                                                                                                                                                                                                                                                                                                                                              
 

svlngen4-fab1-apic1# 
%                                                                                                                                                                                                                                                                                                                                                                                                                                                                                                                              
 

svlngen4-fab1-apic1# 
%                                                                                                                                                                                                                                                                                                                                                                                                                                                                                                                              
 

svlngen4-fab1-apic1# 
%                                                                                                                                                                                                                                                                                                                                                                                                                                                                                                                              
 

svlngen4-fab1-apic1# ccd /data/techsupport
DEBUG:netmiko:read_channel: 
svlngen4-fab1-apic1# 
DEBUG:paramiko.transport:starting thread (client mode): 0x10bc2700
DEBUG:paramiko.transport:Local version/idstring: SSH-2.0-paramiko_2.10.3
DEBUG:paramiko.transport:Remote version/idstring: SSH-2.0-OpenSSH_8.2
INFO:paramiko.transport:Connected (version 2.0, client OpenSSH_8.2)
DEBUG:paramiko.transport:=== Key exchange possibilities ===
DEBUG:paramiko.transport:kex algos: curve25519-sha256, curve25519-sha256@libssh.org, diffie-hellman-group1-sha1, diffie-hellman-group14-sha1, diffie-hellman-group14-sha256, diffie-hellman-group16-sha512, ecdh-sha2-nistp256, ecdh-sha2-nistp384, ecdh-sha2-nistp521
DEBUG:paramiko.transport:server key: ssh-rsa
DEBUG:paramiko.transport:client encrypt: aes128-ctr, aes192-ctr, aes256-ctr
DEBUG:paramiko.transport:server encrypt: aes128-ctr, aes192-ctr, aes256-ctr
DEBUG:paramiko.transport:client mac: hmac-sha1, hmac-sha2-256, hmac-sha2-512
DEBUG:paramiko.transport:server mac: hmac-sha1, hmac-sha2-256, hmac-sha2-512
DEBUG:paramiko.transport:client compress: none, zlib@openssh.com
DEBUG:paramiko.transport:server compress: none, zlib@openssh.com
DEBUG:paramiko.transport:client lang: <none>
DEBUG:paramiko.transport:server lang: <none>
DEBUG:paramiko.transport:kex follows: False
DEBUG:paramiko.transport:=== Key exchange agreements ===
DEBUG:paramiko.transport:Kex: curve25519-sha256@libssh.org
DEBUG:paramiko.transport:HostKey: ssh-rsa
DEBUG:paramiko.transport:Cipher: aes128-ctr
DEBUG:paramiko.transport:MAC: hmac-sha2-256
DEBUG:paramiko.transport:Compression: none
DEBUG:paramiko.transport:=== End of kex handshake ===
DEBUG:paramiko.transport:kex engine KexCurve25519 specified hash_algo <built-in function openssl_sha256>
DEBUG:paramiko.transport:Switch to new keys ...
DEBUG:paramiko.transport:Got EXT_INFO: {'server-sig-algs': b'ssh-ed25519,sk-ssh-ed25519@openssh.com,ssh-rsa,rsa-sha2-256,rsa-sha2-512,ssh-dss,ecdsa-sha2-nistp256,ecdsa-sha2-nistp384,ecdsa-sha2-nistp521,sk-ecdsa-sha2-nistp256@openssh.com'}
DEBUG:paramiko.transport:Adding ssh-rsa host key for svlngen4-fab1-apic1: b'cb2da8ed61e467840f2aac1ca52bcede'
DEBUG:paramiko.transport:userauth is OK
INFO:paramiko.transport:Auth banner: b'Application Policy Infrastructure Controller\n'
INFO:paramiko.transport:Authentication (password) successful!
DEBUG:paramiko.transport:[chan 0] Max packet in: 32768 bytes
DEBUG:paramiko.transport:Received global request "hostkeys-00@openssh.com"
DEBUG:paramiko.transport:Rejecting "hostkeys-00@openssh.com" global request from server.
DEBUG:paramiko.transport:[chan 0] Max packet out: 32768 bytes
DEBUG:paramiko.transport:Secsh channel 0 opened.
DEBUG:paramiko.transport:[chan 0] Sesch channel 0 request ok
DEBUG:paramiko.transport:[chan 0] Sesch channel 0 request ok
DEBUG:netmiko:read_channel: 
DEBUG:netmiko:read_channel: 
DEBUG:netmiko:read_channel: 
DEBUG:netmiko:read_channel: 
DEBUG:netmiko:read_channel: 
DEBUG:netmiko:read_channel: 
DEBUG:netmiko:read_channel: 
DEBUG:netmiko:read_channel: 
DEBUG:netmiko:read_channel: 
DEBUG:netmiko:read_channel: 
DEBUG:netmiko:read_channel: 
DEBUG:netmiko:read_channel: 
DEBUG:netmiko:read_channel: 
DEBUG:netmiko:read_channel: 
DEBUG:netmiko:read_channel: 
DEBUG:netmiko:read_channel: 
DEBUG:netmiko:read_channel: 
DEBUG:netmiko:read_channel: 
DEBUG:netmiko:read_channel: 
DEBUG:netmiko:read_channel: 
DEBUG:netmiko:read_channel: 
DEBUG:netmiko:read_channel: 
DEBUG:netmiko:read_channel: 
DEBUG:netmiko:read_channel: 
DEBUG:netmiko:read_channel: 
DEBUG:netmiko:read_channel: 
DEBUG:netmiko:read_channel: 
DEBUG:netmiko:read_channel: 
DEBUG:netmiko:read_channel: 
DEBUG:netmiko:read_channel: 
DEBUG:netmiko:read_channel: 
DEBUG:netmiko:read_channel: 
DEBUG:netmiko:read_channel: 
DEBUG:netmiko:read_channel: 
DEBUG:netmiko:read_channel: 
DEBUG:netmiko:read_channel: Last login: 2022-04-23T01:57:55.000-07:00 UTC

DEBUG:netmiko:read_channel: 
DEBUG:netmiko:read_channel: 
DEBUG:netmiko:read_channel: 
DEBUG:netmiko:read_channel: 
DEBUG:netmiko:read_channel: %                                                                                                                                                                                                                                                                                                                                                                                                                                                                                                                              
 

svlngen4-fab1-apic1# 
DEBUG:netmiko:Pattern found: ([>#]) Last login: 2022-04-23T01:57:55.000-07:00 UTC
%                                                                                                                                                                                                                                                                                                                                                                                                                                                                                                                              
 

svlngen4-fab1-apic1#
DEBUG:netmiko:write_channel: b'terminal width 511\n'
DEBUG:netmiko:read_channel: 
DEBUG:netmiko:read_channel: 
DEBUG:netmiko:read_channel: 
DEBUG:netmiko:read_channel: 
DEBUG:netmiko:read_channel: 
DEBUG:netmiko:read_channel: 
DEBUG:netmiko:read_channel: 
DEBUG:netmiko:read_channel: 
DEBUG:netmiko:read_channel: 
DEBUG:netmiko:read_channel: 
DEBUG:netmiko:read_channel: 
DEBUG:netmiko:read_channel: 
DEBUG:netmiko:read_channel: 
DEBUG:netmiko:read_channel: 
DEBUG:netmiko:read_channel: 
DEBUG:netmiko:read_channel: 
DEBUG:netmiko:read_channel: 
DEBUG:netmiko:read_channel: 
DEBUG:netmiko:read_channel: 
DEBUG:netmiko:read_channel: 
DEBUG:netmiko:read_channel: 
DEBUG:netmiko:read_channel: tterminal width 511

DEBUG:netmiko:Pattern found: (terminal width 511)  tterminal width 511
DEBUG:netmiko:In disable_paging
DEBUG:netmiko:Command: terminal length 0

DEBUG:netmiko:write_channel: b'terminal length 0\n'
DEBUG:netmiko:read_channel: 
DEBUG:netmiko:read_channel: 
DEBUG:netmiko:read_channel: 
DEBUG:netmiko:read_channel: 
DEBUG:netmiko:read_channel: 
DEBUG:netmiko:read_channel: 
DEBUG:netmiko:read_channel: 
DEBUG:netmiko:read_channel: 
DEBUG:netmiko:read_channel: 
DEBUG:netmiko:read_channel: 
DEBUG:netmiko:read_channel: 
DEBUG:netmiko:read_channel: 
DEBUG:netmiko:read_channel: 
DEBUG:netmiko:read_channel: 
DEBUG:netmiko:read_channel: 
DEBUG:netmiko:read_channel: 
DEBUG:netmiko:read_channel: 
DEBUG:netmiko:read_channel: 
DEBUG:netmiko:read_channel: 
DEBUG:netmiko:read_channel: %                                                                                                                                                                                                                                                                                                                                                                                                                                                                                                                              
 

svlngen4-fab1-apic1# tte
DEBUG:netmiko:read_channel: rminal length 0

DEBUG:netmiko:Pattern found: (terminal\ length\ 0) 
%                                                                                                                                                                                                                                                                                                                                                                                                                                                                                                                              
 

svlngen4-fab1-apic1# tterminal length 0
DEBUG:netmiko:
%                                                                                                                                                                                                                                                                                                                                                                                                                                                                                                                              
 

svlngen4-fab1-apic1# tterminal length 0
DEBUG:netmiko:Exiting disable_paging
DEBUG:netmiko:read_channel: 
DEBUG:netmiko:Clear buffer detects data in the channel
DEBUG:netmiko:read_channel: 
DEBUG:netmiko:write_channel: b'\n'
DEBUG:netmiko:read_channel: 
DEBUG:netmiko:read_channel: 
DEBUG:netmiko:read_channel: 
DEBUG:netmiko:read_channel: 
DEBUG:netmiko:read_channel: 
DEBUG:netmiko:read_channel: 
DEBUG:netmiko:read_channel: 
DEBUG:netmiko:read_channel: 
DEBUG:netmiko:read_channel: 
DEBUG:netmiko:read_channel: 
DEBUG:netmiko:read_channel: 
DEBUG:netmiko:read_channel: 
DEBUG:netmiko:read_channel: 
DEBUG:netmiko:read_channel: 
DEBUG:netmiko:read_channel: 
DEBUG:netmiko:read_channel: 
DEBUG:netmiko:read_channel: %                                                                                                                                                                                                                                                                                                                                                                                                                                                                                                                              
 

svlngen4-fab1-apic1# 
DEBUG:netmiko:Pattern found: (\#|>) %                                                                                                                                                                                                                                                                                                                                                                                                                                                                                                                              
 

svlngen4-fab1-apic1#
DEBUG:netmiko:read_channel: 
DEBUG:netmiko:Clear buffer detects data in the channel
DEBUG:netmiko:read_channel: 
DEBUG:netmiko:[find_prompt()]: prompt is svlngen4-fab1-apic1#
DEBUG:netmiko:read_channel: 
%                                                                                                                                                                                                                                                                                                                                                                                                                                                                                                                              
 

svlngen4-fab1-apic1# 
DEBUG:netmiko:Clear buffer detects data in the channel
DEBUG:netmiko:read_channel: 
DEBUG:netmiko:write_channel: b'\n'
DEBUG:netmiko:read_channel: 
DEBUG:netmiko:write_channel: b'\n'
DEBUG:netmiko:read_channel: 
DEBUG:netmiko:write_channel: b'\n'
DEBUG:netmiko:read_channel: 
DEBUG:netmiko:write_channel: b'\n'
DEBUG:netmiko:read_channel: 
DEBUG:netmiko:write_channel: b'\n'
DEBUG:netmiko:read_channel: 
%                                                                                                                                                                                                                                                                                                                                                                                                                                                                                                                              
 

svlngen4-fab1-apic1# 
DEBUG:netmiko:read_channel: 
DEBUG:netmiko:[find_prompt()]: prompt is svlngen4-fab1-apic1#
DEBUG:paramiko.transport:starting thread (client mode): 0xd3fa640
DEBUG:paramiko.transport:Local version/idstring: SSH-2.0-paramiko_2.10.3
DEBUG:paramiko.transport:Remote version/idstring: SSH-2.0-OpenSSH_8.2
INFO:paramiko.transport:Connected (version 2.0, client OpenSSH_8.2)
DEBUG:paramiko.transport:=== Key exchange possibilities ===
DEBUG:paramiko.transport:kex algos: curve25519-sha256, curve25519-sha256@libssh.org, diffie-hellman-group1-sha1, diffie-hellman-group14-sha1, diffie-hellman-group14-sha256, diffie-hellman-group16-sha512, ecdh-sha2-nistp256, ecdh-sha2-nistp384, ecdh-sha2-nistp521
DEBUG:paramiko.transport:server key: ssh-rsa
DEBUG:paramiko.transport:client encrypt: aes128-ctr, aes192-ctr, aes256-ctr
DEBUG:paramiko.transport:server encrypt: aes128-ctr, aes192-ctr, aes256-ctr
DEBUG:paramiko.transport:client mac: hmac-sha1, hmac-sha2-256, hmac-sha2-512
DEBUG:paramiko.transport:server mac: hmac-sha1, hmac-sha2-256, hmac-sha2-512
DEBUG:paramiko.transport:client compress: none, zlib@openssh.com
DEBUG:paramiko.transport:server compress: none, zlib@openssh.com
DEBUG:paramiko.transport:client lang: <none>
DEBUG:paramiko.transport:server lang: <none>
DEBUG:paramiko.transport:kex follows: False
DEBUG:paramiko.transport:=== Key exchange agreements ===
DEBUG:paramiko.transport:Kex: curve25519-sha256@libssh.org
DEBUG:paramiko.transport:HostKey: ssh-rsa
DEBUG:paramiko.transport:Cipher: aes128-ctr
DEBUG:paramiko.transport:MAC: hmac-sha2-256
DEBUG:paramiko.transport:Compression: none
DEBUG:paramiko.transport:=== End of kex handshake ===
DEBUG:paramiko.transport:kex engine KexCurve25519 specified hash_algo <built-in function openssl_sha256>
DEBUG:paramiko.transport:Switch to new keys ...
DEBUG:paramiko.transport:Adding ssh-rsa host key for svlngen4-fab1-apic1: b'cb2da8ed61e467840f2aac1ca52bcede'
DEBUG:paramiko.transport:Got EXT_INFO: {'server-sig-algs': b'ssh-ed25519,sk-ssh-ed25519@openssh.com,ssh-rsa,rsa-sha2-256,rsa-sha2-512,ssh-dss,ecdsa-sha2-nistp256,ecdsa-sha2-nistp384,ecdsa-sha2-nistp521,sk-ecdsa-sha2-nistp256@openssh.com'}
DEBUG:paramiko.transport:userauth is OK
INFO:paramiko.transport:Auth banner: b'Application Policy Infrastructure Controller\n'
INFO:paramiko.transport:Authentication (password) successful!
DEBUG:paramiko.transport:[chan 0] Max packet in: 32768 bytes
DEBUG:paramiko.transport:Received global request "hostkeys-00@openssh.com"
DEBUG:paramiko.transport:Rejecting "hostkeys-00@openssh.com" global request from server.
DEBUG:paramiko.transport:[chan 0] Max packet out: 32768 bytes
DEBUG:paramiko.transport:Secsh channel 0 opened.
DEBUG:paramiko.transport:[chan 0] Sesch channel 0 request ok
DEBUG:paramiko.transport:[chan 0] Sesch channel 0 request ok
DEBUG:netmiko:read_channel: 
DEBUG:netmiko:read_channel: 
DEBUG:netmiko:read_channel: 
DEBUG:netmiko:read_channel: 
DEBUG:netmiko:read_channel: 
DEBUG:netmiko:read_channel: 
DEBUG:netmiko:read_channel: 
DEBUG:netmiko:read_channel: 
DEBUG:netmiko:read_channel: 
DEBUG:netmiko:read_channel: 
DEBUG:netmiko:read_channel: 
DEBUG:netmiko:read_channel: 
DEBUG:netmiko:read_channel: 
DEBUG:netmiko:read_channel: 
DEBUG:netmiko:read_channel: 
DEBUG:netmiko:read_channel: 
DEBUG:netmiko:read_channel: 
DEBUG:netmiko:read_channel: 
DEBUG:netmiko:read_channel: 
DEBUG:netmiko:read_channel: 
DEBUG:netmiko:read_channel: 
DEBUG:netmiko:read_channel: 
DEBUG:netmiko:read_channel: 
DEBUG:netmiko:read_channel: 
DEBUG:netmiko:read_channel: 
DEBUG:netmiko:read_channel: 
DEBUG:netmiko:read_channel: 
DEBUG:netmiko:read_channel: 
DEBUG:netmiko:read_channel: 
DEBUG:netmiko:read_channel: 
DEBUG:netmiko:read_channel: 
DEBUG:netmiko:read_channel: 
DEBUG:netmiko:read_channel: 
DEBUG:netmiko:read_channel: 
DEBUG:netmiko:read_channel: 
DEBUG:netmiko:read_channel: 
DEBUG:netmiko:read_channel: 
DEBUG:netmiko:read_channel: 
DEBUG:netmiko:read_channel: 
DEBUG:netmiko:read_channel: 
DEBUG:netmiko:read_channel: 
DEBUG:netmiko:read_channel: 
DEBUG:netmiko:read_channel: 
DEBUG:netmiko:read_channel: 
DEBUG:netmiko:read_channel: 
DEBUG:netmiko:read_channel: 
DEBUG:netmiko:read_channel: 
DEBUG:netmiko:read_channel: 
DEBUG:netmiko:read_channel: 
DEBUG:netmiko:read_channel: 
DEBUG:netmiko:read_channel: 
DEBUG:netmiko:read_channel: Last login: 2022-04-23T01:59:27.000-07:00 UTC

DEBUG:netmiko:read_channel: 
DEBUG:netmiko:read_channel: 
DEBUG:netmiko:read_channel: %                                                                                                                                                                                                                                                                                                                                                                                                                                                                                                                              
 

DEBUG:netmiko:read_channel: 
svlngen4-fab1-apic1# 
DEBUG:netmiko:Pattern found: ([>#]) Last login: 2022-04-23T01:59:27.000-07:00 UTC
%                                                                                                                                                                                                                                                                                                                                                                                                                                                                                                                              
 

svlngen4-fab1-apic1#
DEBUG:netmiko:write_channel: b'terminal width 511\n'
DEBUG:netmiko:read_channel: 
DEBUG:netmiko:read_channel: 
DEBUG:netmiko:read_channel: 
DEBUG:netmiko:read_channel: 
DEBUG:netmiko:read_channel: 
DEBUG:netmiko:read_channel: 
DEBUG:netmiko:read_channel: 
DEBUG:netmiko:read_channel: 
DEBUG:netmiko:read_channel: 
DEBUG:netmiko:read_channel: 
DEBUG:netmiko:read_channel: 
DEBUG:netmiko:read_channel: 
DEBUG:netmiko:read_channel: 
DEBUG:netmiko:read_channel: 
DEBUG:netmiko:read_channel: 
DEBUG:netmiko:read_channel: 
DEBUG:netmiko:read_channel: 
DEBUG:netmiko:read_channel: 
DEBUG:netmiko:read_channel: 
DEBUG:netmiko:read_channel: 
DEBUG:netmiko:read_channel: tterminal width 511
%                                                                                                                                                                                                                                                                                                                                                                                                                                                                                                                              
 

svlngen4-fab1-apic1# 
DEBUG:netmiko:Pattern found: (terminal width 511)  tterminal width 511
DEBUG:netmiko:In disable_paging
DEBUG:netmiko:Command: terminal length 0

DEBUG:netmiko:write_channel: b'terminal length 0\n'
DEBUG:netmiko:read_channel: 
DEBUG:netmiko:read_channel: 
DEBUG:netmiko:read_channel: 
DEBUG:netmiko:read_channel: 
DEBUG:netmiko:read_channel: 
DEBUG:netmiko:read_channel: 
DEBUG:netmiko:read_channel: 
DEBUG:netmiko:read_channel: 
DEBUG:netmiko:read_channel: 
DEBUG:netmiko:read_channel: 
DEBUG:netmiko:read_channel: 
DEBUG:netmiko:read_channel: 
DEBUG:netmiko:read_channel: 
DEBUG:netmiko:read_channel: 
DEBUG:netmiko:read_channel: 
DEBUG:netmiko:read_channel: 
DEBUG:netmiko:read_channel: 
DEBUG:netmiko:read_channel: 
DEBUG:netmiko:read_channel: 
DEBUG:netmiko:read_channel: tterminal length 0
%                                                                                                                                                                                                                                                                                                                                                                                                                                                                                                                              
 

svlngen4-fab1-apic1# 
DEBUG:netmiko:Pattern found: (terminal\ length\ 0) 
%                                                                                                                                                                                                                                                                                                                                                                                                                                                                                                                              
 

svlngen4-fab1-apic1# tterminal length 0
DEBUG:netmiko:
%                                                                                                                                                                                                                                                                                                                                                                                                                                                                                                                              
 

svlngen4-fab1-apic1# tterminal length 0
DEBUG:netmiko:Exiting disable_paging
DEBUG:netmiko:read_channel: 
DEBUG:netmiko:Clear buffer detects data in the channel
DEBUG:netmiko:read_channel: 
DEBUG:netmiko:write_channel: b'\n'
DEBUG:netmiko:read_channel: 
DEBUG:netmiko:read_channel: 
DEBUG:netmiko:read_channel: 
DEBUG:netmiko:read_channel: 
DEBUG:netmiko:read_channel: 
DEBUG:netmiko:read_channel: 
DEBUG:netmiko:read_channel: 
DEBUG:netmiko:read_channel: 
DEBUG:netmiko:read_channel: 
DEBUG:netmiko:read_channel: 
DEBUG:netmiko:read_channel: 
DEBUG:netmiko:read_channel: 
DEBUG:netmiko:read_channel: 
DEBUG:netmiko:read_channel: 
DEBUG:netmiko:read_channel: 
DEBUG:netmiko:read_channel: 
DEBUG:netmiko:read_channel: 
DEBUG:netmiko:read_channel: 
DEBUG:netmiko:read_channel: 
DEBUG:netmiko:read_channel: 
DEBUG:netmiko:read_channel: 
%                                                                                                                                                                                                                                                                                                                                                                                                                                                                                                                              
 

svlngen4-fab1-apic1# 
DEBUG:netmiko:Pattern found: (\#|>) 
%                                                                                                                                                                                                                                                                                                                                                                                                                                                                                                                              
 

svlngen4-fab1-apic1#
DEBUG:netmiko:read_channel: 
DEBUG:netmiko:Clear buffer detects data in the channel
DEBUG:netmiko:read_channel: 
DEBUG:netmiko:[find_prompt()]: prompt is svlngen4-fab1-apic1#
DEBUG:netmiko:read_channel: 
DEBUG:netmiko:write_channel: b'\n'
DEBUG:netmiko:read_channel: 
DEBUG:netmiko:write_channel: b'\n'
DEBUG:netmiko:read_channel: 
DEBUG:netmiko:write_channel: b'\n'
DEBUG:netmiko:read_channel: 
DEBUG:netmiko:write_channel: b'\n'
DEBUG:netmiko:read_channel: 
DEBUG:netmiko:write_channel: b'\n'
DEBUG:netmiko:read_channel: 
%                                                                                                                                                                                                                                                                                                                                                                                                                                                                                                                              
 

svlngen4-fab1-apic1# 
DEBUG:netmiko:read_channel: 
DEBUG:netmiko:[find_prompt()]: prompt is svlngen4-fab1-apic1#
DEBUG:paramiko.transport:starting thread (client mode): 0xacc0610
DEBUG:paramiko.transport:Local version/idstring: SSH-2.0-paramiko_2.10.3
DEBUG:paramiko.transport:Remote version/idstring: SSH-2.0-OpenSSH_8.2
INFO:paramiko.transport:Connected (version 2.0, client OpenSSH_8.2)
DEBUG:paramiko.transport:=== Key exchange possibilities ===
DEBUG:paramiko.transport:kex algos: curve25519-sha256, curve25519-sha256@libssh.org, diffie-hellman-group1-sha1, diffie-hellman-group14-sha1, diffie-hellman-group14-sha256, diffie-hellman-group16-sha512, ecdh-sha2-nistp256, ecdh-sha2-nistp384, ecdh-sha2-nistp521
DEBUG:paramiko.transport:server key: ssh-rsa
DEBUG:paramiko.transport:client encrypt: aes128-ctr, aes192-ctr, aes256-ctr
DEBUG:paramiko.transport:server encrypt: aes128-ctr, aes192-ctr, aes256-ctr
DEBUG:paramiko.transport:client mac: hmac-sha1, hmac-sha2-256, hmac-sha2-512
DEBUG:paramiko.transport:server mac: hmac-sha1, hmac-sha2-256, hmac-sha2-512
DEBUG:paramiko.transport:client compress: none, zlib@openssh.com
DEBUG:paramiko.transport:server compress: none, zlib@openssh.com
DEBUG:paramiko.transport:client lang: <none>
DEBUG:paramiko.transport:server lang: <none>
DEBUG:paramiko.transport:kex follows: False
DEBUG:paramiko.transport:=== Key exchange agreements ===
DEBUG:paramiko.transport:Kex: curve25519-sha256@libssh.org
DEBUG:paramiko.transport:HostKey: ssh-rsa
DEBUG:paramiko.transport:Cipher: aes128-ctr
DEBUG:paramiko.transport:MAC: hmac-sha2-256
DEBUG:paramiko.transport:Compression: none
DEBUG:paramiko.transport:=== End of kex handshake ===
DEBUG:paramiko.transport:kex engine KexCurve25519 specified hash_algo <built-in function openssl_sha256>
DEBUG:paramiko.transport:Switch to new keys ...
DEBUG:paramiko.transport:Got EXT_INFO: {'server-sig-algs': b'ssh-ed25519,sk-ssh-ed25519@openssh.com,ssh-rsa,rsa-sha2-256,rsa-sha2-512,ssh-dss,ecdsa-sha2-nistp256,ecdsa-sha2-nistp384,ecdsa-sha2-nistp521,sk-ecdsa-sha2-nistp256@openssh.com'}
DEBUG:paramiko.transport:Adding ssh-rsa host key for svlngen4-fab1-apic1: b'cb2da8ed61e467840f2aac1ca52bcede'
DEBUG:paramiko.transport:userauth is OK
INFO:paramiko.transport:Auth banner: b'Application Policy Infrastructure Controller\n'
INFO:paramiko.transport:Authentication (password) successful!
DEBUG:paramiko.transport:[chan 0] Max packet in: 32768 bytes
DEBUG:paramiko.transport:Received global request "hostkeys-00@openssh.com"
DEBUG:paramiko.transport:Rejecting "hostkeys-00@openssh.com" global request from server.
DEBUG:paramiko.transport:[chan 0] Max packet out: 32768 bytes
DEBUG:paramiko.transport:Secsh channel 0 opened.
DEBUG:paramiko.transport:[chan 0] Sesch channel 0 request ok
DEBUG:paramiko.transport:[chan 0] Sesch channel 0 request ok
DEBUG:netmiko:read_channel: 
DEBUG:netmiko:read_channel: 
DEBUG:netmiko:read_channel: 
DEBUG:netmiko:read_channel: 
DEBUG:netmiko:read_channel: 
DEBUG:netmiko:read_channel: 
DEBUG:netmiko:read_channel: 
DEBUG:netmiko:read_channel: 
DEBUG:netmiko:read_channel: 
DEBUG:netmiko:read_channel: 
DEBUG:netmiko:read_channel: 
DEBUG:netmiko:read_channel: 
DEBUG:netmiko:read_channel: 
DEBUG:netmiko:read_channel: 
DEBUG:netmiko:read_channel: 
DEBUG:netmiko:read_channel: 
DEBUG:netmiko:read_channel: 
DEBUG:netmiko:read_channel: 
DEBUG:netmiko:read_channel: 
DEBUG:netmiko:read_channel: 
DEBUG:netmiko:read_channel: 
DEBUG:netmiko:read_channel: 
DEBUG:netmiko:read_channel: 
DEBUG:netmiko:read_channel: 
DEBUG:netmiko:read_channel: 
DEBUG:netmiko:read_channel: 
DEBUG:netmiko:read_channel: 
DEBUG:netmiko:read_channel: 
DEBUG:netmiko:read_channel: 
DEBUG:netmiko:read_channel: 
DEBUG:netmiko:read_channel: 
DEBUG:netmiko:read_channel: 
DEBUG:netmiko:read_channel: 
DEBUG:netmiko:read_channel: 
DEBUG:netmiko:read_channel: 
DEBUG:netmiko:read_channel: 
DEBUG:netmiko:read_channel: 
DEBUG:netmiko:read_channel: 
DEBUG:netmiko:read_channel: 
DEBUG:netmiko:read_channel: 
DEBUG:netmiko:read_channel: 
DEBUG:netmiko:read_channel: 
DEBUG:netmiko:read_channel: 
DEBUG:netmiko:read_channel: Last login: 2022-04-23T02:08:42.000-07:00 UTC
%                                                                                                                                                                                                                                                                                                                                                                                                                                                                                                                              
 

svlngen4-fab1-apic1# 
DEBUG:netmiko:Pattern found: ([>#]) Last login: 2022-04-23T02:08:42.000-07:00 UTC
%                                                                                                                                                                                                                                                                                                                                                                                                                                                                                                                              
 

svlngen4-fab1-apic1#
DEBUG:netmiko:write_channel: b'terminal width 511\n'
DEBUG:netmiko:read_channel: 
DEBUG:netmiko:read_channel: 
DEBUG:netmiko:read_channel: 
DEBUG:netmiko:read_channel: 
DEBUG:netmiko:read_channel: 
DEBUG:netmiko:read_channel: 
DEBUG:netmiko:read_channel: 
DEBUG:netmiko:read_channel: 
DEBUG:netmiko:read_channel: 
DEBUG:netmiko:read_channel: 
DEBUG:netmiko:read_channel: 
DEBUG:netmiko:read_channel: 
DEBUG:netmiko:read_channel: 
DEBUG:netmiko:read_channel: 
DEBUG:netmiko:read_channel: 
DEBUG:netmiko:read_channel: 
DEBUG:netmiko:read_channel: 
DEBUG:netmiko:read_channel: 
DEBUG:netmiko:read_channel: 
DEBUG:netmiko:read_channel: 
DEBUG:netmiko:read_channel: 
DEBUG:netmiko:read_channel: 
DEBUG:netmiko:read_channel: 
DEBUG:netmiko:read_channel: 
DEBUG:netmiko:read_channel: 
DEBUG:netmiko:read_channel: tterminal width 511

DEBUG:netmiko:Pattern found: (terminal width 511)  tterminal width 511
DEBUG:netmiko:In disable_paging
DEBUG:netmiko:Command: terminal length 0

DEBUG:netmiko:write_channel: b'terminal length 0\n'
DEBUG:netmiko:read_channel: 
DEBUG:netmiko:read_channel: 
DEBUG:netmiko:read_channel: 
DEBUG:netmiko:read_channel: 
DEBUG:netmiko:read_channel: 
DEBUG:netmiko:read_channel: 
DEBUG:netmiko:read_channel: 
DEBUG:netmiko:read_channel: 
DEBUG:netmiko:read_channel: 
DEBUG:netmiko:read_channel: 
DEBUG:netmiko:read_channel: 
DEBUG:netmiko:read_channel: 
DEBUG:netmiko:read_channel: 
DEBUG:netmiko:read_channel: 
DEBUG:netmiko:read_channel: 
DEBUG:netmiko:read_channel: 
DEBUG:netmiko:read_channel: 
DEBUG:netmiko:read_channel: 
DEBUG:netmiko:read_channel: 
DEBUG:netmiko:read_channel: %                                                                                                                                                                                                                                                                                                                                                                                                                                                                                                                              
 

svlngen4-fab1-apic1# 
DEBUG:netmiko:read_channel: tterminal length 0
%                                                                                                                                                                                                                                                                                                                                                                                                                                                                                                                              
 

DEBUG:netmiko:Pattern found: (terminal\ length\ 0) 
%                                                                                                                                                                                                                                                                                                                                                                                                                                                                                                                              
 

svlngen4-fab1-apic1# tterminal length 0
DEBUG:netmiko:
%                                                                                                                                                                                                                                                                                                                                                                                                                                                                                                                              
 

svlngen4-fab1-apic1# tterminal length 0
DEBUG:netmiko:Exiting disable_paging
DEBUG:netmiko:read_channel: 
DEBUG:netmiko:Clear buffer detects data in the channel
DEBUG:netmiko:read_channel: 
DEBUG:netmiko:write_channel: b'\n'
DEBUG:netmiko:read_channel: 
DEBUG:netmiko:read_channel: 
DEBUG:netmiko:read_channel: 
DEBUG:netmiko:read_channel: 
DEBUG:netmiko:read_channel: 
DEBUG:netmiko:read_channel: 
DEBUG:netmiko:read_channel: 
DEBUG:netmiko:read_channel: 
DEBUG:netmiko:read_channel: 
DEBUG:netmiko:read_channel: 
DEBUG:netmiko:read_channel: 
DEBUG:netmiko:read_channel: 
DEBUG:netmiko:read_channel: 
DEBUG:netmiko:read_channel: 
DEBUG:netmiko:read_channel: 
DEBUG:netmiko:read_channel: 
svlngen4-fab1-apic1# 
DEBUG:netmiko:Pattern found: (\#|>) 
svlngen4-fab1-apic1#
DEBUG:netmiko:read_channel: 
DEBUG:netmiko:Clear buffer detects data in the channel
DEBUG:netmiko:read_channel: 
DEBUG:netmiko:[find_prompt()]: prompt is svlngen4-fab1-apic1#
DEBUG:netmiko:read_channel: 
%                                                                                                                                                                                                                                                                                                                                                                                                                                                                                                                              
 

DEBUG:netmiko:Clear buffer detects data in the channel
DEBUG:netmiko:read_channel: 
svlngen4-fab1-apic1# 
DEBUG:netmiko:Clear buffer detects data in the channel
DEBUG:netmiko:read_channel: 
DEBUG:netmiko:write_channel: b'\n'
DEBUG:netmiko:read_channel: 
DEBUG:netmiko:write_channel: b'\n'
DEBUG:netmiko:read_channel: 
DEBUG:netmiko:write_channel: b'\n'
DEBUG:netmiko:read_channel: 
DEBUG:netmiko:write_channel: b'\n'
DEBUG:netmiko:read_channel: 
DEBUG:netmiko:write_channel: b'\n'
DEBUG:netmiko:read_channel: 
%                                                                                                                                                                                                                                                                                                                                                                                                                                                                                                                              
 

svlngen4-fab1-apic1# 
DEBUG:netmiko:read_channel: 
DEBUG:netmiko:[find_prompt()]: prompt is svlngen4-fab1-apic1#
DEBUG:paramiko.transport:starting thread (client mode): 0x700f610
DEBUG:paramiko.transport:Local version/idstring: SSH-2.0-paramiko_2.10.3
DEBUG:paramiko.transport:Remote version/idstring: SSH-2.0-OpenSSH_8.2
INFO:paramiko.transport:Connected (version 2.0, client OpenSSH_8.2)
DEBUG:paramiko.transport:=== Key exchange possibilities ===
DEBUG:paramiko.transport:kex algos: curve25519-sha256, curve25519-sha256@libssh.org, diffie-hellman-group1-sha1, diffie-hellman-group14-sha1, diffie-hellman-group14-sha256, diffie-hellman-group16-sha512, ecdh-sha2-nistp256, ecdh-sha2-nistp384, ecdh-sha2-nistp521
DEBUG:paramiko.transport:server key: ssh-rsa
DEBUG:paramiko.transport:client encrypt: aes128-ctr, aes192-ctr, aes256-ctr
DEBUG:paramiko.transport:server encrypt: aes128-ctr, aes192-ctr, aes256-ctr
DEBUG:paramiko.transport:client mac: hmac-sha1, hmac-sha2-256, hmac-sha2-512
DEBUG:paramiko.transport:server mac: hmac-sha1, hmac-sha2-256, hmac-sha2-512
DEBUG:paramiko.transport:client compress: none, zlib@openssh.com
DEBUG:paramiko.transport:server compress: none, zlib@openssh.com
DEBUG:paramiko.transport:client lang: <none>
DEBUG:paramiko.transport:server lang: <none>
DEBUG:paramiko.transport:kex follows: False
DEBUG:paramiko.transport:=== Key exchange agreements ===
DEBUG:paramiko.transport:Kex: curve25519-sha256@libssh.org
DEBUG:paramiko.transport:HostKey: ssh-rsa
DEBUG:paramiko.transport:Cipher: aes128-ctr
DEBUG:paramiko.transport:MAC: hmac-sha2-256
DEBUG:paramiko.transport:Compression: none
DEBUG:paramiko.transport:=== End of kex handshake ===
DEBUG:paramiko.transport:kex engine KexCurve25519 specified hash_algo <built-in function openssl_sha256>
DEBUG:paramiko.transport:Switch to new keys ...
DEBUG:paramiko.transport:Adding ssh-rsa host key for svlngen4-fab1-apic1: b'cb2da8ed61e467840f2aac1ca52bcede'
DEBUG:paramiko.transport:Got EXT_INFO: {'server-sig-algs': b'ssh-ed25519,sk-ssh-ed25519@openssh.com,ssh-rsa,rsa-sha2-256,rsa-sha2-512,ssh-dss,ecdsa-sha2-nistp256,ecdsa-sha2-nistp384,ecdsa-sha2-nistp521,sk-ecdsa-sha2-nistp256@openssh.com'}
DEBUG:paramiko.transport:userauth is OK
INFO:paramiko.transport:Auth banner: b'Application Policy Infrastructure Controller\n'
INFO:paramiko.transport:Authentication (password) successful!
DEBUG:paramiko.transport:[chan 0] Max packet in: 32768 bytes
DEBUG:paramiko.transport:Received global request "hostkeys-00@openssh.com"
DEBUG:paramiko.transport:Rejecting "hostkeys-00@openssh.com" global request from server.
DEBUG:paramiko.transport:[chan 0] Max packet out: 32768 bytes
DEBUG:paramiko.transport:Secsh channel 0 opened.
DEBUG:paramiko.transport:[chan 0] Sesch channel 0 request ok
DEBUG:paramiko.transport:[chan 0] Sesch channel 0 request ok
DEBUG:netmiko:read_channel: 
DEBUG:netmiko:read_channel: 
DEBUG:netmiko:read_channel: 
DEBUG:netmiko:read_channel: 
DEBUG:netmiko:read_channel: 
DEBUG:netmiko:read_channel: 
DEBUG:netmiko:read_channel: 
DEBUG:netmiko:read_channel: 
DEBUG:netmiko:read_channel: 
DEBUG:netmiko:read_channel: 
DEBUG:netmiko:read_channel: 
DEBUG:netmiko:read_channel: 
DEBUG:netmiko:read_channel: 
DEBUG:netmiko:read_channel: 
DEBUG:netmiko:read_channel: 
DEBUG:netmiko:read_channel: 
DEBUG:netmiko:read_channel: 
DEBUG:netmiko:read_channel: 
DEBUG:netmiko:read_channel: 
DEBUG:netmiko:read_channel: 
DEBUG:netmiko:read_channel: 
DEBUG:netmiko:read_channel: 
DEBUG:netmiko:read_channel: 
DEBUG:netmiko:read_channel: 
DEBUG:netmiko:read_channel: 
DEBUG:netmiko:read_channel: 
DEBUG:netmiko:read_channel: 
DEBUG:netmiko:read_channel: 
DEBUG:netmiko:read_channel: 
DEBUG:netmiko:read_channel: 
DEBUG:netmiko:read_channel: 
DEBUG:netmiko:read_channel: 
DEBUG:netmiko:read_channel: 
DEBUG:netmiko:read_channel: 
DEBUG:netmiko:read_channel: 
DEBUG:netmiko:read_channel: 
DEBUG:netmiko:read_channel: 
DEBUG:netmiko:read_channel: 
DEBUG:netmiko:read_channel: 
DEBUG:netmiko:read_channel: 
DEBUG:netmiko:read_channel: 
DEBUG:netmiko:read_channel: 
DEBUG:netmiko:read_channel: 
DEBUG:netmiko:read_channel: 
DEBUG:netmiko:read_channel: 
DEBUG:netmiko:read_channel: 
DEBUG:netmiko:read_channel: Last login: 2022-04-23T02:09:51.000-07:00 UTC
%                                                                                                                                                                                                                                                                                                                                                                                                                                                                                                                              
 

svlngen4-fab1-apic1# 
DEBUG:netmiko:Pattern found: ([>#]) Last login: 2022-04-23T02:09:51.000-07:00 UTC
%                                                                                                                                                                                                                                                                                                                                                                                                                                                                                                                              
 

svlngen4-fab1-apic1#
DEBUG:netmiko:write_channel: b'terminal width 511\n'
DEBUG:netmiko:read_channel: 
DEBUG:netmiko:read_channel: 
DEBUG:netmiko:read_channel: 
DEBUG:netmiko:read_channel: 
DEBUG:netmiko:read_channel: 
DEBUG:netmiko:read_channel: 
DEBUG:netmiko:read_channel: 
DEBUG:netmiko:read_channel: 
DEBUG:netmiko:read_channel: 
DEBUG:netmiko:read_channel: 
DEBUG:netmiko:read_channel: 
DEBUG:netmiko:read_channel: 
DEBUG:netmiko:read_channel: 
DEBUG:netmiko:read_channel: 
DEBUG:netmiko:read_channel: 
DEBUG:netmiko:read_channel: 
DEBUG:netmiko:read_channel: 
DEBUG:netmiko:read_channel: 
DEBUG:netmiko:read_channel: 
DEBUG:netmiko:read_channel: 
DEBUG:netmiko:read_channel: 
DEBUG:netmiko:read_channel: tterminal width 511
%                                                                                                                                                                                                                                                                                                                                                                                                                                                                                                                              
 

svlngen4-fab1-apic1# 
DEBUG:netmiko:Pattern found: (terminal width 511)  tterminal width 511
DEBUG:netmiko:In disable_paging
DEBUG:netmiko:Command: terminal length 0

DEBUG:netmiko:write_channel: b'terminal length 0\n'
DEBUG:netmiko:read_channel: 
DEBUG:netmiko:read_channel: 
DEBUG:netmiko:read_channel: 
DEBUG:netmiko:read_channel: 
DEBUG:netmiko:read_channel: 
DEBUG:netmiko:read_channel: 
DEBUG:netmiko:read_channel: 
DEBUG:netmiko:read_channel: 
DEBUG:netmiko:read_channel: 
DEBUG:netmiko:read_channel: 
DEBUG:netmiko:read_channel: 
DEBUG:netmiko:read_channel: 
DEBUG:netmiko:read_channel: 
DEBUG:netmiko:read_channel: 
DEBUG:netmiko:read_channel: 
DEBUG:netmiko:read_channel: 
DEBUG:netmiko:read_channel: 
DEBUG:netmiko:read_channel: 
DEBUG:netmiko:read_channel: 
DEBUG:netmiko:read_channel: 
DEBUG:netmiko:read_channel: tterminal length 0
%                                                                                                                                                                                                                                                                                                                                                                                                                                                                                                                              
 

DEBUG:netmiko:Pattern found: (terminal\ length\ 0) 
%                                                                                                                                                                                                                                                                                                                                                                                                                                                                                                                              
 

svlngen4-fab1-apic1# tterminal length 0
DEBUG:netmiko:
%                                                                                                                                                                                                                                                                                                                                                                                                                                                                                                                              
 

svlngen4-fab1-apic1# tterminal length 0
DEBUG:netmiko:Exiting disable_paging
DEBUG:netmiko:read_channel: 
DEBUG:netmiko:Clear buffer detects data in the channel
DEBUG:netmiko:read_channel: 
DEBUG:netmiko:write_channel: b'\n'
DEBUG:netmiko:read_channel: 
DEBUG:netmiko:read_channel: 
DEBUG:netmiko:read_channel: 
DEBUG:netmiko:read_channel: 
DEBUG:netmiko:read_channel: 
DEBUG:netmiko:read_channel: 
DEBUG:netmiko:read_channel: 
DEBUG:netmiko:read_channel: 
DEBUG:netmiko:read_channel: 
DEBUG:netmiko:read_channel: 
DEBUG:netmiko:read_channel: 
DEBUG:netmiko:read_channel: 
DEBUG:netmiko:read_channel: 
DEBUG:netmiko:read_channel: 
DEBUG:netmiko:read_channel: 
DEBUG:netmiko:read_channel: 
DEBUG:netmiko:read_channel: 
svlngen4-fab1-apic1# 
DEBUG:netmiko:Pattern found: (\#|>) 
svlngen4-fab1-apic1#
DEBUG:netmiko:read_channel: 
DEBUG:netmiko:Clear buffer detects data in the channel
DEBUG:netmiko:read_channel: 
DEBUG:netmiko:[find_prompt()]: prompt is svlngen4-fab1-apic1#
DEBUG:netmiko:read_channel: 
%                                                                                                                                                                                                                                                                                                                                                                                                                                                                                                                              
 

DEBUG:netmiko:Clear buffer detects data in the channel
DEBUG:netmiko:read_channel: 
svlngen4-fab1-apic1# 
DEBUG:netmiko:Clear buffer detects data in the channel
DEBUG:netmiko:read_channel: 
DEBUG:netmiko:write_channel: b'\n'
DEBUG:netmiko:read_channel: 
DEBUG:netmiko:write_channel: b'\n'
DEBUG:netmiko:read_channel: 
DEBUG:netmiko:write_channel: b'\n'
DEBUG:netmiko:read_channel: 
DEBUG:netmiko:write_channel: b'\n'
DEBUG:netmiko:read_channel: 
DEBUG:netmiko:write_channel: b'\n'
DEBUG:netmiko:read_channel: 
%                                                                                                                                                                                                                                                                                                                                                                                                                                                                                                                              
 

svlngen4-fab1-apic1# 
DEBUG:netmiko:read_channel: 
DEBUG:netmiko:[find_prompt()]: prompt is svlngen4-fab1-apic1#
DEBUG:paramiko.transport:starting thread (client mode): 0x118d9640
DEBUG:paramiko.transport:Local version/idstring: SSH-2.0-paramiko_2.10.3
DEBUG:paramiko.transport:Remote version/idstring: SSH-2.0-OpenSSH_8.2
INFO:paramiko.transport:Connected (version 2.0, client OpenSSH_8.2)
DEBUG:paramiko.transport:=== Key exchange possibilities ===
DEBUG:paramiko.transport:kex algos: curve25519-sha256, curve25519-sha256@libssh.org, diffie-hellman-group1-sha1, diffie-hellman-group14-sha1, diffie-hellman-group14-sha256, diffie-hellman-group16-sha512, ecdh-sha2-nistp256, ecdh-sha2-nistp384, ecdh-sha2-nistp521
DEBUG:paramiko.transport:server key: ssh-rsa
DEBUG:paramiko.transport:client encrypt: aes128-ctr, aes192-ctr, aes256-ctr
DEBUG:paramiko.transport:server encrypt: aes128-ctr, aes192-ctr, aes256-ctr
DEBUG:paramiko.transport:client mac: hmac-sha1, hmac-sha2-256, hmac-sha2-512
DEBUG:paramiko.transport:server mac: hmac-sha1, hmac-sha2-256, hmac-sha2-512
DEBUG:paramiko.transport:client compress: none, zlib@openssh.com
DEBUG:paramiko.transport:server compress: none, zlib@openssh.com
DEBUG:paramiko.transport:client lang: <none>
DEBUG:paramiko.transport:server lang: <none>
DEBUG:paramiko.transport:kex follows: False
DEBUG:paramiko.transport:=== Key exchange agreements ===
DEBUG:paramiko.transport:Kex: curve25519-sha256@libssh.org
DEBUG:paramiko.transport:HostKey: ssh-rsa
DEBUG:paramiko.transport:Cipher: aes128-ctr
DEBUG:paramiko.transport:MAC: hmac-sha2-256
DEBUG:paramiko.transport:Compression: none
DEBUG:paramiko.transport:=== End of kex handshake ===
DEBUG:paramiko.transport:kex engine KexCurve25519 specified hash_algo <built-in function openssl_sha256>
DEBUG:paramiko.transport:Switch to new keys ...
DEBUG:paramiko.transport:Got EXT_INFO: {'server-sig-algs': b'ssh-ed25519,sk-ssh-ed25519@openssh.com,ssh-rsa,rsa-sha2-256,rsa-sha2-512,ssh-dss,ecdsa-sha2-nistp256,ecdsa-sha2-nistp384,ecdsa-sha2-nistp521,sk-ecdsa-sha2-nistp256@openssh.com'}
DEBUG:paramiko.transport:Adding ssh-rsa host key for svlngen4-fab1-apic1: b'cb2da8ed61e467840f2aac1ca52bcede'
DEBUG:paramiko.transport:userauth is OK
INFO:paramiko.transport:Auth banner: b'Application Policy Infrastructure Controller\n'
INFO:paramiko.transport:Authentication (password) successful!
DEBUG:paramiko.transport:[chan 0] Max packet in: 32768 bytes
DEBUG:paramiko.transport:Received global request "hostkeys-00@openssh.com"
DEBUG:paramiko.transport:Rejecting "hostkeys-00@openssh.com" global request from server.
DEBUG:paramiko.transport:[chan 0] Max packet out: 32768 bytes
DEBUG:paramiko.transport:Secsh channel 0 opened.
DEBUG:paramiko.transport:[chan 0] Sesch channel 0 request ok
DEBUG:paramiko.transport:[chan 0] Sesch channel 0 request ok
DEBUG:netmiko:read_channel: 
DEBUG:netmiko:read_channel: 
DEBUG:netmiko:read_channel: 
DEBUG:netmiko:read_channel: 
DEBUG:netmiko:read_channel: 
DEBUG:netmiko:read_channel: 
DEBUG:netmiko:read_channel: 
DEBUG:netmiko:read_channel: 
DEBUG:netmiko:read_channel: 
DEBUG:netmiko:read_channel: 
DEBUG:netmiko:read_channel: 
DEBUG:netmiko:read_channel: 
DEBUG:netmiko:read_channel: 
DEBUG:netmiko:read_channel: 
DEBUG:netmiko:read_channel: 
DEBUG:netmiko:read_channel: 
DEBUG:netmiko:read_channel: 
DEBUG:netmiko:read_channel: 
DEBUG:netmiko:read_channel: 
DEBUG:netmiko:read_channel: 
DEBUG:netmiko:read_channel: 
DEBUG:netmiko:read_channel: 
DEBUG:netmiko:read_channel: 
DEBUG:netmiko:read_channel: 
DEBUG:netmiko:read_channel: 
DEBUG:netmiko:read_channel: 
DEBUG:netmiko:read_channel: 
DEBUG:netmiko:read_channel: 
DEBUG:netmiko:read_channel: 
DEBUG:netmiko:read_channel: 
DEBUG:netmiko:read_channel: 
DEBUG:netmiko:read_channel: 
DEBUG:netmiko:read_channel: 
DEBUG:netmiko:read_channel: 
DEBUG:netmiko:read_channel: 
DEBUG:netmiko:read_channel: 
DEBUG:netmiko:read_channel: Last login: 2022-04-23T02:10:22.000-07:00 UTC

DEBUG:netmiko:read_channel: %                                                                                                                                                                                                                                                                                                                                                                                                                                                                                                                              
 

DEBUG:netmiko:read_channel: 
svlngen4-fab1-apic1# 
DEBUG:netmiko:Pattern found: ([>#]) Last login: 2022-04-23T02:10:22.000-07:00 UTC
%                                                                                                                                                                                                                                                                                                                                                                                                                                                                                                                              
 

svlngen4-fab1-apic1#
DEBUG:netmiko:write_channel: b'terminal width 511\n'
DEBUG:netmiko:read_channel: 
DEBUG:netmiko:read_channel: 
DEBUG:netmiko:read_channel: 
DEBUG:netmiko:read_channel: 
DEBUG:netmiko:read_channel: 
DEBUG:netmiko:read_channel: 
DEBUG:netmiko:read_channel: 
DEBUG:netmiko:read_channel: 
DEBUG:netmiko:read_channel: 
DEBUG:netmiko:read_channel: 
DEBUG:netmiko:read_channel: 
DEBUG:netmiko:read_channel: 
DEBUG:netmiko:read_channel: 
DEBUG:netmiko:read_channel: 
DEBUG:netmiko:read_channel: 
DEBUG:netmiko:read_channel: 
DEBUG:netmiko:read_channel: 
DEBUG:netmiko:read_channel: 
DEBUG:netmiko:read_channel: 
DEBUG:netmiko:read_channel: tterminal width 511

DEBUG:netmiko:Pattern found: (terminal width 511)  tterminal width 511
DEBUG:netmiko:In disable_paging
DEBUG:netmiko:Command: terminal length 0

DEBUG:netmiko:write_channel: b'terminal length 0\n'
DEBUG:netmiko:read_channel: 
DEBUG:netmiko:read_channel: 
DEBUG:netmiko:read_channel: 
DEBUG:netmiko:read_channel: 
DEBUG:netmiko:read_channel: 
DEBUG:netmiko:read_channel: 
DEBUG:netmiko:read_channel: 
DEBUG:netmiko:read_channel: 
DEBUG:netmiko:read_channel: 
DEBUG:netmiko:read_channel: 
DEBUG:netmiko:read_channel: 
DEBUG:netmiko:read_channel: 
DEBUG:netmiko:read_channel: 
DEBUG:netmiko:read_channel: 
DEBUG:netmiko:read_channel: 
DEBUG:netmiko:read_channel: 
DEBUG:netmiko:read_channel: 
DEBUG:netmiko:read_channel: 
DEBUG:netmiko:read_channel: 
DEBUG:netmiko:read_channel: %                                                                                                                                                                                                                                                                                                                                                                                                                                                                                                                              
 

svlngen4-fab1-apic1# ttermina
DEBUG:netmiko:read_channel: l length 0

DEBUG:netmiko:Pattern found: (terminal\ length\ 0) 
%                                                                                                                                                                                                                                                                                                                                                                                                                                                                                                                              
 

svlngen4-fab1-apic1# tterminal length 0
DEBUG:netmiko:
%                                                                                                                                                                                                                                                                                                                                                                                                                                                                                                                              
 

svlngen4-fab1-apic1# tterminal length 0
DEBUG:netmiko:Exiting disable_paging
DEBUG:netmiko:read_channel: 
DEBUG:netmiko:Clear buffer detects data in the channel
DEBUG:netmiko:read_channel: 
DEBUG:netmiko:write_channel: b'\n'
DEBUG:netmiko:read_channel: 
DEBUG:netmiko:read_channel: 
DEBUG:netmiko:read_channel: 
DEBUG:netmiko:read_channel: 
DEBUG:netmiko:read_channel: 
DEBUG:netmiko:read_channel: 
DEBUG:netmiko:read_channel: 
DEBUG:netmiko:read_channel: 
DEBUG:netmiko:read_channel: 
DEBUG:netmiko:read_channel: 
DEBUG:netmiko:read_channel: 
DEBUG:netmiko:read_channel: 
DEBUG:netmiko:read_channel: 
DEBUG:netmiko:read_channel: 
DEBUG:netmiko:read_channel: 
DEBUG:netmiko:read_channel: %                                                                                                                                                                                                                                                                                                                                                                                                                                                                                                                              
 

svlngen4-fab1-apic1# 
DEBUG:netmiko:Pattern found: (\#|>) %                                                                                                                                                                                                                                                                                                                                                                                                                                                                                                                              
 

svlngen4-fab1-apic1#
DEBUG:netmiko:read_channel: 
DEBUG:netmiko:Clear buffer detects data in the channel
DEBUG:netmiko:read_channel: 
DEBUG:netmiko:[find_prompt()]: prompt is svlngen4-fab1-apic1#
DEBUG:netmiko:write_channel: b'cd /data/techsupport/\n'
DEBUG:netmiko:read_channel: 
DEBUG:netmiko:read_channel: 
DEBUG:netmiko:read_channel: 
%                                                                                                                                                                                                                                                                                                                                                                                                                                                                                                                              
 

DEBUG:netmiko:read_channel: 
svlngen4-fab1-apic1# 
DEBUG:netmiko:read_channel: 
DEBUG:netmiko:read_channel: 
DEBUG:netmiko:read_channel: 
DEBUG:netmiko:read_channel: 
DEBUG:netmiko:read_channel: 
DEBUG:netmiko:read_channel: 
DEBUG:netmiko:read_channel: 
DEBUG:netmiko:read_channel: 
DEBUG:netmiko:read_channel: 
DEBUG:netmiko:read_channel: 
DEBUG:netmiko:read_channel: 
DEBUG:netmiko:read_channel: 
DEBUG:netmiko:read_channel: 
DEBUG:netmiko:read_channel: 
DEBUG:netmiko:read_channel: 
DEBUG:netmiko:read_channel: 
DEBUG:netmiko:read_channel: 
DEBUG:netmiko:read_channel: 
DEBUG:netmiko:read_channel: 
DEBUG:netmiko:read_channel: 
DEBUG:netmiko:read_channel: 
DEBUG:netmiko:read_channel: 
DEBUG:netmiko:read_channel: ccd /data/techsupport/
%                                                                                                                                                                                                                                                                                                                                                                                                                                                                                                                              
 

svlngen4-fab1-apic1# 
DEBUG:netmiko:Pattern found: (cd\ /data/techsupport/) 
%                                                                                                                                                                                                                                                                                                                                                                                                                                                                                                                              
 

svlngen4-fab1-apic1# ccd /data/techsupport/
DEBUG:paramiko.transport:starting thread (client mode): 0x6d0b6a0
DEBUG:paramiko.transport:Local version/idstring: SSH-2.0-paramiko_2.10.3
DEBUG:paramiko.transport:Remote version/idstring: SSH-2.0-OpenSSH_8.2
INFO:paramiko.transport:Connected (version 2.0, client OpenSSH_8.2)
DEBUG:paramiko.transport:=== Key exchange possibilities ===
DEBUG:paramiko.transport:kex algos: curve25519-sha256, curve25519-sha256@libssh.org, diffie-hellman-group1-sha1, diffie-hellman-group14-sha1, diffie-hellman-group14-sha256, diffie-hellman-group16-sha512, ecdh-sha2-nistp256, ecdh-sha2-nistp384, ecdh-sha2-nistp521
DEBUG:paramiko.transport:server key: ssh-rsa
DEBUG:paramiko.transport:client encrypt: aes128-ctr, aes192-ctr, aes256-ctr
DEBUG:paramiko.transport:server encrypt: aes128-ctr, aes192-ctr, aes256-ctr
DEBUG:paramiko.transport:client mac: hmac-sha1, hmac-sha2-256, hmac-sha2-512
DEBUG:paramiko.transport:server mac: hmac-sha1, hmac-sha2-256, hmac-sha2-512
DEBUG:paramiko.transport:client compress: none, zlib@openssh.com
DEBUG:paramiko.transport:server compress: none, zlib@openssh.com
DEBUG:paramiko.transport:client lang: <none>
DEBUG:paramiko.transport:server lang: <none>
DEBUG:paramiko.transport:kex follows: False
DEBUG:paramiko.transport:=== Key exchange agreements ===
DEBUG:paramiko.transport:Kex: curve25519-sha256@libssh.org
DEBUG:paramiko.transport:HostKey: ssh-rsa
DEBUG:paramiko.transport:Cipher: aes128-ctr
DEBUG:paramiko.transport:MAC: hmac-sha2-256
DEBUG:paramiko.transport:Compression: none
DEBUG:paramiko.transport:=== End of kex handshake ===
DEBUG:paramiko.transport:kex engine KexCurve25519 specified hash_algo <built-in function openssl_sha256>
DEBUG:paramiko.transport:Switch to new keys ...
DEBUG:paramiko.transport:Adding ssh-rsa host key for svlngen4-fab1-apic1: b'cb2da8ed61e467840f2aac1ca52bcede'
DEBUG:paramiko.transport:Got EXT_INFO: {'server-sig-algs': b'ssh-ed25519,sk-ssh-ed25519@openssh.com,ssh-rsa,rsa-sha2-256,rsa-sha2-512,ssh-dss,ecdsa-sha2-nistp256,ecdsa-sha2-nistp384,ecdsa-sha2-nistp521,sk-ecdsa-sha2-nistp256@openssh.com'}
DEBUG:paramiko.transport:userauth is OK
INFO:paramiko.transport:Auth banner: b'Application Policy Infrastructure Controller\n'
INFO:paramiko.transport:Authentication (password) successful!
DEBUG:paramiko.transport:[chan 0] Max packet in: 32768 bytes
DEBUG:paramiko.transport:Received global request "hostkeys-00@openssh.com"
DEBUG:paramiko.transport:Rejecting "hostkeys-00@openssh.com" global request from server.
DEBUG:paramiko.transport:[chan 0] Max packet out: 32768 bytes
DEBUG:paramiko.transport:Secsh channel 0 opened.
DEBUG:paramiko.transport:[chan 0] Sesch channel 0 request ok
DEBUG:paramiko.transport:[chan 0] Sesch channel 0 request ok
DEBUG:netmiko:read_channel: 
DEBUG:netmiko:read_channel: 
DEBUG:netmiko:read_channel: 
DEBUG:netmiko:read_channel: 
DEBUG:netmiko:read_channel: 
DEBUG:netmiko:read_channel: 
DEBUG:netmiko:read_channel: 
DEBUG:netmiko:read_channel: 
DEBUG:netmiko:read_channel: 
DEBUG:netmiko:read_channel: 
DEBUG:netmiko:read_channel: 
DEBUG:netmiko:read_channel: 
DEBUG:netmiko:read_channel: 
DEBUG:netmiko:read_channel: 
DEBUG:netmiko:read_channel: 
DEBUG:netmiko:read_channel: 
DEBUG:netmiko:read_channel: 
DEBUG:netmiko:read_channel: 
DEBUG:netmiko:read_channel: 
DEBUG:netmiko:read_channel: 
DEBUG:netmiko:read_channel: 
DEBUG:netmiko:read_channel: 
DEBUG:netmiko:read_channel: 
DEBUG:netmiko:read_channel: 
DEBUG:netmiko:read_channel: 
DEBUG:netmiko:read_channel: 
DEBUG:netmiko:read_channel: 
DEBUG:netmiko:read_channel: 
DEBUG:netmiko:read_channel: 
DEBUG:netmiko:read_channel: 
DEBUG:netmiko:read_channel: 
DEBUG:netmiko:read_channel: 
DEBUG:netmiko:read_channel: 
DEBUG:netmiko:read_channel: 
DEBUG:netmiko:read_channel: 
DEBUG:netmiko:read_channel: 
DEBUG:netmiko:read_channel: 
DEBUG:netmiko:read_channel: 
DEBUG:netmiko:read_channel: 
DEBUG:netmiko:read_channel: 
DEBUG:netmiko:read_channel: 
DEBUG:netmiko:read_channel: 
DEBUG:netmiko:read_channel: 
DEBUG:netmiko:read_channel: 
DEBUG:netmiko:read_channel: 
DEBUG:netmiko:read_channel: 
DEBUG:netmiko:read_channel: Last login: 2022-04-23T02:17:59.000-07:00 UTC

DEBUG:netmiko:read_channel: 
DEBUG:netmiko:read_channel: %                                                                                                                                                                                                                                                                                                                                                                                                                                                                                                                              
 

svlngen4-fab1-apic1# 
DEBUG:netmiko:Pattern found: ([>#]) Last login: 2022-04-23T02:17:59.000-07:00 UTC
%                                                                                                                                                                                                                                                                                                                                                                                                                                                                                                                              
 

svlngen4-fab1-apic1#
DEBUG:netmiko:write_channel: b'terminal width 511\n'
DEBUG:netmiko:read_channel: 
DEBUG:netmiko:read_channel: 
DEBUG:netmiko:read_channel: 
DEBUG:netmiko:read_channel: 
DEBUG:netmiko:read_channel: 
DEBUG:netmiko:read_channel: 
DEBUG:netmiko:read_channel: 
DEBUG:netmiko:read_channel: 
DEBUG:netmiko:read_channel: 
DEBUG:netmiko:read_channel: 
DEBUG:netmiko:read_channel: 
DEBUG:netmiko:read_channel: 
DEBUG:netmiko:read_channel: 
DEBUG:netmiko:read_channel: 
DEBUG:netmiko:read_channel: 
DEBUG:netmiko:read_channel: 
DEBUG:netmiko:read_channel: 
DEBUG:netmiko:read_channel: 
DEBUG:netmiko:read_channel: 
DEBUG:netmiko:read_channel: 
DEBUG:netmiko:read_channel: 
DEBUG:netmiko:read_channel: 
DEBUG:netmiko:read_channel: 
DEBUG:netmiko:read_channel: 
DEBUG:netmiko:read_channel: tterminal width 5
DEBUG:netmiko:read_channel: 
DEBUG:netmiko:read_channel: 
DEBUG:netmiko:read_channel: 
DEBUG:netmiko:read_channel: 
DEBUG:netmiko:read_channel: 
DEBUG:netmiko:read_channel: 
DEBUG:netmiko:read_channel: 
DEBUG:netmiko:read_channel: 
DEBUG:netmiko:read_channel: 
DEBUG:netmiko:read_channel: 
DEBUG:netmiko:read_channel: 
DEBUG:netmiko:read_channel: 
DEBUG:netmiko:read_channel: 
DEBUG:netmiko:read_channel: 
DEBUG:netmiko:read_channel: 
DEBUG:netmiko:read_channel: 
DEBUG:netmiko:read_channel: 
DEBUG:netmiko:read_channel: 
DEBUG:netmiko:read_channel: 
DEBUG:netmiko:read_channel: 
DEBUG:netmiko:read_channel: 
DEBUG:netmiko:read_channel: 
DEBUG:netmiko:read_channel: 
DEBUG:netmiko:read_channel: 
DEBUG:netmiko:read_channel: 
DEBUG:netmiko:read_channel: 
DEBUG:netmiko:read_channel: 11
%                                                                                                                                                                                                                                                                                                                                                                                                                                                                                                                              
 

svlngen4-fab1-apic1# 
DEBUG:netmiko:Pattern found: (terminal width 511)  tterminal width 511
DEBUG:netmiko:In disable_paging
DEBUG:netmiko:Command: terminal length 0

DEBUG:netmiko:write_channel: b'terminal length 0\n'
DEBUG:netmiko:read_channel: 
DEBUG:netmiko:read_channel: 
DEBUG:netmiko:read_channel: 
DEBUG:netmiko:read_channel: 
DEBUG:netmiko:read_channel: 
DEBUG:netmiko:read_channel: 
DEBUG:netmiko:read_channel: 
DEBUG:netmiko:read_channel: 
DEBUG:netmiko:read_channel: 
DEBUG:netmiko:read_channel: 
DEBUG:netmiko:read_channel: 
DEBUG:netmiko:read_channel: 
DEBUG:netmiko:read_channel: 
DEBUG:netmiko:read_channel: 
DEBUG:netmiko:read_channel: 
DEBUG:netmiko:read_channel: 
DEBUG:netmiko:read_channel: 
DEBUG:netmiko:read_channel: 
DEBUG:netmiko:read_channel: 
DEBUG:netmiko:read_channel: 
DEBUG:netmiko:read_channel: 
DEBUG:netmiko:read_channel: 
DEBUG:netmiko:read_channel: 
DEBUG:netmiko:read_channel: 
DEBUG:netmiko:read_channel: 
DEBUG:netmiko:read_channel: 
DEBUG:netmiko:read_channel: 
DEBUG:netmiko:read_channel: tterminal length 0

DEBUG:netmiko:Pattern found: (terminal\ length\ 0) 
%                                                                                                                                                                                                                                                                                                                                                                                                                                                                                                                              
 

svlngen4-fab1-apic1# tterminal length 0
DEBUG:netmiko:
%                                                                                                                                                                                                                                                                                                                                                                                                                                                                                                                              
 

svlngen4-fab1-apic1# tterminal length 0
DEBUG:netmiko:Exiting disable_paging
DEBUG:netmiko:read_channel: 
DEBUG:netmiko:Clear buffer detects data in the channel
DEBUG:netmiko:read_channel: 
DEBUG:netmiko:write_channel: b'\n'
DEBUG:netmiko:read_channel: 
DEBUG:netmiko:read_channel: 
DEBUG:netmiko:read_channel: 
DEBUG:netmiko:read_channel: 
DEBUG:netmiko:read_channel: 
DEBUG:netmiko:read_channel: 
DEBUG:netmiko:read_channel: 
DEBUG:netmiko:read_channel: 
DEBUG:netmiko:read_channel: 
DEBUG:netmiko:read_channel: 
DEBUG:netmiko:read_channel: 
DEBUG:netmiko:read_channel: 
DEBUG:netmiko:read_channel: 
DEBUG:netmiko:read_channel: 
DEBUG:netmiko:read_channel: 
DEBUG:netmiko:read_channel: 
DEBUG:netmiko:read_channel: 
DEBUG:netmiko:read_channel: 
DEBUG:netmiko:read_channel: 
DEBUG:netmiko:read_channel: 
DEBUG:netmiko:read_channel: 
DEBUG:netmiko:read_channel: 
DEBUG:netmiko:read_channel: %                                                                                                                                                                                                                                                                                                                                                                                                                                                                                                                              
 

svlngen4-fab1-apic1# 
%                                                                                                                                                                                                                                                                                                                                                                                                                                                                                                                              
 

svlngen4-fab1-apic1# 
DEBUG:netmiko:Pattern found: (\#|>) %                                                                                                                                                                                                                                                                                                                                                                                                                                                                                                                              
 

svlngen4-fab1-apic1#
DEBUG:netmiko:read_channel: 
DEBUG:netmiko:Clear buffer detects data in the channel
DEBUG:netmiko:read_channel: 
DEBUG:netmiko:[find_prompt()]: prompt is svlngen4-fab1-apic1#
DEBUG:netmiko:read_channel: 
DEBUG:netmiko:write_channel: b'\n'
DEBUG:netmiko:read_channel: 
DEBUG:netmiko:write_channel: b'\n'
DEBUG:netmiko:read_channel: 
DEBUG:netmiko:write_channel: b'\n'
DEBUG:netmiko:read_channel: 
DEBUG:netmiko:write_channel: b'\n'
DEBUG:netmiko:read_channel: 
DEBUG:netmiko:write_channel: b'\n'
DEBUG:netmiko:read_channel: 
%                                                                                                                                                                                                                                                                                                                                                                                                                                                                                                                              
 

svlngen4-fab1-apic1# 
DEBUG:netmiko:read_channel: 
DEBUG:netmiko:[find_prompt()]: prompt is svlngen4-fab1-apic1#
DEBUG:paramiko.transport:starting thread (client mode): 0xce586a0
DEBUG:paramiko.transport:Local version/idstring: SSH-2.0-paramiko_2.10.3
DEBUG:paramiko.transport:Remote version/idstring: SSH-2.0-OpenSSH_8.2
INFO:paramiko.transport:Connected (version 2.0, client OpenSSH_8.2)
DEBUG:paramiko.transport:=== Key exchange possibilities ===
DEBUG:paramiko.transport:kex algos: curve25519-sha256, curve25519-sha256@libssh.org, diffie-hellman-group1-sha1, diffie-hellman-group14-sha1, diffie-hellman-group14-sha256, diffie-hellman-group16-sha512, ecdh-sha2-nistp256, ecdh-sha2-nistp384, ecdh-sha2-nistp521
DEBUG:paramiko.transport:server key: ssh-rsa
DEBUG:paramiko.transport:client encrypt: aes128-ctr, aes192-ctr, aes256-ctr
DEBUG:paramiko.transport:server encrypt: aes128-ctr, aes192-ctr, aes256-ctr
DEBUG:paramiko.transport:client mac: hmac-sha1, hmac-sha2-256, hmac-sha2-512
DEBUG:paramiko.transport:server mac: hmac-sha1, hmac-sha2-256, hmac-sha2-512
DEBUG:paramiko.transport:client compress: none, zlib@openssh.com
DEBUG:paramiko.transport:server compress: none, zlib@openssh.com
DEBUG:paramiko.transport:client lang: <none>
DEBUG:paramiko.transport:server lang: <none>
DEBUG:paramiko.transport:kex follows: False
DEBUG:paramiko.transport:=== Key exchange agreements ===
DEBUG:paramiko.transport:Kex: curve25519-sha256@libssh.org
DEBUG:paramiko.transport:HostKey: ssh-rsa
DEBUG:paramiko.transport:Cipher: aes128-ctr
DEBUG:paramiko.transport:MAC: hmac-sha2-256
DEBUG:paramiko.transport:Compression: none
DEBUG:paramiko.transport:=== End of kex handshake ===
DEBUG:paramiko.transport:kex engine KexCurve25519 specified hash_algo <built-in function openssl_sha256>
DEBUG:paramiko.transport:Switch to new keys ...
DEBUG:paramiko.transport:Adding ssh-rsa host key for svlngen4-fab1-apic1: b'cb2da8ed61e467840f2aac1ca52bcede'
DEBUG:paramiko.transport:Got EXT_INFO: {'server-sig-algs': b'ssh-ed25519,sk-ssh-ed25519@openssh.com,ssh-rsa,rsa-sha2-256,rsa-sha2-512,ssh-dss,ecdsa-sha2-nistp256,ecdsa-sha2-nistp384,ecdsa-sha2-nistp521,sk-ecdsa-sha2-nistp256@openssh.com'}
DEBUG:paramiko.transport:userauth is OK
INFO:paramiko.transport:Auth banner: b'Application Policy Infrastructure Controller\n'
INFO:paramiko.transport:Authentication (password) successful!
DEBUG:paramiko.transport:[chan 0] Max packet in: 32768 bytes
DEBUG:paramiko.transport:Received global request "hostkeys-00@openssh.com"
DEBUG:paramiko.transport:Rejecting "hostkeys-00@openssh.com" global request from server.
DEBUG:paramiko.transport:[chan 0] Max packet out: 32768 bytes
DEBUG:paramiko.transport:Secsh channel 0 opened.
DEBUG:paramiko.transport:[chan 0] Sesch channel 0 request ok
DEBUG:paramiko.transport:[chan 0] Sesch channel 0 request ok
DEBUG:netmiko:read_channel: 
DEBUG:netmiko:read_channel: 
DEBUG:netmiko:read_channel: 
DEBUG:netmiko:read_channel: 
DEBUG:netmiko:read_channel: 
DEBUG:netmiko:read_channel: 
DEBUG:netmiko:read_channel: 
DEBUG:netmiko:read_channel: 
DEBUG:netmiko:read_channel: 
DEBUG:netmiko:read_channel: 
DEBUG:netmiko:read_channel: 
DEBUG:netmiko:read_channel: 
DEBUG:netmiko:read_channel: 
DEBUG:netmiko:read_channel: 
DEBUG:netmiko:read_channel: 
DEBUG:netmiko:read_channel: 
DEBUG:netmiko:read_channel: 
DEBUG:netmiko:read_channel: 
DEBUG:netmiko:read_channel: 
DEBUG:netmiko:read_channel: 
DEBUG:netmiko:read_channel: 
DEBUG:netmiko:read_channel: 
DEBUG:netmiko:read_channel: 
DEBUG:netmiko:read_channel: 
DEBUG:netmiko:read_channel: 
DEBUG:netmiko:read_channel: 
DEBUG:netmiko:read_channel: 
DEBUG:netmiko:read_channel: 
DEBUG:netmiko:read_channel: 
DEBUG:netmiko:read_channel: 
DEBUG:netmiko:read_channel: 
DEBUG:netmiko:read_channel: 
DEBUG:netmiko:read_channel: 
DEBUG:netmiko:read_channel: 
DEBUG:netmiko:read_channel: 
DEBUG:netmiko:read_channel: 
DEBUG:netmiko:read_channel: 
DEBUG:netmiko:read_channel: 
DEBUG:netmiko:read_channel: 
DEBUG:netmiko:read_channel: 
DEBUG:netmiko:read_channel: 
DEBUG:netmiko:read_channel: 
DEBUG:netmiko:read_channel: 
DEBUG:netmiko:read_channel: 
DEBUG:netmiko:read_channel: 
DEBUG:netmiko:read_channel: 
DEBUG:netmiko:read_channel: 
DEBUG:netmiko:read_channel: 
DEBUG:netmiko:read_channel: 
DEBUG:netmiko:read_channel: Last login: 2022-04-23T02:23:26.000-07:00 UTC

DEBUG:netmiko:read_channel: 
DEBUG:netmiko:read_channel: 
DEBUG:netmiko:read_channel: 
DEBUG:netmiko:read_channel: 
DEBUG:netmiko:read_channel: %                                                                                                                                                                                                                                                                                                                                                                                                                                                                                                                              
 

svlngen4-fab1-apic1# 
DEBUG:netmiko:Pattern found: ([>#]) Last login: 2022-04-23T02:23:26.000-07:00 UTC
%                                                                                                                                                                                                                                                                                                                                                                                                                                                                                                                              
 

svlngen4-fab1-apic1#
DEBUG:netmiko:write_channel: b'terminal width 511\n'
DEBUG:netmiko:read_channel: 
DEBUG:netmiko:read_channel: 
DEBUG:netmiko:read_channel: 
DEBUG:netmiko:read_channel: 
DEBUG:netmiko:read_channel: 
DEBUG:netmiko:read_channel: 
DEBUG:netmiko:read_channel: 
DEBUG:netmiko:read_channel: 
DEBUG:netmiko:read_channel: 
DEBUG:netmiko:read_channel: 
DEBUG:netmiko:read_channel: 
DEBUG:netmiko:read_channel: 
DEBUG:netmiko:read_channel: 
DEBUG:netmiko:read_channel: 
DEBUG:netmiko:read_channel: 
DEBUG:netmiko:read_channel: 
DEBUG:netmiko:read_channel: 
DEBUG:netmiko:read_channel: 
DEBUG:netmiko:read_channel: 
DEBUG:netmiko:read_channel: 
DEBUG:netmiko:read_channel: 
DEBUG:netmiko:read_channel: tterminal width 511

DEBUG:netmiko:Pattern found: (terminal width 511)  tterminal width 511
DEBUG:netmiko:In disable_paging
DEBUG:netmiko:Command: terminal length 0

DEBUG:netmiko:write_channel: b'terminal length 0\n'
DEBUG:netmiko:read_channel: 
DEBUG:netmiko:read_channel: 
DEBUG:netmiko:read_channel: 
DEBUG:netmiko:read_channel: 
DEBUG:netmiko:read_channel: 
DEBUG:netmiko:read_channel: 
DEBUG:netmiko:read_channel: 
DEBUG:netmiko:read_channel: 
DEBUG:netmiko:read_channel: 
DEBUG:netmiko:read_channel: 
DEBUG:netmiko:read_channel: 
DEBUG:netmiko:read_channel: 
DEBUG:netmiko:read_channel: 
DEBUG:netmiko:read_channel: 
DEBUG:netmiko:read_channel: 
DEBUG:netmiko:read_channel: 
DEBUG:netmiko:read_channel: 
DEBUG:netmiko:read_channel: 
DEBUG:netmiko:read_channel: 
DEBUG:netmiko:read_channel: 
DEBUG:netmiko:read_channel: 
DEBUG:netmiko:read_channel: 
DEBUG:netmiko:read_channel: %                                                                                                                                                                                                                                                                                                                                                                                                                                                                                                                              
 

svlngen4-fab1-apic1# tterminal length 0
%                                                                                                                                                                                                                                                                                                                                                                                                                                                                                                                              
 

DEBUG:netmiko:Pattern found: (terminal\ length\ 0) 
%                                                                                                                                                                                                                                                                                                                                                                                                                                                                                                                              
 

svlngen4-fab1-apic1# tterminal length 0
DEBUG:netmiko:
%                                                                                                                                                                                                                                                                                                                                                                                                                                                                                                                              
 

svlngen4-fab1-apic1# tterminal length 0
DEBUG:netmiko:Exiting disable_paging
DEBUG:netmiko:read_channel: 
DEBUG:netmiko:Clear buffer detects data in the channel
DEBUG:netmiko:read_channel: 
DEBUG:netmiko:write_channel: b'\n'
DEBUG:netmiko:read_channel: 
DEBUG:netmiko:read_channel: 
DEBUG:netmiko:read_channel: 
DEBUG:netmiko:read_channel: 
DEBUG:netmiko:read_channel: 
DEBUG:netmiko:read_channel: 
DEBUG:netmiko:read_channel: 
DEBUG:netmiko:read_channel: 
DEBUG:netmiko:read_channel: 
DEBUG:netmiko:read_channel: 
DEBUG:netmiko:read_channel: 
DEBUG:netmiko:read_channel: 
DEBUG:netmiko:read_channel: 
DEBUG:netmiko:read_channel: 
DEBUG:netmiko:read_channel: 
DEBUG:netmiko:read_channel: 
svlngen4-fab1-apic1# 
DEBUG:netmiko:Pattern found: (\#|>) 
svlngen4-fab1-apic1#
DEBUG:netmiko:read_channel: 
DEBUG:netmiko:Clear buffer detects data in the channel
DEBUG:netmiko:read_channel: 
DEBUG:netmiko:[find_prompt()]: prompt is svlngen4-fab1-apic1#
DEBUG:paramiko.transport:starting thread (client mode): 0xb8f96a0
DEBUG:paramiko.transport:Local version/idstring: SSH-2.0-paramiko_2.10.3
DEBUG:paramiko.transport:Remote version/idstring: SSH-2.0-OpenSSH_8.2
INFO:paramiko.transport:Connected (version 2.0, client OpenSSH_8.2)
DEBUG:paramiko.transport:=== Key exchange possibilities ===
DEBUG:paramiko.transport:kex algos: curve25519-sha256, curve25519-sha256@libssh.org, diffie-hellman-group1-sha1, diffie-hellman-group14-sha1, diffie-hellman-group14-sha256, diffie-hellman-group16-sha512, ecdh-sha2-nistp256, ecdh-sha2-nistp384, ecdh-sha2-nistp521
DEBUG:paramiko.transport:server key: ssh-rsa
DEBUG:paramiko.transport:client encrypt: aes128-ctr, aes192-ctr, aes256-ctr
DEBUG:paramiko.transport:server encrypt: aes128-ctr, aes192-ctr, aes256-ctr
DEBUG:paramiko.transport:client mac: hmac-sha1, hmac-sha2-256, hmac-sha2-512
DEBUG:paramiko.transport:server mac: hmac-sha1, hmac-sha2-256, hmac-sha2-512
DEBUG:paramiko.transport:client compress: none, zlib@openssh.com
DEBUG:paramiko.transport:server compress: none, zlib@openssh.com
DEBUG:paramiko.transport:client lang: <none>
DEBUG:paramiko.transport:server lang: <none>
DEBUG:paramiko.transport:kex follows: False
DEBUG:paramiko.transport:=== Key exchange agreements ===
DEBUG:paramiko.transport:Kex: curve25519-sha256@libssh.org
DEBUG:paramiko.transport:HostKey: ssh-rsa
DEBUG:paramiko.transport:Cipher: aes128-ctr
DEBUG:paramiko.transport:MAC: hmac-sha2-256
DEBUG:paramiko.transport:Compression: none
DEBUG:paramiko.transport:=== End of kex handshake ===
DEBUG:paramiko.transport:kex engine KexCurve25519 specified hash_algo <built-in function openssl_sha256>
DEBUG:paramiko.transport:Switch to new keys ...
DEBUG:paramiko.transport:Adding ssh-rsa host key for svlngen4-fab1-apic1: b'cb2da8ed61e467840f2aac1ca52bcede'
DEBUG:paramiko.transport:Got EXT_INFO: {'server-sig-algs': b'ssh-ed25519,sk-ssh-ed25519@openssh.com,ssh-rsa,rsa-sha2-256,rsa-sha2-512,ssh-dss,ecdsa-sha2-nistp256,ecdsa-sha2-nistp384,ecdsa-sha2-nistp521,sk-ecdsa-sha2-nistp256@openssh.com'}
DEBUG:paramiko.transport:userauth is OK
INFO:paramiko.transport:Auth banner: b'Application Policy Infrastructure Controller\n'
INFO:paramiko.transport:Authentication (password) successful!
DEBUG:paramiko.transport:[chan 0] Max packet in: 32768 bytes
DEBUG:paramiko.transport:Received global request "hostkeys-00@openssh.com"
DEBUG:paramiko.transport:Rejecting "hostkeys-00@openssh.com" global request from server.
DEBUG:paramiko.transport:[chan 0] Max packet out: 32768 bytes
DEBUG:paramiko.transport:Secsh channel 0 opened.
DEBUG:paramiko.transport:[chan 0] Sesch channel 0 request ok
DEBUG:paramiko.transport:[chan 0] Sesch channel 0 request ok
DEBUG:netmiko:read_channel: 
DEBUG:netmiko:read_channel: 
DEBUG:netmiko:read_channel: 
DEBUG:netmiko:read_channel: 
DEBUG:netmiko:read_channel: 
DEBUG:netmiko:read_channel: 
DEBUG:netmiko:read_channel: 
DEBUG:netmiko:read_channel: 
DEBUG:netmiko:read_channel: 
DEBUG:netmiko:read_channel: 
DEBUG:netmiko:read_channel: 
DEBUG:netmiko:read_channel: 
DEBUG:netmiko:read_channel: 
DEBUG:netmiko:read_channel: 
DEBUG:netmiko:read_channel: 
DEBUG:netmiko:read_channel: 
DEBUG:netmiko:read_channel: 
DEBUG:netmiko:read_channel: 
DEBUG:netmiko:read_channel: 
DEBUG:netmiko:read_channel: 
DEBUG:netmiko:read_channel: 
DEBUG:netmiko:read_channel: 
DEBUG:netmiko:read_channel: 
DEBUG:netmiko:read_channel: 
DEBUG:netmiko:read_channel: 
DEBUG:netmiko:read_channel: 
DEBUG:netmiko:read_channel: 
DEBUG:netmiko:read_channel: 
DEBUG:netmiko:read_channel: 
DEBUG:netmiko:read_channel: 
DEBUG:netmiko:read_channel: 
DEBUG:netmiko:read_channel: 
DEBUG:netmiko:read_channel: 
DEBUG:netmiko:read_channel: 
DEBUG:netmiko:read_channel: 
DEBUG:netmiko:read_channel: 
DEBUG:netmiko:read_channel: 
DEBUG:netmiko:read_channel: 
DEBUG:netmiko:read_channel: 
DEBUG:netmiko:read_channel: 
DEBUG:netmiko:read_channel: 
DEBUG:netmiko:read_channel: 
DEBUG:netmiko:read_channel: 
DEBUG:netmiko:read_channel: 
DEBUG:netmiko:read_channel: 
DEBUG:netmiko:read_channel: Last login: 2022-04-23T02:24:30.000-07:00 UTC
%                                                                                                                                                                                                                                                                                                                                                                                                                                                                                                                              
 

svlngen4-fab1-apic1# 
DEBUG:netmiko:Pattern found: ([>#]) Last login: 2022-04-23T02:24:30.000-07:00 UTC
%                                                                                                                                                                                                                                                                                                                                                                                                                                                                                                                              
 

svlngen4-fab1-apic1#
DEBUG:netmiko:write_channel: b'terminal width 511\n'
DEBUG:netmiko:read_channel: 
DEBUG:netmiko:read_channel: 
DEBUG:netmiko:read_channel: 
DEBUG:netmiko:read_channel: 
DEBUG:netmiko:read_channel: 
DEBUG:netmiko:read_channel: 
DEBUG:netmiko:read_channel: 
DEBUG:netmiko:read_channel: 
DEBUG:netmiko:read_channel: 
DEBUG:netmiko:read_channel: 
DEBUG:netmiko:read_channel: 
DEBUG:netmiko:read_channel: 
DEBUG:netmiko:read_channel: 
DEBUG:netmiko:read_channel: 
DEBUG:netmiko:read_channel: 
DEBUG:netmiko:read_channel: 
DEBUG:netmiko:read_channel: 
DEBUG:netmiko:read_channel: 
DEBUG:netmiko:read_channel: 
DEBUG:netmiko:read_channel: 
DEBUG:netmiko:read_channel: 
DEBUG:netmiko:read_channel: 
DEBUG:netmiko:read_channel: 
DEBUG:netmiko:read_channel: 
DEBUG:netmiko:read_channel: 
DEBUG:netmiko:read_channel: 
DEBUG:netmiko:read_channel: 
DEBUG:netmiko:read_channel: tterminal width 511

DEBUG:netmiko:Pattern found: (terminal width 511)  tterminal width 511
DEBUG:netmiko:In disable_paging
DEBUG:netmiko:Command: terminal length 0

DEBUG:netmiko:write_channel: b'terminal length 0\n'
DEBUG:netmiko:read_channel: 
DEBUG:netmiko:read_channel: 
DEBUG:netmiko:read_channel: 
DEBUG:netmiko:read_channel: 
DEBUG:netmiko:read_channel: 
DEBUG:netmiko:read_channel: 
DEBUG:netmiko:read_channel: 
DEBUG:netmiko:read_channel: 
DEBUG:netmiko:read_channel: 
DEBUG:netmiko:read_channel: 
DEBUG:netmiko:read_channel: 
DEBUG:netmiko:read_channel: 
DEBUG:netmiko:read_channel: 
DEBUG:netmiko:read_channel: 
DEBUG:netmiko:read_channel: 
DEBUG:netmiko:read_channel: 
DEBUG:netmiko:read_channel: 
DEBUG:netmiko:read_channel: 
DEBUG:netmiko:read_channel: 
DEBUG:netmiko:read_channel: 
DEBUG:netmiko:read_channel: 
DEBUG:netmiko:read_channel: 
DEBUG:netmiko:read_channel: 
DEBUG:netmiko:read_channel: 
DEBUG:netmiko:read_channel: 
DEBUG:netmiko:read_channel: %                                                                                                                                                                                                                                                                                                                                                                                                                                                                                                                              
 

svlngen4-fab1-apic1# tterminal length 0
%                                                                                                                                                                                                                                                                                                                                                                                                                                                                                                                              
 

svlngen4-fab1-apic1# 
DEBUG:netmiko:Pattern found: (terminal\ length\ 0) 
%                                                                                                                                                                                                                                                                                                                                                                                                                                                                                                                              
 

svlngen4-fab1-apic1# tterminal length 0
DEBUG:netmiko:
%                                                                                                                                                                                                                                                                                                                                                                                                                                                                                                                              
 

svlngen4-fab1-apic1# tterminal length 0
DEBUG:netmiko:Exiting disable_paging
DEBUG:netmiko:read_channel: 
DEBUG:netmiko:Clear buffer detects data in the channel
DEBUG:netmiko:read_channel: 
DEBUG:netmiko:write_channel: b'\n'
DEBUG:netmiko:read_channel: 
DEBUG:netmiko:read_channel: 
DEBUG:netmiko:read_channel: 
DEBUG:netmiko:read_channel: 
DEBUG:netmiko:read_channel: 
DEBUG:netmiko:read_channel: 
DEBUG:netmiko:read_channel: 
DEBUG:netmiko:read_channel: 
DEBUG:netmiko:read_channel: 
DEBUG:netmiko:read_channel: 
DEBUG:netmiko:read_channel: 
DEBUG:netmiko:read_channel: 
DEBUG:netmiko:read_channel: 
DEBUG:netmiko:read_channel: 
DEBUG:netmiko:read_channel: 
DEBUG:netmiko:read_channel: 
DEBUG:netmiko:read_channel: 
DEBUG:netmiko:read_channel: 
DEBUG:netmiko:read_channel: 
DEBUG:netmiko:read_channel: 
DEBUG:netmiko:read_channel: 
DEBUG:netmiko:read_channel: 
DEBUG:netmiko:read_channel: 
%                                                                                                                                                                                                                                                                                                                                                                                                                                                                                                                              
 

svlngen4-fab1-apic1# 
DEBUG:netmiko:Pattern found: (\#|>) 
%                                                                                                                                                                                                                                                                                                                                                                                                                                                                                                                              
 

svlngen4-fab1-apic1#
DEBUG:netmiko:read_channel: 
DEBUG:netmiko:Clear buffer detects data in the channel
DEBUG:netmiko:read_channel: 
DEBUG:netmiko:[find_prompt()]: prompt is svlngen4-fab1-apic1#
DEBUG:netmiko:read_channel: 
DEBUG:netmiko:write_channel: b'\n'
DEBUG:netmiko:read_channel: 
DEBUG:netmiko:write_channel: b'\n'
DEBUG:netmiko:read_channel: 
DEBUG:netmiko:write_channel: b'\n'
DEBUG:netmiko:read_channel: 
DEBUG:netmiko:write_channel: b'\n'
DEBUG:netmiko:read_channel: 
DEBUG:netmiko:write_channel: b'\n'
DEBUG:netmiko:read_channel: 
%                                                                                                                                                                                                                                                                                                                                                                                                                                                                                                                              
 

svlngen4-fab1-apic1# 
DEBUG:netmiko:read_channel: 
DEBUG:netmiko:[find_prompt()]: prompt is svlngen4-fab1-apic1#
DEBUG:paramiko.transport:starting thread (client mode): 0x1f396a0
DEBUG:paramiko.transport:Local version/idstring: SSH-2.0-paramiko_2.10.3
DEBUG:paramiko.transport:Remote version/idstring: SSH-2.0-OpenSSH_8.2
INFO:paramiko.transport:Connected (version 2.0, client OpenSSH_8.2)
DEBUG:paramiko.transport:=== Key exchange possibilities ===
DEBUG:paramiko.transport:kex algos: curve25519-sha256, curve25519-sha256@libssh.org, diffie-hellman-group1-sha1, diffie-hellman-group14-sha1, diffie-hellman-group14-sha256, diffie-hellman-group16-sha512, ecdh-sha2-nistp256, ecdh-sha2-nistp384, ecdh-sha2-nistp521
DEBUG:paramiko.transport:server key: ssh-rsa
DEBUG:paramiko.transport:client encrypt: aes128-ctr, aes192-ctr, aes256-ctr
DEBUG:paramiko.transport:server encrypt: aes128-ctr, aes192-ctr, aes256-ctr
DEBUG:paramiko.transport:client mac: hmac-sha1, hmac-sha2-256, hmac-sha2-512
DEBUG:paramiko.transport:server mac: hmac-sha1, hmac-sha2-256, hmac-sha2-512
DEBUG:paramiko.transport:client compress: none, zlib@openssh.com
DEBUG:paramiko.transport:server compress: none, zlib@openssh.com
DEBUG:paramiko.transport:client lang: <none>
DEBUG:paramiko.transport:server lang: <none>
DEBUG:paramiko.transport:kex follows: False
DEBUG:paramiko.transport:=== Key exchange agreements ===
DEBUG:paramiko.transport:Kex: curve25519-sha256@libssh.org
DEBUG:paramiko.transport:HostKey: ssh-rsa
DEBUG:paramiko.transport:Cipher: aes128-ctr
DEBUG:paramiko.transport:MAC: hmac-sha2-256
DEBUG:paramiko.transport:Compression: none
DEBUG:paramiko.transport:=== End of kex handshake ===
DEBUG:paramiko.transport:kex engine KexCurve25519 specified hash_algo <built-in function openssl_sha256>
DEBUG:paramiko.transport:Switch to new keys ...
DEBUG:paramiko.transport:Adding ssh-rsa host key for svlngen4-fab1-apic1: b'cb2da8ed61e467840f2aac1ca52bcede'
DEBUG:paramiko.transport:Got EXT_INFO: {'server-sig-algs': b'ssh-ed25519,sk-ssh-ed25519@openssh.com,ssh-rsa,rsa-sha2-256,rsa-sha2-512,ssh-dss,ecdsa-sha2-nistp256,ecdsa-sha2-nistp384,ecdsa-sha2-nistp521,sk-ecdsa-sha2-nistp256@openssh.com'}
DEBUG:paramiko.transport:userauth is OK
INFO:paramiko.transport:Auth banner: b'Application Policy Infrastructure Controller\n'
INFO:paramiko.transport:Authentication (password) successful!
DEBUG:paramiko.transport:[chan 0] Max packet in: 32768 bytes
DEBUG:paramiko.transport:Received global request "hostkeys-00@openssh.com"
DEBUG:paramiko.transport:Rejecting "hostkeys-00@openssh.com" global request from server.
DEBUG:paramiko.transport:[chan 0] Max packet out: 32768 bytes
DEBUG:paramiko.transport:Secsh channel 0 opened.
DEBUG:paramiko.transport:[chan 0] Sesch channel 0 request ok
DEBUG:paramiko.transport:[chan 0] Sesch channel 0 request ok
DEBUG:netmiko:read_channel: 
DEBUG:netmiko:read_channel: 
DEBUG:netmiko:read_channel: 
DEBUG:netmiko:read_channel: 
DEBUG:netmiko:read_channel: 
DEBUG:netmiko:read_channel: 
DEBUG:netmiko:read_channel: 
DEBUG:netmiko:read_channel: 
DEBUG:netmiko:read_channel: 
DEBUG:netmiko:read_channel: 
DEBUG:netmiko:read_channel: 
DEBUG:netmiko:read_channel: 
DEBUG:netmiko:read_channel: 
DEBUG:netmiko:read_channel: 
DEBUG:netmiko:read_channel: 
DEBUG:netmiko:read_channel: 
DEBUG:netmiko:read_channel: 
DEBUG:netmiko:read_channel: 
DEBUG:netmiko:read_channel: 
DEBUG:netmiko:read_channel: 
DEBUG:netmiko:read_channel: 
DEBUG:netmiko:read_channel: 
DEBUG:netmiko:read_channel: 
DEBUG:netmiko:read_channel: 
DEBUG:netmiko:read_channel: 
DEBUG:netmiko:read_channel: 
DEBUG:netmiko:read_channel: 
DEBUG:netmiko:read_channel: 
DEBUG:netmiko:read_channel: 
DEBUG:netmiko:read_channel: 
DEBUG:netmiko:read_channel: 
DEBUG:netmiko:read_channel: 
DEBUG:netmiko:read_channel: 
DEBUG:netmiko:read_channel: 
DEBUG:netmiko:read_channel: 
DEBUG:netmiko:read_channel: 
DEBUG:netmiko:read_channel: 
DEBUG:netmiko:read_channel: 
DEBUG:netmiko:read_channel: 
DEBUG:netmiko:read_channel: 
DEBUG:netmiko:read_channel: 
DEBUG:netmiko:read_channel: 
DEBUG:netmiko:read_channel: 
DEBUG:netmiko:read_channel: 
DEBUG:netmiko:read_channel: 
DEBUG:netmiko:read_channel: Last login: 2022-04-23T02:25:00.000-07:00 UTC
%                                                                                                                                                                                                                                                                                                                                                                                                                                                                                                                              
 

svlngen4-fab1-apic1# 
DEBUG:netmiko:Pattern found: ([>#]) Last login: 2022-04-23T02:25:00.000-07:00 UTC
%                                                                                                                                                                                                                                                                                                                                                                                                                                                                                                                              
 

svlngen4-fab1-apic1#
DEBUG:netmiko:write_channel: b'terminal width 511\n'
DEBUG:netmiko:read_channel: 
DEBUG:netmiko:read_channel: 
DEBUG:netmiko:read_channel: 
DEBUG:netmiko:read_channel: 
DEBUG:netmiko:read_channel: 
DEBUG:netmiko:read_channel: 
DEBUG:netmiko:read_channel: 
DEBUG:netmiko:read_channel: 
DEBUG:netmiko:read_channel: 
DEBUG:netmiko:read_channel: 
DEBUG:netmiko:read_channel: 
DEBUG:netmiko:read_channel: 
DEBUG:netmiko:read_channel: 
DEBUG:netmiko:read_channel: 
DEBUG:netmiko:read_channel: 
DEBUG:netmiko:read_channel: 
DEBUG:netmiko:read_channel: 
DEBUG:netmiko:read_channel: 
DEBUG:netmiko:read_channel: 
DEBUG:netmiko:read_channel: 
DEBUG:netmiko:read_channel: 
DEBUG:netmiko:read_channel: 
DEBUG:netmiko:read_channel: 
DEBUG:netmiko:read_channel: 
DEBUG:netmiko:read_channel: 
DEBUG:netmiko:read_channel: 
DEBUG:netmiko:read_channel: 
DEBUG:netmiko:read_channel: tterminal width 511
DEBUG:netmiko:Pattern found: (terminal width 511)  tterminal width 511
DEBUG:netmiko:In disable_paging
DEBUG:netmiko:Command: terminal length 0

DEBUG:netmiko:write_channel: b'terminal length 0\n'
DEBUG:netmiko:read_channel: 
DEBUG:netmiko:read_channel: 
DEBUG:netmiko:read_channel: 
DEBUG:netmiko:read_channel: 
DEBUG:netmiko:read_channel: 
DEBUG:netmiko:read_channel: 
DEBUG:netmiko:read_channel: 
DEBUG:netmiko:read_channel: 
DEBUG:netmiko:read_channel: 
DEBUG:netmiko:read_channel: 
DEBUG:netmiko:read_channel: 
DEBUG:netmiko:read_channel: 
DEBUG:netmiko:read_channel: 
DEBUG:netmiko:read_channel: 
DEBUG:netmiko:read_channel: 
DEBUG:netmiko:read_channel: 
DEBUG:netmiko:read_channel: 
DEBUG:netmiko:read_channel: 
DEBUG:netmiko:read_channel: 
DEBUG:netmiko:read_channel: 
DEBUG:netmiko:read_channel: 
DEBUG:netmiko:read_channel: 
DEBUG:netmiko:read_channel: 
DEBUG:netmiko:read_channel: 
DEBUG:netmiko:read_channel: 
DEBUG:netmiko:read_channel: 
DEBUG:netmiko:read_channel: 
%                                                                                                                                                                                                                                                                                                                                                                                                                                                                                                                              
 

svlngen4-fab1-apic1# t
DEBUG:netmiko:read_channel: 
DEBUG:netmiko:read_channel: 
DEBUG:netmiko:read_channel: 
DEBUG:netmiko:read_channel: 
DEBUG:netmiko:read_channel: 
DEBUG:netmiko:read_channel: 
DEBUG:netmiko:read_channel: 
DEBUG:netmiko:read_channel: 
DEBUG:netmiko:read_channel: 
DEBUG:netmiko:read_channel: 
DEBUG:netmiko:read_channel: 
DEBUG:netmiko:read_channel: 
DEBUG:netmiko:read_channel: 
DEBUG:netmiko:read_channel: 
DEBUG:netmiko:read_channel: 
DEBUG:netmiko:read_channel: 
DEBUG:netmiko:read_channel: 
DEBUG:netmiko:read_channel: 
DEBUG:netmiko:read_channel: terminal length 0
%                                                                                                                                                                                                                                                                                                                                                                                                                                                                                                                              
 

svlngen4-fab1-apic1# 
DEBUG:netmiko:Pattern found: (terminal\ length\ 0) 
%                                                                                                                                                                                                                                                                                                                                                                                                                                                                                                                              
 

svlngen4-fab1-apic1# tterminal length 0
DEBUG:netmiko:
%                                                                                                                                                                                                                                                                                                                                                                                                                                                                                                                              
 

svlngen4-fab1-apic1# tterminal length 0
DEBUG:netmiko:Exiting disable_paging
DEBUG:netmiko:read_channel: 
DEBUG:netmiko:Clear buffer detects data in the channel
DEBUG:netmiko:read_channel: 
DEBUG:netmiko:write_channel: b'\n'
DEBUG:netmiko:read_channel: 
DEBUG:netmiko:read_channel: 
DEBUG:netmiko:read_channel: 
DEBUG:netmiko:read_channel: 
DEBUG:netmiko:read_channel: 
DEBUG:netmiko:read_channel: 
DEBUG:netmiko:read_channel: 
DEBUG:netmiko:read_channel: 
DEBUG:netmiko:read_channel: 
DEBUG:netmiko:read_channel: 
DEBUG:netmiko:read_channel: 
DEBUG:netmiko:read_channel: 
DEBUG:netmiko:read_channel: 
DEBUG:netmiko:read_channel: 
DEBUG:netmiko:read_channel: 
DEBUG:netmiko:read_channel: 
DEBUG:netmiko:read_channel: 
DEBUG:netmiko:read_channel: 
DEBUG:netmiko:read_channel: 
DEBUG:netmiko:read_channel: 
DEBUG:netmiko:read_channel: 
%                                                                                                                                                                                                                                                                                                                                                                                                                                                                                                                              
 

DEBUG:netmiko:read_channel: 
svlngen4-fab1-apic1# 
DEBUG:netmiko:Pattern found: (\#|>) 
%                                                                                                                                                                                                                                                                                                                                                                                                                                                                                                                              
 

svlngen4-fab1-apic1#
DEBUG:netmiko:read_channel: 
DEBUG:netmiko:Clear buffer detects data in the channel
DEBUG:netmiko:read_channel: 
DEBUG:netmiko:[find_prompt()]: prompt is svlngen4-fab1-apic1#
DEBUG:netmiko:read_channel: 
DEBUG:netmiko:write_channel: b'\n'
DEBUG:netmiko:read_channel: 
DEBUG:netmiko:write_channel: b'\n'
DEBUG:netmiko:read_channel: 
DEBUG:netmiko:write_channel: b'\n'
DEBUG:netmiko:read_channel: 
DEBUG:netmiko:write_channel: b'\n'
DEBUG:netmiko:read_channel: 
DEBUG:netmiko:write_channel: b'\n'
DEBUG:netmiko:read_channel: 
%                                                                                                                                                                                                                                                                                                                                                                                                                                                                                                                              
 

svlngen4-fab1-apic1# 
DEBUG:netmiko:read_channel: 
DEBUG:netmiko:[find_prompt()]: prompt is svlngen4-fab1-apic1#
DEBUG:paramiko.transport:starting thread (client mode): 0xa8be6a0
DEBUG:paramiko.transport:Local version/idstring: SSH-2.0-paramiko_2.10.3
DEBUG:paramiko.transport:Remote version/idstring: SSH-2.0-OpenSSH_8.2
INFO:paramiko.transport:Connected (version 2.0, client OpenSSH_8.2)
DEBUG:paramiko.transport:=== Key exchange possibilities ===
DEBUG:paramiko.transport:kex algos: curve25519-sha256, curve25519-sha256@libssh.org, diffie-hellman-group1-sha1, diffie-hellman-group14-sha1, diffie-hellman-group14-sha256, diffie-hellman-group16-sha512, ecdh-sha2-nistp256, ecdh-sha2-nistp384, ecdh-sha2-nistp521
DEBUG:paramiko.transport:server key: ssh-rsa
DEBUG:paramiko.transport:client encrypt: aes128-ctr, aes192-ctr, aes256-ctr
DEBUG:paramiko.transport:server encrypt: aes128-ctr, aes192-ctr, aes256-ctr
DEBUG:paramiko.transport:client mac: hmac-sha1, hmac-sha2-256, hmac-sha2-512
DEBUG:paramiko.transport:server mac: hmac-sha1, hmac-sha2-256, hmac-sha2-512
DEBUG:paramiko.transport:client compress: none, zlib@openssh.com
DEBUG:paramiko.transport:server compress: none, zlib@openssh.com
DEBUG:paramiko.transport:client lang: <none>
DEBUG:paramiko.transport:server lang: <none>
DEBUG:paramiko.transport:kex follows: False
DEBUG:paramiko.transport:=== Key exchange agreements ===
DEBUG:paramiko.transport:Kex: curve25519-sha256@libssh.org
DEBUG:paramiko.transport:HostKey: ssh-rsa
DEBUG:paramiko.transport:Cipher: aes128-ctr
DEBUG:paramiko.transport:MAC: hmac-sha2-256
DEBUG:paramiko.transport:Compression: none
DEBUG:paramiko.transport:=== End of kex handshake ===
DEBUG:paramiko.transport:kex engine KexCurve25519 specified hash_algo <built-in function openssl_sha256>
DEBUG:paramiko.transport:Switch to new keys ...
DEBUG:paramiko.transport:Got EXT_INFO: {'server-sig-algs': b'ssh-ed25519,sk-ssh-ed25519@openssh.com,ssh-rsa,rsa-sha2-256,rsa-sha2-512,ssh-dss,ecdsa-sha2-nistp256,ecdsa-sha2-nistp384,ecdsa-sha2-nistp521,sk-ecdsa-sha2-nistp256@openssh.com'}
DEBUG:paramiko.transport:Adding ssh-rsa host key for svlngen4-fab1-apic1: b'cb2da8ed61e467840f2aac1ca52bcede'
DEBUG:paramiko.transport:userauth is OK
INFO:paramiko.transport:Auth banner: b'Application Policy Infrastructure Controller\n'
INFO:paramiko.transport:Authentication (password) successful!
DEBUG:paramiko.transport:[chan 0] Max packet in: 32768 bytes
DEBUG:paramiko.transport:Received global request "hostkeys-00@openssh.com"
DEBUG:paramiko.transport:Rejecting "hostkeys-00@openssh.com" global request from server.
DEBUG:paramiko.transport:[chan 0] Max packet out: 32768 bytes
DEBUG:paramiko.transport:Secsh channel 0 opened.
DEBUG:paramiko.transport:[chan 0] Sesch channel 0 request ok
DEBUG:paramiko.transport:[chan 0] Sesch channel 0 request ok
DEBUG:netmiko:read_channel: 
DEBUG:netmiko:read_channel: 
DEBUG:netmiko:read_channel: 
DEBUG:netmiko:read_channel: 
DEBUG:netmiko:read_channel: 
DEBUG:netmiko:read_channel: 
DEBUG:netmiko:read_channel: 
DEBUG:netmiko:read_channel: 
DEBUG:netmiko:read_channel: 
DEBUG:netmiko:read_channel: 
DEBUG:netmiko:read_channel: 
DEBUG:netmiko:read_channel: 
DEBUG:netmiko:read_channel: 
DEBUG:netmiko:read_channel: 
DEBUG:netmiko:read_channel: 
DEBUG:netmiko:read_channel: 
DEBUG:netmiko:read_channel: 
DEBUG:netmiko:read_channel: 
DEBUG:netmiko:read_channel: 
DEBUG:netmiko:read_channel: 
DEBUG:netmiko:read_channel: 
DEBUG:netmiko:read_channel: 
DEBUG:netmiko:read_channel: 
DEBUG:netmiko:read_channel: 
DEBUG:netmiko:read_channel: 
DEBUG:netmiko:read_channel: 
DEBUG:netmiko:read_channel: 
DEBUG:netmiko:read_channel: 
DEBUG:netmiko:read_channel: 
DEBUG:netmiko:read_channel: 
DEBUG:netmiko:read_channel: 
DEBUG:netmiko:read_channel: 
DEBUG:netmiko:read_channel: 
DEBUG:netmiko:read_channel: 
DEBUG:netmiko:read_channel: 
DEBUG:netmiko:read_channel: 
DEBUG:netmiko:read_channel: 
DEBUG:netmiko:read_channel: 
DEBUG:netmiko:read_channel: 
DEBUG:netmiko:read_channel: 
DEBUG:netmiko:read_channel: 
DEBUG:netmiko:read_channel: 
DEBUG:netmiko:read_channel: 
DEBUG:netmiko:read_channel: 
DEBUG:netmiko:read_channel: 
DEBUG:netmiko:read_channel: 
DEBUG:netmiko:read_channel: 
DEBUG:netmiko:read_channel: Last login: 2022-04-23T02:41:45.000-07:00 UTC
%                                                                                                                                                                                                                                                                                                                                                                                                                                                                                                                              
 

DEBUG:netmiko:read_channel: 
svlngen4-fab1-apic1# 
DEBUG:netmiko:Pattern found: ([>#]) Last login: 2022-04-23T02:41:45.000-07:00 UTC
%                                                                                                                                                                                                                                                                                                                                                                                                                                                                                                                              
 

svlngen4-fab1-apic1#
DEBUG:netmiko:write_channel: b'terminal width 511\n'
DEBUG:netmiko:read_channel: 
DEBUG:netmiko:read_channel: 
DEBUG:netmiko:read_channel: 
DEBUG:netmiko:read_channel: 
DEBUG:netmiko:read_channel: 
DEBUG:netmiko:read_channel: 
DEBUG:netmiko:read_channel: 
DEBUG:netmiko:read_channel: 
DEBUG:netmiko:read_channel: 
DEBUG:netmiko:read_channel: 
DEBUG:netmiko:read_channel: 
DEBUG:netmiko:read_channel: 
DEBUG:netmiko:read_channel: 
DEBUG:netmiko:read_channel: 
DEBUG:netmiko:read_channel: 
DEBUG:netmiko:read_channel: 
DEBUG:netmiko:read_channel: 
DEBUG:netmiko:read_channel: 
DEBUG:netmiko:read_channel: 
DEBUG:netmiko:read_channel: 
DEBUG:netmiko:read_channel: tterminal width 511
%                                                                                                                                                                                                                                                                                                                                                                                                                                                                                                                              
 

DEBUG:netmiko:Pattern found: (terminal width 511)  tterminal width 511
DEBUG:netmiko:In disable_paging
DEBUG:netmiko:Command: terminal length 0

DEBUG:netmiko:write_channel: b'terminal length 0\n'
DEBUG:netmiko:read_channel: 
DEBUG:netmiko:read_channel: 
DEBUG:netmiko:read_channel: 
DEBUG:netmiko:read_channel: 
DEBUG:netmiko:read_channel: 
DEBUG:netmiko:read_channel: 
DEBUG:netmiko:read_channel: 
DEBUG:netmiko:read_channel: 
DEBUG:netmiko:read_channel: 
DEBUG:netmiko:read_channel: 
DEBUG:netmiko:read_channel: 
DEBUG:netmiko:read_channel: 
DEBUG:netmiko:read_channel: 
DEBUG:netmiko:read_channel: 
DEBUG:netmiko:read_channel: 
DEBUG:netmiko:read_channel: 
DEBUG:netmiko:read_channel: 
DEBUG:netmiko:read_channel: 
DEBUG:netmiko:read_channel: 
DEBUG:netmiko:read_channel: 
svlngen4-fab1-apic1# 
DEBUG:netmiko:read_channel: tterminal length 0
%                                                                                                                                                                                                                                                                                                                                                                                                                                                                                                                              
 

svlngen4-fab1-apic1# 
DEBUG:netmiko:Pattern found: (terminal\ length\ 0) 
%                                                                                                                                                                                                                                                                                                                                                                                                                                                                                                                              
 

svlngen4-fab1-apic1# tterminal length 0
DEBUG:netmiko:
%                                                                                                                                                                                                                                                                                                                                                                                                                                                                                                                              
 

svlngen4-fab1-apic1# tterminal length 0
DEBUG:netmiko:Exiting disable_paging
DEBUG:netmiko:read_channel: 
DEBUG:netmiko:Clear buffer detects data in the channel
DEBUG:netmiko:read_channel: 
DEBUG:netmiko:write_channel: b'\n'
DEBUG:netmiko:read_channel: 
DEBUG:netmiko:read_channel: 
DEBUG:netmiko:read_channel: 
DEBUG:netmiko:read_channel: 
DEBUG:netmiko:read_channel: 
DEBUG:netmiko:read_channel: 
DEBUG:netmiko:read_channel: 
DEBUG:netmiko:read_channel: 
DEBUG:netmiko:read_channel: 
DEBUG:netmiko:read_channel: 
DEBUG:netmiko:read_channel: 
DEBUG:netmiko:read_channel: 
DEBUG:netmiko:read_channel: 
DEBUG:netmiko:read_channel: 
DEBUG:netmiko:read_channel: 
DEBUG:netmiko:read_channel: 
DEBUG:netmiko:read_channel: 
DEBUG:netmiko:read_channel: 
DEBUG:netmiko:read_channel: 
DEBUG:netmiko:read_channel: 
DEBUG:netmiko:read_channel: 
%                                                                                                                                                                                                                                                                                                                                                                                                                                                                                                                              
 

DEBUG:netmiko:read_channel: 
svlngen4-fab1-apic1# 
DEBUG:netmiko:Pattern found: (\#|>) 
%                                                                                                                                                                                                                                                                                                                                                                                                                                                                                                                              
 

svlngen4-fab1-apic1#
DEBUG:netmiko:read_channel: 
DEBUG:netmiko:Clear buffer detects data in the channel
DEBUG:netmiko:read_channel: 
DEBUG:netmiko:[find_prompt()]: prompt is svlngen4-fab1-apic1#
DEBUG:netmiko:read_channel: 
DEBUG:netmiko:write_channel: b'\n'
DEBUG:netmiko:read_channel: 
DEBUG:netmiko:write_channel: b'\n'
DEBUG:netmiko:read_channel: 
DEBUG:netmiko:write_channel: b'\n'
DEBUG:netmiko:read_channel: 
DEBUG:netmiko:write_channel: b'\n'
DEBUG:netmiko:read_channel: 
DEBUG:netmiko:write_channel: b'\n'
DEBUG:netmiko:read_channel: 
%                                                                                                                                                                                                                                                                                                                                                                                                                                                                                                                              
 

svlngen4-fab1-apic1# 
DEBUG:netmiko:read_channel: 
DEBUG:netmiko:[find_prompt()]: prompt is svlngen4-fab1-apic1#
DEBUG:paramiko.transport:starting thread (client mode): 0x4b6a6a0
DEBUG:paramiko.transport:Local version/idstring: SSH-2.0-paramiko_2.10.3
DEBUG:paramiko.transport:Remote version/idstring: SSH-2.0-OpenSSH_8.2
INFO:paramiko.transport:Connected (version 2.0, client OpenSSH_8.2)
DEBUG:paramiko.transport:=== Key exchange possibilities ===
DEBUG:paramiko.transport:kex algos: curve25519-sha256, curve25519-sha256@libssh.org, diffie-hellman-group1-sha1, diffie-hellman-group14-sha1, diffie-hellman-group14-sha256, diffie-hellman-group16-sha512, ecdh-sha2-nistp256, ecdh-sha2-nistp384, ecdh-sha2-nistp521
DEBUG:paramiko.transport:server key: ssh-rsa
DEBUG:paramiko.transport:client encrypt: aes128-ctr, aes192-ctr, aes256-ctr
DEBUG:paramiko.transport:server encrypt: aes128-ctr, aes192-ctr, aes256-ctr
DEBUG:paramiko.transport:client mac: hmac-sha1, hmac-sha2-256, hmac-sha2-512
DEBUG:paramiko.transport:server mac: hmac-sha1, hmac-sha2-256, hmac-sha2-512
DEBUG:paramiko.transport:client compress: none, zlib@openssh.com
DEBUG:paramiko.transport:server compress: none, zlib@openssh.com
DEBUG:paramiko.transport:client lang: <none>
DEBUG:paramiko.transport:server lang: <none>
DEBUG:paramiko.transport:kex follows: False
DEBUG:paramiko.transport:=== Key exchange agreements ===
DEBUG:paramiko.transport:Kex: curve25519-sha256@libssh.org
DEBUG:paramiko.transport:HostKey: ssh-rsa
DEBUG:paramiko.transport:Cipher: aes128-ctr
DEBUG:paramiko.transport:MAC: hmac-sha2-256
DEBUG:paramiko.transport:Compression: none
DEBUG:paramiko.transport:=== End of kex handshake ===
DEBUG:paramiko.transport:kex engine KexCurve25519 specified hash_algo <built-in function openssl_sha256>
DEBUG:paramiko.transport:Switch to new keys ...
DEBUG:paramiko.transport:Adding ssh-rsa host key for svlngen4-fab1-apic1: b'cb2da8ed61e467840f2aac1ca52bcede'
DEBUG:paramiko.transport:Got EXT_INFO: {'server-sig-algs': b'ssh-ed25519,sk-ssh-ed25519@openssh.com,ssh-rsa,rsa-sha2-256,rsa-sha2-512,ssh-dss,ecdsa-sha2-nistp256,ecdsa-sha2-nistp384,ecdsa-sha2-nistp521,sk-ecdsa-sha2-nistp256@openssh.com'}
DEBUG:paramiko.transport:userauth is OK
INFO:paramiko.transport:Auth banner: b'Application Policy Infrastructure Controller\n'
INFO:paramiko.transport:Authentication (password) successful!
DEBUG:paramiko.transport:[chan 0] Max packet in: 32768 bytes
DEBUG:paramiko.transport:Received global request "hostkeys-00@openssh.com"
DEBUG:paramiko.transport:Rejecting "hostkeys-00@openssh.com" global request from server.
DEBUG:paramiko.transport:[chan 0] Max packet out: 32768 bytes
DEBUG:paramiko.transport:Secsh channel 0 opened.
DEBUG:paramiko.transport:[chan 0] Sesch channel 0 request ok
DEBUG:paramiko.transport:[chan 0] Sesch channel 0 request ok
DEBUG:netmiko:read_channel: 
DEBUG:netmiko:read_channel: 
DEBUG:netmiko:read_channel: 
DEBUG:netmiko:read_channel: 
DEBUG:netmiko:read_channel: 
DEBUG:netmiko:read_channel: 
DEBUG:netmiko:read_channel: 
DEBUG:netmiko:read_channel: 
DEBUG:netmiko:read_channel: 
DEBUG:netmiko:read_channel: 
DEBUG:netmiko:read_channel: 
DEBUG:netmiko:read_channel: 
DEBUG:netmiko:read_channel: 
DEBUG:netmiko:read_channel: 
DEBUG:netmiko:read_channel: 
DEBUG:netmiko:read_channel: 
DEBUG:netmiko:read_channel: 
DEBUG:netmiko:read_channel: 
DEBUG:netmiko:read_channel: 
DEBUG:netmiko:read_channel: 
DEBUG:netmiko:read_channel: 
DEBUG:netmiko:read_channel: 
DEBUG:netmiko:read_channel: 
DEBUG:netmiko:read_channel: 
DEBUG:netmiko:read_channel: 
DEBUG:netmiko:read_channel: 
DEBUG:netmiko:read_channel: 
DEBUG:netmiko:read_channel: 
DEBUG:netmiko:read_channel: 
DEBUG:netmiko:read_channel: 
DEBUG:netmiko:read_channel: 
DEBUG:netmiko:read_channel: 
DEBUG:netmiko:read_channel: 
DEBUG:netmiko:read_channel: 
DEBUG:netmiko:read_channel: 
DEBUG:netmiko:read_channel: 
DEBUG:netmiko:read_channel: 
DEBUG:netmiko:read_channel: 
DEBUG:netmiko:read_channel: 
DEBUG:netmiko:read_channel: 
DEBUG:netmiko:read_channel: 
DEBUG:netmiko:read_channel: 
DEBUG:netmiko:read_channel: 
DEBUG:netmiko:read_channel: 
DEBUG:netmiko:read_channel: 
DEBUG:netmiko:read_channel: 
DEBUG:netmiko:read_channel: Last login: 2022-04-23T02:42:19.000-07:00 UTC

DEBUG:netmiko:read_channel: 
DEBUG:netmiko:read_channel: 
DEBUG:netmiko:read_channel: 
DEBUG:netmiko:read_channel: 
DEBUG:netmiko:read_channel: %                                                                                                                                                                                                                                                                                                                                                                                                                                                                                                                              
 

svlngen4-fab1-apic1# 
DEBUG:netmiko:Pattern found: ([>#]) Last login: 2022-04-23T02:42:19.000-07:00 UTC
%                                                                                                                                                                                                                                                                                                                                                                                                                                                                                                                              
 

svlngen4-fab1-apic1#
DEBUG:netmiko:write_channel: b'terminal width 511\n'
DEBUG:netmiko:read_channel: 
DEBUG:netmiko:read_channel: 
DEBUG:netmiko:read_channel: 
DEBUG:netmiko:read_channel: 
DEBUG:netmiko:read_channel: 
DEBUG:netmiko:read_channel: 
DEBUG:netmiko:read_channel: 
DEBUG:netmiko:read_channel: 
DEBUG:netmiko:read_channel: 
DEBUG:netmiko:read_channel: 
DEBUG:netmiko:read_channel: 
DEBUG:netmiko:read_channel: 
DEBUG:netmiko:read_channel: 
DEBUG:netmiko:read_channel: 
DEBUG:netmiko:read_channel: 
DEBUG:netmiko:read_channel: 
DEBUG:netmiko:read_channel: 
DEBUG:netmiko:read_channel: 
DEBUG:netmiko:read_channel: 
DEBUG:netmiko:read_channel: 
DEBUG:netmiko:read_channel: tte
DEBUG:netmiko:read_channel: rminal width 511
DEBUG:netmiko:Pattern found: (terminal width 511)  tterminal width 511
DEBUG:netmiko:In disable_paging
DEBUG:netmiko:Command: terminal length 0

DEBUG:netmiko:write_channel: b'terminal length 0\n'
DEBUG:netmiko:read_channel: 
DEBUG:netmiko:read_channel: 
DEBUG:netmiko:read_channel: 
DEBUG:netmiko:read_channel: 
DEBUG:netmiko:read_channel: 
DEBUG:netmiko:read_channel: 
DEBUG:netmiko:read_channel: 
DEBUG:netmiko:read_channel: 
DEBUG:netmiko:read_channel: 
DEBUG:netmiko:read_channel: 
DEBUG:netmiko:read_channel: 
DEBUG:netmiko:read_channel: 
DEBUG:netmiko:read_channel: 
DEBUG:netmiko:read_channel: 
DEBUG:netmiko:read_channel: 
DEBUG:netmiko:read_channel: 
DEBUG:netmiko:read_channel: 
DEBUG:netmiko:read_channel: 
DEBUG:netmiko:read_channel: 
DEBUG:netmiko:read_channel: 
DEBUG:netmiko:read_channel: 
%                                                                                                                                                                                                                                                                                                                                                                                                                                                                                                                              
 

svlngen4-fab1-apic1# t
DEBUG:netmiko:read_channel: 
DEBUG:netmiko:read_channel: 
DEBUG:netmiko:read_channel: 
DEBUG:netmiko:read_channel: 
DEBUG:netmiko:read_channel: 
DEBUG:netmiko:read_channel: 
DEBUG:netmiko:read_channel: 
DEBUG:netmiko:read_channel: 
DEBUG:netmiko:read_channel: 
DEBUG:netmiko:read_channel: 
DEBUG:netmiko:read_channel: 
DEBUG:netmiko:read_channel: 
DEBUG:netmiko:read_channel: 
DEBUG:netmiko:read_channel: 
DEBUG:netmiko:read_channel: 
DEBUG:netmiko:read_channel: 
DEBUG:netmiko:read_channel: 
DEBUG:netmiko:read_channel: 
DEBUG:netmiko:read_channel: terminal length 0
%                                                                                                                                                                                                                                                                                                                                                                                                                                                                                                                              
 

svlngen4-fab1-apic1# 
DEBUG:netmiko:Pattern found: (terminal\ length\ 0) 
%                                                                                                                                                                                                                                                                                                                                                                                                                                                                                                                              
 

svlngen4-fab1-apic1# tterminal length 0
DEBUG:netmiko:
%                                                                                                                                                                                                                                                                                                                                                                                                                                                                                                                              
 

svlngen4-fab1-apic1# tterminal length 0
DEBUG:netmiko:Exiting disable_paging
DEBUG:netmiko:read_channel: 
DEBUG:netmiko:Clear buffer detects data in the channel
DEBUG:netmiko:read_channel: 
DEBUG:netmiko:write_channel: b'\n'
DEBUG:netmiko:read_channel: 
DEBUG:netmiko:read_channel: 
DEBUG:netmiko:read_channel: 
DEBUG:netmiko:read_channel: 
DEBUG:netmiko:read_channel: 
DEBUG:netmiko:read_channel: 
DEBUG:netmiko:read_channel: 
DEBUG:netmiko:read_channel: 
DEBUG:netmiko:read_channel: 
DEBUG:netmiko:read_channel: 
DEBUG:netmiko:read_channel: 
DEBUG:netmiko:read_channel: 
DEBUG:netmiko:read_channel: 
DEBUG:netmiko:read_channel: 
DEBUG:netmiko:read_channel: 
DEBUG:netmiko:read_channel: 
DEBUG:netmiko:read_channel: 
DEBUG:netmiko:read_channel: 
DEBUG:netmiko:read_channel: 
DEBUG:netmiko:read_channel: 
DEBUG:netmiko:read_channel: 
DEBUG:netmiko:read_channel: 
%                                                                                                                                                                                                                                                                                                                                                                                                                                                                                                                              
 

svlngen4-fab1-apic1# 
DEBUG:netmiko:Pattern found: (\#|>) 
%                                                                                                                                                                                                                                                                                                                                                                                                                                                                                                                              
 

svlngen4-fab1-apic1#
DEBUG:netmiko:read_channel: 
DEBUG:netmiko:Clear buffer detects data in the channel
DEBUG:netmiko:read_channel: 
DEBUG:netmiko:[find_prompt()]: prompt is svlngen4-fab1-apic1#
DEBUG:netmiko:read_channel: 
DEBUG:netmiko:write_channel: b'\n'
DEBUG:netmiko:read_channel: 
DEBUG:netmiko:write_channel: b'\n'
DEBUG:netmiko:read_channel: 
DEBUG:netmiko:write_channel: b'\n'
DEBUG:netmiko:read_channel: 
DEBUG:netmiko:write_channel: b'\n'
DEBUG:netmiko:read_channel: 
DEBUG:netmiko:write_channel: b'\n'
DEBUG:netmiko:read_channel: 
%                                                                                                                                                                                                                                                                                                                                                                                                                                                                                                                              
 

svlngen4-fab1-apic1# 
DEBUG:netmiko:read_channel: 
DEBUG:netmiko:[find_prompt()]: prompt is svlngen4-fab1-apic1#
DEBUG:paramiko.transport:starting thread (client mode): 0x597b5b0
DEBUG:paramiko.transport:Local version/idstring: SSH-2.0-paramiko_2.10.3
DEBUG:paramiko.transport:Remote version/idstring: SSH-2.0-OpenSSH_8.2
INFO:paramiko.transport:Connected (version 2.0, client OpenSSH_8.2)
DEBUG:paramiko.transport:=== Key exchange possibilities ===
DEBUG:paramiko.transport:kex algos: curve25519-sha256, curve25519-sha256@libssh.org, diffie-hellman-group1-sha1, diffie-hellman-group14-sha1, diffie-hellman-group14-sha256, diffie-hellman-group16-sha512, ecdh-sha2-nistp256, ecdh-sha2-nistp384, ecdh-sha2-nistp521
DEBUG:paramiko.transport:server key: ssh-rsa
DEBUG:paramiko.transport:client encrypt: aes128-ctr, aes192-ctr, aes256-ctr
DEBUG:paramiko.transport:server encrypt: aes128-ctr, aes192-ctr, aes256-ctr
DEBUG:paramiko.transport:client mac: hmac-sha1, hmac-sha2-256, hmac-sha2-512
DEBUG:paramiko.transport:server mac: hmac-sha1, hmac-sha2-256, hmac-sha2-512
DEBUG:paramiko.transport:client compress: none, zlib@openssh.com
DEBUG:paramiko.transport:server compress: none, zlib@openssh.com
DEBUG:paramiko.transport:client lang: <none>
DEBUG:paramiko.transport:server lang: <none>
DEBUG:paramiko.transport:kex follows: False
DEBUG:paramiko.transport:=== Key exchange agreements ===
DEBUG:paramiko.transport:Kex: curve25519-sha256@libssh.org
DEBUG:paramiko.transport:HostKey: ssh-rsa
DEBUG:paramiko.transport:Cipher: aes128-ctr
DEBUG:paramiko.transport:MAC: hmac-sha2-256
DEBUG:paramiko.transport:Compression: none
DEBUG:paramiko.transport:=== End of kex handshake ===
DEBUG:paramiko.transport:kex engine KexCurve25519 specified hash_algo <built-in function openssl_sha256>
DEBUG:paramiko.transport:Switch to new keys ...
DEBUG:paramiko.transport:Got EXT_INFO: {'server-sig-algs': b'ssh-ed25519,sk-ssh-ed25519@openssh.com,ssh-rsa,rsa-sha2-256,rsa-sha2-512,ssh-dss,ecdsa-sha2-nistp256,ecdsa-sha2-nistp384,ecdsa-sha2-nistp521,sk-ecdsa-sha2-nistp256@openssh.com'}
DEBUG:paramiko.transport:Adding ssh-rsa host key for svlngen4-fab1-apic1: b'cb2da8ed61e467840f2aac1ca52bcede'
DEBUG:paramiko.transport:userauth is OK
INFO:paramiko.transport:Auth banner: b'Application Policy Infrastructure Controller\n'
INFO:paramiko.transport:Authentication (password) successful!
DEBUG:paramiko.transport:[chan 0] Max packet in: 32768 bytes
DEBUG:paramiko.transport:Received global request "hostkeys-00@openssh.com"
DEBUG:paramiko.transport:Rejecting "hostkeys-00@openssh.com" global request from server.
DEBUG:paramiko.transport:[chan 0] Max packet out: 32768 bytes
DEBUG:paramiko.transport:Secsh channel 0 opened.
DEBUG:paramiko.transport:[chan 0] Sesch channel 0 request ok
DEBUG:paramiko.transport:[chan 0] Sesch channel 0 request ok
DEBUG:netmiko:read_channel: 
DEBUG:netmiko:read_channel: 
DEBUG:netmiko:read_channel: 
DEBUG:netmiko:read_channel: 
DEBUG:netmiko:read_channel: 
DEBUG:netmiko:read_channel: 
DEBUG:netmiko:read_channel: 
DEBUG:netmiko:read_channel: 
DEBUG:netmiko:read_channel: 
DEBUG:netmiko:read_channel: 
DEBUG:netmiko:read_channel: 
DEBUG:netmiko:read_channel: 
DEBUG:netmiko:read_channel: 
DEBUG:netmiko:read_channel: 
DEBUG:netmiko:read_channel: 
DEBUG:netmiko:read_channel: 
DEBUG:netmiko:read_channel: 
DEBUG:netmiko:read_channel: 
DEBUG:netmiko:read_channel: 
DEBUG:netmiko:read_channel: 
DEBUG:netmiko:read_channel: 
DEBUG:netmiko:read_channel: 
DEBUG:netmiko:read_channel: 
DEBUG:netmiko:read_channel: 
DEBUG:netmiko:read_channel: 
DEBUG:netmiko:read_channel: 
DEBUG:netmiko:read_channel: 
DEBUG:netmiko:read_channel: 
DEBUG:netmiko:read_channel: 
DEBUG:netmiko:read_channel: 
DEBUG:netmiko:read_channel: 
DEBUG:netmiko:read_channel: 
DEBUG:netmiko:read_channel: 
DEBUG:netmiko:read_channel: 
DEBUG:netmiko:read_channel: 
DEBUG:netmiko:read_channel: 
DEBUG:netmiko:read_channel: 
DEBUG:netmiko:read_channel: 
DEBUG:netmiko:read_channel: 
DEBUG:netmiko:read_channel: 
DEBUG:netmiko:read_channel: Last login: 2022-04-23T02:43:00.000-07:00 UTC

DEBUG:netmiko:read_channel: 
DEBUG:netmiko:read_channel: 
DEBUG:netmiko:read_channel: 
DEBUG:netmiko:read_channel: %                                                                                                                                                                                                                                                                                                                                                                                                                                                                                                                              
 

svlngen4-fab1-apic1# 
DEBUG:netmiko:Pattern found: ([>#]) Last login: 2022-04-23T02:43:00.000-07:00 UTC
%                                                                                                                                                                                                                                                                                                                                                                                                                                                                                                                              
 

svlngen4-fab1-apic1#
DEBUG:netmiko:write_channel: b'terminal width 511\n'
DEBUG:netmiko:read_channel: 
DEBUG:netmiko:read_channel: 
DEBUG:netmiko:read_channel: 
DEBUG:netmiko:read_channel: 
DEBUG:netmiko:read_channel: 
DEBUG:netmiko:read_channel: 
DEBUG:netmiko:read_channel: 
DEBUG:netmiko:read_channel: 
DEBUG:netmiko:read_channel: 
DEBUG:netmiko:read_channel: 
DEBUG:netmiko:read_channel: 
DEBUG:netmiko:read_channel: 
DEBUG:netmiko:read_channel: 
DEBUG:netmiko:read_channel: 
DEBUG:netmiko:read_channel: 
DEBUG:netmiko:read_channel: 
DEBUG:netmiko:read_channel: 
DEBUG:netmiko:read_channel: 
DEBUG:netmiko:read_channel: 
DEBUG:netmiko:read_channel: 
DEBUG:netmiko:read_channel: 
DEBUG:netmiko:read_channel: 
DEBUG:netmiko:read_channel: tterminal width 5
DEBUG:netmiko:read_channel: 
DEBUG:netmiko:read_channel: 
DEBUG:netmiko:read_channel: 
DEBUG:netmiko:read_channel: 
DEBUG:netmiko:read_channel: 
DEBUG:netmiko:read_channel: 
DEBUG:netmiko:read_channel: 
DEBUG:netmiko:read_channel: 
DEBUG:netmiko:read_channel: 
DEBUG:netmiko:read_channel: 
DEBUG:netmiko:read_channel: 
DEBUG:netmiko:read_channel: 
DEBUG:netmiko:read_channel: 
DEBUG:netmiko:read_channel: 
DEBUG:netmiko:read_channel: 
DEBUG:netmiko:read_channel: 
DEBUG:netmiko:read_channel: 
DEBUG:netmiko:read_channel: 
DEBUG:netmiko:read_channel: 
DEBUG:netmiko:read_channel: 11
%                                                                                                                                                                                                                                                                                                                                                                                                                                                                                                                              
 

svlngen4-fab1-apic1# 
DEBUG:netmiko:Pattern found: (terminal width 511)  tterminal width 511
DEBUG:netmiko:In disable_paging
DEBUG:netmiko:Command: terminal length 0

DEBUG:netmiko:write_channel: b'terminal length 0\n'
DEBUG:netmiko:read_channel: 
DEBUG:netmiko:read_channel: 
DEBUG:netmiko:read_channel: 
DEBUG:netmiko:read_channel: 
DEBUG:netmiko:read_channel: 
DEBUG:netmiko:read_channel: 
DEBUG:netmiko:read_channel: 
DEBUG:netmiko:read_channel: 
DEBUG:netmiko:read_channel: 
DEBUG:netmiko:read_channel: 
DEBUG:netmiko:read_channel: 
DEBUG:netmiko:read_channel: 
DEBUG:netmiko:read_channel: 
DEBUG:netmiko:read_channel: 
DEBUG:netmiko:read_channel: 
DEBUG:netmiko:read_channel: 
DEBUG:netmiko:read_channel: 
DEBUG:netmiko:read_channel: 
DEBUG:netmiko:read_channel: 
DEBUG:netmiko:read_channel: 
DEBUG:netmiko:read_channel: 
DEBUG:netmiko:read_channel: 
DEBUG:netmiko:read_channel: 
DEBUG:netmiko:read_channel: 
DEBUG:netmiko:read_channel: 
DEBUG:netmiko:read_channel: 
DEBUG:netmiko:read_channel: 
DEBUG:netmiko:read_channel: 
DEBUG:netmiko:read_channel: 
DEBUG:netmiko:read_channel: tterminal length 0
%                                                                                                                                                                                                                                                                                                                                                                                                                                                                                                                              
 

DEBUG:netmiko:Pattern found: (terminal\ length\ 0) 
%                                                                                                                                                                                                                                                                                                                                                                                                                                                                                                                              
 

svlngen4-fab1-apic1# tterminal length 0
DEBUG:netmiko:
%                                                                                                                                                                                                                                                                                                                                                                                                                                                                                                                              
 

svlngen4-fab1-apic1# tterminal length 0
DEBUG:netmiko:Exiting disable_paging
DEBUG:netmiko:read_channel: 
DEBUG:netmiko:Clear buffer detects data in the channel
DEBUG:netmiko:read_channel: 
DEBUG:netmiko:write_channel: b'\n'
DEBUG:netmiko:read_channel: 
DEBUG:netmiko:read_channel: 
DEBUG:netmiko:read_channel: 
DEBUG:netmiko:read_channel: 
DEBUG:netmiko:read_channel: 
DEBUG:netmiko:read_channel: 
DEBUG:netmiko:read_channel: 
DEBUG:netmiko:read_channel: 
DEBUG:netmiko:read_channel: 
DEBUG:netmiko:read_channel: 
DEBUG:netmiko:read_channel: 
DEBUG:netmiko:read_channel: 
DEBUG:netmiko:read_channel: 
DEBUG:netmiko:read_channel: 
DEBUG:netmiko:read_channel: 
DEBUG:netmiko:read_channel: 
DEBUG:netmiko:read_channel: 
DEBUG:netmiko:read_channel: 
DEBUG:netmiko:read_channel: 
svlngen4-fab1-apic1# 
DEBUG:netmiko:Pattern found: (\#|>) 
svlngen4-fab1-apic1#
DEBUG:netmiko:read_channel: 
DEBUG:netmiko:Clear buffer detects data in the channel
DEBUG:netmiko:read_channel: 
%                                                                                                                                                                                                                                                                                                                                                                                                                                                                                                                              
 

DEBUG:netmiko:Clear buffer detects data in the channel
DEBUG:netmiko:read_channel: 
svlngen4-fab1-apic1# 
DEBUG:netmiko:Clear buffer detects data in the channel
DEBUG:netmiko:read_channel: 
DEBUG:netmiko:[find_prompt()]: prompt is svlngen4-fab1-apic1#
DEBUG:netmiko:read_channel: 
DEBUG:netmiko:write_channel: b'\n'
DEBUG:netmiko:read_channel: 
DEBUG:netmiko:write_channel: b'\n'
DEBUG:netmiko:read_channel: 
DEBUG:netmiko:write_channel: b'\n'
DEBUG:netmiko:read_channel: 
DEBUG:netmiko:write_channel: b'\n'
DEBUG:netmiko:read_channel: 
DEBUG:netmiko:write_channel: b'\n'
DEBUG:netmiko:read_channel: 
%                                                                                                                                                                                                                                                                                                                                                                                                                                                                                                                              
 

svlngen4-fab1-apic1# 
DEBUG:netmiko:read_channel: 
DEBUG:netmiko:[find_prompt()]: prompt is svlngen4-fab1-apic1#
DEBUG:paramiko.transport:starting thread (client mode): 0x327a5b0
DEBUG:paramiko.transport:Local version/idstring: SSH-2.0-paramiko_2.10.3
DEBUG:paramiko.transport:Remote version/idstring: SSH-2.0-OpenSSH_8.2
INFO:paramiko.transport:Connected (version 2.0, client OpenSSH_8.2)
DEBUG:paramiko.transport:=== Key exchange possibilities ===
DEBUG:paramiko.transport:kex algos: curve25519-sha256, curve25519-sha256@libssh.org, diffie-hellman-group1-sha1, diffie-hellman-group14-sha1, diffie-hellman-group14-sha256, diffie-hellman-group16-sha512, ecdh-sha2-nistp256, ecdh-sha2-nistp384, ecdh-sha2-nistp521
DEBUG:paramiko.transport:server key: ssh-rsa
DEBUG:paramiko.transport:client encrypt: aes128-ctr, aes192-ctr, aes256-ctr
DEBUG:paramiko.transport:server encrypt: aes128-ctr, aes192-ctr, aes256-ctr
DEBUG:paramiko.transport:client mac: hmac-sha1, hmac-sha2-256, hmac-sha2-512
DEBUG:paramiko.transport:server mac: hmac-sha1, hmac-sha2-256, hmac-sha2-512
DEBUG:paramiko.transport:client compress: none, zlib@openssh.com
DEBUG:paramiko.transport:server compress: none, zlib@openssh.com
DEBUG:paramiko.transport:client lang: <none>
DEBUG:paramiko.transport:server lang: <none>
DEBUG:paramiko.transport:kex follows: False
DEBUG:paramiko.transport:=== Key exchange agreements ===
DEBUG:paramiko.transport:Kex: curve25519-sha256@libssh.org
DEBUG:paramiko.transport:HostKey: ssh-rsa
DEBUG:paramiko.transport:Cipher: aes128-ctr
DEBUG:paramiko.transport:MAC: hmac-sha2-256
DEBUG:paramiko.transport:Compression: none
DEBUG:paramiko.transport:=== End of kex handshake ===
DEBUG:paramiko.transport:kex engine KexCurve25519 specified hash_algo <built-in function openssl_sha256>
DEBUG:paramiko.transport:Switch to new keys ...
DEBUG:paramiko.transport:Adding ssh-rsa host key for svlngen4-fab1-apic1: b'cb2da8ed61e467840f2aac1ca52bcede'
DEBUG:paramiko.transport:Got EXT_INFO: {'server-sig-algs': b'ssh-ed25519,sk-ssh-ed25519@openssh.com,ssh-rsa,rsa-sha2-256,rsa-sha2-512,ssh-dss,ecdsa-sha2-nistp256,ecdsa-sha2-nistp384,ecdsa-sha2-nistp521,sk-ecdsa-sha2-nistp256@openssh.com'}
DEBUG:paramiko.transport:userauth is OK
INFO:paramiko.transport:Auth banner: b'Application Policy Infrastructure Controller\n'
INFO:paramiko.transport:Authentication (password) successful!
DEBUG:paramiko.transport:[chan 0] Max packet in: 32768 bytes
DEBUG:paramiko.transport:Received global request "hostkeys-00@openssh.com"
DEBUG:paramiko.transport:Rejecting "hostkeys-00@openssh.com" global request from server.
DEBUG:paramiko.transport:[chan 0] Max packet out: 32768 bytes
DEBUG:paramiko.transport:Secsh channel 0 opened.
DEBUG:paramiko.transport:[chan 0] Sesch channel 0 request ok
DEBUG:paramiko.transport:[chan 0] Sesch channel 0 request ok
DEBUG:netmiko:read_channel: 
DEBUG:netmiko:read_channel: 
DEBUG:netmiko:read_channel: 
DEBUG:netmiko:read_channel: 
DEBUG:netmiko:read_channel: 
DEBUG:netmiko:read_channel: 
DEBUG:netmiko:read_channel: 
DEBUG:netmiko:read_channel: 
DEBUG:netmiko:read_channel: 
DEBUG:netmiko:read_channel: 
DEBUG:netmiko:read_channel: 
DEBUG:netmiko:read_channel: 
DEBUG:netmiko:read_channel: 
DEBUG:netmiko:read_channel: 
DEBUG:netmiko:read_channel: 
DEBUG:netmiko:read_channel: 
DEBUG:netmiko:read_channel: 
DEBUG:netmiko:read_channel: 
DEBUG:netmiko:read_channel: 
DEBUG:netmiko:read_channel: 
DEBUG:netmiko:read_channel: 
DEBUG:netmiko:read_channel: 
DEBUG:netmiko:read_channel: 
DEBUG:netmiko:read_channel: 
DEBUG:netmiko:read_channel: 
DEBUG:netmiko:read_channel: 
DEBUG:netmiko:read_channel: 
DEBUG:netmiko:read_channel: 
DEBUG:netmiko:read_channel: 
DEBUG:netmiko:read_channel: 
DEBUG:netmiko:read_channel: 
DEBUG:netmiko:read_channel: 
DEBUG:netmiko:read_channel: 
DEBUG:netmiko:read_channel: 
DEBUG:netmiko:read_channel: 
DEBUG:netmiko:read_channel: 
DEBUG:netmiko:read_channel: 
DEBUG:netmiko:read_channel: 
DEBUG:netmiko:read_channel: 
DEBUG:netmiko:read_channel: 
DEBUG:netmiko:read_channel: 
DEBUG:netmiko:read_channel: 
DEBUG:netmiko:read_channel: Last login: 2022-04-23T02:43:51.000-07:00 UTC

DEBUG:netmiko:read_channel: 
DEBUG:netmiko:read_channel: %                                                                                                                                                                                                                                                                                                                                                                                                                                                                                                                              
 

DEBUG:netmiko:read_channel: 
svlngen4-fab1-apic1# 
DEBUG:netmiko:Pattern found: ([>#]) Last login: 2022-04-23T02:43:51.000-07:00 UTC
%                                                                                                                                                                                                                                                                                                                                                                                                                                                                                                                              
 

svlngen4-fab1-apic1#
DEBUG:netmiko:write_channel: b'terminal width 511\n'
DEBUG:netmiko:read_channel: 
DEBUG:netmiko:read_channel: 
DEBUG:netmiko:read_channel: 
DEBUG:netmiko:read_channel: 
DEBUG:netmiko:read_channel: 
DEBUG:netmiko:read_channel: 
DEBUG:netmiko:read_channel: 
DEBUG:netmiko:read_channel: 
DEBUG:netmiko:read_channel: 
DEBUG:netmiko:read_channel: 
DEBUG:netmiko:read_channel: 
DEBUG:netmiko:read_channel: 
DEBUG:netmiko:read_channel: 
DEBUG:netmiko:read_channel: 
DEBUG:netmiko:read_channel: 
DEBUG:netmiko:read_channel: 
DEBUG:netmiko:read_channel: 
DEBUG:netmiko:read_channel: 
DEBUG:netmiko:read_channel: 
DEBUG:netmiko:read_channel: 
DEBUG:netmiko:read_channel: tterminal width 511

DEBUG:netmiko:Pattern found: (terminal width 511)  tterminal width 511
DEBUG:netmiko:In disable_paging
DEBUG:netmiko:Command: terminal length 0

DEBUG:netmiko:write_channel: b'terminal length 0\n'
DEBUG:netmiko:read_channel: 
DEBUG:netmiko:read_channel: 
DEBUG:netmiko:read_channel: 
DEBUG:netmiko:read_channel: 
DEBUG:netmiko:read_channel: 
DEBUG:netmiko:read_channel: 
DEBUG:netmiko:read_channel: 
DEBUG:netmiko:read_channel: 
DEBUG:netmiko:read_channel: 
DEBUG:netmiko:read_channel: 
DEBUG:netmiko:read_channel: 
DEBUG:netmiko:read_channel: 
DEBUG:netmiko:read_channel: 
DEBUG:netmiko:read_channel: 
DEBUG:netmiko:read_channel: 
DEBUG:netmiko:read_channel: 
DEBUG:netmiko:read_channel: 
DEBUG:netmiko:read_channel: 
DEBUG:netmiko:read_channel: 
DEBUG:netmiko:read_channel: %                                                                                                                                                                                                                                                                                                                                                                                                                                                                                                                              
 

svlngen4-fab1-apic1# 
DEBUG:netmiko:read_channel: 
DEBUG:netmiko:read_channel: tterminal length 
DEBUG:netmiko:read_channel: 
DEBUG:netmiko:read_channel: 
DEBUG:netmiko:read_channel: 
DEBUG:netmiko:read_channel: 
DEBUG:netmiko:read_channel: 
DEBUG:netmiko:read_channel: 
DEBUG:netmiko:read_channel: 
DEBUG:netmiko:read_channel: 
DEBUG:netmiko:read_channel: 
DEBUG:netmiko:read_channel: 
DEBUG:netmiko:read_channel: 
DEBUG:netmiko:read_channel: 
DEBUG:netmiko:read_channel: 
DEBUG:netmiko:read_channel: 
DEBUG:netmiko:read_channel: 
DEBUG:netmiko:read_channel: 
DEBUG:netmiko:read_channel: 0
%                                                                                                                                                                                                                                                                                                                                                                                                                                                                                                                              
 

svlngen4-fab1-apic1# 
DEBUG:netmiko:Pattern found: (terminal\ length\ 0) 
%                                                                                                                                                                                                                                                                                                                                                                                                                                                                                                                              
 

svlngen4-fab1-apic1# tterminal length 0
DEBUG:netmiko:
%                                                                                                                                                                                                                                                                                                                                                                                                                                                                                                                              
 

svlngen4-fab1-apic1# tterminal length 0
DEBUG:netmiko:Exiting disable_paging
DEBUG:netmiko:read_channel: 
DEBUG:netmiko:Clear buffer detects data in the channel
DEBUG:netmiko:read_channel: 
DEBUG:netmiko:write_channel: b'\n'
DEBUG:netmiko:read_channel: 
DEBUG:netmiko:read_channel: 
DEBUG:netmiko:read_channel: 
DEBUG:netmiko:read_channel: 
DEBUG:netmiko:read_channel: 
DEBUG:netmiko:read_channel: 
DEBUG:netmiko:read_channel: 
DEBUG:netmiko:read_channel: 
DEBUG:netmiko:read_channel: 
DEBUG:netmiko:read_channel: 
DEBUG:netmiko:read_channel: 
DEBUG:netmiko:read_channel: 
DEBUG:netmiko:read_channel: 
DEBUG:netmiko:read_channel: 
DEBUG:netmiko:read_channel: 
DEBUG:netmiko:read_channel: 
DEBUG:netmiko:read_channel: 
DEBUG:netmiko:read_channel: 
DEBUG:netmiko:read_channel: 
DEBUG:netmiko:read_channel: 
DEBUG:netmiko:read_channel: 
DEBUG:netmiko:read_channel: 
DEBUG:netmiko:read_channel: 
DEBUG:netmiko:read_channel: 
DEBUG:netmiko:read_channel: 
DEBUG:netmiko:read_channel: 
DEBUG:netmiko:read_channel: 
DEBUG:netmiko:read_channel: 
DEBUG:netmiko:read_channel: 
DEBUG:netmiko:read_channel: 
DEBUG:netmiko:read_channel: 
%                                                                                                                                                                                                                                                                                                                                                                                                                                                                                                                              
 

svlngen4-fab1-apic1# 
DEBUG:netmiko:Pattern found: (\#|>) 
%                                                                                                                                                                                                                                                                                                                                                                                                                                                                                                                              
 

svlngen4-fab1-apic1#
DEBUG:netmiko:read_channel: 
DEBUG:netmiko:Clear buffer detects data in the channel
DEBUG:netmiko:read_channel: 
DEBUG:netmiko:[find_prompt()]: prompt is svlngen4-fab1-apic1#
DEBUG:netmiko:read_channel: 
DEBUG:netmiko:write_channel: b'\n'
DEBUG:netmiko:read_channel: 
DEBUG:netmiko:write_channel: b'\n'
DEBUG:netmiko:read_channel: 
DEBUG:netmiko:write_channel: b'\n'
DEBUG:netmiko:read_channel: 
DEBUG:netmiko:write_channel: b'\n'
DEBUG:netmiko:read_channel: 
DEBUG:netmiko:write_channel: b'\n'
DEBUG:netmiko:read_channel: 
%                                                                                                                                                                                                                                                                                                                                                                                                                                                                                                                              
 

svlngen4-fab1-apic1# 
DEBUG:netmiko:read_channel: 
DEBUG:netmiko:[find_prompt()]: prompt is svlngen4-fab1-apic1#
DEBUG:paramiko.transport:starting thread (client mode): 0xf06d550
DEBUG:paramiko.transport:Local version/idstring: SSH-2.0-paramiko_2.10.3
DEBUG:paramiko.transport:Remote version/idstring: SSH-2.0-OpenSSH_8.2
INFO:paramiko.transport:Connected (version 2.0, client OpenSSH_8.2)
DEBUG:paramiko.transport:=== Key exchange possibilities ===
DEBUG:paramiko.transport:kex algos: curve25519-sha256, curve25519-sha256@libssh.org, diffie-hellman-group1-sha1, diffie-hellman-group14-sha1, diffie-hellman-group14-sha256, diffie-hellman-group16-sha512, ecdh-sha2-nistp256, ecdh-sha2-nistp384, ecdh-sha2-nistp521
DEBUG:paramiko.transport:server key: ssh-rsa
DEBUG:paramiko.transport:client encrypt: aes128-ctr, aes192-ctr, aes256-ctr
DEBUG:paramiko.transport:server encrypt: aes128-ctr, aes192-ctr, aes256-ctr
DEBUG:paramiko.transport:client mac: hmac-sha1, hmac-sha2-256, hmac-sha2-512
DEBUG:paramiko.transport:server mac: hmac-sha1, hmac-sha2-256, hmac-sha2-512
DEBUG:paramiko.transport:client compress: none, zlib@openssh.com
DEBUG:paramiko.transport:server compress: none, zlib@openssh.com
DEBUG:paramiko.transport:client lang: <none>
DEBUG:paramiko.transport:server lang: <none>
DEBUG:paramiko.transport:kex follows: False
DEBUG:paramiko.transport:=== Key exchange agreements ===
DEBUG:paramiko.transport:Kex: curve25519-sha256@libssh.org
DEBUG:paramiko.transport:HostKey: ssh-rsa
DEBUG:paramiko.transport:Cipher: aes128-ctr
DEBUG:paramiko.transport:MAC: hmac-sha2-256
DEBUG:paramiko.transport:Compression: none
DEBUG:paramiko.transport:=== End of kex handshake ===
DEBUG:paramiko.transport:kex engine KexCurve25519 specified hash_algo <built-in function openssl_sha256>
DEBUG:paramiko.transport:Switch to new keys ...
DEBUG:paramiko.transport:Got EXT_INFO: {'server-sig-algs': b'ssh-ed25519,sk-ssh-ed25519@openssh.com,ssh-rsa,rsa-sha2-256,rsa-sha2-512,ssh-dss,ecdsa-sha2-nistp256,ecdsa-sha2-nistp384,ecdsa-sha2-nistp521,sk-ecdsa-sha2-nistp256@openssh.com'}
DEBUG:paramiko.transport:Adding ssh-rsa host key for svlngen4-fab1-apic1: b'cb2da8ed61e467840f2aac1ca52bcede'
DEBUG:paramiko.transport:userauth is OK
INFO:paramiko.transport:Auth banner: b'Application Policy Infrastructure Controller\n'
INFO:paramiko.transport:Authentication (password) successful!
DEBUG:paramiko.transport:[chan 0] Max packet in: 32768 bytes
DEBUG:paramiko.transport:Received global request "hostkeys-00@openssh.com"
DEBUG:paramiko.transport:Rejecting "hostkeys-00@openssh.com" global request from server.
DEBUG:paramiko.transport:[chan 0] Max packet out: 32768 bytes
DEBUG:paramiko.transport:Secsh channel 0 opened.
DEBUG:paramiko.transport:[chan 0] Sesch channel 0 request ok
DEBUG:paramiko.transport:[chan 0] Sesch channel 0 request ok
DEBUG:netmiko:read_channel: 
DEBUG:netmiko:read_channel: 
DEBUG:netmiko:read_channel: 
DEBUG:netmiko:read_channel: 
DEBUG:netmiko:read_channel: 
DEBUG:netmiko:read_channel: 
DEBUG:netmiko:read_channel: 
DEBUG:netmiko:read_channel: 
DEBUG:netmiko:read_channel: 
DEBUG:netmiko:read_channel: 
DEBUG:netmiko:read_channel: 
DEBUG:netmiko:read_channel: 
DEBUG:netmiko:read_channel: 
DEBUG:netmiko:read_channel: 
DEBUG:netmiko:read_channel: 
DEBUG:netmiko:read_channel: 
DEBUG:netmiko:read_channel: 
DEBUG:netmiko:read_channel: 
DEBUG:netmiko:read_channel: 
DEBUG:netmiko:read_channel: 
DEBUG:netmiko:read_channel: 
DEBUG:netmiko:read_channel: 
DEBUG:netmiko:read_channel: 
DEBUG:netmiko:read_channel: 
DEBUG:netmiko:read_channel: 
DEBUG:netmiko:read_channel: 
DEBUG:netmiko:read_channel: 
DEBUG:netmiko:read_channel: 
DEBUG:netmiko:read_channel: 
DEBUG:netmiko:read_channel: 
DEBUG:netmiko:read_channel: 
DEBUG:netmiko:read_channel: 
DEBUG:netmiko:read_channel: 
DEBUG:netmiko:read_channel: 
DEBUG:netmiko:read_channel: 
DEBUG:netmiko:read_channel: 
DEBUG:netmiko:read_channel: 
DEBUG:netmiko:read_channel: 
DEBUG:netmiko:read_channel: 
DEBUG:netmiko:read_channel: 
DEBUG:netmiko:read_channel: 
DEBUG:netmiko:read_channel: 
DEBUG:netmiko:read_channel: 
DEBUG:netmiko:read_channel: 
DEBUG:netmiko:read_channel: Last login: 2022-04-23T02:44:27.000-07:00 UTC

DEBUG:netmiko:read_channel: 
DEBUG:netmiko:read_channel: 
DEBUG:netmiko:read_channel: 
DEBUG:netmiko:read_channel: 
DEBUG:netmiko:read_channel: %                                                                                                                                                                                                                                                                                                                                                                                                                                                                                                                              
 

svlngen4-fab1-apic1# 
DEBUG:netmiko:Pattern found: ([>#]) Last login: 2022-04-23T02:44:27.000-07:00 UTC
%                                                                                                                                                                                                                                                                                                                                                                                                                                                                                                                              
 

svlngen4-fab1-apic1#
DEBUG:netmiko:write_channel: b'terminal width 511\n'
DEBUG:netmiko:read_channel: 
DEBUG:netmiko:read_channel: 
DEBUG:netmiko:read_channel: 
DEBUG:netmiko:read_channel: 
DEBUG:netmiko:read_channel: 
DEBUG:netmiko:read_channel: 
DEBUG:netmiko:read_channel: 
DEBUG:netmiko:read_channel: 
DEBUG:netmiko:read_channel: 
DEBUG:netmiko:read_channel: 
DEBUG:netmiko:read_channel: 
DEBUG:netmiko:read_channel: 
DEBUG:netmiko:read_channel: 
DEBUG:netmiko:read_channel: 
DEBUG:netmiko:read_channel: 
DEBUG:netmiko:read_channel: 
DEBUG:netmiko:read_channel: 
DEBUG:netmiko:read_channel: 
DEBUG:netmiko:read_channel: 
DEBUG:netmiko:read_channel: 
DEBUG:netmiko:read_channel: 
DEBUG:netmiko:read_channel: 
DEBUG:netmiko:read_channel: 
DEBUG:netmiko:read_channel: 
DEBUG:netmiko:read_channel: 
DEBUG:netmiko:read_channel: tterminal width 511

DEBUG:netmiko:Pattern found: (terminal width 511)  tterminal width 511
DEBUG:netmiko:In disable_paging
DEBUG:netmiko:Command: terminal length 0

DEBUG:netmiko:write_channel: b'terminal length 0\n'
DEBUG:netmiko:read_channel: 
DEBUG:netmiko:read_channel: 
DEBUG:netmiko:read_channel: 
DEBUG:netmiko:read_channel: 
DEBUG:netmiko:read_channel: 
DEBUG:netmiko:read_channel: 
DEBUG:netmiko:read_channel: 
DEBUG:netmiko:read_channel: 
DEBUG:netmiko:read_channel: 
DEBUG:netmiko:read_channel: 
DEBUG:netmiko:read_channel: 
DEBUG:netmiko:read_channel: 
DEBUG:netmiko:read_channel: 
DEBUG:netmiko:read_channel: 
DEBUG:netmiko:read_channel: 
DEBUG:netmiko:read_channel: 
DEBUG:netmiko:read_channel: 
DEBUG:netmiko:read_channel: 
DEBUG:netmiko:read_channel: 
DEBUG:netmiko:read_channel: 
DEBUG:netmiko:read_channel: 
DEBUG:netmiko:read_channel: 
DEBUG:netmiko:read_channel: 
DEBUG:netmiko:read_channel: 
DEBUG:netmiko:read_channel: %                                                                                                                                                                                                                                                                                                                                                                                                                                                                                                                              
 

svlngen4-fab1-apic1# tterminal length 0
%                                                                                                                                                                                                                                                                                                                                                                                                                                                                                                                              
 

DEBUG:netmiko:Pattern found: (terminal\ length\ 0) 
%                                                                                                                                                                                                                                                                                                                                                                                                                                                                                                                              
 

svlngen4-fab1-apic1# tterminal length 0
DEBUG:netmiko:
%                                                                                                                                                                                                                                                                                                                                                                                                                                                                                                                              
 

svlngen4-fab1-apic1# tterminal length 0
DEBUG:netmiko:Exiting disable_paging
DEBUG:netmiko:read_channel: 
DEBUG:netmiko:Clear buffer detects data in the channel
DEBUG:netmiko:read_channel: 
DEBUG:netmiko:write_channel: b'\n'
DEBUG:netmiko:read_channel: 
DEBUG:netmiko:read_channel: 
DEBUG:netmiko:read_channel: 
DEBUG:netmiko:read_channel: 
DEBUG:netmiko:read_channel: 
DEBUG:netmiko:read_channel: 
DEBUG:netmiko:read_channel: 
DEBUG:netmiko:read_channel: 
DEBUG:netmiko:read_channel: 
DEBUG:netmiko:read_channel: 
DEBUG:netmiko:read_channel: 
DEBUG:netmiko:read_channel: 
DEBUG:netmiko:read_channel: 
DEBUG:netmiko:read_channel: 
DEBUG:netmiko:read_channel: 
DEBUG:netmiko:read_channel: 
DEBUG:netmiko:read_channel: 
DEBUG:netmiko:read_channel: 
svlngen4-fab1-apic1# 
DEBUG:netmiko:Pattern found: (\#|>) 
svlngen4-fab1-apic1#
DEBUG:netmiko:read_channel: 
DEBUG:netmiko:Clear buffer detects data in the channel
DEBUG:netmiko:read_channel: 
%                                                                                                                                                                                                                                                                                                                                                                                                                                                                                                                              
 

svlngen4-fab1-apic1# 
DEBUG:netmiko:Clear buffer detects data in the channel
DEBUG:netmiko:read_channel: 
DEBUG:netmiko:[find_prompt()]: prompt is svlngen4-fab1-apic1#
DEBUG:netmiko:read_channel: 
DEBUG:netmiko:write_channel: b'\n'
DEBUG:netmiko:read_channel: 
DEBUG:netmiko:write_channel: b'\n'
DEBUG:netmiko:read_channel: 
DEBUG:netmiko:write_channel: b'\n'
DEBUG:netmiko:read_channel: 
DEBUG:netmiko:write_channel: b'\n'
DEBUG:netmiko:read_channel: 
DEBUG:netmiko:write_channel: b'\n'
DEBUG:netmiko:read_channel: 
%                                                                                                                                                                                                                                                                                                                                                                                                                                                                                                                              
 

svlngen4-fab1-apic1# 
DEBUG:netmiko:read_channel: 
DEBUG:netmiko:[find_prompt()]: prompt is svlngen4-fab1-apic1#
DEBUG:netmiko:write_channel: b'show version\n'
DEBUG:netmiko:read_channel: 
DEBUG:netmiko:read_channel: 
DEBUG:netmiko:read_channel: 
DEBUG:netmiko:read_channel: 
DEBUG:netmiko:read_channel: 
DEBUG:netmiko:read_channel: 
DEBUG:netmiko:read_channel: 
DEBUG:netmiko:read_channel: 
%                                                                                                                                                                                                                                                                                                                                                                                                                                                                                                                              
 

svlngen4-fab1-apic1# 
%                                                                                                                                                                                                                                                                                                                                                                                                                                                                                                                              
 

DEBUG:netmiko:read_channel: 
DEBUG:netmiko:read_channel: 
svlngen4-fab1-apic1# 
%                                                                                                                                                                                                                                                                                                                                                                                                                                                                                                                              
 

svlngen4-fab1-apic1# 
%                                                                                                                                                                                                                                                                                                                                                                                                                                                                                                                              
 

svlngen4-fab1-apic1# 
DEBUG:netmiko:read_channel: 
DEBUG:netmiko:read_channel: 
DEBUG:netmiko:read_channel: 
DEBUG:netmiko:read_channel: 
DEBUG:netmiko:read_channel: 
DEBUG:netmiko:read_channel: 
DEBUG:netmiko:read_channel: 
DEBUG:netmiko:read_channel: 
DEBUG:netmiko:read_channel: 
DEBUG:netmiko:read_channel: 
DEBUG:netmiko:read_channel: 
DEBUG:netmiko:read_channel: 
DEBUG:netmiko:read_channel: 
DEBUG:netmiko:read_channel: 
DEBUG:netmiko:read_channel: 
DEBUG:netmiko:read_channel: 
DEBUG:netmiko:read_channel: ssh
DEBUG:netmiko:read_channel: ow version

DEBUG:netmiko:Pattern found: (show\ version) 
%                                                                                                                                                                                                                                                                                                                                                                                                                                                                                                                              
 

svlngen4-fab1-apic1# 
%                                                                                                                                                                                                                                                                                                                                                                                                                                                                                                                              
 

svlngen4-fab1-apic1# 
%                                                                                                                                                                                                                                                                                                                                                                                                                                                                                                                              
 

svlngen4-fab1-apic1# 
%                                                                                                                                                                                                                                                                                                                                                                                                                                                                                                                              
 

svlngen4-fab1-apic1# sshow version
DEBUG:netmiko:read_channel: 
DEBUG:netmiko:read_channel: 
DEBUG:netmiko:read_channel: 
DEBUG:netmiko:read_channel: 
DEBUG:netmiko:read_channel: 
DEBUG:netmiko:read_channel: 
DEBUG:netmiko:read_channel: 
DEBUG:netmiko:read_channel: 
DEBUG:netmiko:read_channel: 
DEBUG:netmiko:read_channel: 
DEBUG:netmiko:read_channel: 
DEBUG:netmiko:read_channel: 
DEBUG:netmiko:read_channel: 
DEBUG:netmiko:read_channel: 
DEBUG:netmiko:read_channel: 
DEBUG:netmiko:read_channel: 
DEBUG:netmiko:read_channel: 
DEBUG:netmiko:read_channel: 
DEBUG:netmiko:read_channel: 
DEBUG:netmiko:read_channel: 
DEBUG:netmiko:read_channel: 
DEBUG:netmiko:read_channel: 
DEBUG:netmiko:read_channel: 
DEBUG:netmiko:read_channel: 
DEBUG:netmiko:read_channel: 
DEBUG:netmiko:read_channel: 
DEBUG:netmiko:read_channel: 
DEBUG:netmiko:read_channel: 
DEBUG:netmiko:read_channel: 
DEBUG:netmiko:read_channel: 
DEBUG:netmiko:read_channel: 
DEBUG:netmiko:read_channel: 
DEBUG:netmiko:read_channel: 
DEBUG:netmiko:read_channel: 
DEBUG:netmiko:read_channel: 
DEBUG:netmiko:read_channel: 
DEBUG:netmiko:read_channel: 
DEBUG:netmiko:read_channel: 
DEBUG:netmiko:read_channel: 
DEBUG:netmiko:read_channel: 
DEBUG:netmiko:read_channel: 
DEBUG:netmiko:read_channel: 
DEBUG:netmiko:read_channel: 
DEBUG:netmiko:read_channel: 
DEBUG:netmiko:read_channel: 
DEBUG:netmiko:read_channel: 
DEBUG:netmiko:read_channel: 
DEBUG:netmiko:read_channel: 
DEBUG:netmiko:read_channel: 
DEBUG:netmiko:read_channel: 
DEBUG:netmiko:read_channel: 
DEBUG:netmiko:read_channel: 
DEBUG:netmiko:read_channel: 
DEBUG:netmiko:read_channel: 
DEBUG:netmiko:read_channel: 
DEBUG:netmiko:read_channel: 
DEBUG:netmiko:read_channel: 
DEBUG:netmiko:read_channel: 
DEBUG:netmiko:read_channel: 
DEBUG:netmiko:read_channel: 
DEBUG:netmiko:read_channel: 
DEBUG:netmiko:read_channel: 
DEBUG:netmiko:read_channel: 
DEBUG:netmiko:read_channel: 
DEBUG:netmiko:read_channel: 
DEBUG:netmiko:read_channel: 
DEBUG:netmiko:read_channel: 
DEBUG:netmiko:read_channel: 
DEBUG:netmiko:read_channel: 
DEBUG:netmiko:read_channel: 
DEBUG:netmiko:read_channel: 
DEBUG:netmiko:read_channel: 
DEBUG:netmiko:read_channel: 
DEBUG:netmiko:read_channel: 
DEBUG:netmiko:read_channel: 
DEBUG:netmiko:read_channel: 
DEBUG:netmiko:read_channel: 
DEBUG:netmiko:read_channel: 
DEBUG:netmiko:read_channel: 
DEBUG:netmiko:read_channel: 
DEBUG:netmiko:read_channel: 
DEBUG:netmiko:read_channel: 
DEBUG:netmiko:read_channel: 
DEBUG:netmiko:read_channel: 
DEBUG:netmiko:read_channel: 
DEBUG:netmiko:read_channel: 
DEBUG:netmiko:read_channel: 
DEBUG:netmiko:read_channel: 
DEBUG:netmiko:read_channel: 
DEBUG:netmiko:read_channel: 
DEBUG:netmiko:read_channel: 
DEBUG:netmiko:read_channel: 
DEBUG:netmiko:read_channel: 
DEBUG:netmiko:read_channel: 
DEBUG:netmiko:read_channel: 
DEBUG:netmiko:read_channel: 
DEBUG:netmiko:read_channel: 
DEBUG:netmiko:read_channel: 
DEBUG:netmiko:read_channel: 
DEBUG:netmiko:read_channel: 
DEBUG:netmiko:read_channel: 
DEBUG:netmiko:read_channel: 
DEBUG:netmiko:read_channel: 
DEBUG:netmiko:read_channel: 
DEBUG:netmiko:read_channel: 
DEBUG:netmiko:read_channel: 
DEBUG:netmiko:read_channel: 
DEBUG:netmiko:read_channel: 
DEBUG:netmiko:read_channel: 
DEBUG:netmiko:read_channel: 
DEBUG:netmiko:read_channel: 
DEBUG:netmiko:read_channel: 
DEBUG:netmiko:read_channel: 
DEBUG:netmiko:read_channel: 
DEBUG:netmiko:read_channel: 
DEBUG:netmiko:read_channel: 
DEBUG:netmiko:read_channel: 
DEBUG:netmiko:read_channel: 
DEBUG:netmiko:read_channel: 
DEBUG:netmiko:read_channel: 
DEBUG:netmiko:read_channel: 
DEBUG:netmiko:read_channel: 
DEBUG:netmiko:read_channel: 
DEBUG:netmiko:read_channel: 
DEBUG:netmiko:read_channel: 
DEBUG:netmiko:read_channel: 
DEBUG:netmiko:read_channel: 
DEBUG:netmiko:read_channel:  Role        Pod         Node        Name                      Version              
 ----------  ----------  ----------  ------------------------  -------------------- 
 controller  1           1           svlngen4-fab1-apic1       5.2(4e)              
 controller  1           2           svlngen4-fab1-apic2       5.2(4e)              
 controller  1           3           svlngen4-fab1-apic3       5.2(4e)              
 controller  1           4           svlngen4-fab1-apic4       5.2(4e)              
 controller  1           5           svlngen4-fab1-apic5       5.2(4e)              
 leaf        1           400         svlngen4-fab1-sw400       n9000-15.2(4e)       
 leaf        1           401         svlngen4-fab1-sw401       n9000-15.2(4e)       
 leaf        1           1011        svlngen4-fab1-sw1011      n9000-15.2(4e)       
 leaf        1           1012        svlngen4-fab1-sw1012      n9000-15.2(4e)       

DEBUG:netmiko:read_channel: 
DEBUG:netmiko:read_channel: 
DEBUG:netmiko:read_channel: 
DEBUG:netmiko:read_channel: 
DEBUG:netmiko:read_channel: 
DEBUG:netmiko:read_channel: 
DEBUG:netmiko:read_channel: 
DEBUG:netmiko:read_channel: 
DEBUG:netmiko:read_channel: 
DEBUG:netmiko:read_channel:  leaf        1           1021        svlngen4-fab1-sw1021      n9000-15.2(4e)       
 leaf        1           1022        svlngen4-fab1-sw1022      n9000-15.2(4e)       
 leaf        1           1031        svlngen4-fab1-sw1031      n9000-15.2(4e)       
 leaf        1           1032        svlngen4-fab1-sw1032      n9000-15.2(4e)       
 leaf        1           1041        svlngen4-fab1-sw1041      n9000-15.2(4e)       
 leaf        1           1042        svlngen4-fab1-sw1042      n9000-15.2(4e)       
 leaf        1           1061        svlngen4-fab1-sw1061      n9000-15.2(4e)       
 leaf        1           1062        svlngen4-fab1-sw1062      n9000-15.2(4e)       
 leaf        1           3811        svlngen4-fab1-sw3811      n9000-15.2(4e)       
 leaf        1           3812        svlngen4-fab1-sw3812      n9000-15.2(4e)       
 leaf        1           3813        svlngen4-fab1-sw3813      n9000-15.2(4e)       
 leaf        1           3814        svlngen4-fab1-sw3814      n9000-15.2(4e)       
 leaf        1           3821        svlngen4-fab1-sw3821      n9000-15.2(4e)       
 leaf        1           3822        svlngen4-fab1-sw3822      n9000-15.2(4e)       
 leaf        1           3823        svlngen4-fab1-sw3823      n9000-15.2(4e)       
 leaf        1           3824        svlngen4-fab1-sw3824      n9000-15.2(4e)       
 spine       1           3911        svlngen4-fab1-sw3911      n9000-15.2(4e)       
 spine       1           3912        svlngen4-fab1-sw3912      n9000-15.2(4e)       
 spine       1           3913        svlngen4-fab1-sw3913      n9000-15.2(4e)       
 spine       1           3914        svlngen4-fab1-sw3914      n9000-15.2(4e)       

%                                                                                                                                                                                                                                                                                                                                                                                                                                                                                                                              
 

svlngen4-fab1-apic1# 
DEBUG:paramiko.transport:starting thread (client mode): 0x8912520
DEBUG:paramiko.transport:Local version/idstring: SSH-2.0-paramiko_2.10.3
DEBUG:paramiko.transport:Remote version/idstring: SSH-2.0-OpenSSH_8.2
INFO:paramiko.transport:Connected (version 2.0, client OpenSSH_8.2)
DEBUG:paramiko.transport:=== Key exchange possibilities ===
DEBUG:paramiko.transport:kex algos: curve25519-sha256, curve25519-sha256@libssh.org, diffie-hellman-group1-sha1, diffie-hellman-group14-sha1, diffie-hellman-group14-sha256, diffie-hellman-group16-sha512, ecdh-sha2-nistp256, ecdh-sha2-nistp384, ecdh-sha2-nistp521
DEBUG:paramiko.transport:server key: ssh-rsa
DEBUG:paramiko.transport:client encrypt: aes128-ctr, aes192-ctr, aes256-ctr
DEBUG:paramiko.transport:server encrypt: aes128-ctr, aes192-ctr, aes256-ctr
DEBUG:paramiko.transport:client mac: hmac-sha1, hmac-sha2-256, hmac-sha2-512
DEBUG:paramiko.transport:server mac: hmac-sha1, hmac-sha2-256, hmac-sha2-512
DEBUG:paramiko.transport:client compress: none, zlib@openssh.com
DEBUG:paramiko.transport:server compress: none, zlib@openssh.com
DEBUG:paramiko.transport:client lang: <none>
DEBUG:paramiko.transport:server lang: <none>
DEBUG:paramiko.transport:kex follows: False
DEBUG:paramiko.transport:=== Key exchange agreements ===
DEBUG:paramiko.transport:Kex: curve25519-sha256@libssh.org
DEBUG:paramiko.transport:HostKey: ssh-rsa
DEBUG:paramiko.transport:Cipher: aes128-ctr
DEBUG:paramiko.transport:MAC: hmac-sha2-256
DEBUG:paramiko.transport:Compression: none
DEBUG:paramiko.transport:=== End of kex handshake ===
DEBUG:paramiko.transport:kex engine KexCurve25519 specified hash_algo <built-in function openssl_sha256>
DEBUG:paramiko.transport:Switch to new keys ...
DEBUG:paramiko.transport:Adding ssh-rsa host key for svlngen4-fab1-apic1: b'cb2da8ed61e467840f2aac1ca52bcede'
DEBUG:paramiko.transport:Got EXT_INFO: {'server-sig-algs': b'ssh-ed25519,sk-ssh-ed25519@openssh.com,ssh-rsa,rsa-sha2-256,rsa-sha2-512,ssh-dss,ecdsa-sha2-nistp256,ecdsa-sha2-nistp384,ecdsa-sha2-nistp521,sk-ecdsa-sha2-nistp256@openssh.com'}
DEBUG:paramiko.transport:userauth is OK
INFO:paramiko.transport:Auth banner: b'Application Policy Infrastructure Controller\n'
INFO:paramiko.transport:Authentication (password) successful!
DEBUG:paramiko.transport:[chan 0] Max packet in: 32768 bytes
DEBUG:paramiko.transport:Received global request "hostkeys-00@openssh.com"
DEBUG:paramiko.transport:Rejecting "hostkeys-00@openssh.com" global request from server.
DEBUG:paramiko.transport:[chan 0] Max packet out: 32768 bytes
DEBUG:paramiko.transport:Secsh channel 0 opened.
DEBUG:paramiko.transport:[chan 0] Sesch channel 0 request ok
DEBUG:paramiko.transport:[chan 0] Sesch channel 0 request ok
DEBUG:netmiko:read_channel: 
DEBUG:netmiko:read_channel: 
DEBUG:netmiko:read_channel: 
DEBUG:netmiko:read_channel: 
DEBUG:netmiko:read_channel: 
DEBUG:netmiko:read_channel: 
DEBUG:netmiko:read_channel: 
DEBUG:netmiko:read_channel: 
DEBUG:netmiko:read_channel: 
DEBUG:netmiko:read_channel: 
DEBUG:netmiko:read_channel: 
DEBUG:netmiko:read_channel: 
DEBUG:netmiko:read_channel: 
DEBUG:netmiko:read_channel: 
DEBUG:netmiko:read_channel: 
DEBUG:netmiko:read_channel: 
DEBUG:netmiko:read_channel: 
DEBUG:netmiko:read_channel: 
DEBUG:netmiko:read_channel: 
DEBUG:netmiko:read_channel: 
DEBUG:netmiko:read_channel: 
DEBUG:netmiko:read_channel: 
DEBUG:netmiko:read_channel: 
DEBUG:netmiko:read_channel: 
DEBUG:netmiko:read_channel: 
DEBUG:netmiko:read_channel: 
DEBUG:netmiko:read_channel: 
DEBUG:netmiko:read_channel: 
DEBUG:netmiko:read_channel: 
DEBUG:netmiko:read_channel: 
DEBUG:netmiko:read_channel: 
DEBUG:netmiko:read_channel: 
DEBUG:netmiko:read_channel: 
DEBUG:netmiko:read_channel: 
DEBUG:netmiko:read_channel: 
DEBUG:netmiko:read_channel: 
DEBUG:netmiko:read_channel: 
DEBUG:netmiko:read_channel: 
DEBUG:netmiko:read_channel: Last login: 2022-04-23T02:44:50.000-07:00 UTC

DEBUG:netmiko:read_channel: 
DEBUG:netmiko:read_channel: 
DEBUG:netmiko:read_channel: 
DEBUG:netmiko:read_channel: 
DEBUG:netmiko:read_channel: 
DEBUG:netmiko:read_channel: %                                                                                                                                                                                                                                                                                                                                                                                                                                                                                                                              
 

svlngen4-fab1-apic1# 
DEBUG:netmiko:Pattern found: ([>#]) Last login: 2022-04-23T02:44:50.000-07:00 UTC
%                                                                                                                                                                                                                                                                                                                                                                                                                                                                                                                              
 

svlngen4-fab1-apic1#
DEBUG:netmiko:write_channel: b'terminal width 511\n'
DEBUG:netmiko:read_channel: 
DEBUG:netmiko:read_channel: 
DEBUG:netmiko:read_channel: 
DEBUG:netmiko:read_channel: 
DEBUG:netmiko:read_channel: 
DEBUG:netmiko:read_channel: 
DEBUG:netmiko:read_channel: 
DEBUG:netmiko:read_channel: 
DEBUG:netmiko:read_channel: 
DEBUG:netmiko:read_channel: 
DEBUG:netmiko:read_channel: 
DEBUG:netmiko:read_channel: 
DEBUG:netmiko:read_channel: 
DEBUG:netmiko:read_channel: 
DEBUG:netmiko:read_channel: 
DEBUG:netmiko:read_channel: 
DEBUG:netmiko:read_channel: 
DEBUG:netmiko:read_channel: 
DEBUG:netmiko:read_channel: 
DEBUG:netmiko:read_channel: 
DEBUG:netmiko:read_channel: 
DEBUG:netmiko:read_channel: tterminal width 511

DEBUG:netmiko:Pattern found: (terminal width 511)  tterminal width 511
DEBUG:netmiko:In disable_paging
DEBUG:netmiko:Command: terminal length 0

DEBUG:netmiko:write_channel: b'terminal length 0\n'
DEBUG:netmiko:read_channel: 
DEBUG:netmiko:read_channel: 
DEBUG:netmiko:read_channel: 
DEBUG:netmiko:read_channel: 
DEBUG:netmiko:read_channel: 
DEBUG:netmiko:read_channel: 
DEBUG:netmiko:read_channel: 
DEBUG:netmiko:read_channel: 
DEBUG:netmiko:read_channel: 
DEBUG:netmiko:read_channel: 
DEBUG:netmiko:read_channel: 
DEBUG:netmiko:read_channel: 
DEBUG:netmiko:read_channel: 
DEBUG:netmiko:read_channel: 
DEBUG:netmiko:read_channel: 
DEBUG:netmiko:read_channel: 
DEBUG:netmiko:read_channel: 
DEBUG:netmiko:read_channel: 
DEBUG:netmiko:read_channel: 
DEBUG:netmiko:read_channel: %                                                                                                                                                                                                                                                                                                                                                                                                                                                                                                                              
 

svlngen4-fab1-apic1# 
DEBUG:netmiko:read_channel: tterminal length 0

DEBUG:netmiko:Pattern found: (terminal\ length\ 0) 
%                                                                                                                                                                                                                                                                                                                                                                                                                                                                                                                              
 

svlngen4-fab1-apic1# tterminal length 0
DEBUG:netmiko:
%                                                                                                                                                                                                                                                                                                                                                                                                                                                                                                                              
 

svlngen4-fab1-apic1# tterminal length 0
DEBUG:netmiko:Exiting disable_paging
DEBUG:netmiko:read_channel: 
DEBUG:netmiko:Clear buffer detects data in the channel
DEBUG:netmiko:read_channel: 
DEBUG:netmiko:write_channel: b'\n'
DEBUG:netmiko:read_channel: 
DEBUG:netmiko:read_channel: 
DEBUG:netmiko:read_channel: 
DEBUG:netmiko:read_channel: 
DEBUG:netmiko:read_channel: 
DEBUG:netmiko:read_channel: 
DEBUG:netmiko:read_channel: 
DEBUG:netmiko:read_channel: 
DEBUG:netmiko:read_channel: 
DEBUG:netmiko:read_channel: 
DEBUG:netmiko:read_channel: 
DEBUG:netmiko:read_channel: 
DEBUG:netmiko:read_channel: 
DEBUG:netmiko:read_channel: 
DEBUG:netmiko:read_channel: 
DEBUG:netmiko:read_channel: %                                                                                                                                                                                                                                                                                                                                                                                                                                                                                                                              
 

svlngen4-fab1-apic1# 
DEBUG:netmiko:Pattern found: (\#|>) %                                                                                                                                                                                                                                                                                                                                                                                                                                                                                                                              
 

svlngen4-fab1-apic1#
DEBUG:netmiko:read_channel: 
DEBUG:netmiko:Clear buffer detects data in the channel
DEBUG:netmiko:read_channel: 
DEBUG:netmiko:[find_prompt()]: prompt is svlngen4-fab1-apic1#
DEBUG:netmiko:read_channel: 
DEBUG:netmiko:write_channel: b'\n'
DEBUG:netmiko:read_channel: 
%                                                                                                                                                                                                                                                                                                                                                                                                                                                                                                                              
 

svlngen4-fab1-apic1# 
DEBUG:netmiko:read_channel: 
DEBUG:netmiko:[find_prompt()]: prompt is svlngen4-fab1-apic1#
DEBUG:netmiko:write_channel: b'cd /data/techsupport/\n'
DEBUG:netmiko:read_channel: 
DEBUG:netmiko:read_channel: 
DEBUG:netmiko:read_channel: 
DEBUG:netmiko:read_channel: 
DEBUG:netmiko:read_channel: 
DEBUG:netmiko:read_channel: 
DEBUG:netmiko:read_channel: 
DEBUG:netmiko:read_channel: 
DEBUG:netmiko:read_channel: 
DEBUG:netmiko:read_channel: 
DEBUG:netmiko:read_channel: 
DEBUG:netmiko:read_channel: 
DEBUG:netmiko:read_channel: 
DEBUG:netmiko:read_channel: 
DEBUG:netmiko:read_channel: 
DEBUG:netmiko:read_channel: 
DEBUG:netmiko:read_channel: 
DEBUG:netmiko:read_channel: 
DEBUG:netmiko:read_channel: 
%                                                                                                                                                                                                                                                                                                                                                                                                                                                                                                                              
 

DEBUG:netmiko:read_channel: 
svlngen4-fab1-apic1# 
DEBUG:netmiko:read_channel: 
DEBUG:netmiko:read_channel: 
DEBUG:netmiko:read_channel: 
DEBUG:netmiko:read_channel: 
DEBUG:netmiko:read_channel: 
DEBUG:netmiko:read_channel: 
DEBUG:netmiko:read_channel: 
DEBUG:netmiko:read_channel: 
DEBUG:netmiko:read_channel: 
DEBUG:netmiko:read_channel: 
DEBUG:netmiko:read_channel: 
DEBUG:netmiko:read_channel: 
DEBUG:netmiko:read_channel: 
DEBUG:netmiko:read_channel: 
DEBUG:netmiko:read_channel: 
DEBUG:netmiko:read_channel: 
DEBUG:netmiko:read_channel: 
DEBUG:netmiko:read_channel: 
DEBUG:netmiko:read_channel: ccd /data/techsupport/
%                                                                                                                                                                                                                                                                                                                                                                                                                                                                                                                              
 

DEBUG:netmiko:Pattern found: (cd\ /data/techsupport/) 
%                                                                                                                                                                                                                                                                                                                                                                                                                                                                                                                              
 

svlngen4-fab1-apic1# ccd /data/techsupport/
DEBUG:netmiko:read_channel: 
DEBUG:netmiko:read_channel: 
DEBUG:netmiko:read_channel: 
DEBUG:netmiko:read_channel: 
DEBUG:netmiko:read_channel: 
DEBUG:netmiko:read_channel: 
DEBUG:netmiko:read_channel: 
DEBUG:netmiko:read_channel: 
svlngen4-fab1-apic1# 
DEBUG:paramiko.transport:starting thread (client mode): 0xcafe610
DEBUG:paramiko.transport:Local version/idstring: SSH-2.0-paramiko_2.10.3
DEBUG:paramiko.transport:Remote version/idstring: SSH-2.0-OpenSSH_8.2
INFO:paramiko.transport:Connected (version 2.0, client OpenSSH_8.2)
DEBUG:paramiko.transport:=== Key exchange possibilities ===
DEBUG:paramiko.transport:kex algos: curve25519-sha256, curve25519-sha256@libssh.org, diffie-hellman-group1-sha1, diffie-hellman-group14-sha1, diffie-hellman-group14-sha256, diffie-hellman-group16-sha512, ecdh-sha2-nistp256, ecdh-sha2-nistp384, ecdh-sha2-nistp521
DEBUG:paramiko.transport:server key: ssh-rsa
DEBUG:paramiko.transport:client encrypt: aes128-ctr, aes192-ctr, aes256-ctr
DEBUG:paramiko.transport:server encrypt: aes128-ctr, aes192-ctr, aes256-ctr
DEBUG:paramiko.transport:client mac: hmac-sha1, hmac-sha2-256, hmac-sha2-512
DEBUG:paramiko.transport:server mac: hmac-sha1, hmac-sha2-256, hmac-sha2-512
DEBUG:paramiko.transport:client compress: none, zlib@openssh.com
DEBUG:paramiko.transport:server compress: none, zlib@openssh.com
DEBUG:paramiko.transport:client lang: <none>
DEBUG:paramiko.transport:server lang: <none>
DEBUG:paramiko.transport:kex follows: False
DEBUG:paramiko.transport:=== Key exchange agreements ===
DEBUG:paramiko.transport:Kex: curve25519-sha256@libssh.org
DEBUG:paramiko.transport:HostKey: ssh-rsa
DEBUG:paramiko.transport:Cipher: aes128-ctr
DEBUG:paramiko.transport:MAC: hmac-sha2-256
DEBUG:paramiko.transport:Compression: none
DEBUG:paramiko.transport:=== End of kex handshake ===
DEBUG:paramiko.transport:kex engine KexCurve25519 specified hash_algo <built-in function openssl_sha256>
DEBUG:paramiko.transport:Switch to new keys ...
DEBUG:paramiko.transport:Adding ssh-rsa host key for svlngen4-fab1-apic1: b'cb2da8ed61e467840f2aac1ca52bcede'
DEBUG:paramiko.transport:Got EXT_INFO: {'server-sig-algs': b'ssh-ed25519,sk-ssh-ed25519@openssh.com,ssh-rsa,rsa-sha2-256,rsa-sha2-512,ssh-dss,ecdsa-sha2-nistp256,ecdsa-sha2-nistp384,ecdsa-sha2-nistp521,sk-ecdsa-sha2-nistp256@openssh.com'}
DEBUG:paramiko.transport:userauth is OK
INFO:paramiko.transport:Auth banner: b'Application Policy Infrastructure Controller\n'
INFO:paramiko.transport:Authentication (password) successful!
DEBUG:paramiko.transport:[chan 0] Max packet in: 32768 bytes
DEBUG:paramiko.transport:Received global request "hostkeys-00@openssh.com"
DEBUG:paramiko.transport:Rejecting "hostkeys-00@openssh.com" global request from server.
DEBUG:paramiko.transport:[chan 0] Max packet out: 32768 bytes
DEBUG:paramiko.transport:Secsh channel 0 opened.
DEBUG:paramiko.transport:[chan 0] Sesch channel 0 request ok
DEBUG:paramiko.transport:[chan 0] Sesch channel 0 request ok
DEBUG:netmiko:read_channel: 
DEBUG:netmiko:read_channel: 
DEBUG:netmiko:read_channel: 
DEBUG:netmiko:read_channel: 
DEBUG:netmiko:read_channel: 
DEBUG:netmiko:read_channel: 
DEBUG:netmiko:read_channel: 
DEBUG:netmiko:read_channel: 
DEBUG:netmiko:read_channel: 
DEBUG:netmiko:read_channel: 
DEBUG:netmiko:read_channel: 
DEBUG:netmiko:read_channel: 
DEBUG:netmiko:read_channel: 
DEBUG:netmiko:read_channel: 
DEBUG:netmiko:read_channel: 
DEBUG:netmiko:read_channel: 
DEBUG:netmiko:read_channel: 
DEBUG:netmiko:read_channel: 
DEBUG:netmiko:read_channel: 
DEBUG:netmiko:read_channel: 
DEBUG:netmiko:read_channel: 
DEBUG:netmiko:read_channel: 
DEBUG:netmiko:read_channel: 
DEBUG:netmiko:read_channel: 
DEBUG:netmiko:read_channel: 
DEBUG:netmiko:read_channel: 
DEBUG:netmiko:read_channel: 
DEBUG:netmiko:read_channel: 
DEBUG:netmiko:read_channel: 
DEBUG:netmiko:read_channel: 
DEBUG:netmiko:read_channel: 
DEBUG:netmiko:read_channel: 
DEBUG:netmiko:read_channel: 
DEBUG:netmiko:read_channel: 
DEBUG:netmiko:read_channel: 
DEBUG:netmiko:read_channel: 
DEBUG:netmiko:read_channel: 
DEBUG:netmiko:read_channel: 
DEBUG:netmiko:read_channel: 
DEBUG:netmiko:read_channel: 
DEBUG:netmiko:read_channel: 
DEBUG:netmiko:read_channel: 
DEBUG:netmiko:read_channel: 
DEBUG:netmiko:read_channel: 
DEBUG:netmiko:read_channel: Last login: 2022-04-23T02:45:18.000-07:00 UTC

DEBUG:netmiko:read_channel: 
DEBUG:netmiko:read_channel: 
DEBUG:netmiko:read_channel: %                                                                                                                                                                                                                                                                                                                                                                                                                                                                                                                              
 

DEBUG:netmiko:read_channel: 
svlngen4-fab1-apic1# 
DEBUG:netmiko:Pattern found: ([>#]) Last login: 2022-04-23T02:45:18.000-07:00 UTC
%                                                                                                                                                                                                                                                                                                                                                                                                                                                                                                                              
 

svlngen4-fab1-apic1#
DEBUG:netmiko:write_channel: b'terminal width 511\n'
DEBUG:netmiko:read_channel: 
DEBUG:netmiko:read_channel: 
DEBUG:netmiko:read_channel: 
DEBUG:netmiko:read_channel: 
DEBUG:netmiko:read_channel: 
DEBUG:netmiko:read_channel: 
DEBUG:netmiko:read_channel: 
DEBUG:netmiko:read_channel: 
DEBUG:netmiko:read_channel: 
DEBUG:netmiko:read_channel: 
DEBUG:netmiko:read_channel: 
DEBUG:netmiko:read_channel: 
DEBUG:netmiko:read_channel: 
DEBUG:netmiko:read_channel: 
DEBUG:netmiko:read_channel: 
DEBUG:netmiko:read_channel: 
DEBUG:netmiko:read_channel: 
DEBUG:netmiko:read_channel: 
DEBUG:netmiko:read_channel: 
DEBUG:netmiko:read_channel: 
DEBUG:netmiko:read_channel: 
DEBUG:netmiko:read_channel: tterminal width 511

DEBUG:netmiko:Pattern found: (terminal width 511)  tterminal width 511
DEBUG:netmiko:In disable_paging
DEBUG:netmiko:Command: terminal length 0

DEBUG:netmiko:write_channel: b'terminal length 0\n'
DEBUG:netmiko:read_channel: 
DEBUG:netmiko:read_channel: 
DEBUG:netmiko:read_channel: 
DEBUG:netmiko:read_channel: 
DEBUG:netmiko:read_channel: 
DEBUG:netmiko:read_channel: 
DEBUG:netmiko:read_channel: 
DEBUG:netmiko:read_channel: 
DEBUG:netmiko:read_channel: 
DEBUG:netmiko:read_channel: 
DEBUG:netmiko:read_channel: 
DEBUG:netmiko:read_channel: 
DEBUG:netmiko:read_channel: 
DEBUG:netmiko:read_channel: 
DEBUG:netmiko:read_channel: 
DEBUG:netmiko:read_channel: 
DEBUG:netmiko:read_channel: 
DEBUG:netmiko:read_channel: 
DEBUG:netmiko:read_channel: 
DEBUG:netmiko:read_channel: 
DEBUG:netmiko:read_channel: %                                                                                                                                                                                                                                                                                                                                                                                                                                                                                                                              
 

svlngen4-fab1-apic1# 
DEBUG:netmiko:read_channel: tterminal length 0

DEBUG:netmiko:Pattern found: (terminal\ length\ 0) 
%                                                                                                                                                                                                                                                                                                                                                                                                                                                                                                                              
 

svlngen4-fab1-apic1# tterminal length 0
DEBUG:netmiko:
%                                                                                                                                                                                                                                                                                                                                                                                                                                                                                                                              
 

svlngen4-fab1-apic1# tterminal length 0
DEBUG:netmiko:Exiting disable_paging
DEBUG:netmiko:read_channel: %                                                                                                                                                                                                                                                                                                                                                                                                                                                                                                                              
 

svlngen4-fab1-apic1# 
DEBUG:netmiko:Clear buffer detects data in the channel
DEBUG:netmiko:read_channel: 
DEBUG:netmiko:write_channel: b'\n'
DEBUG:netmiko:read_channel: 
DEBUG:netmiko:read_channel: 
DEBUG:netmiko:read_channel: 
DEBUG:netmiko:read_channel: 
DEBUG:netmiko:read_channel: 
DEBUG:netmiko:read_channel: 
DEBUG:netmiko:read_channel: 
DEBUG:netmiko:read_channel: 
DEBUG:netmiko:read_channel: 
DEBUG:netmiko:read_channel: 
DEBUG:netmiko:read_channel: 
DEBUG:netmiko:read_channel: 
DEBUG:netmiko:read_channel: 
DEBUG:netmiko:read_channel: 
DEBUG:netmiko:read_channel: 
DEBUG:netmiko:read_channel: 
DEBUG:netmiko:read_channel: 
DEBUG:netmiko:read_channel: 
DEBUG:netmiko:read_channel: 
DEBUG:netmiko:read_channel: 
DEBUG:netmiko:read_channel: 
%                                                                                                                                                                                                                                                                                                                                                                                                                                                                                                                              
 

DEBUG:netmiko:read_channel: 
svlngen4-fab1-apic1# 
DEBUG:netmiko:Pattern found: (\#|>) 
%                                                                                                                                                                                                                                                                                                                                                                                                                                                                                                                              
 

svlngen4-fab1-apic1#
DEBUG:netmiko:read_channel: 
DEBUG:netmiko:Clear buffer detects data in the channel
DEBUG:netmiko:read_channel: 
DEBUG:netmiko:[find_prompt()]: prompt is svlngen4-fab1-apic1#
DEBUG:netmiko:read_channel: 
DEBUG:netmiko:write_channel: b'\n'
DEBUG:netmiko:read_channel: 
DEBUG:netmiko:write_channel: b'\n'
DEBUG:netmiko:read_channel: 
DEBUG:netmiko:write_channel: b'\n'
DEBUG:netmiko:read_channel: 
DEBUG:netmiko:write_channel: b'\n'
DEBUG:netmiko:read_channel: 
DEBUG:netmiko:write_channel: b'\n'
DEBUG:netmiko:read_channel: 
%                                                                                                                                                                                                                                                                                                                                                                                                                                                                                                                              
 

svlngen4-fab1-apic1# 
DEBUG:netmiko:read_channel: 
DEBUG:netmiko:[find_prompt()]: prompt is svlngen4-fab1-apic1#
DEBUG:netmiko:write_channel: b'cd /data/techsupport/\n'
DEBUG:netmiko:read_channel: 
DEBUG:netmiko:read_channel: 
DEBUG:netmiko:read_channel: 
DEBUG:netmiko:read_channel: 
%                                                                                                                                                                                                                                                                                                                                                                                                                                                                                                                              
 

DEBUG:netmiko:read_channel: 
svlngen4-fab1-apic1# 
%                                                                                                                                                                                                                                                                                                                                                                                                                                                                                                                              
 

DEBUG:netmiko:read_channel: 
svlngen4-fab1-apic1# 
%                                                                                                                                                                                                                                                                                                                                                                                                                                                                                                                              
 

svlngen4-fab1-apic1# 

DEBUG:netmiko:read_channel: 
DEBUG:netmiko:read_channel: 
DEBUG:netmiko:read_channel: 
DEBUG:netmiko:read_channel: 
DEBUG:netmiko:read_channel: 
DEBUG:netmiko:read_channel: 
DEBUG:netmiko:read_channel: 
DEBUG:netmiko:read_channel: 
DEBUG:netmiko:read_channel: 
DEBUG:netmiko:read_channel: 
DEBUG:netmiko:read_channel: 
DEBUG:netmiko:read_channel: 
DEBUG:netmiko:read_channel: 
DEBUG:netmiko:read_channel: 
DEBUG:netmiko:read_channel: 
DEBUG:netmiko:read_channel: 
DEBUG:netmiko:read_channel: 
DEBUG:netmiko:read_channel: %                                                                                                                                                                                                                                                                                                                                                                                                                                                                                                                              
 

svlngen4-fab1-apic1# ccd /data/techsupport/
%                                                                                                                                                                                                                                                                                                                                                                                                                                                                                                                              
 

svlngen4-fab1-apic1# 
DEBUG:netmiko:Pattern found: (cd\ /data/techsupport/) 
%                                                                                                                                                                                                                                                                                                                                                                                                                                                                                                                              
 

svlngen4-fab1-apic1# 
%                                                                                                                                                                                                                                                                                                                                                                                                                                                                                                                              
 

svlngen4-fab1-apic1# 
%                                                                                                                                                                                                                                                                                                                                                                                                                                                                                                                              
 

svlngen4-fab1-apic1# 
%                                                                                                                                                                                                                                                                                                                                                                                                                                                                                                                              
 

svlngen4-fab1-apic1# ccd /data/techsupport/
DEBUG:netmiko:read_channel: 
DEBUG:netmiko:read_channel: 
DEBUG:netmiko:write_channel: b'\n'
DEBUG:netmiko:read_channel: 
DEBUG:netmiko:write_channel: b'\n'
DEBUG:netmiko:read_channel: 
DEBUG:netmiko:write_channel: b'\n'
DEBUG:netmiko:read_channel: 
DEBUG:netmiko:write_channel: b'\n'
DEBUG:netmiko:read_channel: 
DEBUG:netmiko:write_channel: b'\n'
DEBUG:netmiko:read_channel: 
%                                                                                                                                                                                                                                                                                                                                                                                                                                                                                                                              
 

svlngen4-fab1-apic1# 
DEBUG:netmiko:read_channel: 
DEBUG:netmiko:[find_prompt()]: prompt is svlngen4-fab1-apic1#
DEBUG:netmiko:write_channel: b'ls -l\n'
DEBUG:netmiko:read_channel: 
DEBUG:netmiko:read_channel: 
DEBUG:netmiko:read_channel: 
DEBUG:netmiko:read_channel: 
DEBUG:netmiko:read_channel: 
DEBUG:netmiko:read_channel: 
DEBUG:netmiko:read_channel: 
DEBUG:netmiko:read_channel: 
DEBUG:netmiko:read_channel: 
DEBUG:netmiko:read_channel: 
DEBUG:netmiko:read_channel: 
DEBUG:netmiko:read_channel: 
%                                                                                                                                                                                                                                                                                                                                                                                                                                                                                                                              
 

svlngen4-fab1-apic1# 
%                                                                                                                                                                                                                                                                                                                                                                                                                                                                                                                              
 

DEBUG:netmiko:read_channel: 
svlngen4-fab1-apic1# 
%                                                                                                                                                                                                                                                                                                                                                                                                                                                                                                                              
 

svlngen4-fab1-apic1# 
%                                                                                                                                                                                                                                                                                                                                                                                                                                                                                                                              
 

svlngen4-fab1-apic1# 
DEBUG:netmiko:read_channel: 
DEBUG:netmiko:read_channel: 
DEBUG:netmiko:read_channel: 
DEBUG:netmiko:read_channel: 
DEBUG:netmiko:read_channel: 
DEBUG:netmiko:read_channel: 
DEBUG:netmiko:read_channel: 
DEBUG:netmiko:read_channel: 
DEBUG:netmiko:read_channel: 
DEBUG:netmiko:read_channel: 
DEBUG:netmiko:read_channel: 
DEBUG:netmiko:read_channel: 
DEBUG:netmiko:read_channel: 
DEBUG:netmiko:read_channel: 
DEBUG:netmiko:read_channel: 
DEBUG:netmiko:read_channel: 
DEBUG:netmiko:read_channel: lls -l
DEBUG:netmiko:Pattern found: (ls\ \-l) 
%                                                                                                                                                                                                                                                                                                                                                                                                                                                                                                                              
 

svlngen4-fab1-apic1# 
%                                                                                                                                                                                                                                                                                                                                                                                                                                                                                                                              
 

svlngen4-fab1-apic1# 
%                                                                                                                                                                                                                                                                                                                                                                                                                                                                                                                              
 

svlngen4-fab1-apic1# 
%                                                                                                                                                                                                                                                                                                                                                                                                                                                                                                                              
 

svlngen4-fab1-apic1# lls -l
DEBUG:netmiko:read_channel: 
total 13714484
-r--r----- 1 ifc   admin  192401193 Aug 15  2020 dbgexp_coreexp-default_svlngen4-fab1-sw1042_sysid-1042_2020-08-15T06-27UTC_1597501666_0x101_nginx_log.17913.tar.gz
-r--r----- 1 ifc   admin  128467373 Aug 15  2020 dbgexp_coreexp-default_svlngen4-fab1-sw1042_sysid-1042_2020-08-15T06-27UTC_1597501667_0x101_sysmgr_log.15733.tar.gz
-r--r----- 1 ifc   admin  639918159 Jul 20  2021 dbgexp_coreexp-default_svlngen4-fab1-sw1042_sysid-1042_2021-07-20T00-47UTC_1626770861_0x102_kernel_log.0.tar.gz
-r--r----- 1 ifc   admin  536053104 Oct 10  2021 dbgexp_coreexp-default_svlngen4-fab1-sw1042_sysid-1042_2021-10-10T10-55UTC_1633892135_0x102_kernel_log.0.tar.gz
-r--r----- 1 ifc   admin  500858643 Dec 27 04:05 dbgexp_coreexp-default_svlngen4-fab1-sw1042_sysid-1042_2021-12-27T04-02UTC_1640606577_0x102_kernel_log.0.tar.gz
-r--r----- 1 ifc   admin    5346153 Sep  7  2020 dbgexp_coreexp-default_svlngen4-fab1-sw3811_sysid-3811_2020-09-07T01-09UTC_1599469749_0x102_svc_ifc_eventmgr_log.4007.tar.gz
-r--r----- 1 ifc   admin  554747190 Jul 20  2021 dbgexp_coreexp-default_svlngen4-fab1-sw3811_sysid-3811_2021-07-20T00-04UTC_1626768256_0x102_kernel_log.0.tar.gz
-r--r----- 1 ifc   admin  613587723 Oct 10  2021 dbgexp_coreexp-default_svlngen4-fab1-sw3811_sysid-3811_2021-10-10T13-05UTC_1633899929_0x102_kernel_log.0.tar.gz
-r--r----- 1 ifc   admin  594412940 Nov 18 07:54 dbgexp_coreexp-default_svlngen4-fab1-sw3811_sysid-3811_2021-11-18T07-51UTC_1637250703_0x102_kernel_log.0.tar.gz
-r--r----- 1 ifc   admin  551577644 Dec 27 02:42 dbgexp_coreexp-default_svlngen4-fab1-sw3811_sysid-3811_2021-12-27T02-39UTC_1640601595_0x102_kernel_log.0.tar.gz
-r--r----- 1 ifc   admin  625031269 Nov 18 07:27 dbgexp_coreexp-default_svlngen4-fab1-sw3822_sysid-3822_2021-11-18T07-24UTC_1637249096_0x102_kernel_log.0.tar.gz
-r--r----- 1 ifc   admin  233893476 Jan 17 08:51 dbgexp_coreexp-default_svlngen4-fab1-sw3914_sysid-3914_2021-04-26T12-39UTC_1619469558_0x1c01_policy_mgr_log.54988.tar.gz
drwxrwxr-x 2 ifc   admin       4096 Apr 20 04:07 debug
-rw-r--r-- 1 admin admin        140 Mar 11 05:46 faultRecord.xml
drwxrwxrwx 2 root  root        4096 Apr  5 04:23 heapstats
-r--r--r-- 1 admin admin 3773092003 May 19  2020 local_svlngen4-fab1-apic1_2020-05-19T11-41.tgz
-r--r--r-- 1 admin admin 2595219889 Apr 28  2021 local_svlngen4-fab1-sw1011_2021-04-28T10-44.tgz
-r--r--r-- 1 admin admin 2498898958 Apr 28  2021 local_svlngen4-fab1-sw1012_2021-04-28T10-44.tgz
drwx------ 2 root  root       16384 Nov 22  2019 lost+found
drwxrwxrwx 2 root  root        4096 Dec 12  2019 troubleshoot
drwx------ 2 admin admin       4096 May 19  2020 upgradeTriages
%                                                                                                                                                                                                                                                                                                                                                                                                                                                                                                                              
 

svlngen4-fab1-apic1# 
DEBUG:paramiko.transport:starting thread (client mode): 0x8cbd6a0
DEBUG:paramiko.transport:Local version/idstring: SSH-2.0-paramiko_2.10.3
DEBUG:paramiko.transport:Remote version/idstring: SSH-2.0-OpenSSH_8.2
INFO:paramiko.transport:Connected (version 2.0, client OpenSSH_8.2)
DEBUG:paramiko.transport:=== Key exchange possibilities ===
DEBUG:paramiko.transport:kex algos: curve25519-sha256, curve25519-sha256@libssh.org, diffie-hellman-group1-sha1, diffie-hellman-group14-sha1, diffie-hellman-group14-sha256, diffie-hellman-group16-sha512, ecdh-sha2-nistp256, ecdh-sha2-nistp384, ecdh-sha2-nistp521
DEBUG:paramiko.transport:server key: ssh-rsa
DEBUG:paramiko.transport:client encrypt: aes128-ctr, aes192-ctr, aes256-ctr
DEBUG:paramiko.transport:server encrypt: aes128-ctr, aes192-ctr, aes256-ctr
DEBUG:paramiko.transport:client mac: hmac-sha1, hmac-sha2-256, hmac-sha2-512
DEBUG:paramiko.transport:server mac: hmac-sha1, hmac-sha2-256, hmac-sha2-512
DEBUG:paramiko.transport:client compress: none, zlib@openssh.com
DEBUG:paramiko.transport:server compress: none, zlib@openssh.com
DEBUG:paramiko.transport:client lang: <none>
DEBUG:paramiko.transport:server lang: <none>
DEBUG:paramiko.transport:kex follows: False
DEBUG:paramiko.transport:=== Key exchange agreements ===
DEBUG:paramiko.transport:Kex: curve25519-sha256@libssh.org
DEBUG:paramiko.transport:HostKey: ssh-rsa
DEBUG:paramiko.transport:Cipher: aes128-ctr
DEBUG:paramiko.transport:MAC: hmac-sha2-256
DEBUG:paramiko.transport:Compression: none
DEBUG:paramiko.transport:=== End of kex handshake ===
DEBUG:paramiko.transport:kex engine KexCurve25519 specified hash_algo <built-in function openssl_sha256>
DEBUG:paramiko.transport:Switch to new keys ...
DEBUG:paramiko.transport:Adding ssh-rsa host key for svlngen4-fab1-apic1: b'cb2da8ed61e467840f2aac1ca52bcede'
DEBUG:paramiko.transport:Got EXT_INFO: {'server-sig-algs': b'ssh-ed25519,sk-ssh-ed25519@openssh.com,ssh-rsa,rsa-sha2-256,rsa-sha2-512,ssh-dss,ecdsa-sha2-nistp256,ecdsa-sha2-nistp384,ecdsa-sha2-nistp521,sk-ecdsa-sha2-nistp256@openssh.com'}
DEBUG:paramiko.transport:userauth is OK
INFO:paramiko.transport:Auth banner: b'Application Policy Infrastructure Controller\n'
INFO:paramiko.transport:Authentication (password) successful!
DEBUG:paramiko.transport:[chan 0] Max packet in: 32768 bytes
DEBUG:paramiko.transport:Received global request "hostkeys-00@openssh.com"
DEBUG:paramiko.transport:Rejecting "hostkeys-00@openssh.com" global request from server.
DEBUG:paramiko.transport:[chan 0] Max packet out: 32768 bytes
DEBUG:paramiko.transport:Secsh channel 0 opened.
DEBUG:paramiko.transport:[chan 0] Sesch channel 0 request ok
DEBUG:paramiko.transport:[chan 0] Sesch channel 0 request ok
DEBUG:netmiko:read_channel: 
DEBUG:netmiko:read_channel: 
DEBUG:netmiko:read_channel: 
DEBUG:netmiko:read_channel: 
DEBUG:netmiko:read_channel: 
DEBUG:netmiko:read_channel: 
DEBUG:netmiko:read_channel: 
DEBUG:netmiko:read_channel: 
DEBUG:netmiko:read_channel: 
DEBUG:netmiko:read_channel: 
DEBUG:netmiko:read_channel: 
DEBUG:netmiko:read_channel: 
DEBUG:netmiko:read_channel: 
DEBUG:netmiko:read_channel: 
DEBUG:netmiko:read_channel: 
DEBUG:netmiko:read_channel: 
DEBUG:netmiko:read_channel: 
DEBUG:netmiko:read_channel: 
DEBUG:netmiko:read_channel: 
DEBUG:netmiko:read_channel: 
DEBUG:netmiko:read_channel: 
DEBUG:netmiko:read_channel: 
DEBUG:netmiko:read_channel: 
DEBUG:netmiko:read_channel: 
DEBUG:netmiko:read_channel: 
DEBUG:netmiko:read_channel: 
DEBUG:netmiko:read_channel: 
DEBUG:netmiko:read_channel: 
DEBUG:netmiko:read_channel: 
DEBUG:netmiko:read_channel: 
DEBUG:netmiko:read_channel: 
DEBUG:netmiko:read_channel: 
DEBUG:netmiko:read_channel: 
DEBUG:netmiko:read_channel: 
DEBUG:netmiko:read_channel: 
DEBUG:netmiko:read_channel: 
DEBUG:netmiko:read_channel: 
DEBUG:netmiko:read_channel: 
DEBUG:netmiko:read_channel: 
DEBUG:netmiko:read_channel: 
DEBUG:netmiko:read_channel: 
DEBUG:netmiko:read_channel: 
DEBUG:netmiko:read_channel: Last login: 2022-04-23T02:46:19.000-07:00 UTC

DEBUG:netmiko:read_channel: 
DEBUG:netmiko:read_channel: 
DEBUG:netmiko:read_channel: 
DEBUG:netmiko:read_channel: 
DEBUG:netmiko:read_channel: 
DEBUG:netmiko:read_channel: 
DEBUG:netmiko:read_channel: 
DEBUG:netmiko:read_channel: 
DEBUG:netmiko:read_channel: 
DEBUG:netmiko:read_channel: 
DEBUG:netmiko:read_channel: %                                                                                                                                                                                                                                                                                                                                                                                                                                                                                                                              
 

DEBUG:netmiko:read_channel: 
svlngen4-fab1-apic1# 
DEBUG:netmiko:Pattern found: ([>#]) Last login: 2022-04-23T02:46:19.000-07:00 UTC
%                                                                                                                                                                                                                                                                                                                                                                                                                                                                                                                              
 

svlngen4-fab1-apic1#
DEBUG:netmiko:write_channel: b'terminal width 511\n'
DEBUG:netmiko:read_channel: 
DEBUG:netmiko:read_channel: 
DEBUG:netmiko:read_channel: 
DEBUG:netmiko:read_channel: 
DEBUG:netmiko:read_channel: 
DEBUG:netmiko:read_channel: 
DEBUG:netmiko:read_channel: 
DEBUG:netmiko:read_channel: 
DEBUG:netmiko:read_channel: 
DEBUG:netmiko:read_channel: 
DEBUG:netmiko:read_channel: 
DEBUG:netmiko:read_channel: 
DEBUG:netmiko:read_channel: 
DEBUG:netmiko:read_channel: 
DEBUG:netmiko:read_channel: 
DEBUG:netmiko:read_channel: 
DEBUG:netmiko:read_channel: 
DEBUG:netmiko:read_channel: 
DEBUG:netmiko:read_channel: 
DEBUG:netmiko:read_channel: 
DEBUG:netmiko:read_channel: 
DEBUG:netmiko:read_channel: tterminal width 511
%                                                                                                                                                                                                                                                                                                                                                                                                                                                                                                                              
 

svlngen4-fab1-apic1# 
DEBUG:netmiko:Pattern found: (terminal width 511)  tterminal width 511
DEBUG:netmiko:In disable_paging
DEBUG:netmiko:Command: terminal length 0

DEBUG:netmiko:write_channel: b'terminal length 0\n'
DEBUG:netmiko:read_channel: 
DEBUG:netmiko:read_channel: 
DEBUG:netmiko:read_channel: 
DEBUG:netmiko:read_channel: 
DEBUG:netmiko:read_channel: 
DEBUG:netmiko:read_channel: 
DEBUG:netmiko:read_channel: 
DEBUG:netmiko:read_channel: 
DEBUG:netmiko:read_channel: 
DEBUG:netmiko:read_channel: 
DEBUG:netmiko:read_channel: 
DEBUG:netmiko:read_channel: 
DEBUG:netmiko:read_channel: 
DEBUG:netmiko:read_channel: 
DEBUG:netmiko:read_channel: 
DEBUG:netmiko:read_channel: 
DEBUG:netmiko:read_channel: 
DEBUG:netmiko:read_channel: 
DEBUG:netmiko:read_channel: 
DEBUG:netmiko:read_channel: 
DEBUG:netmiko:read_channel: 
DEBUG:netmiko:read_channel: 
DEBUG:netmiko:read_channel: tterminal length 0
%                                                                                                                                                                                                                                                                                                                                                                                                                                                                                                                              
 

svlngen4-fab1-apic1# 
DEBUG:netmiko:Pattern found: (terminal\ length\ 0) 
%                                                                                                                                                                                                                                                                                                                                                                                                                                                                                                                              
 

svlngen4-fab1-apic1# tterminal length 0
DEBUG:netmiko:
%                                                                                                                                                                                                                                                                                                                                                                                                                                                                                                                              
 

svlngen4-fab1-apic1# tterminal length 0
DEBUG:netmiko:Exiting disable_paging
DEBUG:netmiko:read_channel: 
DEBUG:netmiko:Clear buffer detects data in the channel
DEBUG:netmiko:read_channel: 
DEBUG:netmiko:write_channel: b'\n'
DEBUG:netmiko:read_channel: 
DEBUG:netmiko:read_channel: 
DEBUG:netmiko:read_channel: 
DEBUG:netmiko:read_channel: 
DEBUG:netmiko:read_channel: 
DEBUG:netmiko:read_channel: 
DEBUG:netmiko:read_channel: 
DEBUG:netmiko:read_channel: 
DEBUG:netmiko:read_channel: 
DEBUG:netmiko:read_channel: 
DEBUG:netmiko:read_channel: 
DEBUG:netmiko:read_channel: 
DEBUG:netmiko:read_channel: 
DEBUG:netmiko:read_channel: 
DEBUG:netmiko:read_channel: 
DEBUG:netmiko:read_channel: 
DEBUG:netmiko:read_channel: 
DEBUG:netmiko:read_channel: 
DEBUG:netmiko:read_channel: 
DEBUG:netmiko:read_channel: 
DEBUG:netmiko:read_channel: 
DEBUG:netmiko:read_channel: 
DEBUG:netmiko:read_channel: 
DEBUG:netmiko:read_channel: 
DEBUG:netmiko:read_channel: 
DEBUG:netmiko:read_channel: 
DEBUG:netmiko:read_channel: 
DEBUG:netmiko:read_channel: 
DEBUG:netmiko:read_channel: 
%                                                                                                                                                                                                                                                                                                                                                                                                                                                                                                                              
 

svlngen4-fab1-apic1# 
DEBUG:netmiko:Pattern found: (\#|>) 
%                                                                                                                                                                                                                                                                                                                                                                                                                                                                                                                              
 

svlngen4-fab1-apic1#
DEBUG:netmiko:read_channel: 
DEBUG:netmiko:Clear buffer detects data in the channel
DEBUG:netmiko:read_channel: 
DEBUG:netmiko:[find_prompt()]: prompt is svlngen4-fab1-apic1#
DEBUG:netmiko:read_channel: 
DEBUG:netmiko:write_channel: b'\n'
DEBUG:netmiko:read_channel: 
DEBUG:netmiko:write_channel: b'\n'
DEBUG:netmiko:read_channel: 
DEBUG:netmiko:write_channel: b'\n'
DEBUG:netmiko:read_channel: 
DEBUG:netmiko:write_channel: b'\n'
DEBUG:netmiko:read_channel: 
DEBUG:netmiko:write_channel: b'\n'
DEBUG:netmiko:read_channel: 
%                                                                                                                                                                                                                                                                                                                                                                                                                                                                                                                              
 

svlngen4-fab1-apic1# 
DEBUG:netmiko:read_channel: 
DEBUG:netmiko:[find_prompt()]: prompt is svlngen4-fab1-apic1#
DEBUG:netmiko:write_channel: b'cd /data/techsupport/\n'
DEBUG:netmiko:read_channel: 
DEBUG:netmiko:read_channel: 
DEBUG:netmiko:read_channel: 
DEBUG:netmiko:read_channel: 
DEBUG:netmiko:read_channel: 
%                                                                                                                                                                                                                                                                                                                                                                                                                                                                                                                              
 

svlngen4-fab1-apic1# 
%                                                                                                                                                                                                                                                                                                                                                                                                                                                                                                                              
 

DEBUG:netmiko:read_channel: 
DEBUG:netmiko:read_channel: 
svlngen4-fab1-apic1# 
%                                                                                                                                                                                                                                                                                                                                                                                                                                                                                                                              
 

svlngen4-fab1-apic1# 

DEBUG:netmiko:read_channel: 
DEBUG:netmiko:read_channel: 
DEBUG:netmiko:read_channel: 
DEBUG:netmiko:read_channel: 
DEBUG:netmiko:read_channel: 
DEBUG:netmiko:read_channel: 
DEBUG:netmiko:read_channel: 
DEBUG:netmiko:read_channel: 
DEBUG:netmiko:read_channel: 
DEBUG:netmiko:read_channel: 
DEBUG:netmiko:read_channel: 
DEBUG:netmiko:read_channel: 
DEBUG:netmiko:read_channel: 
DEBUG:netmiko:read_channel: 
DEBUG:netmiko:read_channel: 
DEBUG:netmiko:read_channel: 
DEBUG:netmiko:read_channel: 
DEBUG:netmiko:read_channel: %                                                                                                                                                                                                                                                                                                                                                                                                                                                                                                                              
 

svlngen4-fab1-apic1# ccd /data/techsup
DEBUG:netmiko:read_channel: port/
%                                                                                                                                                                                                                                                                                                                                                                                                                                                                                                                              
 

svlngen4-fab1-apic1# 
DEBUG:netmiko:Pattern found: (cd\ /data/techsupport/) 
%                                                                                                                                                                                                                                                                                                                                                                                                                                                                                                                              
 

svlngen4-fab1-apic1# 
%                                                                                                                                                                                                                                                                                                                                                                                                                                                                                                                              
 

svlngen4-fab1-apic1# 
%                                                                                                                                                                                                                                                                                                                                                                                                                                                                                                                              
 

svlngen4-fab1-apic1# 
%                                                                                                                                                                                                                                                                                                                                                                                                                                                                                                                              
 

svlngen4-fab1-apic1# ccd /data/techsupport/
DEBUG:netmiko:read_channel: 
DEBUG:netmiko:read_channel: 
DEBUG:netmiko:write_channel: b'\n'
DEBUG:netmiko:read_channel: 
DEBUG:netmiko:write_channel: b'\n'
DEBUG:netmiko:read_channel: 
DEBUG:netmiko:write_channel: b'\n'
DEBUG:netmiko:read_channel: 
DEBUG:netmiko:write_channel: b'\n'
DEBUG:netmiko:read_channel: 
DEBUG:netmiko:write_channel: b'\n'
DEBUG:netmiko:read_channel: 
%                                                                                                                                                                                                                                                                                                                                                                                                                                                                                                                              
 

svlngen4-fab1-apic1# 
DEBUG:netmiko:read_channel: 
DEBUG:netmiko:[find_prompt()]: prompt is svlngen4-fab1-apic1#
DEBUG:netmiko:write_channel: b'ls -l\n'
DEBUG:netmiko:read_channel: 
DEBUG:netmiko:read_channel: 
DEBUG:netmiko:read_channel: 
DEBUG:netmiko:read_channel: 
DEBUG:netmiko:read_channel: 
DEBUG:netmiko:read_channel: 
DEBUG:netmiko:read_channel: 
DEBUG:netmiko:read_channel: 
%                                                                                                                                                                                                                                                                                                                                                                                                                                                                                                                              
 

svlngen4-fab1-apic1# 
%                                                                                                                                                                                                                                                                                                                                                                                                                                                                                                                              
 

svlngen4-fab1-apic1# 
%                                                                                                                                                                                                                                                                                                                                                                                                                                                                                                                              
 

svlngen4-fab1-apic1# 
%                                                                                                                                                                                                                                                                                                                                                                                                                                                                                                                              
 

svlngen4-fab1-apic1# 
DEBUG:netmiko:read_channel: 
DEBUG:netmiko:read_channel: 
DEBUG:netmiko:read_channel: 
DEBUG:netmiko:read_channel: 
DEBUG:netmiko:read_channel: 
DEBUG:netmiko:read_channel: 
DEBUG:netmiko:read_channel: 
DEBUG:netmiko:read_channel: 
DEBUG:netmiko:read_channel: 
DEBUG:netmiko:read_channel: 
DEBUG:netmiko:read_channel: 
DEBUG:netmiko:read_channel: 
DEBUG:netmiko:read_channel: 
DEBUG:netmiko:read_channel: 
DEBUG:netmiko:read_channel: 
DEBUG:netmiko:read_channel: 
DEBUG:netmiko:read_channel: 
DEBUG:netmiko:read_channel: 
DEBUG:netmiko:read_channel: 
DEBUG:netmiko:read_channel: 
DEBUG:netmiko:read_channel: 
DEBUG:netmiko:read_channel: 
DEBUG:netmiko:read_channel: 
DEBUG:netmiko:read_channel: 
DEBUG:netmiko:read_channel: 
DEBUG:netmiko:read_channel: lls -l
total 13714484
-r--r----- 1 ifc   admin  192401193 Aug 15  2020 dbgexp_coreexp-default_svlngen4-fab1-sw1042_sysid-1042_2020-08-15T06-27UTC_1597501666_0x101_nginx_log.17913.tar.gz
-r--r----- 1 ifc   admin  128467373 Aug 15  2020 dbgexp_coreexp-default_svlngen4-fab1-sw1042_sysid-1042_2020-08-15T06-27UTC_1597501667_0x101_sysmgr_log.15733.tar.gz
-r--r----- 1 ifc   admin  639918159 Jul 20  2021 dbgexp_coreexp-default_svlngen4-fab1-sw1042_sysid-1042_2021-07-20T00-47UTC_1626770861_0x102_kernel_log.0.tar.gz
-r--r----- 1 ifc   admin  536053104 Oct 10  2021 dbgexp_coreexp-default_svlngen4-fab1-sw1042_sysid-1042_2021-10-10T10-55UTC_1633892135_0x102_kernel_log.0.tar.gz
-r--r----- 1 ifc   admin  500858643 Dec 27 04:05 dbgexp_coreexp-default_svlngen4-fab1-sw1042_sysid-1042_2021-12-27T04-02UTC_1640606577_0x102_kernel_log.0.tar.gz
-r--r----- 1 ifc   admin    5346153 Sep  7  2020 dbgexp_coreexp-default_svlngen4-fab1-sw3811_sysid-3811_2020-09-07T01-09UTC_1599469749_0x102_svc_ifc_eventmgr_log.4007.tar.gz
-r--r----- 1 ifc   admin  554747190 Jul 20  2021 dbgexp_coreexp-default_svlngen4-fab1-sw3811_sysid-3811_2021-07-20T00-04UTC_1626768256_0x102_kernel_log.0.tar.gz
-r--r----- 1 ifc   admin  613587723 Oct 10  2021 dbgexp_coreexp-default_svlngen4-fab1-sw3811_sysid-3811_2021-10-10T13-05UTC_1633899929_0x102_kernel_log.0.tar.gz
-r--r----- 1 ifc   admin  594412940 Nov 18 07:54 dbgexp_coreexp-default_svlngen4-fab1-sw3811_sysid-3811_2021-11-18T07-51UTC_1637250703_0x102_kernel_log.0.tar.gz
-r--r----- 1 ifc   admin  551577644 Dec 27 02:42 dbgexp_coreexp-default_svlngen4-fab1-sw3811_sysid-3811_2021-12-27T02-39UTC_1640601595_0x102_kernel_log.0.tar.gz
-r--r----- 1 ifc   admin  625031269 Nov 18 07:27 dbgexp_coreexp-default_svlngen4-fab1-sw3822_sysid-3822_2021-11-18T07-24UTC_1637249096_0x102_kernel_log.0.tar.gz
-r--r----- 1 ifc   admin  233893476 Jan 17 08:51 dbgexp_coreexp-default_svlngen4-fab1-sw3914_sysid-3914_2021-04-26T12-39UTC_1619469558_0x1c01_policy_mgr_log.54988.tar.gz
drwxrwxr-x 2 ifc   admin       4096 Apr 20 04:07 debug
-rw-r--r-- 1 admin admin        140 Mar 11 05:46 faultRecord.xml
drwxrwxrwx 2 root  root        4096 Apr  5 04:23 heapstats
-r--r--r-- 1 admin admin 3773092003 May 19  2020 local_svlngen4-fab1-apic1_2020-05-19T11-41.tgz
-r--r--r-- 1 admin admin 2595219889 Apr 28  2021 local_svlngen4-fab1-sw1011_2021-04-28T10-44.tgz
-r--r--r-- 1 admin admin 2498898958 Apr 28  2021 local_svlngen4-fab1-sw1012_2021-04-28T10-44.tgz
drwx------ 2 root  root       16384 Nov 22  2019 lost+found
drwxrwxrwx 2 root  root        4096 Dec 12  2019 troubleshoot
drwx------ 2 admin admin       4096 May 19  2020 upgradeTriages
%                                                                                                                                                                                                                                                                                                                                                                                                                                                                                                                              
 

svlngen4-fab1-apic1# 
DEBUG:netmiko:Pattern found: (ls\ \-l) 
%                                                                                                                                                                                                                                                                                                                                                                                                                                                                                                                              
 

svlngen4-fab1-apic1# 
%                                                                                                                                                                                                                                                                                                                                                                                                                                                                                                                              
 

svlngen4-fab1-apic1# 
%                                                                                                                                                                                                                                                                                                                                                                                                                                                                                                                              
 

svlngen4-fab1-apic1# 
%                                                                                                                                                                                                                                                                                                                                                                                                                                                                                                                              
 

svlngen4-fab1-apic1# lls -l
DEBUG:netmiko:read_channel: 
DEBUG:netmiko:read_channel: 
DEBUG:netmiko:write_channel: b'\n'
DEBUG:netmiko:read_channel: 
DEBUG:netmiko:write_channel: b'\n'
DEBUG:netmiko:read_channel: 
DEBUG:netmiko:write_channel: b'\n'
DEBUG:netmiko:read_channel: 
DEBUG:netmiko:write_channel: b'\n'
DEBUG:netmiko:read_channel: 
DEBUG:netmiko:write_channel: b'\n'
DEBUG:netmiko:read_channel: 
%                                                                                                                                                                                                                                                                                                                                                                                                                                                                                                                              
 

svlngen4-fab1-apic1# 
DEBUG:netmiko:read_channel: 
DEBUG:netmiko:[find_prompt()]: prompt is svlngen4-fab1-apic1#
DEBUG:netmiko:write_channel: b'df -h | grep tech\n'
DEBUG:netmiko:read_channel: 
DEBUG:netmiko:read_channel: 
DEBUG:netmiko:read_channel: 
DEBUG:netmiko:read_channel: 
DEBUG:netmiko:read_channel: 
DEBUG:netmiko:read_channel: 
DEBUG:netmiko:read_channel: 
DEBUG:netmiko:read_channel: 
DEBUG:netmiko:read_channel: 
DEBUG:netmiko:read_channel: 
DEBUG:netmiko:read_channel: 
DEBUG:netmiko:read_channel: 
DEBUG:netmiko:read_channel: 
DEBUG:netmiko:read_channel: 
%                                                                                                                                                                                                                                                                                                                                                                                                                                                                                                                              
 

svlngen4-fab1-apic1# 
%                                                                                                                                                                                                                                                                                                                                                                                                                                                                                                                              
 

svlngen4-fab1-apic1# 
%                                                                                                                                                                                                                                                                                                                                                                                                                                                                                                                              
 

svlngen4-fab1-apic1# 

DEBUG:netmiko:read_channel: 
DEBUG:netmiko:read_channel: 
DEBUG:netmiko:read_channel: 
DEBUG:netmiko:read_channel: 
DEBUG:netmiko:read_channel: 
DEBUG:netmiko:read_channel: 
DEBUG:netmiko:read_channel: 
DEBUG:netmiko:read_channel: 
DEBUG:netmiko:read_channel: 
DEBUG:netmiko:read_channel: 
DEBUG:netmiko:read_channel: 
DEBUG:netmiko:read_channel: 
DEBUG:netmiko:read_channel: 
DEBUG:netmiko:read_channel: 
DEBUG:netmiko:read_channel: 
DEBUG:netmiko:read_channel: 
DEBUG:netmiko:read_channel: 
DEBUG:netmiko:read_channel: 
DEBUG:netmiko:read_channel: 
DEBUG:netmiko:read_channel: 
DEBUG:netmiko:read_channel: 
DEBUG:netmiko:read_channel: 
DEBUG:netmiko:read_channel: 
DEBUG:netmiko:read_channel: 
DEBUG:netmiko:read_channel: 
DEBUG:netmiko:read_channel: %                                                                                                                                                                                                                                                                                                                                                                                                                                                                                                                              
 

svlngen4-fab1-apic1# ddf -h | grep tech
/dev/mapper/vg_ifc0-techsupport   40G   14G   25G  36% /data/techsupport
%                                                                                                                                                                                                                                                                                                                                                                                                                                                                                                                              
 

svlngen4-fab1-apic1# 
DEBUG:netmiko:Pattern found: (df\ \-h\ \|\ grep\ tech) 
%                                                                                                                                                                                                                                                                                                                                                                                                                                                                                                                              
 

svlngen4-fab1-apic1# 
%                                                                                                                                                                                                                                                                                                                                                                                                                                                                                                                              
 

svlngen4-fab1-apic1# 
%                                                                                                                                                                                                                                                                                                                                                                                                                                                                                                                              
 

svlngen4-fab1-apic1# 
%                                                                                                                                                                                                                                                                                                                                                                                                                                                                                                                              
 

svlngen4-fab1-apic1# ddf -h | grep tech
DEBUG:netmiko:read_channel: 
DEBUG:paramiko.transport:starting thread (client mode): 0xf34c790
DEBUG:paramiko.transport:Local version/idstring: SSH-2.0-paramiko_2.10.3
DEBUG:paramiko.transport:Remote version/idstring: SSH-2.0-OpenSSH_8.2
INFO:paramiko.transport:Connected (version 2.0, client OpenSSH_8.2)
DEBUG:paramiko.transport:=== Key exchange possibilities ===
DEBUG:paramiko.transport:kex algos: curve25519-sha256, curve25519-sha256@libssh.org, diffie-hellman-group1-sha1, diffie-hellman-group14-sha1, diffie-hellman-group14-sha256, diffie-hellman-group16-sha512, ecdh-sha2-nistp256, ecdh-sha2-nistp384, ecdh-sha2-nistp521
DEBUG:paramiko.transport:server key: ssh-rsa
DEBUG:paramiko.transport:client encrypt: aes128-ctr, aes192-ctr, aes256-ctr
DEBUG:paramiko.transport:server encrypt: aes128-ctr, aes192-ctr, aes256-ctr
DEBUG:paramiko.transport:client mac: hmac-sha1, hmac-sha2-256, hmac-sha2-512
DEBUG:paramiko.transport:server mac: hmac-sha1, hmac-sha2-256, hmac-sha2-512
DEBUG:paramiko.transport:client compress: none, zlib@openssh.com
DEBUG:paramiko.transport:server compress: none, zlib@openssh.com
DEBUG:paramiko.transport:client lang: <none>
DEBUG:paramiko.transport:server lang: <none>
DEBUG:paramiko.transport:kex follows: False
DEBUG:paramiko.transport:=== Key exchange agreements ===
DEBUG:paramiko.transport:Kex: curve25519-sha256@libssh.org
DEBUG:paramiko.transport:HostKey: ssh-rsa
DEBUG:paramiko.transport:Cipher: aes128-ctr
DEBUG:paramiko.transport:MAC: hmac-sha2-256
DEBUG:paramiko.transport:Compression: none
DEBUG:paramiko.transport:=== End of kex handshake ===
DEBUG:paramiko.transport:kex engine KexCurve25519 specified hash_algo <built-in function openssl_sha256>
DEBUG:paramiko.transport:Switch to new keys ...
DEBUG:paramiko.transport:Adding ssh-rsa host key for svlngen4-fab1-apic1: b'cb2da8ed61e467840f2aac1ca52bcede'
DEBUG:paramiko.transport:Got EXT_INFO: {'server-sig-algs': b'ssh-ed25519,sk-ssh-ed25519@openssh.com,ssh-rsa,rsa-sha2-256,rsa-sha2-512,ssh-dss,ecdsa-sha2-nistp256,ecdsa-sha2-nistp384,ecdsa-sha2-nistp521,sk-ecdsa-sha2-nistp256@openssh.com'}
DEBUG:paramiko.transport:userauth is OK
INFO:paramiko.transport:Auth banner: b'Application Policy Infrastructure Controller\n'
INFO:paramiko.transport:Authentication (password) successful!
DEBUG:paramiko.transport:[chan 0] Max packet in: 32768 bytes
DEBUG:paramiko.transport:Received global request "hostkeys-00@openssh.com"
DEBUG:paramiko.transport:Rejecting "hostkeys-00@openssh.com" global request from server.
DEBUG:paramiko.transport:[chan 0] Max packet out: 32768 bytes
DEBUG:paramiko.transport:Secsh channel 0 opened.
DEBUG:paramiko.transport:[chan 0] Sesch channel 0 request ok
DEBUG:paramiko.transport:[chan 0] Sesch channel 0 request ok
DEBUG:netmiko:read_channel: 
DEBUG:netmiko:read_channel: 
DEBUG:netmiko:read_channel: 
DEBUG:netmiko:read_channel: 
DEBUG:netmiko:read_channel: 
DEBUG:netmiko:read_channel: 
DEBUG:netmiko:read_channel: 
DEBUG:netmiko:read_channel: 
DEBUG:netmiko:read_channel: 
DEBUG:netmiko:read_channel: 
DEBUG:netmiko:read_channel: 
DEBUG:netmiko:read_channel: 
DEBUG:netmiko:read_channel: 
DEBUG:netmiko:read_channel: 
DEBUG:netmiko:read_channel: 
DEBUG:netmiko:read_channel: 
DEBUG:netmiko:read_channel: 
DEBUG:netmiko:read_channel: 
DEBUG:netmiko:read_channel: 
DEBUG:netmiko:read_channel: 
DEBUG:netmiko:read_channel: 
DEBUG:netmiko:read_channel: 
DEBUG:netmiko:read_channel: 
DEBUG:netmiko:read_channel: 
DEBUG:netmiko:read_channel: 
DEBUG:netmiko:read_channel: 
DEBUG:netmiko:read_channel: 
DEBUG:netmiko:read_channel: 
DEBUG:netmiko:read_channel: 
DEBUG:netmiko:read_channel: 
DEBUG:netmiko:read_channel: 
DEBUG:netmiko:read_channel: 
DEBUG:netmiko:read_channel: 
DEBUG:netmiko:read_channel: 
DEBUG:netmiko:read_channel: 
DEBUG:netmiko:read_channel: 
DEBUG:netmiko:read_channel: 
DEBUG:netmiko:read_channel: 
DEBUG:netmiko:read_channel: 
DEBUG:netmiko:read_channel: 
DEBUG:netmiko:read_channel: 
DEBUG:netmiko:read_channel: 
DEBUG:netmiko:read_channel: 
DEBUG:netmiko:read_channel: 
DEBUG:netmiko:read_channel: Last login: 2022-04-23T02:47:11.000-07:00 UTC
%                                                                                                                                                                                                                                                                                                                                                                                                                                                                                                                              
 

svlngen4-fab1-apic1# 
DEBUG:netmiko:Pattern found: ([>#]) Last login: 2022-04-23T02:47:11.000-07:00 UTC
%                                                                                                                                                                                                                                                                                                                                                                                                                                                                                                                              
 

svlngen4-fab1-apic1#
DEBUG:netmiko:write_channel: b'terminal width 511\n'
DEBUG:netmiko:read_channel: 
DEBUG:netmiko:read_channel: 
DEBUG:netmiko:read_channel: 
DEBUG:netmiko:read_channel: 
DEBUG:netmiko:read_channel: 
DEBUG:netmiko:read_channel: 
DEBUG:netmiko:read_channel: 
DEBUG:netmiko:read_channel: 
DEBUG:netmiko:read_channel: 
DEBUG:netmiko:read_channel: 
DEBUG:netmiko:read_channel: 
DEBUG:netmiko:read_channel: 
DEBUG:netmiko:read_channel: 
DEBUG:netmiko:read_channel: 
DEBUG:netmiko:read_channel: 
DEBUG:netmiko:read_channel: 
DEBUG:netmiko:read_channel: 
DEBUG:netmiko:read_channel: 
DEBUG:netmiko:read_channel: 
DEBUG:netmiko:read_channel: 
DEBUG:netmiko:read_channel: 
DEBUG:netmiko:read_channel: 
DEBUG:netmiko:read_channel: 
DEBUG:netmiko:read_channel: 
DEBUG:netmiko:read_channel: tterminal width 511
%                                                                                                                                                                                                                                                                                                                                                                                                                                                                                                                              
 

DEBUG:netmiko:Pattern found: (terminal width 511)  tterminal width 511
DEBUG:netmiko:In disable_paging
DEBUG:netmiko:Command: terminal length 0

DEBUG:netmiko:write_channel: b'terminal length 0\n'
DEBUG:netmiko:read_channel: 
DEBUG:netmiko:read_channel: 
DEBUG:netmiko:read_channel: 
DEBUG:netmiko:read_channel: 
DEBUG:netmiko:read_channel: 
DEBUG:netmiko:read_channel: 
DEBUG:netmiko:read_channel: 
DEBUG:netmiko:read_channel: 
DEBUG:netmiko:read_channel: 
DEBUG:netmiko:read_channel: 
DEBUG:netmiko:read_channel: 
DEBUG:netmiko:read_channel: 
DEBUG:netmiko:read_channel: 
DEBUG:netmiko:read_channel: 
DEBUG:netmiko:read_channel: 
DEBUG:netmiko:read_channel: 
DEBUG:netmiko:read_channel: 
DEBUG:netmiko:read_channel: 
DEBUG:netmiko:read_channel: 
DEBUG:netmiko:read_channel: 
DEBUG:netmiko:read_channel: 
DEBUG:netmiko:read_channel: 
DEBUG:netmiko:read_channel: 
DEBUG:netmiko:read_channel: 
DEBUG:netmiko:read_channel: 
DEBUG:netmiko:read_channel: 
svlngen4-fab1-apic1# tterminal length 0

DEBUG:netmiko:Pattern found: (terminal\ length\ 0) 
%                                                                                                                                                                                                                                                                                                                                                                                                                                                                                                                              
 

svlngen4-fab1-apic1# tterminal length 0
DEBUG:netmiko:
%                                                                                                                                                                                                                                                                                                                                                                                                                                                                                                                              
 

svlngen4-fab1-apic1# tterminal length 0
DEBUG:netmiko:Exiting disable_paging
DEBUG:netmiko:read_channel: 
DEBUG:netmiko:Clear buffer detects data in the channel
DEBUG:netmiko:read_channel: 
DEBUG:netmiko:write_channel: b'\n'
DEBUG:netmiko:read_channel: 
DEBUG:netmiko:read_channel: 
DEBUG:netmiko:read_channel: 
DEBUG:netmiko:read_channel: 
DEBUG:netmiko:read_channel: 
DEBUG:netmiko:read_channel: 
DEBUG:netmiko:read_channel: 
DEBUG:netmiko:read_channel: 
DEBUG:netmiko:read_channel: 
DEBUG:netmiko:read_channel: 
DEBUG:netmiko:read_channel: 
DEBUG:netmiko:read_channel: 
DEBUG:netmiko:read_channel: 
DEBUG:netmiko:read_channel: 
DEBUG:netmiko:read_channel: 
DEBUG:netmiko:read_channel: 
DEBUG:netmiko:read_channel: 
DEBUG:netmiko:read_channel: 
DEBUG:netmiko:read_channel: %                                                                                                                                                                                                                                                                                                                                                                                                                                                                                                                              
 

svlngen4-fab1-apic1# 
DEBUG:netmiko:Pattern found: (\#|>) %                                                                                                                                                                                                                                                                                                                                                                                                                                                                                                                              
 

svlngen4-fab1-apic1#
DEBUG:netmiko:read_channel: 
DEBUG:netmiko:Clear buffer detects data in the channel
DEBUG:netmiko:read_channel: 
%                                                                                                                                                                                                                                                                                                                                                                                                                                                                                                                              
 

svlngen4-fab1-apic1# 
DEBUG:netmiko:Clear buffer detects data in the channel
DEBUG:netmiko:read_channel: 
DEBUG:netmiko:[find_prompt()]: prompt is svlngen4-fab1-apic1#
DEBUG:netmiko:read_channel: 
DEBUG:netmiko:write_channel: b'\n'
DEBUG:netmiko:read_channel: 
DEBUG:netmiko:write_channel: b'\n'
DEBUG:netmiko:read_channel: 
DEBUG:netmiko:write_channel: b'\n'
DEBUG:netmiko:read_channel: 
DEBUG:netmiko:write_channel: b'\n'
DEBUG:netmiko:read_channel: 
DEBUG:netmiko:write_channel: b'\n'
DEBUG:netmiko:read_channel: 
%                                                                                                                                                                                                                                                                                                                                                                                                                                                                                                                              
 

svlngen4-fab1-apic1# 
DEBUG:netmiko:read_channel: 
DEBUG:netmiko:[find_prompt()]: prompt is svlngen4-fab1-apic1#
DEBUG:netmiko:write_channel: b'cd /data/techsupport/\n'
DEBUG:netmiko:read_channel: 
DEBUG:netmiko:read_channel: 
DEBUG:netmiko:read_channel: 
DEBUG:netmiko:read_channel: 
DEBUG:netmiko:read_channel: 
DEBUG:netmiko:read_channel: 
DEBUG:netmiko:read_channel: 
%                                                                                                                                                                                                                                                                                                                                                                                                                                                                                                                              
 

svlngen4-fab1-apic1# 
%                                                                                                                                                                                                                                                                                                                                                                                                                                                                                                                              
 

svlngen4-fab1-apic1# 
%                                                                                                                                                                                                                                                                                                                                                                                                                                                                                                                              
 

DEBUG:netmiko:read_channel: 
svlngen4-fab1-apic1# 
%                                                                                                                                                                                                                                                                                                                                                                                                                                                                                                                              
 

svlngen4-fab1-apic1# 
DEBUG:netmiko:read_channel: 
DEBUG:netmiko:read_channel: 
DEBUG:netmiko:read_channel: 
DEBUG:netmiko:read_channel: 
DEBUG:netmiko:read_channel: 
DEBUG:netmiko:read_channel: 
DEBUG:netmiko:read_channel: 
DEBUG:netmiko:read_channel: 
DEBUG:netmiko:read_channel: 
DEBUG:netmiko:read_channel: 
DEBUG:netmiko:read_channel: 
DEBUG:netmiko:read_channel: 
DEBUG:netmiko:read_channel: 
DEBUG:netmiko:read_channel: 
DEBUG:netmiko:read_channel: 
DEBUG:netmiko:read_channel: 
DEBUG:netmiko:read_channel: 
DEBUG:netmiko:read_channel: 
DEBUG:netmiko:read_channel: 
DEBUG:netmiko:read_channel: 
DEBUG:netmiko:read_channel: 
DEBUG:netmiko:read_channel: ccd /data/techsupport/
%                                                                                                                                                                                                                                                                                                                                                                                                                                                                                                                              
 

svlngen4-fab1-apic1# 
DEBUG:netmiko:Pattern found: (cd\ /data/techsupport/) 
%                                                                                                                                                                                                                                                                                                                                                                                                                                                                                                                              
 

svlngen4-fab1-apic1# 
%                                                                                                                                                                                                                                                                                                                                                                                                                                                                                                                              
 

svlngen4-fab1-apic1# 
%                                                                                                                                                                                                                                                                                                                                                                                                                                                                                                                              
 

svlngen4-fab1-apic1# 
%                                                                                                                                                                                                                                                                                                                                                                                                                                                                                                                              
 

svlngen4-fab1-apic1# ccd /data/techsupport/
DEBUG:netmiko:read_channel: 
DEBUG:netmiko:read_channel: 
DEBUG:netmiko:write_channel: b'\n'
DEBUG:netmiko:read_channel: 
DEBUG:netmiko:write_channel: b'\n'
DEBUG:netmiko:read_channel: 
DEBUG:netmiko:write_channel: b'\n'
DEBUG:netmiko:read_channel: 
DEBUG:netmiko:write_channel: b'\n'
DEBUG:netmiko:read_channel: 
DEBUG:netmiko:write_channel: b'\n'
DEBUG:netmiko:read_channel: 
%                                                                                                                                                                                                                                                                                                                                                                                                                                                                                                                              
 

svlngen4-fab1-apic1# 
DEBUG:netmiko:read_channel: 
DEBUG:netmiko:[find_prompt()]: prompt is svlngen4-fab1-apic1#
DEBUG:netmiko:write_channel: b'ls -l\n'
DEBUG:netmiko:read_channel: 
DEBUG:netmiko:read_channel: 
DEBUG:netmiko:read_channel: 
DEBUG:netmiko:read_channel: 
DEBUG:netmiko:read_channel: 
DEBUG:netmiko:read_channel: 
DEBUG:netmiko:read_channel: 
DEBUG:netmiko:read_channel: 
DEBUG:netmiko:read_channel: 
DEBUG:netmiko:read_channel: 
DEBUG:netmiko:read_channel: 
DEBUG:netmiko:read_channel: 
DEBUG:netmiko:read_channel: 
%                                                                                                                                                                                                                                                                                                                                                                                                                                                                                                                              
 

svlngen4-fab1-apic1# 
%                                                                                                                                                                                                                                                                                                                                                                                                                                                                                                                              
 

svlngen4-fab1-apic1# 
%                                                                                                                                                                                                                                                                                                                                                                                                                                                                                                                              
 

svlngen4-fab1-apic1# 
%                                                                                                                                                                                                                                                                                                                                                                                                                                                                                                                              
 

svlngen4-fab1-apic1# 
DEBUG:netmiko:read_channel: 
DEBUG:netmiko:read_channel: 
DEBUG:netmiko:read_channel: 
DEBUG:netmiko:read_channel: 
DEBUG:netmiko:read_channel: 
DEBUG:netmiko:read_channel: 
DEBUG:netmiko:read_channel: 
DEBUG:netmiko:read_channel: 
DEBUG:netmiko:read_channel: 
DEBUG:netmiko:read_channel: 
DEBUG:netmiko:read_channel: 
DEBUG:netmiko:read_channel: 
DEBUG:netmiko:read_channel: 
DEBUG:netmiko:read_channel: 
DEBUG:netmiko:read_channel: 
DEBUG:netmiko:read_channel: 
DEBUG:netmiko:read_channel: 
DEBUG:netmiko:read_channel: 
DEBUG:netmiko:read_channel: 
DEBUG:netmiko:read_channel: 
DEBUG:netmiko:read_channel: 
DEBUG:netmiko:read_channel: 
DEBUG:netmiko:read_channel: 
DEBUG:netmiko:read_channel: 
DEBUG:netmiko:read_channel: lls -
DEBUG:netmiko:read_channel: l
total 13714484
-r--r----- 1 ifc   admin  192401193 Aug 15  2020 dbgexp_coreexp-default_svlngen4-fab1-sw1042_sysid-1042_2020-08-15T06-27UTC_1597501666_0x101_nginx_log.17913.tar.gz
-r--r----- 1 ifc   admin  128467373 Aug 15  2020 dbgexp_coreexp-default_svlngen4-fab1-sw1042_sysid-1042_2020-08-15T06-27UTC_1597501667_0x101_sysmgr_log.15733.tar.gz
-r--r----- 1 ifc   admin  639918159 Jul 20  2021 dbgexp_coreexp-default_svlngen4-fab1-sw1042_sysid-1042_2021-07-20T00-47UTC_1626770861_0x102_kernel_log.0.tar.gz
-r--r----- 1 ifc   admin  536053104 Oct 10  2021 dbgexp_coreexp-default_svlngen4-fab1-sw1042_sysid-1042_2021-10-10T10-55UTC_1633892135_0x102_kernel_log.0.tar.gz
-r--r----- 1 ifc   admin  500858643 Dec 27 04:05 dbgexp_coreexp-default_svlngen4-fab1-sw1042_sysid-1042_2021-12-27T04-02UTC_1640606577_0x102_kernel_log.0.tar.gz
-r--r----- 1 ifc   admin    5346153 Sep  7  2020 dbgexp_coreexp-default_svlngen4-fab1-sw3811_sysid-3811_2020-09-07T01-09UTC_1599469749_0x102_svc_ifc_eventmgr_log.4007.tar.gz
-r--r----- 1 ifc   admin  554747190 Jul 20  2021 dbgexp_coreexp-default_svlngen4-fab1-sw3811_sysid-3811_2021-07-20T00-04UTC_1626768256_0x102_kernel_log.0.tar.gz
-r--r----- 1 ifc   admin  613587723 Oct 10  2021 dbgexp_coreexp-default_svlngen4-fab1-sw3811_sysid-3811_2021-10-10T13-05UTC_1633899929_0x102_kernel_log.0.tar.gz
-r--r----- 1 ifc   admin  594412940 Nov 18 07:54 dbgexp_coreexp-default_svlngen4-fab1-sw3811_sysid-3811_2021-11-18T07-51UTC_1637250703_0x102_kernel_log.0.tar.gz
-r--r----- 1 ifc   admin  551577644 Dec 27 02:42 dbgexp_coreexp-default_svlngen4-fab1-sw3811_sysid-3811_2021-12-27T02-39UTC_1640601595_0x102_kernel_log.0.tar.gz
-r--r----- 1 ifc   admin  625031269 Nov 18 07:27 dbgexp_coreexp-default_svlngen4-fab1-sw3822_sysid-3822_2021-11-18T07-24UTC_1637249096_0x102_kernel_log.0.tar.gz
-r--r----- 1 ifc   admin  233893476 Jan 17 08:51 dbgexp_coreexp-default_svlngen4-fab1-sw3914_sysid-3914_2021-04-26T12-39UTC_1619469558_0x1c01_policy_mgr_log.54988.tar.gz
drwxrwxr-x 2 ifc   admin       4096 Apr 20 04:07 debug
-rw-r--r-- 1 admin admin        140 Mar 11 05:46 faultRecord.xml
drwxrwxrwx 2 root  root        4096 Apr  5 04:23 heapstats
-r--r--r-- 1 admin admin 3773092003 May 19  2020 local_svlngen4-fab1-apic1_2020-05-19T11-41.tgz
-r--r--r-- 1 admin admin 2595219889 Apr 28  2021 local_svlngen4-fab1-sw1011_2021-04-28T10-44.tgz
-r--r--r-- 1 admin admin 2498898958 Apr 28  2021 local_svlngen4-fab1-sw1012_2021-04-28T10-44.tgz
drwx------ 2 root  root       16384 Nov 22  2019 lost+found
drwxrwxrwx 2 root  root        4096 Dec 12  2019 troubleshoot
drwx------ 2 admin admin       4096 May 19  2020 upgradeTriages
%                                                                                                                                                                                                                                                                                                                                                                                                                                                                                                                              
 

svlngen4-fab1-apic1# 
DEBUG:netmiko:Pattern found: (ls\ \-l) 
%                                                                                                                                                                                                                                                                                                                                                                                                                                                                                                                              
 

svlngen4-fab1-apic1# 
%                                                                                                                                                                                                                                                                                                                                                                                                                                                                                                                              
 

svlngen4-fab1-apic1# 
%                                                                                                                                                                                                                                                                                                                                                                                                                                                                                                                              
 

svlngen4-fab1-apic1# 
%                                                                                                                                                                                                                                                                                                                                                                                                                                                                                                                              
 

svlngen4-fab1-apic1# lls -l
DEBUG:netmiko:read_channel: 
DEBUG:netmiko:read_channel: 
DEBUG:netmiko:write_channel: b'\n'
DEBUG:netmiko:read_channel: 
DEBUG:netmiko:write_channel: b'\n'
DEBUG:netmiko:read_channel: 
DEBUG:netmiko:write_channel: b'\n'
DEBUG:netmiko:read_channel: 
DEBUG:netmiko:write_channel: b'\n'
DEBUG:netmiko:read_channel: 
DEBUG:netmiko:write_channel: b'\n'
DEBUG:netmiko:read_channel: 
%                                                                                                                                                                                                                                                                                                                                                                                                                                                                                                                              
 

svlngen4-fab1-apic1# 
DEBUG:netmiko:read_channel: 
DEBUG:netmiko:[find_prompt()]: prompt is svlngen4-fab1-apic1#
DEBUG:netmiko:write_channel: b'df -h | grep tech\n'
DEBUG:netmiko:read_channel: 
DEBUG:netmiko:read_channel: 
DEBUG:netmiko:read_channel: 
DEBUG:netmiko:read_channel: 
DEBUG:netmiko:read_channel: 
DEBUG:netmiko:read_channel: 
DEBUG:netmiko:read_channel: 
DEBUG:netmiko:read_channel: 
DEBUG:netmiko:read_channel: 
DEBUG:netmiko:read_channel: 
DEBUG:netmiko:read_channel: 
DEBUG:netmiko:read_channel: 
%                                                                                                                                                                                                                                                                                                                                                                                                                                                                                                                              
 

svlngen4-fab1-apic1# 
%                                                                                                                                                                                                                                                                                                                                                                                                                                                                                                                              
 

svlngen4-fab1-apic1# 
%                                                                                                                                                                                                                                                                                                                                                                                                                                                                                                                              
 

svlngen4-fab1-apic1# 
%                                                                                                                                                                                                                                                                                                                                                                                                                                                                                                                              
 

svlngen4-fab1-apic1# 
DEBUG:netmiko:read_channel: 
DEBUG:netmiko:read_channel: 
DEBUG:netmiko:read_channel: 
DEBUG:netmiko:read_channel: 
DEBUG:netmiko:read_channel: 
DEBUG:netmiko:read_channel: 
DEBUG:netmiko:read_channel: 
DEBUG:netmiko:read_channel: 
DEBUG:netmiko:read_channel: 
DEBUG:netmiko:read_channel: 
DEBUG:netmiko:read_channel: 
DEBUG:netmiko:read_channel: 
DEBUG:netmiko:read_channel: 
DEBUG:netmiko:read_channel: 
DEBUG:netmiko:read_channel: 
DEBUG:netmiko:read_channel: 
DEBUG:netmiko:read_channel: 
DEBUG:netmiko:read_channel: 
DEBUG:netmiko:read_channel: 
DEBUG:netmiko:read_channel: ddf -h | grep tech

DEBUG:netmiko:Pattern found: (df\ \-h\ \|\ grep\ tech) 
%                                                                                                                                                                                                                                                                                                                                                                                                                                                                                                                              
 

svlngen4-fab1-apic1# 
%                                                                                                                                                                                                                                                                                                                                                                                                                                                                                                                              
 

svlngen4-fab1-apic1# 
%                                                                                                                                                                                                                                                                                                                                                                                                                                                                                                                              
 

svlngen4-fab1-apic1# 
%                                                                                                                                                                                                                                                                                                                                                                                                                                                                                                                              
 

svlngen4-fab1-apic1# ddf -h | grep tech
DEBUG:netmiko:read_channel: /dev/mapper/vg_ifc0-techsupport   40G   14G   25G  36% /data/techsupport
%                                                                                                                                                                                                                                                                                                                                                                                                                                                                                                                              
 

svlngen4-fab1-apic1# 
DEBUG:paramiko.transport:starting thread (client mode): 0xc14f7f0
DEBUG:paramiko.transport:Local version/idstring: SSH-2.0-paramiko_2.10.3
DEBUG:paramiko.transport:Remote version/idstring: SSH-2.0-OpenSSH_8.2
INFO:paramiko.transport:Connected (version 2.0, client OpenSSH_8.2)
DEBUG:paramiko.transport:=== Key exchange possibilities ===
DEBUG:paramiko.transport:kex algos: curve25519-sha256, curve25519-sha256@libssh.org, diffie-hellman-group1-sha1, diffie-hellman-group14-sha1, diffie-hellman-group14-sha256, diffie-hellman-group16-sha512, ecdh-sha2-nistp256, ecdh-sha2-nistp384, ecdh-sha2-nistp521
DEBUG:paramiko.transport:server key: ssh-rsa
DEBUG:paramiko.transport:client encrypt: aes128-ctr, aes192-ctr, aes256-ctr
DEBUG:paramiko.transport:server encrypt: aes128-ctr, aes192-ctr, aes256-ctr
DEBUG:paramiko.transport:client mac: hmac-sha1, hmac-sha2-256, hmac-sha2-512
DEBUG:paramiko.transport:server mac: hmac-sha1, hmac-sha2-256, hmac-sha2-512
DEBUG:paramiko.transport:client compress: none, zlib@openssh.com
DEBUG:paramiko.transport:server compress: none, zlib@openssh.com
DEBUG:paramiko.transport:client lang: <none>
DEBUG:paramiko.transport:server lang: <none>
DEBUG:paramiko.transport:kex follows: False
DEBUG:paramiko.transport:=== Key exchange agreements ===
DEBUG:paramiko.transport:Kex: curve25519-sha256@libssh.org
DEBUG:paramiko.transport:HostKey: ssh-rsa
DEBUG:paramiko.transport:Cipher: aes128-ctr
DEBUG:paramiko.transport:MAC: hmac-sha2-256
DEBUG:paramiko.transport:Compression: none
DEBUG:paramiko.transport:=== End of kex handshake ===
DEBUG:paramiko.transport:kex engine KexCurve25519 specified hash_algo <built-in function openssl_sha256>
DEBUG:paramiko.transport:Switch to new keys ...
DEBUG:paramiko.transport:Adding ssh-rsa host key for svlngen4-fab1-apic1: b'cb2da8ed61e467840f2aac1ca52bcede'
DEBUG:paramiko.transport:Got EXT_INFO: {'server-sig-algs': b'ssh-ed25519,sk-ssh-ed25519@openssh.com,ssh-rsa,rsa-sha2-256,rsa-sha2-512,ssh-dss,ecdsa-sha2-nistp256,ecdsa-sha2-nistp384,ecdsa-sha2-nistp521,sk-ecdsa-sha2-nistp256@openssh.com'}
DEBUG:paramiko.transport:userauth is OK
INFO:paramiko.transport:Auth banner: b'Application Policy Infrastructure Controller\n'
INFO:paramiko.transport:Authentication (password) successful!
DEBUG:paramiko.transport:[chan 0] Max packet in: 32768 bytes
DEBUG:paramiko.transport:Received global request "hostkeys-00@openssh.com"
DEBUG:paramiko.transport:Rejecting "hostkeys-00@openssh.com" global request from server.
DEBUG:paramiko.transport:[chan 0] Max packet out: 32768 bytes
DEBUG:paramiko.transport:Secsh channel 0 opened.
DEBUG:paramiko.transport:[chan 0] Sesch channel 0 request ok
DEBUG:paramiko.transport:[chan 0] Sesch channel 0 request ok
DEBUG:netmiko:read_channel: 
DEBUG:netmiko:read_channel: 
DEBUG:netmiko:read_channel: 
DEBUG:netmiko:read_channel: 
DEBUG:netmiko:read_channel: 
DEBUG:netmiko:read_channel: 
DEBUG:netmiko:read_channel: 
DEBUG:netmiko:read_channel: 
DEBUG:netmiko:read_channel: 
DEBUG:netmiko:read_channel: 
DEBUG:netmiko:read_channel: 
DEBUG:netmiko:read_channel: 
DEBUG:netmiko:read_channel: 
DEBUG:netmiko:read_channel: 
DEBUG:netmiko:read_channel: 
DEBUG:netmiko:read_channel: 
DEBUG:netmiko:read_channel: 
DEBUG:netmiko:read_channel: 
DEBUG:netmiko:read_channel: 
DEBUG:netmiko:read_channel: 
DEBUG:netmiko:read_channel: 
DEBUG:netmiko:read_channel: 
DEBUG:netmiko:read_channel: 
DEBUG:netmiko:read_channel: 
DEBUG:netmiko:read_channel: 
DEBUG:netmiko:read_channel: 
DEBUG:netmiko:read_channel: 
DEBUG:netmiko:read_channel: 
DEBUG:netmiko:read_channel: 
DEBUG:netmiko:read_channel: 
DEBUG:netmiko:read_channel: 
DEBUG:netmiko:read_channel: 
DEBUG:netmiko:read_channel: 
DEBUG:netmiko:read_channel: 
DEBUG:netmiko:read_channel: 
DEBUG:netmiko:read_channel: 
DEBUG:netmiko:read_channel: 
DEBUG:netmiko:read_channel: 
DEBUG:netmiko:read_channel: 
DEBUG:netmiko:read_channel: 
DEBUG:netmiko:read_channel: 
DEBUG:netmiko:read_channel: 
DEBUG:netmiko:read_channel: 
DEBUG:netmiko:read_channel: 
DEBUG:netmiko:read_channel: 
DEBUG:netmiko:read_channel: 
DEBUG:netmiko:read_channel: 
DEBUG:netmiko:read_channel: 
DEBUG:netmiko:read_channel: 
DEBUG:netmiko:read_channel: 
DEBUG:netmiko:read_channel: 
DEBUG:netmiko:read_channel: 
DEBUG:netmiko:read_channel: 
DEBUG:netmiko:read_channel: 
DEBUG:netmiko:read_channel: 
DEBUG:netmiko:read_channel: 
DEBUG:netmiko:read_channel: 
DEBUG:netmiko:read_channel: Last login: 2022-04-23T02:53:19.000-07:00 UTC

DEBUG:netmiko:read_channel: %                                                                                                                                                                                                                                                                                                                                                                                                                                                                                                                              
 

svlngen4-fab1-apic1# 
DEBUG:netmiko:Pattern found: ([>#]) Last login: 2022-04-23T02:53:19.000-07:00 UTC
%                                                                                                                                                                                                                                                                                                                                                                                                                                                                                                                              
 

svlngen4-fab1-apic1#
DEBUG:netmiko:write_channel: b'terminal width 511\n'
DEBUG:netmiko:read_channel: 
DEBUG:netmiko:read_channel: 
DEBUG:netmiko:read_channel: 
DEBUG:netmiko:read_channel: 
DEBUG:netmiko:read_channel: 
DEBUG:netmiko:read_channel: 
DEBUG:netmiko:read_channel: 
DEBUG:netmiko:read_channel: 
DEBUG:netmiko:read_channel: 
DEBUG:netmiko:read_channel: 
DEBUG:netmiko:read_channel: 
DEBUG:netmiko:read_channel: 
DEBUG:netmiko:read_channel: 
DEBUG:netmiko:read_channel: 
DEBUG:netmiko:read_channel: 
DEBUG:netmiko:read_channel: 
DEBUG:netmiko:read_channel: 
DEBUG:netmiko:read_channel: 
DEBUG:netmiko:read_channel: 
DEBUG:netmiko:read_channel: 
DEBUG:netmiko:read_channel: 
DEBUG:netmiko:read_channel: 
DEBUG:netmiko:read_channel: 
DEBUG:netmiko:read_channel: 
DEBUG:netmiko:read_channel: 
DEBUG:netmiko:read_channel: 
DEBUG:netmiko:read_channel: tterminal width 511

DEBUG:netmiko:Pattern found: (terminal width 511)  tterminal width 511
DEBUG:netmiko:In disable_paging
DEBUG:netmiko:Command: terminal length 0

DEBUG:netmiko:write_channel: b'terminal length 0\n'
DEBUG:netmiko:read_channel: 
DEBUG:netmiko:read_channel: 
DEBUG:netmiko:read_channel: 
DEBUG:netmiko:read_channel: 
DEBUG:netmiko:read_channel: 
DEBUG:netmiko:read_channel: 
DEBUG:netmiko:read_channel: 
DEBUG:netmiko:read_channel: 
DEBUG:netmiko:read_channel: 
DEBUG:netmiko:read_channel: 
DEBUG:netmiko:read_channel: 
DEBUG:netmiko:read_channel: 
DEBUG:netmiko:read_channel: 
DEBUG:netmiko:read_channel: 
DEBUG:netmiko:read_channel: 
DEBUG:netmiko:read_channel: 
DEBUG:netmiko:read_channel: 
DEBUG:netmiko:read_channel: 
DEBUG:netmiko:read_channel: 
DEBUG:netmiko:read_channel: 
DEBUG:netmiko:read_channel: %                                                                                                                                                                                                                                                                                                                                                                                                                                                                                                                              
 

svlngen4-fab1-apic1# 
DEBUG:netmiko:read_channel: 
DEBUG:netmiko:read_channel: tterminal length 0
%                                                                                                                                                                                                                                                                                                                                                                                                                                                                                                                              
 

DEBUG:netmiko:Pattern found: (terminal\ length\ 0) 
%                                                                                                                                                                                                                                                                                                                                                                                                                                                                                                                              
 

svlngen4-fab1-apic1# tterminal length 0
DEBUG:netmiko:
%                                                                                                                                                                                                                                                                                                                                                                                                                                                                                                                              
 

svlngen4-fab1-apic1# tterminal length 0
DEBUG:netmiko:Exiting disable_paging
DEBUG:netmiko:read_channel: 
DEBUG:netmiko:Clear buffer detects data in the channel
DEBUG:netmiko:read_channel: 
DEBUG:netmiko:write_channel: b'\n'
DEBUG:netmiko:read_channel: 
DEBUG:netmiko:read_channel: 
DEBUG:netmiko:read_channel: 
DEBUG:netmiko:read_channel: 
DEBUG:netmiko:read_channel: 
DEBUG:netmiko:read_channel: 
DEBUG:netmiko:read_channel: 
DEBUG:netmiko:read_channel: 
DEBUG:netmiko:read_channel: 
DEBUG:netmiko:read_channel: 
DEBUG:netmiko:read_channel: 
DEBUG:netmiko:read_channel: 
svlngen4-fab1-apic1# 
DEBUG:netmiko:Pattern found: (\#|>) 
svlngen4-fab1-apic1#
DEBUG:netmiko:read_channel: 
DEBUG:netmiko:Clear buffer detects data in the channel
DEBUG:netmiko:read_channel: 
DEBUG:netmiko:[find_prompt()]: prompt is svlngen4-fab1-apic1#
DEBUG:netmiko:read_channel: 
DEBUG:netmiko:write_channel: b'\n'
DEBUG:netmiko:read_channel: 
%                                                                                                                                                                                                                                                                                                                                                                                                                                                                                                                              
 

svlngen4-fab1-apic1# 
DEBUG:netmiko:read_channel: 
DEBUG:netmiko:[find_prompt()]: prompt is svlngen4-fab1-apic1#
DEBUG:netmiko:write_channel: b'cd /data/techsupport/\n'
DEBUG:netmiko:read_channel: 
DEBUG:netmiko:read_channel: 
DEBUG:netmiko:read_channel: 
DEBUG:netmiko:read_channel: 
DEBUG:netmiko:read_channel: 
DEBUG:netmiko:read_channel: 
DEBUG:netmiko:read_channel: 
DEBUG:netmiko:read_channel: 
DEBUG:netmiko:read_channel: 
DEBUG:netmiko:read_channel: 
DEBUG:netmiko:read_channel: 
DEBUG:netmiko:read_channel: 
DEBUG:netmiko:read_channel: 
DEBUG:netmiko:read_channel: 
DEBUG:netmiko:read_channel: 
DEBUG:netmiko:read_channel: 
DEBUG:netmiko:read_channel: 
DEBUG:netmiko:read_channel: 
DEBUG:netmiko:read_channel: 
DEBUG:netmiko:read_channel: 
DEBUG:netmiko:read_channel: 
DEBUG:netmiko:read_channel: 
DEBUG:netmiko:read_channel: 
%                                                                                                                                                                                                                                                                                                                                                                                                                                                                                                                              
 

svlngen4-fab1-apic1# 
DEBUG:netmiko:read_channel: 
DEBUG:netmiko:read_channel: 
DEBUG:netmiko:read_channel: 
DEBUG:netmiko:read_channel: 
DEBUG:netmiko:read_channel: 
DEBUG:netmiko:read_channel: 
DEBUG:netmiko:read_channel: 
DEBUG:netmiko:read_channel: 
DEBUG:netmiko:read_channel: 
DEBUG:netmiko:read_channel: 
DEBUG:netmiko:read_channel: 
DEBUG:netmiko:read_channel: 
DEBUG:netmiko:read_channel: 
DEBUG:netmiko:read_channel: 
DEBUG:netmiko:read_channel: 
DEBUG:netmiko:read_channel: 
DEBUG:netmiko:read_channel: 
DEBUG:netmiko:read_channel: 
DEBUG:netmiko:read_channel: 
DEBUG:netmiko:read_channel: ccd /data/techsupport/

DEBUG:netmiko:Pattern found: (cd\ /data/techsupport/) 
%                                                                                                                                                                                                                                                                                                                                                                                                                                                                                                                              
 

svlngen4-fab1-apic1# ccd /data/techsupport/
DEBUG:netmiko:read_channel: 
DEBUG:netmiko:read_channel: 
DEBUG:netmiko:read_channel: 
DEBUG:netmiko:read_channel: 
DEBUG:netmiko:read_channel: 
DEBUG:netmiko:read_channel: 
DEBUG:netmiko:read_channel: 
DEBUG:netmiko:read_channel: 
DEBUG:netmiko:read_channel: 
DEBUG:netmiko:read_channel: 
DEBUG:netmiko:read_channel: %                                                                                                                                                                                                                                                                                                                                                                                                                                                                                                                              
 

svlngen4-fab1-apic1# 
DEBUG:netmiko:read_channel: 
DEBUG:netmiko:write_channel: b'\n'
DEBUG:netmiko:read_channel: 
DEBUG:netmiko:write_channel: b'\n'
DEBUG:netmiko:read_channel: 
DEBUG:netmiko:write_channel: b'\n'
DEBUG:netmiko:read_channel: 
DEBUG:netmiko:write_channel: b'\n'
DEBUG:netmiko:read_channel: 
DEBUG:netmiko:write_channel: b'\n'
DEBUG:netmiko:read_channel: 
%                                                                                                                                                                                                                                                                                                                                                                                                                                                                                                                              
 

svlngen4-fab1-apic1# 
DEBUG:netmiko:read_channel: 
DEBUG:netmiko:[find_prompt()]: prompt is svlngen4-fab1-apic1#
DEBUG:netmiko:write_channel: b'ls -l\n'
DEBUG:netmiko:read_channel: 
DEBUG:netmiko:read_channel: 
DEBUG:netmiko:read_channel: 
DEBUG:netmiko:read_channel: 
DEBUG:netmiko:read_channel: 
DEBUG:netmiko:read_channel: 
DEBUG:netmiko:read_channel: 
DEBUG:netmiko:read_channel: 
DEBUG:netmiko:read_channel: 
DEBUG:netmiko:read_channel: 
DEBUG:netmiko:read_channel: 
DEBUG:netmiko:read_channel: 
DEBUG:netmiko:read_channel: 
DEBUG:netmiko:read_channel: 
DEBUG:netmiko:read_channel: 
%                                                                                                                                                                                                                                                                                                                                                                                                                                                                                                                              
 

svlngen4-fab1-apic1# 
%                                                                                                                                                                                                                                                                                                                                                                                                                                                                                                                              
 

svlngen4-fab1-apic1# 
%                                                                                                                                                                                                                                                                                                                                                                                                                                                                                                                              
 

svlngen4-fab1-apic1# 
%                                                                                                                                                                                                                                                                                                                                                                                                                                                                                                                              
 

DEBUG:netmiko:read_channel: 
DEBUG:netmiko:read_channel: 
DEBUG:netmiko:read_channel: 
DEBUG:netmiko:read_channel: 
DEBUG:netmiko:read_channel: 
DEBUG:netmiko:read_channel: 
DEBUG:netmiko:read_channel: 
DEBUG:netmiko:read_channel: 
DEBUG:netmiko:read_channel: 
DEBUG:netmiko:read_channel: 
DEBUG:netmiko:read_channel: 
DEBUG:netmiko:read_channel: 
DEBUG:netmiko:read_channel: 
DEBUG:netmiko:read_channel: 
DEBUG:netmiko:read_channel: 
DEBUG:netmiko:read_channel: 
DEBUG:netmiko:read_channel: 
DEBUG:netmiko:read_channel: 
DEBUG:netmiko:read_channel: 
DEBUG:netmiko:read_channel: 
svlngen4-fab1-apic1# lls
DEBUG:netmiko:read_channel:  -l
total 13714484

DEBUG:netmiko:Pattern found: (ls\ \-l) 
%                                                                                                                                                                                                                                                                                                                                                                                                                                                                                                                              
 

svlngen4-fab1-apic1# 
%                                                                                                                                                                                                                                                                                                                                                                                                                                                                                                                              
 

svlngen4-fab1-apic1# 
%                                                                                                                                                                                                                                                                                                                                                                                                                                                                                                                              
 

svlngen4-fab1-apic1# 
%                                                                                                                                                                                                                                                                                                                                                                                                                                                                                                                              
 

svlngen4-fab1-apic1# lls -l
DEBUG:netmiko:read_channel: -r--r----- 1 ifc   admin  192401193 Aug 15  2020 dbgexp_coreexp-default_svlngen4-fab1-sw1042_sysid-1042_2020-08-15T06-27UTC_1597501666_0x101_nginx_log.17913.tar.gz
-r--r----- 1 ifc   admin  128467373 Aug 15  2020 dbgexp_coreexp-default_svlngen4-fab1-sw1042_sysid-1042_2020-08-15T06-27UTC_1597501667_0x101_sysmgr_log.15733.tar.gz
-r--r----- 1 ifc   admin  639918159 Jul 20  2021 dbgexp_coreexp-default_svlngen4-fab1-sw1042_sysid-1042_2021-07-20T00-47UTC_1626770861_0x102_kernel_log.0.tar.gz
-r--r----- 1 ifc   admin  536053104 Oct 10  2021 dbgexp_coreexp-default_svlngen4-fab1-sw1042_sysid-1042_2021-10-10T10-55UTC_1633892135_0x102_kernel_log.0.tar.gz
-r--r----- 1 ifc   admin  500858643 Dec 27 04:05 dbgexp_coreexp-default_svlngen4-fab1-sw1042_sysid-1042_2021-12-27T04-02UTC_1640606577_0x102_kernel_log.0.tar.gz
-r--r----- 1 ifc   admin    5346153 Sep  7  2020 dbgexp_coreexp-default_svlngen4-fab1-sw3811_sysid-3811_2020-09-07T01-09UTC_1599469749_0x102_svc_ifc_eventmgr_log.4007.tar.gz
-r--r----- 1 ifc   admin  554747190 Jul 20  2021 dbgexp_coreexp-default_svlngen4-fab1-sw3811_sysid-3811_2021-07-20T00-04UTC_1626768256_0x102_kernel_log.0.tar.gz
-r--r----- 1 ifc   admin  613587723 Oct 10  2021 dbgexp_coreexp-default_svlngen4-fab1-sw3811_sysid-3811_2021-10-10T13-05UTC_1633899929_0x102_kernel_log.0.tar.gz
-r--r----- 1 ifc   admin  594412940 Nov 18 07:54 dbgexp_coreexp-default_svlngen4-fab1-sw3811_sysid-3811_2021-11-18T07-51UTC_1637250703_0x102_kernel_log.0.tar.gz
-r--r----- 1 ifc   admin  551577644 Dec 27 02:42 dbgexp_coreexp-default_svlngen4-fab1-sw3811_sysid-3811_2021-12-27T02-39UTC_1640601595_0x102_kernel_log.0.tar.gz
-r--r----- 1 ifc   admin  625031269 Nov 18 07:27 dbgexp_coreexp-default_svlngen4-fab1-sw3822_sysid-3822_2021-11-18T07-24UTC_1637249096_0x102_kernel_log.0.tar.gz
-r--r----- 1 ifc   admin  233893476 Jan 17 08:51 dbgexp_coreexp-default_svlngen4-fab1-sw3914_sysid-3914_2021-04-26T12-39UTC_1619469558_0x1c01_policy_mgr_log.54988.tar.gz
drwxrwxr-x 2 ifc   admin       4096 Apr 20 04:07 debug
-rw-r--r-- 1 admin admin        140 Mar 11 05:46 faultRecord.xml
drwxrwxrwx 2 root  root        4096 Apr  5 04:23 heapstats
-r--r--r-- 1 admin admin 3773092003 May 19  2020 local_svlngen4-fab1-apic1_2020-05-19T11-41.tgz
-r--r--r-- 1 admin admin 2595219889 Apr 28  2021 local_svlngen4-fab1-sw1011_2021-04-28T10-44.tgz
-r--r--r-- 1 admin admin 2498898958 Apr 28  2021 local_svlngen4-fab1-sw1012_2021-04-28T10-44.tgz
drwx------ 2 root  root       16384 Nov 22  2019 lost+found
drwxrwxrwx 2 root  root        4096 Dec 12  2019 troubleshoot
drwx------ 2 admin admin       4096 May 19  2020 upgradeTriages
%                                                                                                                                                                                                                                                                                                                                                                                                                                                                                                                              
 

svlngen4-fab1-apic1# 
DEBUG:netmiko:read_channel: 
DEBUG:netmiko:write_channel: b'\n'
DEBUG:netmiko:read_channel: 
DEBUG:netmiko:write_channel: b'\n'
DEBUG:netmiko:read_channel: 
DEBUG:netmiko:write_channel: b'\n'
DEBUG:netmiko:read_channel: 
DEBUG:netmiko:write_channel: b'\n'
DEBUG:netmiko:read_channel: 
DEBUG:netmiko:write_channel: b'\n'
DEBUG:netmiko:read_channel: 
%                                                                                                                                                                                                                                                                                                                                                                                                                                                                                                                              
 

svlngen4-fab1-apic1# 
DEBUG:netmiko:read_channel: 
DEBUG:netmiko:[find_prompt()]: prompt is svlngen4-fab1-apic1#
DEBUG:netmiko:write_channel: b'df -h | grep tech\n'
DEBUG:netmiko:read_channel: 
DEBUG:netmiko:read_channel: 
DEBUG:netmiko:read_channel: 
DEBUG:netmiko:read_channel: 
DEBUG:netmiko:read_channel: 
DEBUG:netmiko:read_channel: 
DEBUG:netmiko:read_channel: 
DEBUG:netmiko:read_channel: 
DEBUG:netmiko:read_channel: 
DEBUG:netmiko:read_channel: 
DEBUG:netmiko:read_channel: 
%                                                                                                                                                                                                                                                                                                                                                                                                                                                                                                                              
 

svlngen4-fab1-apic1# 
%                                                                                                                                                                                                                                                                                                                                                                                                                                                                                                                              
 

svlngen4-fab1-apic1# 
%                                                                                                                                                                                                                                                                                                                                                                                                                                                                                                                              
 

svlngen4-fab1-apic1# 
%                                                                                                                                                                                                                                                                                                                                                                                                                                                                                                                              
 

svlngen4-fab1-apic1# 
DEBUG:netmiko:read_channel: 
DEBUG:netmiko:read_channel: 
DEBUG:netmiko:read_channel: 
DEBUG:netmiko:read_channel: 
DEBUG:netmiko:read_channel: 
DEBUG:netmiko:read_channel: 
DEBUG:netmiko:read_channel: 
DEBUG:netmiko:read_channel: 
DEBUG:netmiko:read_channel: 
DEBUG:netmiko:read_channel: 
DEBUG:netmiko:read_channel: 
DEBUG:netmiko:read_channel: 
DEBUG:netmiko:read_channel: 
DEBUG:netmiko:read_channel: 
DEBUG:netmiko:read_channel: 
DEBUG:netmiko:read_channel: 
DEBUG:netmiko:read_channel: 
DEBUG:netmiko:read_channel: 
DEBUG:netmiko:read_channel: 
DEBUG:netmiko:read_channel: 
DEBUG:netmiko:read_channel: 
DEBUG:netmiko:read_channel: 
DEBUG:netmiko:read_channel: 
DEBUG:netmiko:read_channel: 
DEBUG:netmiko:read_channel: 
DEBUG:netmiko:read_channel: 
DEBUG:netmiko:read_channel: ddf -h | grep tech
/dev/mapper/vg_ifc0-techsupport   40G   14G   25G  36% /data/techsupport
%                                                                                                                                                                                                                                                                                                                                                                                                                                                                                                                              
 

svlngen4-fab1-apic1# 
DEBUG:netmiko:Pattern found: (df\ \-h\ \|\ grep\ tech) 
%                                                                                                                                                                                                                                                                                                                                                                                                                                                                                                                              
 

svlngen4-fab1-apic1# 
%                                                                                                                                                                                                                                                                                                                                                                                                                                                                                                                              
 

svlngen4-fab1-apic1# 
%                                                                                                                                                                                                                                                                                                                                                                                                                                                                                                                              
 

svlngen4-fab1-apic1# 
%                                                                                                                                                                                                                                                                                                                                                                                                                                                                                                                              
 

svlngen4-fab1-apic1# ddf -h | grep tech
DEBUG:netmiko:read_channel: 
DEBUG:paramiko.transport:starting thread (client mode): 0xbb57850
DEBUG:paramiko.transport:Local version/idstring: SSH-2.0-paramiko_2.10.3
DEBUG:paramiko.transport:Remote version/idstring: SSH-2.0-OpenSSH_8.2
INFO:paramiko.transport:Connected (version 2.0, client OpenSSH_8.2)
DEBUG:paramiko.transport:=== Key exchange possibilities ===
DEBUG:paramiko.transport:kex algos: curve25519-sha256, curve25519-sha256@libssh.org, diffie-hellman-group1-sha1, diffie-hellman-group14-sha1, diffie-hellman-group14-sha256, diffie-hellman-group16-sha512, ecdh-sha2-nistp256, ecdh-sha2-nistp384, ecdh-sha2-nistp521
DEBUG:paramiko.transport:server key: ssh-rsa
DEBUG:paramiko.transport:client encrypt: aes128-ctr, aes192-ctr, aes256-ctr
DEBUG:paramiko.transport:server encrypt: aes128-ctr, aes192-ctr, aes256-ctr
DEBUG:paramiko.transport:client mac: hmac-sha1, hmac-sha2-256, hmac-sha2-512
DEBUG:paramiko.transport:server mac: hmac-sha1, hmac-sha2-256, hmac-sha2-512
DEBUG:paramiko.transport:client compress: none, zlib@openssh.com
DEBUG:paramiko.transport:server compress: none, zlib@openssh.com
DEBUG:paramiko.transport:client lang: <none>
DEBUG:paramiko.transport:server lang: <none>
DEBUG:paramiko.transport:kex follows: False
DEBUG:paramiko.transport:=== Key exchange agreements ===
DEBUG:paramiko.transport:Kex: curve25519-sha256@libssh.org
DEBUG:paramiko.transport:HostKey: ssh-rsa
DEBUG:paramiko.transport:Cipher: aes128-ctr
DEBUG:paramiko.transport:MAC: hmac-sha2-256
DEBUG:paramiko.transport:Compression: none
DEBUG:paramiko.transport:=== End of kex handshake ===
DEBUG:paramiko.transport:kex engine KexCurve25519 specified hash_algo <built-in function openssl_sha256>
DEBUG:paramiko.transport:Switch to new keys ...
DEBUG:paramiko.transport:Adding ssh-rsa host key for svlngen4-fab1-apic1: b'cb2da8ed61e467840f2aac1ca52bcede'
DEBUG:paramiko.transport:Got EXT_INFO: {'server-sig-algs': b'ssh-ed25519,sk-ssh-ed25519@openssh.com,ssh-rsa,rsa-sha2-256,rsa-sha2-512,ssh-dss,ecdsa-sha2-nistp256,ecdsa-sha2-nistp384,ecdsa-sha2-nistp521,sk-ecdsa-sha2-nistp256@openssh.com'}
DEBUG:paramiko.transport:userauth is OK
INFO:paramiko.transport:Auth banner: b'Application Policy Infrastructure Controller\n'
INFO:paramiko.transport:Authentication (password) successful!
DEBUG:paramiko.transport:[chan 0] Max packet in: 32768 bytes
DEBUG:paramiko.transport:Received global request "hostkeys-00@openssh.com"
DEBUG:paramiko.transport:Rejecting "hostkeys-00@openssh.com" global request from server.
DEBUG:paramiko.transport:[chan 0] Max packet out: 32768 bytes
DEBUG:paramiko.transport:Secsh channel 0 opened.
DEBUG:paramiko.transport:[chan 0] Sesch channel 0 request ok
DEBUG:paramiko.transport:[chan 0] Sesch channel 0 request ok
DEBUG:netmiko:read_channel: 
DEBUG:netmiko:read_channel: 
DEBUG:netmiko:read_channel: 
DEBUG:netmiko:read_channel: 
DEBUG:netmiko:read_channel: 
DEBUG:netmiko:read_channel: 
DEBUG:netmiko:read_channel: 
DEBUG:netmiko:read_channel: 
DEBUG:netmiko:read_channel: 
DEBUG:netmiko:read_channel: 
DEBUG:netmiko:read_channel: 
DEBUG:netmiko:read_channel: 
DEBUG:netmiko:read_channel: 
DEBUG:netmiko:read_channel: 
DEBUG:netmiko:read_channel: 
DEBUG:netmiko:read_channel: 
DEBUG:netmiko:read_channel: 
DEBUG:netmiko:read_channel: 
DEBUG:netmiko:read_channel: 
DEBUG:netmiko:read_channel: 
DEBUG:netmiko:read_channel: 
DEBUG:netmiko:read_channel: 
DEBUG:netmiko:read_channel: 
DEBUG:netmiko:read_channel: 
DEBUG:netmiko:read_channel: 
DEBUG:netmiko:read_channel: 
DEBUG:netmiko:read_channel: 
DEBUG:netmiko:read_channel: 
DEBUG:netmiko:read_channel: 
DEBUG:netmiko:read_channel: 
DEBUG:netmiko:read_channel: 
DEBUG:netmiko:read_channel: 
DEBUG:netmiko:read_channel: 
DEBUG:netmiko:read_channel: 
DEBUG:netmiko:read_channel: 
DEBUG:netmiko:read_channel: 
DEBUG:netmiko:read_channel: 
DEBUG:netmiko:read_channel: 
DEBUG:netmiko:read_channel: Last login: 2022-04-23T02:55:38.000-07:00 UTC

DEBUG:netmiko:read_channel: 
DEBUG:netmiko:read_channel: 
DEBUG:netmiko:read_channel: 
DEBUG:netmiko:read_channel: 
DEBUG:netmiko:read_channel: %                                                                                                                                                                                                                                                                                                                                                                                                                                                                                                                              
 

svlngen4-fab1-apic1# 
DEBUG:netmiko:Pattern found: ([>#]) Last login: 2022-04-23T02:55:38.000-07:00 UTC
%                                                                                                                                                                                                                                                                                                                                                                                                                                                                                                                              
 

svlngen4-fab1-apic1#
DEBUG:netmiko:write_channel: b'terminal width 511\n'
DEBUG:netmiko:read_channel: 
DEBUG:netmiko:read_channel: 
DEBUG:netmiko:read_channel: 
DEBUG:netmiko:read_channel: 
DEBUG:netmiko:read_channel: 
DEBUG:netmiko:read_channel: 
DEBUG:netmiko:read_channel: 
DEBUG:netmiko:read_channel: 
DEBUG:netmiko:read_channel: 
DEBUG:netmiko:read_channel: 
DEBUG:netmiko:read_channel: 
DEBUG:netmiko:read_channel: 
DEBUG:netmiko:read_channel: 
DEBUG:netmiko:read_channel: 
DEBUG:netmiko:read_channel: 
DEBUG:netmiko:read_channel: 
DEBUG:netmiko:read_channel: 
DEBUG:netmiko:read_channel: 
DEBUG:netmiko:read_channel: 
DEBUG:netmiko:read_channel: 
DEBUG:netmiko:read_channel: 
DEBUG:netmiko:read_channel: tterminal width 511
DEBUG:netmiko:Pattern found: (terminal width 511)  tterminal width 511
DEBUG:netmiko:In disable_paging
DEBUG:netmiko:Command: terminal length 0

DEBUG:netmiko:write_channel: b'terminal length 0\n'
DEBUG:netmiko:read_channel: 
DEBUG:netmiko:read_channel: 
DEBUG:netmiko:read_channel: 
DEBUG:netmiko:read_channel: 
DEBUG:netmiko:read_channel: 
DEBUG:netmiko:read_channel: 
DEBUG:netmiko:read_channel: 
DEBUG:netmiko:read_channel: 
DEBUG:netmiko:read_channel: 
DEBUG:netmiko:read_channel: 
DEBUG:netmiko:read_channel: 
DEBUG:netmiko:read_channel: 
DEBUG:netmiko:read_channel: 
DEBUG:netmiko:read_channel: 
DEBUG:netmiko:read_channel: 
DEBUG:netmiko:read_channel: 
DEBUG:netmiko:read_channel: 
DEBUG:netmiko:read_channel: 
DEBUG:netmiko:read_channel: 
DEBUG:netmiko:read_channel: 
%                                                                                                                                                                                                                                                                                                                                                                                                                                                                                                                              
 

svlngen4-fab1-apic1# 
DEBUG:netmiko:read_channel: 
DEBUG:netmiko:read_channel: tterminal length 0
%                                                                                                                                                                                                                                                                                                                                                                                                                                                                                                                              
 

DEBUG:netmiko:Pattern found: (terminal\ length\ 0) 
%                                                                                                                                                                                                                                                                                                                                                                                                                                                                                                                              
 

svlngen4-fab1-apic1# tterminal length 0
DEBUG:netmiko:
%                                                                                                                                                                                                                                                                                                                                                                                                                                                                                                                              
 

svlngen4-fab1-apic1# tterminal length 0
DEBUG:netmiko:Exiting disable_paging
DEBUG:netmiko:read_channel: 
DEBUG:netmiko:Clear buffer detects data in the channel
DEBUG:netmiko:read_channel: 
DEBUG:netmiko:write_channel: b'\n'
DEBUG:netmiko:read_channel: 
DEBUG:netmiko:read_channel: 
DEBUG:netmiko:read_channel: 
DEBUG:netmiko:read_channel: 
DEBUG:netmiko:read_channel: 
DEBUG:netmiko:read_channel: 
DEBUG:netmiko:read_channel: 
DEBUG:netmiko:read_channel: 
DEBUG:netmiko:read_channel: 
DEBUG:netmiko:read_channel: 
DEBUG:netmiko:read_channel: 
DEBUG:netmiko:read_channel: 
DEBUG:netmiko:read_channel: 
DEBUG:netmiko:read_channel: 
DEBUG:netmiko:read_channel: 
svlngen4-fab1-apic1# 
DEBUG:netmiko:Pattern found: (\#|>) 
svlngen4-fab1-apic1#
DEBUG:netmiko:read_channel: 
DEBUG:netmiko:Clear buffer detects data in the channel
DEBUG:netmiko:read_channel: 
DEBUG:netmiko:[find_prompt()]: prompt is svlngen4-fab1-apic1#
DEBUG:netmiko:read_channel: 
DEBUG:netmiko:write_channel: b'\n'
DEBUG:netmiko:read_channel: 
%                                                                                                                                                                                                                                                                                                                                                                                                                                                                                                                              
 

svlngen4-fab1-apic1# 
DEBUG:netmiko:read_channel: 
DEBUG:netmiko:[find_prompt()]: prompt is svlngen4-fab1-apic1#
DEBUG:netmiko:write_channel: b'cd /data/techsupport/\n'
DEBUG:netmiko:read_channel: 
DEBUG:netmiko:read_channel: 
DEBUG:netmiko:read_channel: 
DEBUG:netmiko:read_channel: 
DEBUG:netmiko:read_channel: 
DEBUG:netmiko:read_channel: 
DEBUG:netmiko:read_channel: 
DEBUG:netmiko:read_channel: 
DEBUG:netmiko:read_channel: 
DEBUG:netmiko:read_channel: 
DEBUG:netmiko:read_channel: 
DEBUG:netmiko:read_channel: 
DEBUG:netmiko:read_channel: 
DEBUG:netmiko:read_channel: 
DEBUG:netmiko:read_channel: 
DEBUG:netmiko:read_channel: 
DEBUG:netmiko:read_channel: 
DEBUG:netmiko:read_channel: 
DEBUG:netmiko:read_channel: 
%                                                                                                                                                                                                                                                                                                                                                                                                                                                                                                                              
 

svlngen4-fab1-apic1# 
DEBUG:netmiko:read_channel: 
DEBUG:netmiko:read_channel: 
DEBUG:netmiko:read_channel: 
DEBUG:netmiko:read_channel: 
DEBUG:netmiko:read_channel: 
DEBUG:netmiko:read_channel: 
DEBUG:netmiko:read_channel: 
DEBUG:netmiko:read_channel: 
DEBUG:netmiko:read_channel: 
DEBUG:netmiko:read_channel: 
DEBUG:netmiko:read_channel: 
DEBUG:netmiko:read_channel: 
DEBUG:netmiko:read_channel: 
DEBUG:netmiko:read_channel: 
DEBUG:netmiko:read_channel: 
DEBUG:netmiko:read_channel: 
DEBUG:netmiko:read_channel: 
DEBUG:netmiko:read_channel: 
DEBUG:netmiko:read_channel: 
DEBUG:netmiko:read_channel: 
DEBUG:netmiko:read_channel: 
DEBUG:netmiko:read_channel: 
DEBUG:netmiko:read_channel: 
DEBUG:netmiko:read_channel: 
DEBUG:netmiko:read_channel: 
DEBUG:netmiko:read_channel: 
DEBUG:netmiko:read_channel: 
DEBUG:netmiko:read_channel: 
DEBUG:netmiko:read_channel: ccd /data/techsupport/
%                                                                                                                                                                                                                                                                                                                                                                                                                                                                                                                              
 

DEBUG:netmiko:Pattern found: (cd\ /data/techsupport/) 
%                                                                                                                                                                                                                                                                                                                                                                                                                                                                                                                              
 

svlngen4-fab1-apic1# ccd /data/techsupport/
DEBUG:netmiko:read_channel: 
DEBUG:netmiko:read_channel: 
DEBUG:netmiko:read_channel: 
DEBUG:netmiko:read_channel: 
DEBUG:netmiko:read_channel: 
DEBUG:netmiko:read_channel: 
DEBUG:netmiko:read_channel: 
DEBUG:netmiko:read_channel: 
DEBUG:netmiko:read_channel: 
DEBUG:netmiko:read_channel: 
svlngen4-fab1-apic1# 
DEBUG:netmiko:read_channel: 
DEBUG:netmiko:write_channel: b'\n'
DEBUG:netmiko:read_channel: 
DEBUG:netmiko:write_channel: b'\n'
DEBUG:netmiko:read_channel: 
DEBUG:netmiko:write_channel: b'\n'
DEBUG:netmiko:read_channel: 
DEBUG:netmiko:write_channel: b'\n'
DEBUG:netmiko:read_channel: 
DEBUG:netmiko:write_channel: b'\n'
DEBUG:netmiko:read_channel: 
%                                                                                                                                                                                                                                                                                                                                                                                                                                                                                                                              
 

svlngen4-fab1-apic1# 
DEBUG:netmiko:read_channel: 
DEBUG:netmiko:[find_prompt()]: prompt is svlngen4-fab1-apic1#
DEBUG:netmiko:write_channel: b'ls -l\n'
DEBUG:netmiko:read_channel: 
DEBUG:netmiko:read_channel: 
DEBUG:netmiko:read_channel: 
DEBUG:netmiko:read_channel: 
DEBUG:netmiko:read_channel: 
%                                                                                                                                                                                                                                                                                                                                                                                                                                                                                                                              
 

svlngen4-fab1-apic1# 
%                                                                                                                                                                                                                                                                                                                                                                                                                                                                                                                              
 

DEBUG:netmiko:read_channel: 
DEBUG:netmiko:read_channel: 
svlngen4-fab1-apic1# 
%                                                                                                                                                                                                                                                                                                                                                                                                                                                                                                                              
 

svlngen4-fab1-apic1# 
%                                                                                                                                                                                                                                                                                                                                                                                                                                                                                                                              
 

DEBUG:netmiko:read_channel: 
DEBUG:netmiko:read_channel: 
DEBUG:netmiko:read_channel: 
DEBUG:netmiko:read_channel: 
DEBUG:netmiko:read_channel: 
DEBUG:netmiko:read_channel: 
DEBUG:netmiko:read_channel: 
DEBUG:netmiko:read_channel: 
DEBUG:netmiko:read_channel: 
DEBUG:netmiko:read_channel: 
DEBUG:netmiko:read_channel: 
DEBUG:netmiko:read_channel: 
DEBUG:netmiko:read_channel: 
DEBUG:netmiko:read_channel: 
DEBUG:netmiko:read_channel: 
DEBUG:netmiko:read_channel: 
DEBUG:netmiko:read_channel: 
svlngen4-fab1-apic1# lls -l
total 13714484
-r--r----- 1 ifc   admin  192401193 Aug 15  2020 dbgexp_coreexp-default_svlngen4-fab1-sw1042_sysid-1042_2020-08-15T06-27UTC_1597501666_0x101_nginx_log.17913.tar.gz
-r--r----- 1 ifc   admin  128467373 Aug 15  2020 dbgexp_coreexp-default_svlngen4-fab1-sw1042_sysid-1042_2020-08-15T06-27UTC_1597501667_0x101_sysmgr_log.15733.tar.gz

DEBUG:netmiko:Pattern found: (ls\ \-l) 
%                                                                                                                                                                                                                                                                                                                                                                                                                                                                                                                              
 

svlngen4-fab1-apic1# 
%                                                                                                                                                                                                                                                                                                                                                                                                                                                                                                                              
 

svlngen4-fab1-apic1# 
%                                                                                                                                                                                                                                                                                                                                                                                                                                                                                                                              
 

svlngen4-fab1-apic1# 
%                                                                                                                                                                                                                                                                                                                                                                                                                                                                                                                              
 

svlngen4-fab1-apic1# lls -l
DEBUG:netmiko:read_channel: -r--r----- 1 ifc   admin  639918159 Jul 20  2021 dbgexp_coreexp-default_svlngen4-fab1-sw1042_sysid-1042_2021-07-20T00-47UTC_1626770861_0x102_kernel_log.0.tar.gz
-r--r----- 1 ifc   admin  536053104 Oct 10  2021 dbgexp_coreexp-default_svlngen4-fab1-sw1042_sysid-1042_2021-10-10T10-55UTC_1633892135_0x102_kernel_log.0.tar.gz
-r--r----- 1 ifc   admin  500858643 Dec 27 04:05 dbgexp_coreexp-default_svlngen4-fab1-sw1042_sysid-1042_2021-12-27T04-02UTC_1640606577_0x102_kernel_log.0.tar.gz
-r--r----- 1 ifc   admin    5346153 Sep  7  2020 dbgexp_coreexp-default_svlngen4-fab1-sw3811_sysid-3811_2020-09-07T01-09UTC_1599469749_0x102_svc_ifc_eventmgr_log.4007.tar.gz
-r--r----- 1 ifc   admin  554747190 Jul 20  2021 dbgexp_coreexp-default_svlngen4-fab1-sw3811_sysid-3811_2021-07-20T00-04UTC_1626768256_0x102_kernel_log.0.tar.gz
-r--r----- 1 ifc   admin  613587723 Oct 10  2021 dbgexp_coreexp-default_svlngen4-fab1-sw3811_sysid-3811_2021-10-10T13-05UTC_1633899929_0x102_kernel_log.0.tar.gz
-r--r----- 1 ifc   admin  594412940 Nov 18 07:54 dbgexp_coreexp-default_svlngen4-fab1-sw3811_sysid-3811_2021-11-18T07-51UTC_1637250703_0x102_kernel_log.0.tar.gz
-r--r----- 1 ifc   admin  551577644 Dec 27 02:42 dbgexp_coreexp-default_svlngen4-fab1-sw3811_sysid-3811_2021-12-27T02-39UTC_1640601595_0x102_kernel_log.0.tar.gz
-r--r----- 1 ifc   admin  625031269 Nov 18 07:27 dbgexp_coreexp-default_svlngen4-fab1-sw3822_sysid-3822_2021-11-18T07-24UTC_1637249096_0x102_kernel_log.0.tar.gz
-r--r----- 1 ifc   admin  233893476 Jan 17 08:51 dbgexp_coreexp-default_svlngen4-fab1-sw3914_sysid-3914_2021-04-26T12-39UTC_1619469558_0x1c01_policy_mgr_log.54988.tar.gz
drwxrwxr-x 2 ifc   admin       4096 Apr 20 04:07 debug
-rw-r--r-- 1 admin admin        140 Mar 11 05:46 faultRecord.xml
drwxrwxrwx 2 root  root        4096 Apr  5 04:23 heapstats
-r--r--r-- 1 admin admin 3773092003 May 19  2020 local_svlngen4-fab1-apic1_2020-05-19T11-41.tgz
-r--r--r-- 1 admin admin 2595219889 Apr 28  2021 local_svlngen4-fab1-sw1011_2021-04-28T10-44.tgz
-r--r--r-- 1 admin admin 2498898958 Apr 28  2021 local_svlngen4-fab1-sw1012_2021-04-28T10-44.tgz
drwx------ 2 root  root       16384 Nov 22  2019 lost+found
drwxrwxrwx 2 root  root        4096 Dec 12  2019 troubleshoot
drwx------ 2 admin admin       4096 May 19  2020 upgradeTriages
%                                                                                                                                                                                                                                                                                                                                                                                                                                                                                                                              
 

svlngen4-fab1-apic1# 
DEBUG:netmiko:read_channel: 
DEBUG:netmiko:write_channel: b'\n'
DEBUG:netmiko:read_channel: 
DEBUG:netmiko:write_channel: b'\n'
DEBUG:netmiko:read_channel: 
DEBUG:netmiko:write_channel: b'\n'
DEBUG:netmiko:read_channel: 
DEBUG:netmiko:write_channel: b'\n'
DEBUG:netmiko:read_channel: 
DEBUG:netmiko:write_channel: b'\n'
DEBUG:netmiko:read_channel: 
%                                                                                                                                                                                                                                                                                                                                                                                                                                                                                                                              
 

svlngen4-fab1-apic1# 
DEBUG:netmiko:read_channel: 
DEBUG:netmiko:[find_prompt()]: prompt is svlngen4-fab1-apic1#
DEBUG:netmiko:write_channel: b'df -h | grep tech\n'
DEBUG:netmiko:read_channel: 
DEBUG:netmiko:read_channel: 
DEBUG:netmiko:read_channel: 
DEBUG:netmiko:read_channel: 
DEBUG:netmiko:read_channel: 
DEBUG:netmiko:read_channel: 
DEBUG:netmiko:read_channel: 
DEBUG:netmiko:read_channel: 
DEBUG:netmiko:read_channel: 
%                                                                                                                                                                                                                                                                                                                                                                                                                                                                                                                              
 

svlngen4-fab1-apic1# 

DEBUG:netmiko:read_channel: %                                                                                                                                                                                                                                                                                                                                                                                                                                                                                                                              
 

DEBUG:netmiko:read_channel: 
svlngen4-fab1-apic1# 
%                                                                                                                                                                                                                                                                                                                                                                                                                                                                                                                              
 

svlngen4-fab1-apic1# 
%                                                                                                                                                                                                                                                                                                                                                                                                                                                                                                                              
 

svlngen4-fab1-apic1# 
DEBUG:netmiko:read_channel: 
DEBUG:netmiko:read_channel: 
DEBUG:netmiko:read_channel: 
DEBUG:netmiko:read_channel: 
DEBUG:netmiko:read_channel: 
DEBUG:netmiko:read_channel: 
DEBUG:netmiko:read_channel: 
DEBUG:netmiko:read_channel: 
DEBUG:netmiko:read_channel: 
DEBUG:netmiko:read_channel: 
DEBUG:netmiko:read_channel: 
DEBUG:netmiko:read_channel: 
DEBUG:netmiko:read_channel: 
DEBUG:netmiko:read_channel: 
DEBUG:netmiko:read_channel: 
DEBUG:netmiko:read_channel: 
DEBUG:netmiko:read_channel: ddf -h | grep tech

DEBUG:netmiko:Pattern found: (df\ \-h\ \|\ grep\ tech) 
%                                                                                                                                                                                                                                                                                                                                                                                                                                                                                                                              
 

svlngen4-fab1-apic1# 
%                                                                                                                                                                                                                                                                                                                                                                                                                                                                                                                              
 

svlngen4-fab1-apic1# 
%                                                                                                                                                                                                                                                                                                                                                                                                                                                                                                                              
 

svlngen4-fab1-apic1# 
%                                                                                                                                                                                                                                                                                                                                                                                                                                                                                                                              
 

svlngen4-fab1-apic1# ddf -h | grep tech
DEBUG:netmiko:read_channel: /dev/mapper/vg_ifc0-techsupport   40G   14G   25G  36% /data/techsupport
%                                                                                                                                                                                                                                                                                                                                                                                                                                                                                                                              
 

svlngen4-fab1-apic1# 
DEBUG:paramiko.transport:starting thread (client mode): 0x477b850
DEBUG:paramiko.transport:Local version/idstring: SSH-2.0-paramiko_2.10.3
DEBUG:paramiko.transport:Remote version/idstring: SSH-2.0-OpenSSH_8.2
INFO:paramiko.transport:Connected (version 2.0, client OpenSSH_8.2)
DEBUG:paramiko.transport:=== Key exchange possibilities ===
DEBUG:paramiko.transport:kex algos: curve25519-sha256, curve25519-sha256@libssh.org, diffie-hellman-group1-sha1, diffie-hellman-group14-sha1, diffie-hellman-group14-sha256, diffie-hellman-group16-sha512, ecdh-sha2-nistp256, ecdh-sha2-nistp384, ecdh-sha2-nistp521
DEBUG:paramiko.transport:server key: ssh-rsa
DEBUG:paramiko.transport:client encrypt: aes128-ctr, aes192-ctr, aes256-ctr
DEBUG:paramiko.transport:server encrypt: aes128-ctr, aes192-ctr, aes256-ctr
DEBUG:paramiko.transport:client mac: hmac-sha1, hmac-sha2-256, hmac-sha2-512
DEBUG:paramiko.transport:server mac: hmac-sha1, hmac-sha2-256, hmac-sha2-512
DEBUG:paramiko.transport:client compress: none, zlib@openssh.com
DEBUG:paramiko.transport:server compress: none, zlib@openssh.com
DEBUG:paramiko.transport:client lang: <none>
DEBUG:paramiko.transport:server lang: <none>
DEBUG:paramiko.transport:kex follows: False
DEBUG:paramiko.transport:=== Key exchange agreements ===
DEBUG:paramiko.transport:Kex: curve25519-sha256@libssh.org
DEBUG:paramiko.transport:HostKey: ssh-rsa
DEBUG:paramiko.transport:Cipher: aes128-ctr
DEBUG:paramiko.transport:MAC: hmac-sha2-256
DEBUG:paramiko.transport:Compression: none
DEBUG:paramiko.transport:=== End of kex handshake ===
DEBUG:paramiko.transport:kex engine KexCurve25519 specified hash_algo <built-in function openssl_sha256>
DEBUG:paramiko.transport:Switch to new keys ...
DEBUG:paramiko.transport:Got EXT_INFO: {'server-sig-algs': b'ssh-ed25519,sk-ssh-ed25519@openssh.com,ssh-rsa,rsa-sha2-256,rsa-sha2-512,ssh-dss,ecdsa-sha2-nistp256,ecdsa-sha2-nistp384,ecdsa-sha2-nistp521,sk-ecdsa-sha2-nistp256@openssh.com'}
DEBUG:paramiko.transport:Adding ssh-rsa host key for svlngen4-fab1-apic1: b'cb2da8ed61e467840f2aac1ca52bcede'
DEBUG:paramiko.transport:userauth is OK
INFO:paramiko.transport:Auth banner: b'Application Policy Infrastructure Controller\n'
INFO:paramiko.transport:Authentication (password) successful!
DEBUG:paramiko.transport:[chan 0] Max packet in: 32768 bytes
DEBUG:paramiko.transport:Received global request "hostkeys-00@openssh.com"
DEBUG:paramiko.transport:Rejecting "hostkeys-00@openssh.com" global request from server.
DEBUG:paramiko.transport:[chan 0] Max packet out: 32768 bytes
DEBUG:paramiko.transport:Secsh channel 0 opened.
DEBUG:paramiko.transport:[chan 0] Sesch channel 0 request ok
DEBUG:paramiko.transport:[chan 0] Sesch channel 0 request ok
DEBUG:netmiko:read_channel: 
DEBUG:netmiko:read_channel: 
DEBUG:netmiko:read_channel: 
DEBUG:netmiko:read_channel: 
DEBUG:netmiko:read_channel: 
DEBUG:netmiko:read_channel: 
DEBUG:netmiko:read_channel: 
DEBUG:netmiko:read_channel: 
DEBUG:netmiko:read_channel: 
DEBUG:netmiko:read_channel: 
DEBUG:netmiko:read_channel: 
DEBUG:netmiko:read_channel: 
DEBUG:netmiko:read_channel: 
DEBUG:netmiko:read_channel: 
DEBUG:netmiko:read_channel: 
DEBUG:netmiko:read_channel: 
DEBUG:netmiko:read_channel: 
DEBUG:netmiko:read_channel: 
DEBUG:netmiko:read_channel: 
DEBUG:netmiko:read_channel: 
DEBUG:netmiko:read_channel: 
DEBUG:netmiko:read_channel: 
DEBUG:netmiko:read_channel: 
DEBUG:netmiko:read_channel: 
DEBUG:netmiko:read_channel: 
DEBUG:netmiko:read_channel: 
DEBUG:netmiko:read_channel: 
DEBUG:netmiko:read_channel: 
DEBUG:netmiko:read_channel: 
DEBUG:netmiko:read_channel: 
DEBUG:netmiko:read_channel: 
DEBUG:netmiko:read_channel: 
DEBUG:netmiko:read_channel: 
DEBUG:netmiko:read_channel: 
DEBUG:netmiko:read_channel: 
DEBUG:netmiko:read_channel: 
DEBUG:netmiko:read_channel: 
DEBUG:netmiko:read_channel: 
DEBUG:netmiko:read_channel: 
DEBUG:netmiko:read_channel: 
DEBUG:netmiko:read_channel: 
DEBUG:netmiko:read_channel: 
DEBUG:netmiko:read_channel: 
DEBUG:netmiko:read_channel: 
DEBUG:netmiko:read_channel: 
DEBUG:netmiko:read_channel: 
DEBUG:netmiko:read_channel: Last login: 2022-04-23T02:57:33.000-07:00 UTC
%                                                                                                                                                                                                                                                                                                                                                                                                                                                                                                                              
 

svlngen4-fab1-apic1# 
DEBUG:netmiko:Pattern found: ([>#]) Last login: 2022-04-23T02:57:33.000-07:00 UTC
%                                                                                                                                                                                                                                                                                                                                                                                                                                                                                                                              
 

svlngen4-fab1-apic1#
DEBUG:netmiko:write_channel: b'terminal width 511\n'
DEBUG:netmiko:read_channel: 
DEBUG:netmiko:read_channel: 
DEBUG:netmiko:read_channel: 
DEBUG:netmiko:read_channel: 
DEBUG:netmiko:read_channel: 
DEBUG:netmiko:read_channel: 
DEBUG:netmiko:read_channel: 
DEBUG:netmiko:read_channel: 
DEBUG:netmiko:read_channel: 
DEBUG:netmiko:read_channel: 
DEBUG:netmiko:read_channel: 
DEBUG:netmiko:read_channel: 
DEBUG:netmiko:read_channel: 
DEBUG:netmiko:read_channel: 
DEBUG:netmiko:read_channel: 
DEBUG:netmiko:read_channel: 
DEBUG:netmiko:read_channel: 
DEBUG:netmiko:read_channel: 
DEBUG:netmiko:read_channel: 
DEBUG:netmiko:read_channel: 
DEBUG:netmiko:read_channel: 
DEBUG:netmiko:read_channel: 
DEBUG:netmiko:read_channel: tterminal width 511

DEBUG:netmiko:Pattern found: (terminal width 511)  tterminal width 511
DEBUG:netmiko:In disable_paging
DEBUG:netmiko:Command: terminal length 0

DEBUG:netmiko:write_channel: b'terminal length 0\n'
DEBUG:netmiko:read_channel: 
DEBUG:netmiko:read_channel: 
DEBUG:netmiko:read_channel: 
DEBUG:netmiko:read_channel: 
DEBUG:netmiko:read_channel: 
DEBUG:netmiko:read_channel: 
DEBUG:netmiko:read_channel: 
DEBUG:netmiko:read_channel: 
DEBUG:netmiko:read_channel: 
DEBUG:netmiko:read_channel: 
DEBUG:netmiko:read_channel: 
DEBUG:netmiko:read_channel: 
DEBUG:netmiko:read_channel: 
DEBUG:netmiko:read_channel: 
DEBUG:netmiko:read_channel: 
DEBUG:netmiko:read_channel: 
DEBUG:netmiko:read_channel: 
DEBUG:netmiko:read_channel: 
DEBUG:netmiko:read_channel: 
DEBUG:netmiko:read_channel: %                                                                                                                                                                                                                                                                                                                                                                                                                                                                                                                              
 

svlngen4-fab1-apic1# 
DEBUG:netmiko:read_channel: 
DEBUG:netmiko:read_channel: tterminal length 0
%                                                                                                                                                                                                                                                                                                                                                                                                                                                                                                                              
 

svlngen4-fab1-apic1# 
DEBUG:netmiko:Pattern found: (terminal\ length\ 0) 
%                                                                                                                                                                                                                                                                                                                                                                                                                                                                                                                              
 

svlngen4-fab1-apic1# tterminal length 0
DEBUG:netmiko:
%                                                                                                                                                                                                                                                                                                                                                                                                                                                                                                                              
 

svlngen4-fab1-apic1# tterminal length 0
DEBUG:netmiko:Exiting disable_paging
DEBUG:netmiko:read_channel: 
DEBUG:netmiko:Clear buffer detects data in the channel
DEBUG:netmiko:read_channel: 
DEBUG:netmiko:write_channel: b'\n'
DEBUG:netmiko:read_channel: 
DEBUG:netmiko:read_channel: 
DEBUG:netmiko:read_channel: 
DEBUG:netmiko:read_channel: 
DEBUG:netmiko:read_channel: 
DEBUG:netmiko:read_channel: 
DEBUG:netmiko:read_channel: 
DEBUG:netmiko:read_channel: 
DEBUG:netmiko:read_channel: 
DEBUG:netmiko:read_channel: 
DEBUG:netmiko:read_channel: 
DEBUG:netmiko:read_channel: 
DEBUG:netmiko:read_channel: 
DEBUG:netmiko:read_channel: 
DEBUG:netmiko:read_channel: 
DEBUG:netmiko:read_channel: 
DEBUG:netmiko:read_channel: 
DEBUG:netmiko:read_channel: 
DEBUG:netmiko:read_channel: 
DEBUG:netmiko:read_channel: 
DEBUG:netmiko:read_channel: 
DEBUG:netmiko:read_channel: 
%                                                                                                                                                                                                                                                                                                                                                                                                                                                                                                                              
 

svlngen4-fab1-apic1# 
DEBUG:netmiko:Pattern found: (\#|>) 
%                                                                                                                                                                                                                                                                                                                                                                                                                                                                                                                              
 

svlngen4-fab1-apic1#
DEBUG:netmiko:read_channel: 
DEBUG:netmiko:Clear buffer detects data in the channel
DEBUG:netmiko:read_channel: 
DEBUG:netmiko:[find_prompt()]: prompt is svlngen4-fab1-apic1#
DEBUG:netmiko:read_channel: 
DEBUG:netmiko:write_channel: b'\n'
DEBUG:netmiko:read_channel: 
DEBUG:netmiko:write_channel: b'\n'
DEBUG:netmiko:read_channel: 
DEBUG:netmiko:write_channel: b'\n'
DEBUG:netmiko:read_channel: 
DEBUG:netmiko:write_channel: b'\n'
DEBUG:netmiko:read_channel: 
DEBUG:netmiko:write_channel: b'\n'
DEBUG:netmiko:read_channel: 
%                                                                                                                                                                                                                                                                                                                                                                                                                                                                                                                              
 

svlngen4-fab1-apic1# 
DEBUG:netmiko:read_channel: 
DEBUG:netmiko:[find_prompt()]: prompt is svlngen4-fab1-apic1#
DEBUG:netmiko:write_channel: b'cd /data/techsupport/\n'
DEBUG:netmiko:read_channel: 
DEBUG:netmiko:read_channel: 
DEBUG:netmiko:read_channel: 
DEBUG:netmiko:read_channel: 
DEBUG:netmiko:read_channel: 
%                                                                                                                                                                                                                                                                                                                                                                                                                                                                                                                              
 

svlngen4-fab1-apic1# 
%                                                                                                                                                                                                                                                                                                                                                                                                                                                                                                                              
 

svlngen4-fab1-apic1# 
%                                                                                                                                                                                                                                                                                                                                                                                                                                                                                                                              
 

svlngen4-fab1-apic1# 
%                                                                                                                                                                                                                                                                                                                                                                                                                                                                                                                              
 

DEBUG:netmiko:read_channel: 
DEBUG:netmiko:read_channel: 
DEBUG:netmiko:read_channel: 
DEBUG:netmiko:read_channel: 
DEBUG:netmiko:read_channel: 
DEBUG:netmiko:read_channel: 
DEBUG:netmiko:read_channel: 
DEBUG:netmiko:read_channel: 
DEBUG:netmiko:read_channel: 
DEBUG:netmiko:read_channel: 
DEBUG:netmiko:read_channel: 
DEBUG:netmiko:read_channel: 
DEBUG:netmiko:read_channel: 
DEBUG:netmiko:read_channel: 
DEBUG:netmiko:read_channel: 
DEBUG:netmiko:read_channel: 
DEBUG:netmiko:read_channel: 
DEBUG:netmiko:read_channel: 
DEBUG:netmiko:read_channel: 
svlngen4-fab1-apic1# ccd /data/te
DEBUG:netmiko:read_channel: chsu
DEBUG:netmiko:read_channel: 
DEBUG:netmiko:read_channel: 
DEBUG:netmiko:read_channel: 
DEBUG:netmiko:read_channel: 
DEBUG:netmiko:read_channel: 
DEBUG:netmiko:read_channel: 
DEBUG:netmiko:read_channel: 
DEBUG:netmiko:read_channel: 
DEBUG:netmiko:read_channel: 
DEBUG:netmiko:read_channel: 
DEBUG:netmiko:read_channel: 
DEBUG:netmiko:read_channel: 
DEBUG:netmiko:read_channel: 
DEBUG:netmiko:read_channel: 
DEBUG:netmiko:read_channel: 
DEBUG:netmiko:read_channel: 
DEBUG:netmiko:read_channel: 
DEBUG:netmiko:read_channel: 
DEBUG:netmiko:read_channel: 
DEBUG:netmiko:read_channel: 
DEBUG:netmiko:read_channel: 
DEBUG:netmiko:read_channel: 
DEBUG:netmiko:read_channel: 
DEBUG:netmiko:read_channel: 
DEBUG:netmiko:read_channel: 
DEBUG:netmiko:read_channel: 
DEBUG:netmiko:read_channel: pport/
%                                                                                                                                                                                                                                                                                                                                                                                                                                                                                                                              
 

svlngen4-fab1-apic1# 
DEBUG:netmiko:Pattern found: (cd\ /data/techsupport/) 
%                                                                                                                                                                                                                                                                                                                                                                                                                                                                                                                              
 

svlngen4-fab1-apic1# 
%                                                                                                                                                                                                                                                                                                                                                                                                                                                                                                                              
 

svlngen4-fab1-apic1# 
%                                                                                                                                                                                                                                                                                                                                                                                                                                                                                                                              
 

svlngen4-fab1-apic1# 
%                                                                                                                                                                                                                                                                                                                                                                                                                                                                                                                              
 

svlngen4-fab1-apic1# ccd /data/techsupport/
DEBUG:netmiko:read_channel: 
DEBUG:netmiko:read_channel: 
DEBUG:netmiko:write_channel: b'\n'
DEBUG:netmiko:read_channel: 
DEBUG:netmiko:write_channel: b'\n'
DEBUG:netmiko:read_channel: 
DEBUG:netmiko:write_channel: b'\n'
DEBUG:netmiko:read_channel: 
DEBUG:netmiko:write_channel: b'\n'
DEBUG:netmiko:read_channel: 
DEBUG:netmiko:write_channel: b'\n'
DEBUG:netmiko:read_channel: 
%                                                                                                                                                                                                                                                                                                                                                                                                                                                                                                                              
 

svlngen4-fab1-apic1# 
DEBUG:netmiko:read_channel: 
DEBUG:netmiko:[find_prompt()]: prompt is svlngen4-fab1-apic1#
DEBUG:netmiko:write_channel: b'ls -l\n'
DEBUG:netmiko:read_channel: 
DEBUG:netmiko:read_channel: 
DEBUG:netmiko:read_channel: 
DEBUG:netmiko:read_channel: 
DEBUG:netmiko:read_channel: 
DEBUG:netmiko:read_channel: 
DEBUG:netmiko:read_channel: 
DEBUG:netmiko:read_channel: 
DEBUG:netmiko:read_channel: 
DEBUG:netmiko:read_channel: 
DEBUG:netmiko:read_channel: 
DEBUG:netmiko:read_channel: 
%                                                                                                                                                                                                                                                                                                                                                                                                                                                                                                                              
 

svlngen4-fab1-apic1# 
%                                                                                                                                                                                                                                                                                                                                                                                                                                                                                                                              
 

svlngen4-fab1-apic1# 
%                                                                                                                                                                                                                                                                                                                                                                                                                                                                                                                              
 

svlngen4-fab1-apic1# 
%                                                                                                                                                                                                                                                                                                                                                                                                                                                                                                                              
 

svlngen4-fab1-apic1# 
DEBUG:netmiko:read_channel: 
DEBUG:netmiko:read_channel: 
DEBUG:netmiko:read_channel: 
DEBUG:netmiko:read_channel: 
DEBUG:netmiko:read_channel: 
DEBUG:netmiko:read_channel: 
DEBUG:netmiko:read_channel: 
DEBUG:netmiko:read_channel: 
DEBUG:netmiko:read_channel: 
DEBUG:netmiko:read_channel: 
DEBUG:netmiko:read_channel: 
DEBUG:netmiko:read_channel: 
DEBUG:netmiko:read_channel: 
DEBUG:netmiko:read_channel: 
DEBUG:netmiko:read_channel: 
DEBUG:netmiko:read_channel: 
DEBUG:netmiko:read_channel: 
DEBUG:netmiko:read_channel: 
DEBUG:netmiko:read_channel: 
DEBUG:netmiko:read_channel: lls -l

DEBUG:netmiko:Pattern found: (ls\ \-l) 
%                                                                                                                                                                                                                                                                                                                                                                                                                                                                                                                              
 

svlngen4-fab1-apic1# 
%                                                                                                                                                                                                                                                                                                                                                                                                                                                                                                                              
 

svlngen4-fab1-apic1# 
%                                                                                                                                                                                                                                                                                                                                                                                                                                                                                                                              
 

svlngen4-fab1-apic1# 
%                                                                                                                                                                                                                                                                                                                                                                                                                                                                                                                              
 

svlngen4-fab1-apic1# lls -l
DEBUG:netmiko:read_channel: total 13714484
-r--r----- 1 ifc   admin  192401193 Aug 15  2020 dbgexp_coreexp-default_svlngen4-fab1-sw1042_sysid-1042_2020-08-15T06-27UTC_1597501666_0x101_nginx_log.17913.tar.gz
-r--r----- 1 ifc   admin  128467373 Aug 15  2020 dbgexp_coreexp-default_svlngen4-fab1-sw1042_sysid-1042_2020-08-15T06-27UTC_1597501667_0x101_sysmgr_log.15733.tar.gz
-r--r----- 1 ifc   admin  639918159 Jul 20  2021 dbgexp_coreexp-default_svlngen4-fab1-sw1042_sysid-1042_2021-07-20T00-47UTC_1626770861_0x102_kernel_log.0.tar.gz
-r--r----- 1 ifc   admin  536053104 Oct 10  2021 dbgexp_coreexp-default_svlngen4-fab1-sw1042_sysid-1042_2021-10-10T10-55UTC_1633892135_0x102_kernel_log.0.tar.gz
-r--r----- 1 ifc   admin  500858643 Dec 27 04:05 dbgexp_coreexp-default_svlngen4-fab1-sw1042_sysid-1042_2021-12-27T04-02UTC_1640606577_0x102_kernel_log.0.tar.gz
-r--r----- 1 ifc   admin    5346153 Sep  7  2020 dbgexp_coreexp-default_svlngen4-fab1-sw3811_sysid-3811_2020-09-07T01-09UTC_1599469749_0x102_svc_ifc_eventmgr_log.4007.tar.gz
-r--r----- 1 ifc   admin  554747190 Jul 20  2021 dbgexp_coreexp-default_svlngen4-fab1-sw3811_sysid-3811_2021-07-20T00-04UTC_1626768256_0x102_kernel_log.0.tar.gz
-r--r----- 1 ifc   admin  613587723 Oct 10  2021 dbgexp_coreexp-default_svlngen4-fab1-sw3811_sysid-3811_2021-10-10T13-05UTC_1633899929_0x102_kernel_log.0.tar.gz
-r--r----- 1 ifc   admin  594412940 Nov 18 07:54 dbgexp_coreexp-default_svlngen4-fab1-sw3811_sysid-3811_2021-11-18T07-51UTC_1637250703_0x102_kernel_log.0.tar.gz
-r--r----- 1 ifc   admin  551577644 Dec 27 02:42 dbgexp_coreexp-default_svlngen4-fab1-sw3811_sysid-3811_2021-12-27T02-39UTC_1640601595_0x102_kernel_log.0.tar.gz
-r--r----- 1 ifc   admin  625031269 Nov 18 07:27 dbgexp_coreexp-default_svlngen4-fab1-sw3822_sysid-3822_2021-11-18T07-24UTC_1637249096_0x102_kernel_log.0.tar.gz
-r--r----- 1 ifc   admin  233893476 Jan 17 08:51 dbgexp_coreexp-default_svlngen4-fab1-sw3914_sysid-3914_2021-04-26T12-39UTC_1619469558_0x1c01_policy_mgr_log.54988.tar.gz
drwxrwxr-x 2 ifc   admin       4096 Apr 20 04:07 debug
-rw-r--r-- 1 admin admin        140 Mar 11 05:46 faultRecord.xml
drwxrwxrwx 2 root  root        4096 Apr  5 04:23 heapstats
-r--r--r-- 1 admin admin 3773092003 May 19  2020 local_svlngen4-fab1-apic1_2020-05-19T11-41.tgz
-r--r--r-- 1 admin admin 2595219889 Apr 28  2021 local_svlngen4-fab1-sw1011_2021-04-28T10-44.tgz
-r--r--r-- 1 admin admin 2498898958 Apr 28  2021 local_svlngen4-fab1-sw1012_2021-04-28T10-44.tgz
drwx------ 2 root  root       16384 Nov 22  2019 lost+found
drwxrwxrwx 2 root  root        4096 Dec 12  2019 troubleshoot
drwx------ 2 admin admin       4096 May 19  2020 upgradeTriages
%                                                                                                                                                                                                                                                                                                                                                                                                                                                                                                                              
 

svlngen4-fab1-apic1# 
DEBUG:netmiko:read_channel: 
DEBUG:netmiko:write_channel: b'\n'
DEBUG:netmiko:read_channel: 
DEBUG:netmiko:write_channel: b'\n'
DEBUG:netmiko:read_channel: 
DEBUG:netmiko:write_channel: b'\n'
DEBUG:netmiko:read_channel: 
DEBUG:netmiko:write_channel: b'\n'
DEBUG:netmiko:read_channel: 
DEBUG:netmiko:write_channel: b'\n'
DEBUG:netmiko:read_channel: 
%                                                                                                                                                                                                                                                                                                                                                                                                                                                                                                                              
 

svlngen4-fab1-apic1# 
DEBUG:netmiko:read_channel: 
DEBUG:netmiko:[find_prompt()]: prompt is svlngen4-fab1-apic1#
DEBUG:netmiko:write_channel: b'df -h | grep tech\n'
DEBUG:netmiko:read_channel: 
DEBUG:netmiko:read_channel: 
DEBUG:netmiko:read_channel: 
DEBUG:netmiko:read_channel: 
DEBUG:netmiko:read_channel: 
DEBUG:netmiko:read_channel: 
DEBUG:netmiko:read_channel: 
DEBUG:netmiko:read_channel: 
DEBUG:netmiko:read_channel: 
DEBUG:netmiko:read_channel: 
DEBUG:netmiko:read_channel: 
%                                                                                                                                                                                                                                                                                                                                                                                                                                                                                                                              
 

svlngen4-fab1-apic1# 
%                                                                                                                                                                                                                                                                                                                                                                                                                                                                                                                              
 

svlngen4-fab1-apic1# 
%                                                                                                                                                                                                                                                                                                                                                                                                                                                                                                                              
 

svlngen4-fab1-apic1# 
%                                                                                                                                                                                                                                                                                                                                                                                                                                                                                                                              
 

svlngen4-fab1-apic1# 
DEBUG:netmiko:read_channel: 
DEBUG:netmiko:read_channel: 
DEBUG:netmiko:read_channel: 
DEBUG:netmiko:read_channel: 
DEBUG:netmiko:read_channel: 
DEBUG:netmiko:read_channel: 
DEBUG:netmiko:read_channel: 
DEBUG:netmiko:read_channel: 
DEBUG:netmiko:read_channel: 
DEBUG:netmiko:read_channel: 
DEBUG:netmiko:read_channel: 
DEBUG:netmiko:read_channel: 
DEBUG:netmiko:read_channel: 
DEBUG:netmiko:read_channel: 
DEBUG:netmiko:read_channel: 
DEBUG:netmiko:read_channel: 
DEBUG:netmiko:read_channel: 
DEBUG:netmiko:read_channel: 
DEBUG:netmiko:read_channel: 
DEBUG:netmiko:read_channel: 
DEBUG:netmiko:read_channel: 
DEBUG:netmiko:read_channel: 
DEBUG:netmiko:read_channel: 
DEBUG:netmiko:read_channel: 
DEBUG:netmiko:read_channel: 
DEBUG:netmiko:read_channel: 
DEBUG:netmiko:read_channel: ddf -h | grep tech
/dev/mapper/vg_ifc0-techsupport   40G   14G   25G  36% /data/techsupport
%                                                                                                                                                                                                                                                                                                                                                                                                                                                                                                                              
 

svlngen4-fab1-apic1# 
DEBUG:netmiko:Pattern found: (df\ \-h\ \|\ grep\ tech) 
%                                                                                                                                                                                                                                                                                                                                                                                                                                                                                                                              
 

svlngen4-fab1-apic1# 
%                                                                                                                                                                                                                                                                                                                                                                                                                                                                                                                              
 

svlngen4-fab1-apic1# 
%                                                                                                                                                                                                                                                                                                                                                                                                                                                                                                                              
 

svlngen4-fab1-apic1# 
%                                                                                                                                                                                                                                                                                                                                                                                                                                                                                                                              
 

svlngen4-fab1-apic1# ddf -h | grep tech
DEBUG:netmiko:read_channel: 
DEBUG:paramiko.transport:starting thread (client mode): 0xbec78e0
DEBUG:paramiko.transport:Local version/idstring: SSH-2.0-paramiko_2.10.3
DEBUG:paramiko.transport:Remote version/idstring: SSH-2.0-OpenSSH_8.2
INFO:paramiko.transport:Connected (version 2.0, client OpenSSH_8.2)
DEBUG:paramiko.transport:=== Key exchange possibilities ===
DEBUG:paramiko.transport:kex algos: curve25519-sha256, curve25519-sha256@libssh.org, diffie-hellman-group1-sha1, diffie-hellman-group14-sha1, diffie-hellman-group14-sha256, diffie-hellman-group16-sha512, ecdh-sha2-nistp256, ecdh-sha2-nistp384, ecdh-sha2-nistp521
DEBUG:paramiko.transport:server key: ssh-rsa
DEBUG:paramiko.transport:client encrypt: aes128-ctr, aes192-ctr, aes256-ctr
DEBUG:paramiko.transport:server encrypt: aes128-ctr, aes192-ctr, aes256-ctr
DEBUG:paramiko.transport:client mac: hmac-sha1, hmac-sha2-256, hmac-sha2-512
DEBUG:paramiko.transport:server mac: hmac-sha1, hmac-sha2-256, hmac-sha2-512
DEBUG:paramiko.transport:client compress: none, zlib@openssh.com
DEBUG:paramiko.transport:server compress: none, zlib@openssh.com
DEBUG:paramiko.transport:client lang: <none>
DEBUG:paramiko.transport:server lang: <none>
DEBUG:paramiko.transport:kex follows: False
DEBUG:paramiko.transport:=== Key exchange agreements ===
DEBUG:paramiko.transport:Kex: curve25519-sha256@libssh.org
DEBUG:paramiko.transport:HostKey: ssh-rsa
DEBUG:paramiko.transport:Cipher: aes128-ctr
DEBUG:paramiko.transport:MAC: hmac-sha2-256
DEBUG:paramiko.transport:Compression: none
DEBUG:paramiko.transport:=== End of kex handshake ===
DEBUG:paramiko.transport:kex engine KexCurve25519 specified hash_algo <built-in function openssl_sha256>
DEBUG:paramiko.transport:Switch to new keys ...
DEBUG:paramiko.transport:Got EXT_INFO: {'server-sig-algs': b'ssh-ed25519,sk-ssh-ed25519@openssh.com,ssh-rsa,rsa-sha2-256,rsa-sha2-512,ssh-dss,ecdsa-sha2-nistp256,ecdsa-sha2-nistp384,ecdsa-sha2-nistp521,sk-ecdsa-sha2-nistp256@openssh.com'}
DEBUG:paramiko.transport:Adding ssh-rsa host key for svlngen4-fab1-apic1: b'cb2da8ed61e467840f2aac1ca52bcede'
DEBUG:paramiko.transport:userauth is OK
INFO:paramiko.transport:Auth banner: b'Application Policy Infrastructure Controller\n'
INFO:paramiko.transport:Authentication (password) successful!
DEBUG:paramiko.transport:[chan 0] Max packet in: 32768 bytes
DEBUG:paramiko.transport:Received global request "hostkeys-00@openssh.com"
DEBUG:paramiko.transport:Rejecting "hostkeys-00@openssh.com" global request from server.
DEBUG:paramiko.transport:[chan 0] Max packet out: 32768 bytes
DEBUG:paramiko.transport:Secsh channel 0 opened.
DEBUG:paramiko.transport:[chan 0] Sesch channel 0 request ok
DEBUG:paramiko.transport:[chan 0] Sesch channel 0 request ok
DEBUG:netmiko:read_channel: 
DEBUG:netmiko:read_channel: 
DEBUG:netmiko:read_channel: 
DEBUG:netmiko:read_channel: 
DEBUG:netmiko:read_channel: 
DEBUG:netmiko:read_channel: 
DEBUG:netmiko:read_channel: 
DEBUG:netmiko:read_channel: 
DEBUG:netmiko:read_channel: 
DEBUG:netmiko:read_channel: 
DEBUG:netmiko:read_channel: 
DEBUG:netmiko:read_channel: 
DEBUG:netmiko:read_channel: 
DEBUG:netmiko:read_channel: 
DEBUG:netmiko:read_channel: 
DEBUG:netmiko:read_channel: 
DEBUG:netmiko:read_channel: 
DEBUG:netmiko:read_channel: 
DEBUG:netmiko:read_channel: 
DEBUG:netmiko:read_channel: 
DEBUG:netmiko:read_channel: 
DEBUG:netmiko:read_channel: 
DEBUG:netmiko:read_channel: 
DEBUG:netmiko:read_channel: 
DEBUG:netmiko:read_channel: 
DEBUG:netmiko:read_channel: 
DEBUG:netmiko:read_channel: 
DEBUG:netmiko:read_channel: 
DEBUG:netmiko:read_channel: 
DEBUG:netmiko:read_channel: 
DEBUG:netmiko:read_channel: 
DEBUG:netmiko:read_channel: 
DEBUG:netmiko:read_channel: 
DEBUG:netmiko:read_channel: 
DEBUG:netmiko:read_channel: 
DEBUG:netmiko:read_channel: 
DEBUG:netmiko:read_channel: Last login: 2022-04-23T22:20:32.000-07:00 UTC

DEBUG:netmiko:read_channel: 
DEBUG:netmiko:read_channel: 
DEBUG:netmiko:read_channel: %                                                                                                                                                                                                                                                                                                                                                                                                                                                                                                                              
 

svlngen4-fab1-apic1# 
DEBUG:netmiko:Pattern found: ([>#]) Last login: 2022-04-23T22:20:32.000-07:00 UTC
%                                                                                                                                                                                                                                                                                                                                                                                                                                                                                                                              
 

svlngen4-fab1-apic1#
DEBUG:netmiko:write_channel: b'terminal width 511\n'
DEBUG:netmiko:read_channel: 
DEBUG:netmiko:read_channel: 
DEBUG:netmiko:read_channel: 
DEBUG:netmiko:read_channel: 
DEBUG:netmiko:read_channel: 
DEBUG:netmiko:read_channel: 
DEBUG:netmiko:read_channel: 
DEBUG:netmiko:read_channel: 
DEBUG:netmiko:read_channel: 
DEBUG:netmiko:read_channel: 
DEBUG:netmiko:read_channel: 
DEBUG:netmiko:read_channel: 
DEBUG:netmiko:read_channel: 
DEBUG:netmiko:read_channel: 
DEBUG:netmiko:read_channel: 
DEBUG:netmiko:read_channel: 
DEBUG:netmiko:read_channel: 
DEBUG:netmiko:read_channel: tterminal width 511

DEBUG:netmiko:Pattern found: (terminal width 511)  tterminal width 511
DEBUG:netmiko:In disable_paging
DEBUG:netmiko:Command: terminal length 0

DEBUG:netmiko:write_channel: b'terminal length 0\n'
DEBUG:netmiko:read_channel: 
DEBUG:netmiko:read_channel: %                                                                                                                                                                                                                                                                                                                                                                                                                                                                                                                              
 

svlngen4-fab1-apic1# 
DEBUG:netmiko:read_channel: 
DEBUG:netmiko:read_channel: 
DEBUG:netmiko:read_channel: 
DEBUG:netmiko:read_channel: 
DEBUG:netmiko:read_channel: 
DEBUG:netmiko:read_channel: 
DEBUG:netmiko:read_channel: 
DEBUG:netmiko:read_channel: 
DEBUG:netmiko:read_channel: 
DEBUG:netmiko:read_channel: 
DEBUG:netmiko:read_channel: 
DEBUG:netmiko:read_channel: 
DEBUG:netmiko:read_channel: 
DEBUG:netmiko:read_channel: 
DEBUG:netmiko:read_channel: 
DEBUG:netmiko:read_channel: tterminal length 0
%                                                                                                                                                                                                                                                                                                                                                                                                                                                                                                                              
 

DEBUG:netmiko:Pattern found: (terminal\ length\ 0) 
%                                                                                                                                                                                                                                                                                                                                                                                                                                                                                                                              
 

svlngen4-fab1-apic1# tterminal length 0
DEBUG:netmiko:
%                                                                                                                                                                                                                                                                                                                                                                                                                                                                                                                              
 

svlngen4-fab1-apic1# tterminal length 0
DEBUG:netmiko:Exiting disable_paging
DEBUG:netmiko:read_channel: 
svlngen4-fab1-apic1# 
DEBUG:netmiko:Clear buffer detects data in the channel
DEBUG:netmiko:read_channel: 
DEBUG:netmiko:write_channel: b'\n'
DEBUG:netmiko:read_channel: 
DEBUG:netmiko:read_channel: 
DEBUG:netmiko:read_channel: 
DEBUG:netmiko:read_channel: 
DEBUG:netmiko:read_channel: 
DEBUG:netmiko:read_channel: 
DEBUG:netmiko:read_channel: 
DEBUG:netmiko:read_channel: 
DEBUG:netmiko:read_channel: 
DEBUG:netmiko:read_channel: 
DEBUG:netmiko:read_channel: 
DEBUG:netmiko:read_channel: 
DEBUG:netmiko:read_channel: 
DEBUG:netmiko:read_channel: 
DEBUG:netmiko:read_channel: 
DEBUG:netmiko:read_channel: 
DEBUG:netmiko:read_channel: 
DEBUG:netmiko:read_channel: 
DEBUG:netmiko:read_channel: 
DEBUG:netmiko:read_channel: 
DEBUG:netmiko:read_channel: 
DEBUG:netmiko:read_channel: 
DEBUG:netmiko:read_channel: 
DEBUG:netmiko:read_channel: 
DEBUG:netmiko:read_channel: 
DEBUG:netmiko:read_channel: 
DEBUG:netmiko:read_channel: 
DEBUG:netmiko:read_channel: 
DEBUG:netmiko:read_channel: 
DEBUG:netmiko:read_channel: 
%                                                                                                                                                                                                                                                                                                                                                                                                                                                                                                                              
 

svlngen4-fab1-apic1# 
DEBUG:netmiko:Pattern found: (\#|>) 
%                                                                                                                                                                                                                                                                                                                                                                                                                                                                                                                              
 

svlngen4-fab1-apic1#
DEBUG:netmiko:read_channel: 
DEBUG:netmiko:Clear buffer detects data in the channel
DEBUG:netmiko:read_channel: 
DEBUG:netmiko:[find_prompt()]: prompt is svlngen4-fab1-apic1#
DEBUG:netmiko:read_channel: 
DEBUG:netmiko:write_channel: b'\n'
DEBUG:netmiko:read_channel: 
DEBUG:netmiko:write_channel: b'\n'
DEBUG:netmiko:read_channel: 
DEBUG:netmiko:write_channel: b'\n'
DEBUG:netmiko:read_channel: 
DEBUG:netmiko:write_channel: b'\n'
DEBUG:netmiko:read_channel: 
DEBUG:netmiko:write_channel: b'\n'
DEBUG:netmiko:read_channel: 
%                                                                                                                                                                                                                                                                                                                                                                                                                                                                                                                              
 

svlngen4-fab1-apic1# 
DEBUG:netmiko:read_channel: 
DEBUG:netmiko:[find_prompt()]: prompt is svlngen4-fab1-apic1#
DEBUG:netmiko:write_channel: b'cd /data/techsupport/\n'
DEBUG:netmiko:read_channel: 
DEBUG:netmiko:read_channel: 
DEBUG:netmiko:read_channel: 
%                                                                                                                                                                                                                                                                                                                                                                                                                                                                                                                              
 

svlngen4-fab1-apic1# 
%                                                                                                                                                                                                                                                                                                                                                                                                                                                                                                                              
 

DEBUG:netmiko:read_channel: 
DEBUG:netmiko:read_channel: 
svlngen4-fab1-apic1# 
%                                                                                                                                                                                                                                                                                                                                                                                                                                                                                                                              
 

svlngen4-fab1-apic1# 
%                                                                                                                                                                                                                                                                                                                                                                                                                                                                                                                              
 

svlngen4-fab1-apic1# 
DEBUG:netmiko:read_channel: 
DEBUG:netmiko:read_channel: 
DEBUG:netmiko:read_channel: 
DEBUG:netmiko:read_channel: 
DEBUG:netmiko:read_channel: 
DEBUG:netmiko:read_channel: 
DEBUG:netmiko:read_channel: 
DEBUG:netmiko:read_channel: 
DEBUG:netmiko:read_channel: 
DEBUG:netmiko:read_channel: 
DEBUG:netmiko:read_channel: 
DEBUG:netmiko:read_channel: 
DEBUG:netmiko:read_channel: 
DEBUG:netmiko:read_channel: 
DEBUG:netmiko:read_channel: 
DEBUG:netmiko:read_channel: 
DEBUG:netmiko:read_channel: ccd /data/techsupport
DEBUG:netmiko:read_channel: /
%                                                                                                                                                                                                                                                                                                                                                                                                                                                                                                                              
 

svlngen4-fab1-apic1# 
DEBUG:netmiko:Pattern found: (cd\ /data/techsupport/) 
%                                                                                                                                                                                                                                                                                                                                                                                                                                                                                                                              
 

svlngen4-fab1-apic1# 
%                                                                                                                                                                                                                                                                                                                                                                                                                                                                                                                              
 

svlngen4-fab1-apic1# 
%                                                                                                                                                                                                                                                                                                                                                                                                                                                                                                                              
 

svlngen4-fab1-apic1# 
%                                                                                                                                                                                                                                                                                                                                                                                                                                                                                                                              
 

svlngen4-fab1-apic1# ccd /data/techsupport/
DEBUG:netmiko:read_channel: 
DEBUG:netmiko:read_channel: 
DEBUG:netmiko:write_channel: b'\n'
DEBUG:netmiko:read_channel: 
DEBUG:netmiko:write_channel: b'\n'
DEBUG:netmiko:read_channel: 
DEBUG:netmiko:write_channel: b'\n'
DEBUG:netmiko:read_channel: 
DEBUG:netmiko:write_channel: b'\n'
DEBUG:netmiko:read_channel: 
DEBUG:netmiko:write_channel: b'\n'
DEBUG:netmiko:read_channel: 
%                                                                                                                                                                                                                                                                                                                                                                                                                                                                                                                              
 

svlngen4-fab1-apic1# 
DEBUG:netmiko:read_channel: 
DEBUG:netmiko:[find_prompt()]: prompt is svlngen4-fab1-apic1#
DEBUG:netmiko:write_channel: b'ls -l\n'
DEBUG:netmiko:read_channel: 
DEBUG:netmiko:read_channel: 
DEBUG:netmiko:read_channel: 
%                                                                                                                                                                                                                                                                                                                                                                                                                                                                                                                              
 

svlngen4-fab1-apic1# 
%                                                                                                                                                                                                                                                                                                                                                                                                                                                                                                                              
 

DEBUG:netmiko:read_channel: 
svlngen4-fab1-apic1# 
%                                                                                                                                                                                                                                                                                                                                                                                                                                                                                                                              
 

svlngen4-fab1-apic1# 
%                                                                                                                                                                                                                                                                                                                                                                                                                                                                                                                              
 

svlngen4-fab1-apic1# 
DEBUG:netmiko:read_channel: 
DEBUG:netmiko:read_channel: 
DEBUG:netmiko:read_channel: 
DEBUG:netmiko:read_channel: 
DEBUG:netmiko:read_channel: 
DEBUG:netmiko:read_channel: 
DEBUG:netmiko:read_channel: 
DEBUG:netmiko:read_channel: 
DEBUG:netmiko:read_channel: 
DEBUG:netmiko:read_channel: 
DEBUG:netmiko:read_channel: 
DEBUG:netmiko:read_channel: 
DEBUG:netmiko:read_channel: 
DEBUG:netmiko:read_channel: 
DEBUG:netmiko:read_channel: 
DEBUG:netmiko:read_channel: 
DEBUG:netmiko:read_channel: lls -l

DEBUG:netmiko:Pattern found: (ls\ \-l) 
%                                                                                                                                                                                                                                                                                                                                                                                                                                                                                                                              
 

svlngen4-fab1-apic1# 
%                                                                                                                                                                                                                                                                                                                                                                                                                                                                                                                              
 

svlngen4-fab1-apic1# 
%                                                                                                                                                                                                                                                                                                                                                                                                                                                                                                                              
 

svlngen4-fab1-apic1# 
%                                                                                                                                                                                                                                                                                                                                                                                                                                                                                                                              
 

svlngen4-fab1-apic1# lls -l
DEBUG:netmiko:read_channel: total 13714484
-r--r----- 1 ifc   admin  192401193 Aug 15  2020 dbgexp_coreexp-default_svlngen4-fab1-sw1042_sysid-1042_2020-08-15T06-27UTC_1597501666_0x101_nginx_log.17913.tar.gz
-r--r----- 1 ifc   admin  128467373 Aug 15  2020 dbgexp_coreexp-default_svlngen4-fab1-sw1042_sysid-1042_2020-08-15T06-27UTC_1597501667_0x101_sysmgr_log.15733.tar.gz
-r--r----- 1 ifc   admin  639918159 Jul 20  2021 dbgexp_coreexp-default_svlngen4-fab1-sw1042_sysid-1042_2021-07-20T00-47UTC_1626770861_0x102_kernel_log.0.tar.gz
-r--r----- 1 ifc   admin  536053104 Oct 10  2021 dbgexp_coreexp-default_svlngen4-fab1-sw1042_sysid-1042_2021-10-10T10-55UTC_1633892135_0x102_kernel_log.0.tar.gz
-r--r----- 1 ifc   admin  500858643 Dec 27 04:05 dbgexp_coreexp-default_svlngen4-fab1-sw1042_sysid-1042_2021-12-27T04-02UTC_1640606577_0x102_kernel_log.0.tar.gz
-r--r----- 1 ifc   admin    5346153 Sep  7  2020 dbgexp_coreexp-default_svlngen4-fab1-sw3811_sysid-3811_2020-09-07T01-09UTC_1599469749_0x102_svc_ifc_eventmgr_log.4007.tar.gz
-r--r----- 1 ifc   admin  554747190 Jul 20  2021 dbgexp_coreexp-default_svlngen4-fab1-sw3811_sysid-3811_2021-07-20T00-04UTC_1626768256_0x102_kernel_log.0.tar.gz
-r--r----- 1 ifc   admin  613587723 Oct 10  2021 dbgexp_coreexp-default_svlngen4-fab1-sw3811_sysid-3811_2021-10-10T13-05UTC_1633899929_0x102_kernel_log.0.tar.gz
-r--r----- 1 ifc   admin  594412940 Nov 18 07:54 dbgexp_coreexp-default_svlngen4-fab1-sw3811_sysid-3811_2021-11-18T07-51UTC_1637250703_0x102_kernel_log.0.tar.gz
-r--r----- 1 ifc   admin  551577644 Dec 27 02:42 dbgexp_coreexp-default_svlngen4-fab1-sw3811_sysid-3811_2021-12-27T02-39UTC_1640601595_0x102_kernel_log.0.tar.gz
-r--r----- 1 ifc   admin  625031269 Nov 18 07:27 dbgexp_coreexp-default_svlngen4-fab1-sw3822_sysid-3822_2021-11-18T07-24UTC_1637249096_0x102_kernel_log.0.tar.gz
-r--r----- 1 ifc   admin  233893476 Jan 17 08:51 dbgexp_coreexp-default_svlngen4-fab1-sw3914_sysid-3914_2021-04-26T12-39UTC_1619469558_0x1c01_policy_mgr_log.54988.tar.gz
drwxrwxr-x 2 ifc   admin       4096 Apr 20 04:07 debug
-rw-r--r-- 1 admin admin        140 Mar 11 05:46 faultRecord.xml
drwxrwxrwx 2 root  root        4096 Apr  5 04:23 heapstats
-r--r--r-- 1 admin admin 3773092003 May 19  2020 local_svlngen4-fab1-apic1_2020-05-19T11-41.tgz
-r--r--r-- 1 admin admin 2595219889 Apr 28  2021 local_svlngen4-fab1-sw1011_2021-04-28T10-44.tgz
-r--r--r-- 1 admin admin 2498898958 Apr 28  2021 local_svlngen4-fab1-sw1012_2021-04-28T10-44.tgz
drwx------ 2 root  root       16384 Nov 22  2019 lost+found
drwxrwxrwx 2 root  root        4096 Dec 12  2019 troubleshoot
drwx------ 2 admin admin       4096 May 19  2020 upgradeTriages
%                                                                                                                                                                                                                                                                                                                                                                                                                                                                                                                              
 

svlngen4-fab1-apic1# 
DEBUG:netmiko:read_channel: 
DEBUG:netmiko:write_channel: b'\n'
DEBUG:netmiko:read_channel: 
DEBUG:netmiko:write_channel: b'\n'
DEBUG:netmiko:read_channel: 
DEBUG:netmiko:write_channel: b'\n'
DEBUG:netmiko:read_channel: 
DEBUG:netmiko:write_channel: b'\n'
DEBUG:netmiko:read_channel: 
DEBUG:netmiko:write_channel: b'\n'
DEBUG:netmiko:read_channel: 
%                                                                                                                                                                                                                                                                                                                                                                                                                                                                                                                              
 

svlngen4-fab1-apic1# 
DEBUG:netmiko:read_channel: 
DEBUG:netmiko:[find_prompt()]: prompt is svlngen4-fab1-apic1#
DEBUG:netmiko:write_channel: b'df -h | grep tech\n'
DEBUG:netmiko:read_channel: 
DEBUG:netmiko:read_channel: 
DEBUG:netmiko:read_channel: 
DEBUG:netmiko:read_channel: 
DEBUG:netmiko:read_channel: 
DEBUG:netmiko:read_channel: 
DEBUG:netmiko:read_channel: 
DEBUG:netmiko:read_channel: 
DEBUG:netmiko:read_channel: 
DEBUG:netmiko:read_channel: 
%                                                                                                                                                                                                                                                                                                                                                                                                                                                                                                                              
 

DEBUG:netmiko:read_channel: 
DEBUG:netmiko:read_channel: 
svlngen4-fab1-apic1# 
%                                                                                                                                                                                                                                                                                                                                                                                                                                                                                                                              
 

svlngen4-fab1-apic1# 
%                                                                                                                                                                                                                                                                                                                                                                                                                                                                                                                              
 

svlngen4-fab1-apic1# 
%                                                                                                                                                                                                                                                                                                                                                                                                                                                                                                                              
 

svlngen4-fab1-apic1# 
DEBUG:netmiko:read_channel: 
DEBUG:netmiko:read_channel: 
DEBUG:netmiko:read_channel: 
DEBUG:netmiko:read_channel: 
DEBUG:netmiko:read_channel: 
DEBUG:netmiko:read_channel: 
DEBUG:netmiko:read_channel: 
DEBUG:netmiko:read_channel: 
DEBUG:netmiko:read_channel: 
DEBUG:netmiko:read_channel: 
DEBUG:netmiko:read_channel: 
DEBUG:netmiko:read_channel: 
DEBUG:netmiko:read_channel: 
DEBUG:netmiko:read_channel: 
DEBUG:netmiko:read_channel: 
DEBUG:netmiko:read_channel: 
DEBUG:netmiko:read_channel: ddf -h | grep tech

DEBUG:netmiko:Pattern found: (df\ \-h\ \|\ grep\ tech) 
%                                                                                                                                                                                                                                                                                                                                                                                                                                                                                                                              
 

svlngen4-fab1-apic1# 
%                                                                                                                                                                                                                                                                                                                                                                                                                                                                                                                              
 

svlngen4-fab1-apic1# 
%                                                                                                                                                                                                                                                                                                                                                                                                                                                                                                                              
 

svlngen4-fab1-apic1# 
%                                                                                                                                                                                                                                                                                                                                                                                                                                                                                                                              
 

svlngen4-fab1-apic1# ddf -h | grep tech
DEBUG:netmiko:read_channel: /dev/mapper/vg_ifc0-techsupport   40G   14G   25G  36% /data/techsupport
%                                                                                                                                                                                                                                                                                                                                                                                                                                                                                                                              
 

svlngen4-fab1-apic1# 
DEBUG:paramiko.transport:starting thread (client mode): 0x73d79d0
DEBUG:paramiko.transport:Local version/idstring: SSH-2.0-paramiko_2.10.3
DEBUG:paramiko.transport:Remote version/idstring: SSH-2.0-OpenSSH_8.2
INFO:paramiko.transport:Connected (version 2.0, client OpenSSH_8.2)
DEBUG:paramiko.transport:=== Key exchange possibilities ===
DEBUG:paramiko.transport:kex algos: curve25519-sha256, curve25519-sha256@libssh.org, diffie-hellman-group1-sha1, diffie-hellman-group14-sha1, diffie-hellman-group14-sha256, diffie-hellman-group16-sha512, ecdh-sha2-nistp256, ecdh-sha2-nistp384, ecdh-sha2-nistp521
DEBUG:paramiko.transport:server key: ssh-rsa
DEBUG:paramiko.transport:client encrypt: aes128-ctr, aes192-ctr, aes256-ctr
DEBUG:paramiko.transport:server encrypt: aes128-ctr, aes192-ctr, aes256-ctr
DEBUG:paramiko.transport:client mac: hmac-sha1, hmac-sha2-256, hmac-sha2-512
DEBUG:paramiko.transport:server mac: hmac-sha1, hmac-sha2-256, hmac-sha2-512
DEBUG:paramiko.transport:client compress: none, zlib@openssh.com
DEBUG:paramiko.transport:server compress: none, zlib@openssh.com
DEBUG:paramiko.transport:client lang: <none>
DEBUG:paramiko.transport:server lang: <none>
DEBUG:paramiko.transport:kex follows: False
DEBUG:paramiko.transport:=== Key exchange agreements ===
DEBUG:paramiko.transport:Kex: curve25519-sha256@libssh.org
DEBUG:paramiko.transport:HostKey: ssh-rsa
DEBUG:paramiko.transport:Cipher: aes128-ctr
DEBUG:paramiko.transport:MAC: hmac-sha2-256
DEBUG:paramiko.transport:Compression: none
DEBUG:paramiko.transport:=== End of kex handshake ===
DEBUG:paramiko.transport:kex engine KexCurve25519 specified hash_algo <built-in function openssl_sha256>
DEBUG:paramiko.transport:Switch to new keys ...
DEBUG:paramiko.transport:Adding ssh-rsa host key for svlngen4-fab1-apic1: b'cb2da8ed61e467840f2aac1ca52bcede'
DEBUG:paramiko.transport:Got EXT_INFO: {'server-sig-algs': b'ssh-ed25519,sk-ssh-ed25519@openssh.com,ssh-rsa,rsa-sha2-256,rsa-sha2-512,ssh-dss,ecdsa-sha2-nistp256,ecdsa-sha2-nistp384,ecdsa-sha2-nistp521,sk-ecdsa-sha2-nistp256@openssh.com'}
DEBUG:paramiko.transport:userauth is OK
INFO:paramiko.transport:Auth banner: b'Application Policy Infrastructure Controller\n'
INFO:paramiko.transport:Authentication (password) successful!
DEBUG:paramiko.transport:[chan 0] Max packet in: 32768 bytes
DEBUG:paramiko.transport:Received global request "hostkeys-00@openssh.com"
DEBUG:paramiko.transport:Rejecting "hostkeys-00@openssh.com" global request from server.
DEBUG:paramiko.transport:[chan 0] Max packet out: 32768 bytes
DEBUG:paramiko.transport:Secsh channel 0 opened.
DEBUG:paramiko.transport:[chan 0] Sesch channel 0 request ok
DEBUG:paramiko.transport:[chan 0] Sesch channel 0 request ok
DEBUG:netmiko:read_channel: 
DEBUG:netmiko:read_channel: 
DEBUG:netmiko:read_channel: 
DEBUG:netmiko:read_channel: 
DEBUG:netmiko:read_channel: 
DEBUG:netmiko:read_channel: 
DEBUG:netmiko:read_channel: 
DEBUG:netmiko:read_channel: 
DEBUG:netmiko:read_channel: 
DEBUG:netmiko:read_channel: 
DEBUG:netmiko:read_channel: 
DEBUG:netmiko:read_channel: 
DEBUG:netmiko:read_channel: 
DEBUG:netmiko:read_channel: 
DEBUG:netmiko:read_channel: 
DEBUG:netmiko:read_channel: 
DEBUG:netmiko:read_channel: 
DEBUG:netmiko:read_channel: 
DEBUG:netmiko:read_channel: 
DEBUG:netmiko:read_channel: 
DEBUG:netmiko:read_channel: 
DEBUG:netmiko:read_channel: 
DEBUG:netmiko:read_channel: 
DEBUG:netmiko:read_channel: 
DEBUG:netmiko:read_channel: 
DEBUG:netmiko:read_channel: 
DEBUG:netmiko:read_channel: 
DEBUG:netmiko:read_channel: 
DEBUG:netmiko:read_channel: 
DEBUG:netmiko:read_channel: 
DEBUG:netmiko:read_channel: 
DEBUG:netmiko:read_channel: 
DEBUG:netmiko:read_channel: 
DEBUG:netmiko:read_channel: 
DEBUG:netmiko:read_channel: 
DEBUG:netmiko:read_channel: 
DEBUG:netmiko:read_channel: 
DEBUG:netmiko:read_channel: 
DEBUG:netmiko:read_channel: 
DEBUG:netmiko:read_channel: 
DEBUG:netmiko:read_channel: 
DEBUG:netmiko:read_channel: 
DEBUG:netmiko:read_channel: 
DEBUG:netmiko:read_channel: 
DEBUG:netmiko:read_channel: Last login: 2022-04-23T22:27:28.000-07:00 UTC
%                                                                                                                                                                                                                                                                                                                                                                                                                                                                                                                              
 

svlngen4-fab1-apic1# 
DEBUG:netmiko:Pattern found: ([>#]) Last login: 2022-04-23T22:27:28.000-07:00 UTC
%                                                                                                                                                                                                                                                                                                                                                                                                                                                                                                                              
 

svlngen4-fab1-apic1#
DEBUG:netmiko:write_channel: b'terminal width 511\n'
DEBUG:netmiko:read_channel: 
DEBUG:netmiko:read_channel: 
DEBUG:netmiko:read_channel: 
DEBUG:netmiko:read_channel: 
DEBUG:netmiko:read_channel: 
DEBUG:netmiko:read_channel: 
DEBUG:netmiko:read_channel: 
DEBUG:netmiko:read_channel: 
DEBUG:netmiko:read_channel: 
DEBUG:netmiko:read_channel: 
DEBUG:netmiko:read_channel: 
DEBUG:netmiko:read_channel: 
DEBUG:netmiko:read_channel: 
DEBUG:netmiko:read_channel: 
DEBUG:netmiko:read_channel: 
DEBUG:netmiko:read_channel: 
DEBUG:netmiko:read_channel: 
DEBUG:netmiko:read_channel: 
DEBUG:netmiko:read_channel: 
DEBUG:netmiko:read_channel: 
DEBUG:netmiko:read_channel: 
DEBUG:netmiko:read_channel: 
DEBUG:netmiko:read_channel: 
DEBUG:netmiko:read_channel: 
DEBUG:netmiko:read_channel: 
DEBUG:netmiko:read_channel: 
DEBUG:netmiko:read_channel: 
DEBUG:netmiko:read_channel: tterminal width 511
%                                                                                                                                                                                                                                                                                                                                                                                                                                                                                                                              
 

DEBUG:netmiko:Pattern found: (terminal width 511)  tterminal width 511
DEBUG:netmiko:In disable_paging
DEBUG:netmiko:Command: terminal length 0

DEBUG:netmiko:write_channel: b'terminal length 0\n'
DEBUG:netmiko:read_channel: 
DEBUG:netmiko:read_channel: 
DEBUG:netmiko:read_channel: 
DEBUG:netmiko:read_channel: 
DEBUG:netmiko:read_channel: 
DEBUG:netmiko:read_channel: 
DEBUG:netmiko:read_channel: 
DEBUG:netmiko:read_channel: 
DEBUG:netmiko:read_channel: 
DEBUG:netmiko:read_channel: 
DEBUG:netmiko:read_channel: 
DEBUG:netmiko:read_channel: 
DEBUG:netmiko:read_channel: 
DEBUG:netmiko:read_channel: 
DEBUG:netmiko:read_channel: 
DEBUG:netmiko:read_channel: 
DEBUG:netmiko:read_channel: 
DEBUG:netmiko:read_channel: 
DEBUG:netmiko:read_channel: 
DEBUG:netmiko:read_channel: 
DEBUG:netmiko:read_channel: 
DEBUG:netmiko:read_channel: 
DEBUG:netmiko:read_channel: 
DEBUG:netmiko:read_channel: 
DEBUG:netmiko:read_channel: 
DEBUG:netmiko:read_channel: 
svlngen4-fab1-apic1# tterminal length 0
%                                                                                                                                                                                                                                                                                                                                                                                                                                                                                                                              
 

svlngen4-fab1-apic1# 
DEBUG:netmiko:Pattern found: (terminal\ length\ 0) 
%                                                                                                                                                                                                                                                                                                                                                                                                                                                                                                                              
 

svlngen4-fab1-apic1# tterminal length 0
DEBUG:netmiko:
%                                                                                                                                                                                                                                                                                                                                                                                                                                                                                                                              
 

svlngen4-fab1-apic1# tterminal length 0
DEBUG:netmiko:Exiting disable_paging
DEBUG:netmiko:read_channel: 
DEBUG:netmiko:Clear buffer detects data in the channel
DEBUG:netmiko:read_channel: 
DEBUG:netmiko:write_channel: b'\n'
DEBUG:netmiko:read_channel: 
DEBUG:netmiko:read_channel: 
DEBUG:netmiko:read_channel: 
DEBUG:netmiko:read_channel: 
DEBUG:netmiko:read_channel: 
DEBUG:netmiko:read_channel: 
DEBUG:netmiko:read_channel: 
DEBUG:netmiko:read_channel: 
DEBUG:netmiko:read_channel: 
DEBUG:netmiko:read_channel: 
DEBUG:netmiko:read_channel: 
DEBUG:netmiko:read_channel: 
DEBUG:netmiko:read_channel: 
DEBUG:netmiko:read_channel: 
DEBUG:netmiko:read_channel: 
DEBUG:netmiko:read_channel: 
DEBUG:netmiko:read_channel: 
DEBUG:netmiko:read_channel: 
DEBUG:netmiko:read_channel: 
DEBUG:netmiko:read_channel: 
DEBUG:netmiko:read_channel: 
%                                                                                                                                                                                                                                                                                                                                                                                                                                                                                                                              
 

svlngen4-fab1-apic1# 
DEBUG:netmiko:Pattern found: (\#|>) 
%                                                                                                                                                                                                                                                                                                                                                                                                                                                                                                                              
 

svlngen4-fab1-apic1#
DEBUG:netmiko:read_channel: 
DEBUG:netmiko:Clear buffer detects data in the channel
DEBUG:netmiko:read_channel: 
DEBUG:netmiko:[find_prompt()]: prompt is svlngen4-fab1-apic1#
DEBUG:netmiko:read_channel: 
DEBUG:netmiko:write_channel: b'\n'
DEBUG:netmiko:read_channel: 
DEBUG:netmiko:write_channel: b'\n'
DEBUG:netmiko:read_channel: 
DEBUG:netmiko:write_channel: b'\n'
DEBUG:netmiko:read_channel: 
DEBUG:netmiko:write_channel: b'\n'
DEBUG:netmiko:read_channel: 
DEBUG:netmiko:write_channel: b'\n'
DEBUG:netmiko:read_channel: 
%                                                                                                                                                                                                                                                                                                                                                                                                                                                                                                                              
 

svlngen4-fab1-apic1# 
DEBUG:netmiko:read_channel: 
DEBUG:netmiko:[find_prompt()]: prompt is svlngen4-fab1-apic1#
DEBUG:netmiko:write_channel: b'cd /data/techsupport/\n'
DEBUG:netmiko:read_channel: 
DEBUG:netmiko:read_channel: 
DEBUG:netmiko:read_channel: 
DEBUG:netmiko:read_channel: 
DEBUG:netmiko:read_channel: 
DEBUG:netmiko:read_channel: 
DEBUG:netmiko:read_channel: 
DEBUG:netmiko:read_channel: 
DEBUG:netmiko:read_channel: 
DEBUG:netmiko:read_channel: 
DEBUG:netmiko:read_channel: 
DEBUG:netmiko:read_channel: 
DEBUG:netmiko:read_channel: 
%                                                                                                                                                                                                                                                                                                                                                                                                                                                                                                                              
 

svlngen4-fab1-apic1# 
%                                                                                                                                                                                                                                                                                                                                                                                                                                                                                                                              
 

svlngen4-fab1-apic1# 
%                                                                                                                                                                                                                                                                                                                                                                                                                                                                                                                              
 

svlngen4-fab1-apic1# 
%                                                                                                                                                                                                                                                                                                                                                                                                                                                                                                                              
 

svlngen4-fab1-apic1# 
DEBUG:netmiko:read_channel: 
DEBUG:netmiko:read_channel: 
DEBUG:netmiko:read_channel: 
DEBUG:netmiko:read_channel: 
DEBUG:netmiko:read_channel: 
DEBUG:netmiko:read_channel: 
DEBUG:netmiko:read_channel: 
DEBUG:netmiko:read_channel: 
DEBUG:netmiko:read_channel: 
DEBUG:netmiko:read_channel: 
DEBUG:netmiko:read_channel: 
DEBUG:netmiko:read_channel: 
DEBUG:netmiko:read_channel: 
DEBUG:netmiko:read_channel: 
DEBUG:netmiko:read_channel: 
DEBUG:netmiko:read_channel: 
DEBUG:netmiko:read_channel: 
DEBUG:netmiko:read_channel: 
DEBUG:netmiko:read_channel: 
DEBUG:netmiko:read_channel: 
DEBUG:netmiko:read_channel: 
DEBUG:netmiko:read_channel: 
DEBUG:netmiko:read_channel: 
DEBUG:netmiko:read_channel: 
DEBUG:netmiko:read_channel: 
DEBUG:netmiko:read_channel: 
DEBUG:netmiko:read_channel: 
DEBUG:netmiko:read_channel: ccd /data/techsupport/
%                                                                                                                                                                                                                                                                                                                                                                                                                                                                                                                              
 

svlngen4-fab1-apic1# 
DEBUG:netmiko:Pattern found: (cd\ /data/techsupport/) 
%                                                                                                                                                                                                                                                                                                                                                                                                                                                                                                                              
 

svlngen4-fab1-apic1# 
%                                                                                                                                                                                                                                                                                                                                                                                                                                                                                                                              
 

svlngen4-fab1-apic1# 
%                                                                                                                                                                                                                                                                                                                                                                                                                                                                                                                              
 

svlngen4-fab1-apic1# 
%                                                                                                                                                                                                                                                                                                                                                                                                                                                                                                                              
 

svlngen4-fab1-apic1# ccd /data/techsupport/
DEBUG:netmiko:read_channel: 
DEBUG:netmiko:read_channel: 
DEBUG:netmiko:write_channel: b'\n'
DEBUG:netmiko:read_channel: 
DEBUG:netmiko:write_channel: b'\n'
DEBUG:netmiko:read_channel: 
DEBUG:netmiko:write_channel: b'\n'
DEBUG:netmiko:read_channel: 
DEBUG:netmiko:write_channel: b'\n'
DEBUG:netmiko:read_channel: 
DEBUG:netmiko:write_channel: b'\n'
DEBUG:netmiko:read_channel: 
%                                                                                                                                                                                                                                                                                                                                                                                                                                                                                                                              
 

svlngen4-fab1-apic1# 
DEBUG:netmiko:read_channel: 
DEBUG:netmiko:[find_prompt()]: prompt is svlngen4-fab1-apic1#
DEBUG:netmiko:write_channel: b'ls -l\n'
DEBUG:netmiko:read_channel: 
DEBUG:netmiko:read_channel: 
DEBUG:netmiko:read_channel: 
DEBUG:netmiko:read_channel: 
DEBUG:netmiko:read_channel: 
DEBUG:netmiko:read_channel: 
%                                                                                                                                                                                                                                                                                                                                                                                                                                                                                                                              
 

DEBUG:netmiko:read_channel: 
svlngen4-fab1-apic1# 
%                                                                                                                                                                                                                                                                                                                                                                                                                                                                                                                              
 

svlngen4-fab1-apic1# 
%                                                                                                                                                                                                                                                                                                                                                                                                                                                                                                                              
 

svlngen4-fab1-apic1# 
%                                                                                                                                                                                                                                                                                                                                                                                                                                                                                                                              
 

DEBUG:netmiko:read_channel: 
svlngen4-fab1-apic1# 
DEBUG:netmiko:read_channel: 
DEBUG:netmiko:read_channel: 
DEBUG:netmiko:read_channel: 
DEBUG:netmiko:read_channel: 
DEBUG:netmiko:read_channel: 
DEBUG:netmiko:read_channel: 
DEBUG:netmiko:read_channel: 
DEBUG:netmiko:read_channel: 
DEBUG:netmiko:read_channel: 
DEBUG:netmiko:read_channel: 
DEBUG:netmiko:read_channel: 
DEBUG:netmiko:read_channel: 
DEBUG:netmiko:read_channel: 
DEBUG:netmiko:read_channel: 
DEBUG:netmiko:read_channel: 
DEBUG:netmiko:read_channel: 
DEBUG:netmiko:read_channel: lls -l

DEBUG:netmiko:Pattern found: (ls\ \-l) 
%                                                                                                                                                                                                                                                                                                                                                                                                                                                                                                                              
 

svlngen4-fab1-apic1# 
%                                                                                                                                                                                                                                                                                                                                                                                                                                                                                                                              
 

svlngen4-fab1-apic1# 
%                                                                                                                                                                                                                                                                                                                                                                                                                                                                                                                              
 

svlngen4-fab1-apic1# 
%                                                                                                                                                                                                                                                                                                                                                                                                                                                                                                                              
 

svlngen4-fab1-apic1# lls -l
DEBUG:netmiko:read_channel: total 13714484
-r--r----- 1 ifc   admin  192401193 Aug 15  2020 dbgexp_coreexp-default_svlngen4-fab1-sw1042_sysid-1042_2020-08-15T06-27UTC_1597501666_0x101_nginx_log.17913.tar.gz
-r--r----- 1 ifc   admin  128467373 Aug 15  2020 dbgexp_coreexp-default_svlngen4-fab1-sw1042_sysid-1042_2020-08-15T06-27UTC_1597501667_0x101_sysmgr_log.15733.tar.gz
-r--r----- 1 ifc   admin  639918159 Jul 20  2021 dbgexp_coreexp-default_svlngen4-fab1-sw1042_sysid-1042_2021-07-20T00-47UTC_1626770861_0x102_kernel_log.0.tar.gz
-r--r----- 1 ifc   admin  536053104 Oct 10  2021 dbgexp_coreexp-default_svlngen4-fab1-sw1042_sysid-1042_2021-10-10T10-55UTC_1633892135_0x102_kernel_log.0.tar.gz
-r--r----- 1 ifc   admin  500858643 Dec 27 04:05 dbgexp_coreexp-default_svlngen4-fab1-sw1042_sysid-1042_2021-12-27T04-02UTC_1640606577_0x102_kernel_log.0.tar.gz
-r--r----- 1 ifc   admin    5346153 Sep  7  2020 dbgexp_coreexp-default_svlngen4-fab1-sw3811_sysid-3811_2020-09-07T01-09UTC_1599469749_0x102_svc_ifc_eventmgr_log.4007.tar.gz
-r--r----- 1 ifc   admin  554747190 Jul 20  2021 dbgexp_coreexp-default_svlngen4-fab1-sw3811_sysid-3811_2021-07-20T00-04UTC_1626768256_0x102_kernel_log.0.tar.gz
-r--r----- 1 ifc   admin  613587723 Oct 10  2021 dbgexp_coreexp-default_svlngen4-fab1-sw3811_sysid-3811_2021-10-10T13-05UTC_1633899929_0x102_kernel_log.0.tar.gz
-r--r----- 1 ifc   admin  594412940 Nov 18 07:54 dbgexp_coreexp-default_svlngen4-fab1-sw3811_sysid-3811_2021-11-18T07-51UTC_1637250703_0x102_kernel_log.0.tar.gz
-r--r----- 1 ifc   admin  551577644 Dec 27 02:42 dbgexp_coreexp-default_svlngen4-fab1-sw3811_sysid-3811_2021-12-27T02-39UTC_1640601595_0x102_kernel_log.0.tar.gz
-r--r----- 1 ifc   admin  625031269 Nov 18 07:27 dbgexp_coreexp-default_svlngen4-fab1-sw3822_sysid-3822_2021-11-18T07-24UTC_1637249096_0x102_kernel_log.0.tar.gz
-r--r----- 1 ifc   admin  233893476 Jan 17 08:51 dbgexp_coreexp-default_svlngen4-fab1-sw3914_sysid-3914_2021-04-26T12-39UTC_1619469558_0x1c01_policy_mgr_log.54988.tar.gz
drwxrwxr-x 2 ifc   admin       4096 Apr 20 04:07 debug
-rw-r--r-- 1 admin admin        140 Mar 11 05:46 faultRecord.xml
drwxrwxrwx 2 root  root        4096 Apr  5 04:23 heapstats
-r--r--r-- 1 admin admin 3773092003 May 19  2020 local_svlngen4-fab1-apic1_2020-05-19T11-41.tgz
-r--r--r-- 1 admin admin 2595219889 Apr 28  2021 local_svlngen4-fab1-sw1011_2021-04-28T10-44.tgz
-r--r--r-- 1 admin admin 2498898958 Apr 28  2021 local_svlngen4-fab1-sw1012_2021-04-28T10-44.tgz
drwx------ 2 root  root       16384 Nov 22  2019 lost+found
drwxrwxrwx 2 root  root        4096 Dec 12  2019 troubleshoot
drwx------ 2 admin admin       4096 May 19  2020 upgradeTriages
%                                                                                                                                                                                                                                                                                                                                                                                                                                                                                                                              
 

svlngen4-fab1-apic1# 
DEBUG:netmiko:read_channel: 
DEBUG:netmiko:write_channel: b'\n'
DEBUG:netmiko:read_channel: 
DEBUG:netmiko:write_channel: b'\n'
DEBUG:netmiko:read_channel: 
DEBUG:netmiko:write_channel: b'\n'
DEBUG:netmiko:read_channel: 
DEBUG:netmiko:write_channel: b'\n'
DEBUG:netmiko:read_channel: 
DEBUG:netmiko:write_channel: b'\n'
DEBUG:netmiko:read_channel: 
%                                                                                                                                                                                                                                                                                                                                                                                                                                                                                                                              
 

svlngen4-fab1-apic1# 
DEBUG:netmiko:read_channel: 
DEBUG:netmiko:[find_prompt()]: prompt is svlngen4-fab1-apic1#
DEBUG:netmiko:write_channel: b'df -h | grep tech\n'
DEBUG:netmiko:read_channel: 
DEBUG:netmiko:read_channel: 
DEBUG:netmiko:read_channel: 
DEBUG:netmiko:read_channel: 
DEBUG:netmiko:read_channel: 
DEBUG:netmiko:read_channel: 
DEBUG:netmiko:read_channel: 
DEBUG:netmiko:read_channel: 
DEBUG:netmiko:read_channel: 
DEBUG:netmiko:read_channel: 
DEBUG:netmiko:read_channel: 
DEBUG:netmiko:read_channel: 
DEBUG:netmiko:read_channel: 
DEBUG:netmiko:read_channel: 
DEBUG:netmiko:read_channel: 
DEBUG:netmiko:read_channel: 
DEBUG:netmiko:read_channel: 
DEBUG:netmiko:read_channel: 
DEBUG:netmiko:read_channel: 
%                                                                                                                                                                                                                                                                                                                                                                                                                                                                                                                              
 

svlngen4-fab1-apic1# 
%                                                                                                                                                                                                                                                                                                                                                                                                                                                                                                                              
 

svlngen4-fab1-apic1# 
%                                                                                                                                                                                                                                                                                                                                                                                                                                                                                                                              
 

svlngen4-fab1-apic1# 
%                                                                                                                                                                                                                                                                                                                                                                                                                                                                                                                              
 

svlngen4-fab1-apic1# 
DEBUG:netmiko:read_channel: 
DEBUG:netmiko:read_channel: 
DEBUG:netmiko:read_channel: 
DEBUG:netmiko:read_channel: 
DEBUG:netmiko:read_channel: 
DEBUG:netmiko:read_channel: 
DEBUG:netmiko:read_channel: 
DEBUG:netmiko:read_channel: 
DEBUG:netmiko:read_channel: 
DEBUG:netmiko:read_channel: 
DEBUG:netmiko:read_channel: 
DEBUG:netmiko:read_channel: 
DEBUG:netmiko:read_channel: 
DEBUG:netmiko:read_channel: 
DEBUG:netmiko:read_channel: 
DEBUG:netmiko:read_channel: 
DEBUG:netmiko:read_channel: 
DEBUG:netmiko:read_channel: 
DEBUG:netmiko:read_channel: 
DEBUG:netmiko:read_channel: 
DEBUG:netmiko:read_channel: 
DEBUG:netmiko:read_channel: 
DEBUG:netmiko:read_channel: 
DEBUG:netmiko:read_channel: 
DEBUG:netmiko:read_channel: 
DEBUG:netmiko:read_channel: ddf -h | grep tech
/dev/mapper/vg_ifc0-techsupport   40G   14G   25G  36% /data/techsupport
%                                                                                                                                                                                                                                                                                                                                                                                                                                                                                                                              
 

svlngen4-fab1-apic1# 
DEBUG:netmiko:Pattern found: (df\ \-h\ \|\ grep\ tech) 
%                                                                                                                                                                                                                                                                                                                                                                                                                                                                                                                              
 

svlngen4-fab1-apic1# 
%                                                                                                                                                                                                                                                                                                                                                                                                                                                                                                                              
 

svlngen4-fab1-apic1# 
%                                                                                                                                                                                                                                                                                                                                                                                                                                                                                                                              
 

svlngen4-fab1-apic1# 
%                                                                                                                                                                                                                                                                                                                                                                                                                                                                                                                              
 

svlngen4-fab1-apic1# ddf -h | grep tech
DEBUG:netmiko:read_channel: 
DEBUG:netmiko:read_channel: 
DEBUG:netmiko:write_channel: b'\n'
DEBUG:netmiko:read_channel: 
DEBUG:netmiko:write_channel: b'\n'
DEBUG:netmiko:read_channel: 
DEBUG:netmiko:write_channel: b'\n'
DEBUG:netmiko:read_channel: 
DEBUG:netmiko:write_channel: b'\n'
DEBUG:netmiko:read_channel: 
DEBUG:netmiko:write_channel: b'\n'
DEBUG:netmiko:read_channel: 
%                                                                                                                                                                                                                                                                                                                                                                                                                                                                                                                              
 

svlngen4-fab1-apic1# 
DEBUG:netmiko:read_channel: 
DEBUG:netmiko:[find_prompt()]: prompt is svlngen4-fab1-apic1#
DEBUG:netmiko:write_channel: b'find /data/techsupport -mtime +30 -ls | grep  .gz\n'
DEBUG:netmiko:read_channel: 
DEBUG:netmiko:read_channel: 
DEBUG:netmiko:read_channel: 
DEBUG:netmiko:read_channel: 
DEBUG:netmiko:read_channel: 
DEBUG:netmiko:read_channel: 
DEBUG:netmiko:read_channel: 
DEBUG:netmiko:read_channel: 
DEBUG:netmiko:read_channel: 
DEBUG:netmiko:read_channel: 
DEBUG:netmiko:read_channel: 
DEBUG:netmiko:read_channel: 
%                                                                                                                                                                                                                                                                                                                                                                                                                                                                                                                              
 

svlngen4-fab1-apic1# 
%                                                                                                                                                                                                                                                                                                                                                                                                                                                                                                                              
 

svlngen4-fab1-apic1# 
%                                                                                                                                                                                                                                                                                                                                                                                                                                                                                                                              
 

svlngen4-fab1-apic1# 
%                                                                                                                                                                                                                                                                                                                                                                                                                                                                                                                              
 

svlngen4-fab1-apic1# 
DEBUG:netmiko:read_channel: 
DEBUG:netmiko:read_channel: 
DEBUG:netmiko:read_channel: 
DEBUG:netmiko:read_channel: 
DEBUG:netmiko:read_channel: 
DEBUG:netmiko:read_channel: 
DEBUG:netmiko:read_channel: 
DEBUG:netmiko:read_channel: 
DEBUG:netmiko:read_channel: 
DEBUG:netmiko:read_channel: 
DEBUG:netmiko:read_channel: 
DEBUG:netmiko:read_channel: 
DEBUG:netmiko:read_channel: 
DEBUG:netmiko:read_channel: 
DEBUG:netmiko:read_channel: 
DEBUG:netmiko:read_channel: 
DEBUG:netmiko:read_channel: 
DEBUG:netmiko:read_channel: 
DEBUG:netmiko:read_channel: 
DEBUG:netmiko:read_channel: ffind /data/techsup
DEBUG:netmiko:read_channel: port 
DEBUG:netmiko:read_channel: -mtime +30 -ls | grep  .gz
    38 228416 -r--r-----   1 ifc      admin    233893476 Jan 17 08:51 /data/techsupport/dbgexp_coreexp-default_svlngen4-fab1-sw3914_sysid-3914_2021-04-26T12-39UTC_1619469558_0x1c01_policy_mgr_log.54988.tar.gz
    35 2534400 -r--r--r--   1 admin    admin    2595219889 Apr 28  2021 /data/techsupport/local_svlngen4-fab1-sw1011_2021-04-28T10-44.tgz
    43 599212 -r--r-----   1 ifc      admin    613587723 Oct 10  2021 /data/techsupport/dbgexp_coreexp-default_svlngen4-fab1-sw3811_sysid-3811_2021-10-10T13-05UTC_1633899929_0x102_kernel_log.0.tar.gz
    47 624928 -r--r-----   1 ifc      admin    639918159 Jul 20  2021 /data/techsupport/dbgexp_coreexp-default_svlngen4-fab1-sw1042_sysid-1042_2021-07-20T00-47UTC_1626770861_0x102_kernel_log.0.tar.gz
    50 187896 -r--r-----   1 ifc      admin    192401193 Aug 15  2020 /data/techsupport/dbgexp_coreexp-default_svlngen4-fab1-sw1042_sysid-1042_2020-08-15T06-27UTC_1597501666_0x101_nginx_log.17913.tar.gz
    44 541752 -r--r-----   1 ifc      admin    554747190 Jul 20  2021 /data/techsupport/dbgexp_coreexp-default_svlngen4-fab1-sw3811_sysid-3811_2021-07-20T00-04UTC_1626768256_0x102_kernel_log.0.tar.gz
    40 610388 -r--r-----   1 ifc      admin    625031269 Nov 18 07:27 /data/techsupport/dbgexp_coreexp-default_svlngen4-fab1-sw3822_sysid-3822_2021-11-18T07-24UTC_1637249096_0x102_kernel_log.0.tar.gz
    49 523496 -r--r-----   1 ifc      admin    536053104 Oct 10  2021 /data/techsupport/dbgexp_coreexp-default_svlngen4-fab1-sw1042_sysid-1042_2021-10-10T10-55UTC_1633892135_0x102_kernel_log.0.tar.gz
find:     53 125464 -r--r-----   1 ifc      admin    128467373 Aug 15  2020 /data/techsupport/dbgexp_coreexp-default_svlngen4-fab1-sw1042_sysid-1042_2020-08-15T06-27UTC_1597501667_0x101_sysmgr_log.15733.tar.gz
'/data/techsupport/lost+found'    51 489124 -r--r-----   1 ifc      admin    500858643 Dec 27 04:05 /data/techsupport/dbgexp_coreexp-default_svlngen4-fab1-sw1042_sysid-1042_2021-12-27T04-02UTC_1640606577_0x102_kernel_log.0.tar.gz
: Permission denied    41 538656 -r--r-----   1 ifc      admin    551577644 Dec 27 02:42 /data/techsupport/dbgexp_coreexp-default_svlngen4-fab1-sw3811_sysid-3811_2021-12-27T02-39UTC_1640601595_0x102_kernel_log.0.tar.gz

   445 3684668 -r--r--r--   1 admin    admin    3773092003 May 19  2020 /data/techsupport/local_svlngen4-fab1-apic1_2020-05-19T11-41.tgz
    37 2440336 -r--r--r--   1 admin    admin    2498898958 Apr 28  2021 /data/techsupport/local_svlngen4-fab1-sw1012_2021-04-28T10-44.tgz
    42 580488 -r--r-----   1 ifc      admin    594412940 Nov 18 07:54 /data/techsupport/dbgexp_coreexp-default_svlngen4-fab1-sw3811_sysid-3811_2021-11-18T07-51UTC_1637250703_0x102_kernel_log.0.tar.gz
    39 5224 -r--r-----   1 ifc      admin     5346153 Sep  7  2020 /data/techsupport/dbgexp_coreexp-default_svlngen4-fab1-sw3811_sysid-3811_2020-09-07T01-09UTC_1599469749_0x102_svc_ifc_eventmgr_log.4007.tar.gz
%                                                                                                                                                                                                                                                                                                                                                                                                                                                                                                                              
 

svlngen4-fab1-apic1# 
DEBUG:netmiko:Pattern found: (find\ /data/techsupport\ \-mtime\ \+30\ \-ls\ \|\ grep\ \ \.gz) 
%                                                                                                                                                                                                                                                                                                                                                                                                                                                                                                                              
 

svlngen4-fab1-apic1# 
%                                                                                                                                                                                                                                                                                                                                                                                                                                                                                                                              
 

svlngen4-fab1-apic1# 
%                                                                                                                                                                                                                                                                                                                                                                                                                                                                                                                              
 

svlngen4-fab1-apic1# 
%                                                                                                                                                                                                                                                                                                                                                                                                                                                                                                                              
 

svlngen4-fab1-apic1# ffind /data/techsupport -mtime +30 -ls | grep  .gz
DEBUG:netmiko:read_channel: 
DEBUG:paramiko.transport:starting thread (client mode): 0x4674a00
DEBUG:paramiko.transport:Local version/idstring: SSH-2.0-paramiko_2.10.3
DEBUG:paramiko.transport:Remote version/idstring: SSH-2.0-OpenSSH_8.2
INFO:paramiko.transport:Connected (version 2.0, client OpenSSH_8.2)
DEBUG:paramiko.transport:=== Key exchange possibilities ===
DEBUG:paramiko.transport:kex algos: curve25519-sha256, curve25519-sha256@libssh.org, diffie-hellman-group1-sha1, diffie-hellman-group14-sha1, diffie-hellman-group14-sha256, diffie-hellman-group16-sha512, ecdh-sha2-nistp256, ecdh-sha2-nistp384, ecdh-sha2-nistp521
DEBUG:paramiko.transport:server key: ssh-rsa
DEBUG:paramiko.transport:client encrypt: aes128-ctr, aes192-ctr, aes256-ctr
DEBUG:paramiko.transport:server encrypt: aes128-ctr, aes192-ctr, aes256-ctr
DEBUG:paramiko.transport:client mac: hmac-sha1, hmac-sha2-256, hmac-sha2-512
DEBUG:paramiko.transport:server mac: hmac-sha1, hmac-sha2-256, hmac-sha2-512
DEBUG:paramiko.transport:client compress: none, zlib@openssh.com
DEBUG:paramiko.transport:server compress: none, zlib@openssh.com
DEBUG:paramiko.transport:client lang: <none>
DEBUG:paramiko.transport:server lang: <none>
DEBUG:paramiko.transport:kex follows: False
DEBUG:paramiko.transport:=== Key exchange agreements ===
DEBUG:paramiko.transport:Kex: curve25519-sha256@libssh.org
DEBUG:paramiko.transport:HostKey: ssh-rsa
DEBUG:paramiko.transport:Cipher: aes128-ctr
DEBUG:paramiko.transport:MAC: hmac-sha2-256
DEBUG:paramiko.transport:Compression: none
DEBUG:paramiko.transport:=== End of kex handshake ===
DEBUG:paramiko.transport:kex engine KexCurve25519 specified hash_algo <built-in function openssl_sha256>
DEBUG:paramiko.transport:Switch to new keys ...
DEBUG:paramiko.transport:Adding ssh-rsa host key for svlngen4-fab1-apic1: b'cb2da8ed61e467840f2aac1ca52bcede'
DEBUG:paramiko.transport:Got EXT_INFO: {'server-sig-algs': b'ssh-ed25519,sk-ssh-ed25519@openssh.com,ssh-rsa,rsa-sha2-256,rsa-sha2-512,ssh-dss,ecdsa-sha2-nistp256,ecdsa-sha2-nistp384,ecdsa-sha2-nistp521,sk-ecdsa-sha2-nistp256@openssh.com'}
DEBUG:paramiko.transport:userauth is OK
INFO:paramiko.transport:Auth banner: b'Application Policy Infrastructure Controller\n'
INFO:paramiko.transport:Authentication (password) successful!
DEBUG:paramiko.transport:[chan 0] Max packet in: 32768 bytes
DEBUG:paramiko.transport:Received global request "hostkeys-00@openssh.com"
DEBUG:paramiko.transport:Rejecting "hostkeys-00@openssh.com" global request from server.
DEBUG:paramiko.transport:[chan 0] Max packet out: 32768 bytes
DEBUG:paramiko.transport:Secsh channel 0 opened.
DEBUG:paramiko.transport:[chan 0] Sesch channel 0 request ok
DEBUG:paramiko.transport:[chan 0] Sesch channel 0 request ok
DEBUG:netmiko:read_channel: 
DEBUG:netmiko:read_channel: 
DEBUG:netmiko:read_channel: 
DEBUG:netmiko:read_channel: 
DEBUG:netmiko:read_channel: 
DEBUG:netmiko:read_channel: 
DEBUG:netmiko:read_channel: 
DEBUG:netmiko:read_channel: 
DEBUG:netmiko:read_channel: 
DEBUG:netmiko:read_channel: 
DEBUG:netmiko:read_channel: 
DEBUG:netmiko:read_channel: 
DEBUG:netmiko:read_channel: 
DEBUG:netmiko:read_channel: 
DEBUG:netmiko:read_channel: 
DEBUG:netmiko:read_channel: 
DEBUG:netmiko:read_channel: 
DEBUG:netmiko:read_channel: 
DEBUG:netmiko:read_channel: 
DEBUG:netmiko:read_channel: 
DEBUG:netmiko:read_channel: 
DEBUG:netmiko:read_channel: 
DEBUG:netmiko:read_channel: 
DEBUG:netmiko:read_channel: 
DEBUG:netmiko:read_channel: 
DEBUG:netmiko:read_channel: 
DEBUG:netmiko:read_channel: 
DEBUG:netmiko:read_channel: 
DEBUG:netmiko:read_channel: 
DEBUG:netmiko:read_channel: 
DEBUG:netmiko:read_channel: 
DEBUG:netmiko:read_channel: 
DEBUG:netmiko:read_channel: 
DEBUG:netmiko:read_channel: 
DEBUG:netmiko:read_channel: 
DEBUG:netmiko:read_channel: 
DEBUG:netmiko:read_channel: 
DEBUG:netmiko:read_channel: 
DEBUG:netmiko:read_channel: 
DEBUG:netmiko:read_channel: 
DEBUG:netmiko:read_channel: 
DEBUG:netmiko:read_channel: 
DEBUG:netmiko:read_channel: 
DEBUG:netmiko:read_channel: 
DEBUG:netmiko:read_channel: 
DEBUG:netmiko:read_channel: 
DEBUG:netmiko:read_channel: 
DEBUG:netmiko:read_channel: 
DEBUG:netmiko:read_channel: 
DEBUG:netmiko:read_channel: 
DEBUG:netmiko:read_channel: 
DEBUG:netmiko:read_channel: Last login: 2022-04-23T22:32:41.000-07:00 UTC
%                                                                                                                                                                                                                                                                                                                                                                                                                                                                                                                              
 

svlngen4-fab1-apic1# 
DEBUG:netmiko:Pattern found: ([>#]) Last login: 2022-04-23T22:32:41.000-07:00 UTC
%                                                                                                                                                                                                                                                                                                                                                                                                                                                                                                                              
 

svlngen4-fab1-apic1#
DEBUG:netmiko:write_channel: b'terminal width 511\n'
DEBUG:netmiko:read_channel: 
DEBUG:netmiko:read_channel: 
DEBUG:netmiko:read_channel: 
DEBUG:netmiko:read_channel: 
DEBUG:netmiko:read_channel: 
DEBUG:netmiko:read_channel: 
DEBUG:netmiko:read_channel: 
DEBUG:netmiko:read_channel: 
DEBUG:netmiko:read_channel: 
DEBUG:netmiko:read_channel: 
DEBUG:netmiko:read_channel: 
DEBUG:netmiko:read_channel: 
DEBUG:netmiko:read_channel: 
DEBUG:netmiko:read_channel: 
DEBUG:netmiko:read_channel: 
DEBUG:netmiko:read_channel: 
DEBUG:netmiko:read_channel: 
DEBUG:netmiko:read_channel: 
DEBUG:netmiko:read_channel: 
DEBUG:netmiko:read_channel: 
DEBUG:netmiko:read_channel: 
DEBUG:netmiko:read_channel: 
DEBUG:netmiko:read_channel: 
DEBUG:netmiko:read_channel: 
DEBUG:netmiko:read_channel: 
DEBUG:netmiko:read_channel: 
DEBUG:netmiko:read_channel: tterminal width 511

DEBUG:netmiko:Pattern found: (terminal width 511)  tterminal width 511
DEBUG:netmiko:In disable_paging
DEBUG:netmiko:Command: terminal length 0

DEBUG:netmiko:write_channel: b'terminal length 0\n'
DEBUG:netmiko:read_channel: 
DEBUG:netmiko:read_channel: 
DEBUG:netmiko:read_channel: 
DEBUG:netmiko:read_channel: 
DEBUG:netmiko:read_channel: 
DEBUG:netmiko:read_channel: 
DEBUG:netmiko:read_channel: 
DEBUG:netmiko:read_channel: 
DEBUG:netmiko:read_channel: 
DEBUG:netmiko:read_channel: 
DEBUG:netmiko:read_channel: 
DEBUG:netmiko:read_channel: 
DEBUG:netmiko:read_channel: 
DEBUG:netmiko:read_channel: 
DEBUG:netmiko:read_channel: 
DEBUG:netmiko:read_channel: 
DEBUG:netmiko:read_channel: 
DEBUG:netmiko:read_channel: 
DEBUG:netmiko:read_channel: 
DEBUG:netmiko:read_channel: 
DEBUG:netmiko:read_channel: 
DEBUG:netmiko:read_channel: 
DEBUG:netmiko:read_channel: 
DEBUG:netmiko:read_channel: 
DEBUG:netmiko:read_channel: 
DEBUG:netmiko:read_channel: 
DEBUG:netmiko:read_channel: %                                                                                                                                                                                                                                                                                                                                                                                                                                                                                                                              
 

svlngen4-fab1-apic1# tterminal length 0
%                                                                                                                                                                                                                                                                                                                                                                                                                                                                                                                              
 

svlngen4-fab1-apic1# 
DEBUG:netmiko:Pattern found: (terminal\ length\ 0) 
%                                                                                                                                                                                                                                                                                                                                                                                                                                                                                                                              
 

svlngen4-fab1-apic1# tterminal length 0
DEBUG:netmiko:
%                                                                                                                                                                                                                                                                                                                                                                                                                                                                                                                              
 

svlngen4-fab1-apic1# tterminal length 0
DEBUG:netmiko:Exiting disable_paging
DEBUG:netmiko:read_channel: 
DEBUG:netmiko:Clear buffer detects data in the channel
DEBUG:netmiko:read_channel: 
DEBUG:netmiko:write_channel: b'\n'
DEBUG:netmiko:read_channel: 
DEBUG:netmiko:read_channel: 
DEBUG:netmiko:read_channel: 
DEBUG:netmiko:read_channel: 
DEBUG:netmiko:read_channel: 
DEBUG:netmiko:read_channel: 
DEBUG:netmiko:read_channel: 
DEBUG:netmiko:read_channel: 
DEBUG:netmiko:read_channel: 
DEBUG:netmiko:read_channel: 
DEBUG:netmiko:read_channel: 
DEBUG:netmiko:read_channel: 
DEBUG:netmiko:read_channel: 
DEBUG:netmiko:read_channel: 
DEBUG:netmiko:read_channel: 
DEBUG:netmiko:read_channel: 
DEBUG:netmiko:read_channel: 
DEBUG:netmiko:read_channel: 
DEBUG:netmiko:read_channel: 
DEBUG:netmiko:read_channel: 
DEBUG:netmiko:read_channel: 
DEBUG:netmiko:read_channel: 
DEBUG:netmiko:read_channel: 
DEBUG:netmiko:read_channel: 
DEBUG:netmiko:read_channel: 
%                                                                                                                                                                                                                                                                                                                                                                                                                                                                                                                              
 

svlngen4-fab1-apic1# 
DEBUG:netmiko:Pattern found: (\#|>) 
%                                                                                                                                                                                                                                                                                                                                                                                                                                                                                                                              
 

svlngen4-fab1-apic1#
DEBUG:netmiko:read_channel: 
DEBUG:netmiko:Clear buffer detects data in the channel
DEBUG:netmiko:read_channel: 
DEBUG:netmiko:[find_prompt()]: prompt is svlngen4-fab1-apic1#
DEBUG:netmiko:read_channel: 
DEBUG:netmiko:write_channel: b'\n'
DEBUG:netmiko:read_channel: 
DEBUG:netmiko:write_channel: b'\n'
DEBUG:netmiko:read_channel: 
DEBUG:netmiko:write_channel: b'\n'
DEBUG:netmiko:read_channel: 
DEBUG:netmiko:write_channel: b'\n'
DEBUG:netmiko:read_channel: 
DEBUG:netmiko:write_channel: b'\n'
DEBUG:netmiko:read_channel: 
%                                                                                                                                                                                                                                                                                                                                                                                                                                                                                                                              
 

svlngen4-fab1-apic1# 
DEBUG:netmiko:read_channel: 
DEBUG:netmiko:[find_prompt()]: prompt is svlngen4-fab1-apic1#
DEBUG:netmiko:write_channel: b'cd /data/techsupport/\n'
DEBUG:netmiko:read_channel: 
DEBUG:netmiko:read_channel: 
DEBUG:netmiko:read_channel: 
DEBUG:netmiko:read_channel: 
DEBUG:netmiko:read_channel: 
DEBUG:netmiko:read_channel: 
%                                                                                                                                                                                                                                                                                                                                                                                                                                                                                                                              
 

svlngen4-fab1-apic1# 
%                                                                                                                                                                                                                                                                                                                                                                                                                                                                                                                              
 

DEBUG:netmiko:read_channel: 
DEBUG:netmiko:read_channel: 
svlngen4-fab1-apic1# 
%                                                                                                                                                                                                                                                                                                                                                                                                                                                                                                                              
 

svlngen4-fab1-apic1# 
%                                                                                                                                                                                                                                                                                                                                                                                                                                                                                                                              
 

svlngen4-fab1-apic1# 
DEBUG:netmiko:read_channel: 
DEBUG:netmiko:read_channel: 
DEBUG:netmiko:read_channel: 
DEBUG:netmiko:read_channel: 
DEBUG:netmiko:read_channel: 
DEBUG:netmiko:read_channel: 
DEBUG:netmiko:read_channel: 
DEBUG:netmiko:read_channel: 
DEBUG:netmiko:read_channel: 
DEBUG:netmiko:read_channel: 
DEBUG:netmiko:read_channel: 
DEBUG:netmiko:read_channel: 
DEBUG:netmiko:read_channel: 
DEBUG:netmiko:read_channel: 
DEBUG:netmiko:read_channel: 
DEBUG:netmiko:read_channel: 
DEBUG:netmiko:read_channel: 
DEBUG:netmiko:read_channel: ccd /data/techsupport/
%                                                                                                                                                                                                                                                                                                                                                                                                                                                                                                                              
 

svlngen4-fab1-apic1# 
DEBUG:netmiko:Pattern found: (cd\ /data/techsupport/) 
%                                                                                                                                                                                                                                                                                                                                                                                                                                                                                                                              
 

svlngen4-fab1-apic1# 
%                                                                                                                                                                                                                                                                                                                                                                                                                                                                                                                              
 

svlngen4-fab1-apic1# 
%                                                                                                                                                                                                                                                                                                                                                                                                                                                                                                                              
 

svlngen4-fab1-apic1# 
%                                                                                                                                                                                                                                                                                                                                                                                                                                                                                                                              
 

svlngen4-fab1-apic1# ccd /data/techsupport/
DEBUG:netmiko:read_channel: 
DEBUG:netmiko:read_channel: 
DEBUG:netmiko:write_channel: b'\n'
DEBUG:netmiko:read_channel: 
DEBUG:netmiko:write_channel: b'\n'
DEBUG:netmiko:read_channel: 
DEBUG:netmiko:write_channel: b'\n'
DEBUG:netmiko:read_channel: 
DEBUG:netmiko:write_channel: b'\n'
DEBUG:netmiko:read_channel: 
DEBUG:netmiko:write_channel: b'\n'
DEBUG:netmiko:read_channel: 
%                                                                                                                                                                                                                                                                                                                                                                                                                                                                                                                              
 

svlngen4-fab1-apic1# 
DEBUG:netmiko:read_channel: 
DEBUG:netmiko:[find_prompt()]: prompt is svlngen4-fab1-apic1#
DEBUG:netmiko:write_channel: b'ls -l\n'
DEBUG:netmiko:read_channel: 
DEBUG:netmiko:read_channel: 
DEBUG:netmiko:read_channel: 
DEBUG:netmiko:read_channel: 
%                                                                                                                                                                                                                                                                                                                                                                                                                                                                                                                              
 

DEBUG:netmiko:read_channel: 
svlngen4-fab1-apic1# 
%                                                                                                                                                                                                                                                                                                                                                                                                                                                                                                                              
 

svlngen4-fab1-apic1# 
%                                                                                                                                                                                                                                                                                                                                                                                                                                                                                                                              
 

svlngen4-fab1-apic1# 
DEBUG:netmiko:read_channel: 
%                                                                                                                                                                                                                                                                                                                                                                                                                                                                                                                              
 

svlngen4-fab1-apic1# 
DEBUG:netmiko:read_channel: 
DEBUG:netmiko:read_channel: 
DEBUG:netmiko:read_channel: 
DEBUG:netmiko:read_channel: 
DEBUG:netmiko:read_channel: 
DEBUG:netmiko:read_channel: 
DEBUG:netmiko:read_channel: 
DEBUG:netmiko:read_channel: 
DEBUG:netmiko:read_channel: 
DEBUG:netmiko:read_channel: 
DEBUG:netmiko:read_channel: 
DEBUG:netmiko:read_channel: 
DEBUG:netmiko:read_channel: 
DEBUG:netmiko:read_channel: 
DEBUG:netmiko:read_channel: 
DEBUG:netmiko:read_channel: 
DEBUG:netmiko:read_channel: 
DEBUG:netmiko:read_channel: lls -l
total 13714484
-r--r----- 1 ifc   admin  192401193 Aug 15  2020 dbgexp_coreexp-default_svlngen4-fab1-sw1042_sysid-1042_2020-08-15T06-27UTC_1597501666_0x101_nginx_log.17913.tar.gz
-r--r----- 1 ifc   admin  128467373 Aug 15  2020 dbgexp_coreexp-default_svlngen4-fab1-sw1042_sysid-1042_2020-08-15T06-27UTC_1597501667_0x101_sysmgr_log.15733.tar.gz
-r--r----- 1 ifc   admin  639918159 Jul 20  2021 dbgexp_coreexp-default_svlngen4-fab1-sw1042_sysid-1042_2021-07-20T00-47UTC_1626770861_0x102_kernel_log.0.tar.gz
-r--r----- 1 ifc   admin  536053104 Oct 10  2021 dbgexp_coreexp-default_svlngen4-fab1-sw1042_sysid-1042_2021-10-10T10-55UTC_1633892135_0x102_kernel_log.0.tar.gz
-r--r----- 1 ifc   admin  500858643 Dec 27 04:05 dbgexp_coreexp-default_svlngen4-fab1-sw1042_sysid-1042_2021-12-27T04-02UTC_1640606577_0x102_kernel_log.0.tar.gz
-r--r----- 1 ifc   admin    5346153 Sep  7  2020 dbgexp_coreexp-default_svlngen4-fab1-sw3811_sysid-3811_2020-09-07T01-09UTC_1599469749_0x102_svc_ifc_eventmgr_log.4007.tar.gz
-r--r----- 1 ifc   admin  554747190 Jul 20  2021 dbgexp_coreexp-default_svlngen4-fab1-sw3811_sysid-3811_2021-07-20T00-04UTC_1626768256_0x102_kernel_log.0.tar.gz
-r--r----- 1 ifc   admin  613587723 Oct 10  2021 dbgexp_coreexp-default_svlngen4-fab1-sw3811_sysid-3811_2021-10-10T13-05UTC_1633899929_0x102_kernel_log.0.tar.gz
-r--r----- 1 ifc   admin  594412940 Nov 18 07:54 dbgexp_coreexp-default_svlngen4-fab1-sw3811_sysid-3811_2021-11-18T07-51UTC_1637250703_0x102_kernel_log.0.tar.gz
-r--r----- 1 ifc   admin  551577644 Dec 27 02:42 dbgexp_coreexp-default_svlngen4-fab1-sw3811_sysid-3811_2021-12-27T02-39UTC_1640601595_0x102_kernel_log.0.tar.gz
-r--r----- 1 ifc   admin  625031269 Nov 18 07:27 dbgexp_coreexp-default_svlngen4-fab1-sw3822_sysid-3822_2021-11-18T07-24UTC_1637249096_0x102_kernel_log.0.tar.gz
-r--r----- 1 ifc   admin  233893476 Jan 17 08:51 dbgexp_coreexp-default_svlngen4-fab1-sw3914_sysid-3914_2021-04-26T12-39UTC_1619469558_0x1c01_policy_mgr_log.54988.tar.gz
drwxrwxr-x 2 ifc   admin       4096 Apr 20 04:07 debug
-rw-r--r-- 1 admin admin        140 Mar 11 05:46 faultRecord.xml
drwxrwxrwx 2 root  root        4096 Apr  5 04:23 heapstats
-r--r--r-- 1 admin admin 3773092003 May 19  2020 local_svlngen4-fab1-apic1_2020-05-19T11-41.tgz
-r--r--r-- 1 admin admin 2595219889 Apr 28  2021 local_svlngen4-fab1-sw1011_2021-04-28T10-44.tgz
-r--r--r-- 1 admin admin 2498898958 Apr 28  2021 local_svlngen4-fab1-sw1012_2021-04-28T10-44.tgz
drwx------ 2 root  root       16384 Nov 22  2019 lost+found
drwxrwxrwx 2 root  root        4096 Dec 12  2019 troubleshoot
drwx------ 2 admin admin       4096 May 19  2020 upgradeTriages

DEBUG:netmiko:Pattern found: (ls\ \-l) 
%                                                                                                                                                                                                                                                                                                                                                                                                                                                                                                                              
 

svlngen4-fab1-apic1# 
%                                                                                                                                                                                                                                                                                                                                                                                                                                                                                                                              
 

svlngen4-fab1-apic1# 
%                                                                                                                                                                                                                                                                                                                                                                                                                                                                                                                              
 

svlngen4-fab1-apic1# 
%                                                                                                                                                                                                                                                                                                                                                                                                                                                                                                                              
 

svlngen4-fab1-apic1# lls -l
DEBUG:netmiko:read_channel: %                                                                                                                                                                                                                                                                                                                                                                                                                                                                                                                              
 

svlngen4-fab1-apic1# 
DEBUG:netmiko:read_channel: 
DEBUG:netmiko:write_channel: b'\n'
DEBUG:netmiko:read_channel: 
DEBUG:netmiko:write_channel: b'\n'
DEBUG:netmiko:read_channel: 
DEBUG:netmiko:write_channel: b'\n'
DEBUG:netmiko:read_channel: 
DEBUG:netmiko:write_channel: b'\n'
DEBUG:netmiko:read_channel: 
DEBUG:netmiko:write_channel: b'\n'
DEBUG:netmiko:read_channel: 
%                                                                                                                                                                                                                                                                                                                                                                                                                                                                                                                              
 

svlngen4-fab1-apic1# 
DEBUG:netmiko:read_channel: 
DEBUG:netmiko:[find_prompt()]: prompt is svlngen4-fab1-apic1#
DEBUG:netmiko:write_channel: b'df -h | grep tech\n'
DEBUG:netmiko:read_channel: 
DEBUG:netmiko:read_channel: 
DEBUG:netmiko:read_channel: 
DEBUG:netmiko:read_channel: 
DEBUG:netmiko:read_channel: 
DEBUG:netmiko:read_channel: 
DEBUG:netmiko:read_channel: 
DEBUG:netmiko:read_channel: 
DEBUG:netmiko:read_channel: 
DEBUG:netmiko:read_channel: 
DEBUG:netmiko:read_channel: 
DEBUG:netmiko:read_channel: 
DEBUG:netmiko:read_channel: 
DEBUG:netmiko:read_channel: 
%                                                                                                                                                                                                                                                                                                                                                                                                                                                                                                                              
 

svlngen4-fab1-apic1# 
%                                                                                                                                                                                                                                                                                                                                                                                                                                                                                                                              
 

svlngen4-fab1-apic1# 
%                                                                                                                                                                                                                                                                                                                                                                                                                                                                                                                              
 

svlngen4-fab1-apic1# 
%                                                                                                                                                                                                                                                                                                                                                                                                                                                                                                                              
 

svlngen4-fab1-apic1# 
DEBUG:netmiko:read_channel: 
DEBUG:netmiko:read_channel: 
DEBUG:netmiko:read_channel: 
DEBUG:netmiko:read_channel: 
DEBUG:netmiko:read_channel: 
DEBUG:netmiko:read_channel: 
DEBUG:netmiko:read_channel: 
DEBUG:netmiko:read_channel: 
DEBUG:netmiko:read_channel: 
DEBUG:netmiko:read_channel: 
DEBUG:netmiko:read_channel: 
DEBUG:netmiko:read_channel: 
DEBUG:netmiko:read_channel: 
DEBUG:netmiko:read_channel: 
DEBUG:netmiko:read_channel: 
DEBUG:netmiko:read_channel: 
DEBUG:netmiko:read_channel: 
DEBUG:netmiko:read_channel: 
DEBUG:netmiko:read_channel: 
DEBUG:netmiko:read_channel: 
DEBUG:netmiko:read_channel: 
DEBUG:netmiko:read_channel: ddf -h | grep tech
/dev/mapper/vg_ifc0-techsupport   40G   14G   25G  36% /data/techsupport
%                                                                                                                                                                                                                                                                                                                                                                                                                                                                                                                              
 

svlngen4-fab1-apic1# 
DEBUG:netmiko:Pattern found: (df\ \-h\ \|\ grep\ tech) 
%                                                                                                                                                                                                                                                                                                                                                                                                                                                                                                                              
 

svlngen4-fab1-apic1# 
%                                                                                                                                                                                                                                                                                                                                                                                                                                                                                                                              
 

svlngen4-fab1-apic1# 
%                                                                                                                                                                                                                                                                                                                                                                                                                                                                                                                              
 

svlngen4-fab1-apic1# 
%                                                                                                                                                                                                                                                                                                                                                                                                                                                                                                                              
 

svlngen4-fab1-apic1# ddf -h | grep tech
DEBUG:netmiko:read_channel: 
DEBUG:netmiko:read_channel: 
DEBUG:netmiko:write_channel: b'\n'
DEBUG:netmiko:read_channel: 
DEBUG:netmiko:write_channel: b'\n'
DEBUG:netmiko:read_channel: 
DEBUG:netmiko:write_channel: b'\n'
DEBUG:netmiko:read_channel: 
DEBUG:netmiko:write_channel: b'\n'
DEBUG:netmiko:read_channel: 
DEBUG:netmiko:write_channel: b'\n'
DEBUG:netmiko:read_channel: 
%                                                                                                                                                                                                                                                                                                                                                                                                                                                                                                                              
 

svlngen4-fab1-apic1# 
DEBUG:netmiko:read_channel: 
DEBUG:netmiko:[find_prompt()]: prompt is svlngen4-fab1-apic1#
DEBUG:netmiko:write_channel: b'find /data/techsupport -mtime +30 -ls | grep  .gz\n'
DEBUG:netmiko:read_channel: 
DEBUG:netmiko:read_channel: 
DEBUG:netmiko:read_channel: 
DEBUG:netmiko:read_channel: 
%                                                                                                                                                                                                                                                                                                                                                                                                                                                                                                                              
 

DEBUG:netmiko:read_channel: 
svlngen4-fab1-apic1# 
%                                                                                                                                                                                                                                                                                                                                                                                                                                                                                                                              
 

svlngen4-fab1-apic1# 
DEBUG:netmiko:read_channel: 
%                                                                                                                                                                                                                                                                                                                                                                                                                                                                                                                              
 

svlngen4-fab1-apic1# 
%                                                                                                                                                                                                                                                                                                                                                                                                                                                                                                                              
 

svlngen4-fab1-apic1# 
DEBUG:netmiko:read_channel: 
DEBUG:netmiko:read_channel: 
DEBUG:netmiko:read_channel: 
DEBUG:netmiko:read_channel: 
DEBUG:netmiko:read_channel: 
DEBUG:netmiko:read_channel: 
DEBUG:netmiko:read_channel: 
DEBUG:netmiko:read_channel: 
DEBUG:netmiko:read_channel: 
DEBUG:netmiko:read_channel: 
DEBUG:netmiko:read_channel: 
DEBUG:netmiko:read_channel: 
DEBUG:netmiko:read_channel: 
DEBUG:netmiko:read_channel: 
DEBUG:netmiko:read_channel: 
DEBUG:netmiko:read_channel: 
DEBUG:netmiko:read_channel: ffind /data/techsupport -mtime +3
DEBUG:netmiko:read_channel: 0 -ls | grep  .gz
    38 228416 -r--r-----   1 ifc      admin    233893476 Jan 17 08:51 /data/techsupport/dbgexp_coreexp-default_svlngen4-fab1-sw3914_sysid-3914_2021-04-26T12-39UTC_1619469558_0x1c01_policy_mgr_log.54988.tar.gz
    35 2534400 -r--r--r--   1 admin    admin    2595219889 Apr 28  2021 /data/techsupport/local_svlngen4-fab1-sw1011_2021-04-28T10-44.tgz
    43 599212 -r--r-----   1 ifc      admin    613587723 Oct 10  2021 /data/techsupport/dbgexp_coreexp-default_svlngen4-fab1-sw3811_sysid-3811_2021-10-10T13-05UTC_1633899929_0x102_kernel_log.0.tar.gz
    47 624928 -r--r-----   1 ifc      admin    639918159 Jul 20  2021 /data/techsupport/dbgexp_coreexp-default_svlngen4-fab1-sw1042_sysid-1042_2021-07-20T00-47UTC_1626770861_0x102_kernel_log.0.tar.gz
    50 187896 -r--r-----   1 ifc      admin    192401193 Aug 15  2020 /data/techsupport/dbgexp_coreexp-default_svlngen4-fab1-sw1042_sysid-1042_2020-08-15T06-27UTC_1597501666_0x101_nginx_log.17913.tar.gz
    44 541752 -r--r-----   1 ifc      admin    554747190 Jul 20  2021 /data/techsupport/dbgexp_coreexp-default_svlngen4-fab1-sw3811_sysid-3811_2021-07-20T00-04UTC_1626768256_0x102_kernel_log.0.tar.gz

DEBUG:netmiko:Pattern found: (find\ /data/techsupport\ \-mtime\ \+30\ \-ls\ \|\ grep\ \ \.gz) 
%                                                                                                                                                                                                                                                                                                                                                                                                                                                                                                                              
 

svlngen4-fab1-apic1# 
%                                                                                                                                                                                                                                                                                                                                                                                                                                                                                                                              
 

svlngen4-fab1-apic1# 
%                                                                                                                                                                                                                                                                                                                                                                                                                                                                                                                              
 

svlngen4-fab1-apic1# 
%                                                                                                                                                                                                                                                                                                                                                                                                                                                                                                                              
 

svlngen4-fab1-apic1# ffind /data/techsupport -mtime +30 -ls | grep  .gz
DEBUG:netmiko:read_channel:     40 610388 -r--r-----   1 ifc      admin    625031269 Nov 18 07:27 /data/techsupport/dbgexp_coreexp-default_svlngen4-fab1-sw3822_sysid-3822_2021-11-18T07-24UTC_1637249096_0x102_kernel_log.0.tar.gz
    49 523496 -r--r-----   1 ifc      admin    536053104 Oct 10  2021 /data/techsupport/dbgexp_coreexp-default_svlngen4-fab1-sw1042_sysid-1042_2021-10-10T10-55UTC_1633892135_0x102_kernel_log.0.tar.gz
find:     53 125464 -r--r-----   1 ifc      admin    128467373 Aug 15  2020 /data/techsupport/dbgexp_coreexp-default_svlngen4-fab1-sw1042_sysid-1042_2020-08-15T06-27UTC_1597501667_0x101_sysmgr_log.15733.tar.gz
'/data/techsupport/lost+found'    51 489124 -r--r-----   1 ifc      admin    500858643 Dec 27 04:05 /data/techsupport/dbgexp_coreexp-default_svlngen4-fab1-sw1042_sysid-1042_2021-12-27T04-02UTC_1640606577_0x102_kernel_log.0.tar.gz
: Permission denied
    41 538656 -r--r-----   1 ifc      admin    551577644 Dec 27 02:42 /data/techsupport/dbgexp_coreexp-default_svlngen4-fab1-sw3811_sysid-3811_2021-12-27T02-39UTC_1640601595_0x102_kernel_log.0.tar.gz
   445 3684668 -r--r--r--   1 admin    admin    3773092003 May 19  2020 /data/techsupport/local_svlngen4-fab1-apic1_2020-05-19T11-41.tgz
    37 2440336 -r--r--r--   1 admin    admin    2498898958 Apr 28  2021 /data/techsupport/local_svlngen4-fab1-sw1012_2021-04-28T10-44.tgz
    42 580488 -r--r-----   1 ifc      admin    594412940 Nov 18 07:54 /data/techsupport/dbgexp_coreexp-default_svlngen4-fab1-sw3811_sysid-3811_2021-11-18T07-51UTC_1637250703_0x102_kernel_log.0.tar.gz
    39 5224 -r--r-----   1 ifc      admin     5346153 Sep  7  2020 /data/techsupport/dbgexp_coreexp-default_svlngen4-fab1-sw3811_sysid-3811_2020-09-07T01-09UTC_1599469749_0x102_svc_ifc_eventmgr_log.4007.tar.gz
%                                                                                                                                                                                                                                                                                                                                                                                                                                                                                                                              
 

svlngen4-fab1-apic1# 
DEBUG:paramiko.transport:starting thread (client mode): 0x8dc6160
DEBUG:paramiko.transport:Local version/idstring: SSH-2.0-paramiko_2.10.3
DEBUG:paramiko.transport:Remote version/idstring: SSH-2.0-OpenSSH_8.2
INFO:paramiko.transport:Connected (version 2.0, client OpenSSH_8.2)
DEBUG:paramiko.transport:=== Key exchange possibilities ===
DEBUG:paramiko.transport:kex algos: curve25519-sha256, curve25519-sha256@libssh.org, diffie-hellman-group1-sha1, diffie-hellman-group14-sha1, diffie-hellman-group14-sha256, diffie-hellman-group16-sha512, ecdh-sha2-nistp256, ecdh-sha2-nistp384, ecdh-sha2-nistp521
DEBUG:paramiko.transport:server key: ssh-rsa
DEBUG:paramiko.transport:client encrypt: aes128-ctr, aes192-ctr, aes256-ctr
DEBUG:paramiko.transport:server encrypt: aes128-ctr, aes192-ctr, aes256-ctr
DEBUG:paramiko.transport:client mac: hmac-sha1, hmac-sha2-256, hmac-sha2-512
DEBUG:paramiko.transport:server mac: hmac-sha1, hmac-sha2-256, hmac-sha2-512
DEBUG:paramiko.transport:client compress: none, zlib@openssh.com
DEBUG:paramiko.transport:server compress: none, zlib@openssh.com
DEBUG:paramiko.transport:client lang: <none>
DEBUG:paramiko.transport:server lang: <none>
DEBUG:paramiko.transport:kex follows: False
DEBUG:paramiko.transport:=== Key exchange agreements ===
DEBUG:paramiko.transport:Kex: curve25519-sha256@libssh.org
DEBUG:paramiko.transport:HostKey: ssh-rsa
DEBUG:paramiko.transport:Cipher: aes128-ctr
DEBUG:paramiko.transport:MAC: hmac-sha2-256
DEBUG:paramiko.transport:Compression: none
DEBUG:paramiko.transport:=== End of kex handshake ===
DEBUG:paramiko.transport:kex engine KexCurve25519 specified hash_algo <built-in function openssl_sha256>
DEBUG:paramiko.transport:Switch to new keys ...
DEBUG:paramiko.transport:Got EXT_INFO: {'server-sig-algs': b'ssh-ed25519,sk-ssh-ed25519@openssh.com,ssh-rsa,rsa-sha2-256,rsa-sha2-512,ssh-dss,ecdsa-sha2-nistp256,ecdsa-sha2-nistp384,ecdsa-sha2-nistp521,sk-ecdsa-sha2-nistp256@openssh.com'}
DEBUG:paramiko.transport:Adding ssh-rsa host key for svlngen4-fab1-apic1: b'cb2da8ed61e467840f2aac1ca52bcede'
DEBUG:paramiko.transport:userauth is OK
INFO:paramiko.transport:Auth banner: b'Application Policy Infrastructure Controller\n'
INFO:paramiko.transport:Authentication (password) successful!
DEBUG:paramiko.transport:[chan 0] Max packet in: 32768 bytes
DEBUG:paramiko.transport:Received global request "hostkeys-00@openssh.com"
DEBUG:paramiko.transport:Rejecting "hostkeys-00@openssh.com" global request from server.
DEBUG:paramiko.transport:[chan 0] Max packet out: 32768 bytes
DEBUG:paramiko.transport:Secsh channel 0 opened.
DEBUG:paramiko.transport:[chan 0] Sesch channel 0 request ok
DEBUG:paramiko.transport:[chan 0] Sesch channel 0 request ok
DEBUG:netmiko:read_channel: 
DEBUG:netmiko:read_channel: 
DEBUG:netmiko:read_channel: 
DEBUG:netmiko:read_channel: 
DEBUG:netmiko:read_channel: 
DEBUG:netmiko:read_channel: 
DEBUG:netmiko:read_channel: 
DEBUG:netmiko:read_channel: 
DEBUG:netmiko:read_channel: 
DEBUG:netmiko:read_channel: 
DEBUG:netmiko:read_channel: 
DEBUG:netmiko:read_channel: 
DEBUG:netmiko:read_channel: 
DEBUG:netmiko:read_channel: 
DEBUG:netmiko:read_channel: 
DEBUG:netmiko:read_channel: 
DEBUG:netmiko:read_channel: 
DEBUG:netmiko:read_channel: 
DEBUG:netmiko:read_channel: 
DEBUG:netmiko:read_channel: 
DEBUG:netmiko:read_channel: 
DEBUG:netmiko:read_channel: 
DEBUG:netmiko:read_channel: 
DEBUG:netmiko:read_channel: 
DEBUG:netmiko:read_channel: 
DEBUG:netmiko:read_channel: 
DEBUG:netmiko:read_channel: 
DEBUG:netmiko:read_channel: 
DEBUG:netmiko:read_channel: 
DEBUG:netmiko:read_channel: 
DEBUG:netmiko:read_channel: 
DEBUG:netmiko:read_channel: 
DEBUG:netmiko:read_channel: 
DEBUG:netmiko:read_channel: 
DEBUG:netmiko:read_channel: 
DEBUG:netmiko:read_channel: 
DEBUG:netmiko:read_channel: 
DEBUG:netmiko:read_channel: 
DEBUG:netmiko:read_channel: 
DEBUG:netmiko:read_channel: 
DEBUG:netmiko:read_channel: 
DEBUG:netmiko:read_channel: 
DEBUG:netmiko:read_channel: 
DEBUG:netmiko:read_channel: 
DEBUG:netmiko:read_channel: 
DEBUG:netmiko:read_channel: 
DEBUG:netmiko:read_channel: 
DEBUG:netmiko:read_channel: 
DEBUG:netmiko:read_channel: 
DEBUG:netmiko:read_channel: Last login: 2022-04-23T22:34:44.000-07:00 UTC
%                                                                                                                                                                                                                                                                                                                                                                                                                                                                                                                              
 

svlngen4-fab1-apic1# 
DEBUG:netmiko:Pattern found: ([>#]) Last login: 2022-04-23T22:34:44.000-07:00 UTC
%                                                                                                                                                                                                                                                                                                                                                                                                                                                                                                                              
 

svlngen4-fab1-apic1#
DEBUG:netmiko:write_channel: b'terminal width 511\n'
DEBUG:netmiko:read_channel: 
DEBUG:netmiko:read_channel: 
DEBUG:netmiko:read_channel: 
DEBUG:netmiko:read_channel: 
DEBUG:netmiko:read_channel: 
DEBUG:netmiko:read_channel: 
DEBUG:netmiko:read_channel: 
DEBUG:netmiko:read_channel: 
DEBUG:netmiko:read_channel: 
DEBUG:netmiko:read_channel: 
DEBUG:netmiko:read_channel: 
DEBUG:netmiko:read_channel: 
DEBUG:netmiko:read_channel: 
DEBUG:netmiko:read_channel: 
DEBUG:netmiko:read_channel: 
DEBUG:netmiko:read_channel: 
DEBUG:netmiko:read_channel: 
DEBUG:netmiko:read_channel: 
DEBUG:netmiko:read_channel: 
DEBUG:netmiko:read_channel: tterminal width 511

DEBUG:netmiko:Pattern found: (terminal width 511)  tterminal width 511
DEBUG:netmiko:In disable_paging
DEBUG:netmiko:Command: terminal length 0

DEBUG:netmiko:write_channel: b'terminal length 0\n'
DEBUG:netmiko:read_channel: 
DEBUG:netmiko:read_channel: 
DEBUG:netmiko:read_channel: 
DEBUG:netmiko:read_channel: 
DEBUG:netmiko:read_channel: 
DEBUG:netmiko:read_channel: 
DEBUG:netmiko:read_channel: 
DEBUG:netmiko:read_channel: 
DEBUG:netmiko:read_channel: 
DEBUG:netmiko:read_channel: 
DEBUG:netmiko:read_channel: 
DEBUG:netmiko:read_channel: 
DEBUG:netmiko:read_channel: 
DEBUG:netmiko:read_channel: 
DEBUG:netmiko:read_channel: 
DEBUG:netmiko:read_channel: 
DEBUG:netmiko:read_channel: 
DEBUG:netmiko:read_channel: %                                                                                                                                                                                                                                                                                                                                                                                                                                                                                                                              
 

svlngen4-fab1-apic1# 
DEBUG:netmiko:read_channel: 
DEBUG:netmiko:read_channel: 
DEBUG:netmiko:read_channel: tterminal length 0
%                                                                                                                                                                                                                                                                                                                                                                                                                                                                                                                              
 

svlngen4-fab1-apic1# 
DEBUG:netmiko:Pattern found: (terminal\ length\ 0) 
%                                                                                                                                                                                                                                                                                                                                                                                                                                                                                                                              
 

svlngen4-fab1-apic1# tterminal length 0
DEBUG:netmiko:
%                                                                                                                                                                                                                                                                                                                                                                                                                                                                                                                              
 

svlngen4-fab1-apic1# tterminal length 0
DEBUG:netmiko:Exiting disable_paging
DEBUG:netmiko:read_channel: 
DEBUG:netmiko:Clear buffer detects data in the channel
DEBUG:netmiko:read_channel: 
DEBUG:netmiko:write_channel: b'\n'
DEBUG:netmiko:read_channel: 
DEBUG:netmiko:read_channel: 
DEBUG:netmiko:read_channel: 
DEBUG:netmiko:read_channel: 
DEBUG:netmiko:read_channel: 
DEBUG:netmiko:read_channel: 
DEBUG:netmiko:read_channel: 
DEBUG:netmiko:read_channel: 
DEBUG:netmiko:read_channel: 
DEBUG:netmiko:read_channel: 
DEBUG:netmiko:read_channel: 
DEBUG:netmiko:read_channel: 
DEBUG:netmiko:read_channel: 
DEBUG:netmiko:read_channel: 
DEBUG:netmiko:read_channel: 
DEBUG:netmiko:read_channel: 
DEBUG:netmiko:read_channel: 
DEBUG:netmiko:read_channel: 
DEBUG:netmiko:read_channel: 
DEBUG:netmiko:read_channel: 
DEBUG:netmiko:read_channel: 
DEBUG:netmiko:read_channel: 
DEBUG:netmiko:read_channel: 
DEBUG:netmiko:read_channel: 
DEBUG:netmiko:read_channel: 
%                                                                                                                                                                                                                                                                                                                                                                                                                                                                                                                              
 

svlngen4-fab1-apic1# 
DEBUG:netmiko:Pattern found: (\#|>) 
%                                                                                                                                                                                                                                                                                                                                                                                                                                                                                                                              
 

svlngen4-fab1-apic1#
DEBUG:netmiko:read_channel: 
DEBUG:netmiko:Clear buffer detects data in the channel
DEBUG:netmiko:read_channel: 
DEBUG:netmiko:[find_prompt()]: prompt is svlngen4-fab1-apic1#
DEBUG:netmiko:read_channel: 
DEBUG:netmiko:write_channel: b'\n'
DEBUG:netmiko:read_channel: 
DEBUG:netmiko:write_channel: b'\n'
DEBUG:netmiko:read_channel: 
DEBUG:netmiko:write_channel: b'\n'
DEBUG:netmiko:read_channel: 
DEBUG:netmiko:write_channel: b'\n'
DEBUG:netmiko:read_channel: 
%                                                                                                                                                                                                                                                                                                                                                                                                                                                                                                                              
 

svlngen4-fab1-apic1# 
DEBUG:netmiko:read_channel: 
DEBUG:netmiko:[find_prompt()]: prompt is svlngen4-fab1-apic1#
DEBUG:netmiko:write_channel: b'cd /data/techsupport/\n'
DEBUG:netmiko:read_channel: 
DEBUG:netmiko:read_channel: 
DEBUG:netmiko:read_channel: 
DEBUG:netmiko:read_channel: 
DEBUG:netmiko:read_channel: 
DEBUG:netmiko:read_channel: 
DEBUG:netmiko:read_channel: 
DEBUG:netmiko:read_channel: 
DEBUG:netmiko:read_channel: 
DEBUG:netmiko:read_channel: 
DEBUG:netmiko:read_channel: 
DEBUG:netmiko:read_channel: 
DEBUG:netmiko:read_channel: 
DEBUG:netmiko:read_channel: 
DEBUG:netmiko:read_channel: 
DEBUG:netmiko:read_channel: 
DEBUG:netmiko:read_channel: 
DEBUG:netmiko:read_channel: 
%                                                                                                                                                                                                                                                                                                                                                                                                                                                                                                                              
 

DEBUG:netmiko:read_channel: 
svlngen4-fab1-apic1# 
%                                                                                                                                                                                                                                                                                                                                                                                                                                                                                                                              
 

svlngen4-fab1-apic1# 
%                                                                                                                                                                                                                                                                                                                                                                                                                                                                                                                              
 

svlngen4-fab1-apic1# 
DEBUG:netmiko:read_channel: 
DEBUG:netmiko:read_channel: 
DEBUG:netmiko:read_channel: 
DEBUG:netmiko:read_channel: 
DEBUG:netmiko:read_channel: 
DEBUG:netmiko:read_channel: 
DEBUG:netmiko:read_channel: 
DEBUG:netmiko:read_channel: 
DEBUG:netmiko:read_channel: 
DEBUG:netmiko:read_channel: 
DEBUG:netmiko:read_channel: 
DEBUG:netmiko:read_channel: 
DEBUG:netmiko:read_channel: 
DEBUG:netmiko:read_channel: 
DEBUG:netmiko:read_channel: 
DEBUG:netmiko:read_channel: 
DEBUG:netmiko:read_channel: 
DEBUG:netmiko:read_channel: 
DEBUG:netmiko:read_channel: 
DEBUG:netmiko:read_channel: 
DEBUG:netmiko:read_channel: 
DEBUG:netmiko:read_channel: 
DEBUG:netmiko:read_channel: 
DEBUG:netmiko:read_channel: 
DEBUG:netmiko:read_channel: ccd /data/techsupport/
%                                                                                                                                                                                                                                                                                                                                                                                                                                                                                                                              
 

svlngen4-fab1-apic1# 
DEBUG:netmiko:Pattern found: (cd\ /data/techsupport/) 
%                                                                                                                                                                                                                                                                                                                                                                                                                                                                                                                              
 

svlngen4-fab1-apic1# 
%                                                                                                                                                                                                                                                                                                                                                                                                                                                                                                                              
 

svlngen4-fab1-apic1# 
%                                                                                                                                                                                                                                                                                                                                                                                                                                                                                                                              
 

svlngen4-fab1-apic1# ccd /data/techsupport/
DEBUG:netmiko:read_channel: 
DEBUG:netmiko:read_channel: 
DEBUG:netmiko:write_channel: b'\n'
DEBUG:netmiko:read_channel: 
DEBUG:netmiko:write_channel: b'\n'
DEBUG:netmiko:read_channel: 
DEBUG:netmiko:write_channel: b'\n'
DEBUG:netmiko:read_channel: 
DEBUG:netmiko:write_channel: b'\n'
DEBUG:netmiko:read_channel: 
DEBUG:netmiko:write_channel: b'\n'
DEBUG:netmiko:read_channel: 
%                                                                                                                                                                                                                                                                                                                                                                                                                                                                                                                              
 

svlngen4-fab1-apic1# 
DEBUG:netmiko:read_channel: 
DEBUG:netmiko:[find_prompt()]: prompt is svlngen4-fab1-apic1#
DEBUG:netmiko:write_channel: b'ls -l\n'
DEBUG:netmiko:read_channel: 
DEBUG:netmiko:read_channel: 
DEBUG:netmiko:read_channel: 
DEBUG:netmiko:read_channel: 
DEBUG:netmiko:read_channel: 
DEBUG:netmiko:read_channel: 
DEBUG:netmiko:read_channel: 
DEBUG:netmiko:read_channel: 
DEBUG:netmiko:read_channel: 
DEBUG:netmiko:read_channel: 
DEBUG:netmiko:read_channel: 
DEBUG:netmiko:read_channel: 
%                                                                                                                                                                                                                                                                                                                                                                                                                                                                                                                              
 

svlngen4-fab1-apic1# 
%                                                                                                                                                                                                                                                                                                                                                                                                                                                                                                                              
 

svlngen4-fab1-apic1# 
%                                                                                                                                                                                                                                                                                                                                                                                                                                                                                                                              
 

svlngen4-fab1-apic1# 
%                                                                                                                                                                                                                                                                                                                                                                                                                                                                                                                              
 

DEBUG:netmiko:read_channel: 
svlngen4-fab1-apic1# 
DEBUG:netmiko:read_channel: 
DEBUG:netmiko:read_channel: 
DEBUG:netmiko:read_channel: 
DEBUG:netmiko:read_channel: 
DEBUG:netmiko:read_channel: 
DEBUG:netmiko:read_channel: 
DEBUG:netmiko:read_channel: 
DEBUG:netmiko:read_channel: 
DEBUG:netmiko:read_channel: 
DEBUG:netmiko:read_channel: 
DEBUG:netmiko:read_channel: 
DEBUG:netmiko:read_channel: 
DEBUG:netmiko:read_channel: 
DEBUG:netmiko:read_channel: 
DEBUG:netmiko:read_channel: 
DEBUG:netmiko:read_channel: 
DEBUG:netmiko:read_channel: 
DEBUG:netmiko:read_channel: 
DEBUG:netmiko:read_channel: lls -l

DEBUG:netmiko:Pattern found: (ls\ \-l) 
%                                                                                                                                                                                                                                                                                                                                                                                                                                                                                                                              
 

svlngen4-fab1-apic1# 
%                                                                                                                                                                                                                                                                                                                                                                                                                                                                                                                              
 

svlngen4-fab1-apic1# 
%                                                                                                                                                                                                                                                                                                                                                                                                                                                                                                                              
 

svlngen4-fab1-apic1# 
%                                                                                                                                                                                                                                                                                                                                                                                                                                                                                                                              
 

svlngen4-fab1-apic1# lls -l
DEBUG:netmiko:read_channel: total 36
drwxrwxr-x 2 ifc   admin  4096 Apr 20 04:07 debug
drwxrwxrwx 2 root  root   4096 Apr  5 04:23 heapstats
drwx------ 2 root  root  16384 Nov 22  2019 lost+found
drwxr-xr-x 2 admin admin  4096 Apr 23 23:13 test.txt
drwxrwxrwx 2 root  root   4096 Dec 12  2019 troubleshoot
drwx------ 2 admin admin  4096 Apr 23 23:22 upgradeTriages
%                                                                                                                                                                                                                                                                                                                                                                                                                                                                                                                              
 

svlngen4-fab1-apic1# 
DEBUG:netmiko:read_channel: 
DEBUG:netmiko:write_channel: b'\n'
DEBUG:netmiko:read_channel: 
DEBUG:netmiko:write_channel: b'\n'
DEBUG:netmiko:read_channel: 
DEBUG:netmiko:write_channel: b'\n'
DEBUG:netmiko:read_channel: 
DEBUG:netmiko:write_channel: b'\n'
DEBUG:netmiko:read_channel: 
DEBUG:netmiko:write_channel: b'\n'
DEBUG:netmiko:read_channel: 
%                                                                                                                                                                                                                                                                                                                                                                                                                                                                                                                              
 

svlngen4-fab1-apic1# 
DEBUG:netmiko:read_channel: 
DEBUG:netmiko:[find_prompt()]: prompt is svlngen4-fab1-apic1#
DEBUG:netmiko:write_channel: b'df -h | grep .gz\n'
DEBUG:netmiko:read_channel: 
DEBUG:netmiko:read_channel: 
DEBUG:netmiko:read_channel: 
DEBUG:netmiko:read_channel: 
DEBUG:netmiko:read_channel: 
DEBUG:netmiko:read_channel: 
DEBUG:netmiko:read_channel: 
DEBUG:netmiko:read_channel: 
DEBUG:netmiko:read_channel: 
DEBUG:netmiko:read_channel: 
DEBUG:netmiko:read_channel: 
DEBUG:netmiko:read_channel: 
%                                                                                                                                                                                                                                                                                                                                                                                                                                                                                                                              
 

svlngen4-fab1-apic1# 
%                                                                                                                                                                                                                                                                                                                                                                                                                                                                                                                              
 

svlngen4-fab1-apic1# 
%                                                                                                                                                                                                                                                                                                                                                                                                                                                                                                                              
 

svlngen4-fab1-apic1# 
%                                                                                                                                                                                                                                                                                                                                                                                                                                                                                                                              
 

svlngen4-fab1-apic1# 
DEBUG:netmiko:read_channel: 
DEBUG:netmiko:read_channel: 
DEBUG:netmiko:read_channel: 
DEBUG:netmiko:read_channel: 
DEBUG:netmiko:read_channel: 
DEBUG:netmiko:read_channel: 
DEBUG:netmiko:read_channel: 
DEBUG:netmiko:read_channel: 
DEBUG:netmiko:read_channel: 
DEBUG:netmiko:read_channel: 
DEBUG:netmiko:read_channel: 
DEBUG:netmiko:read_channel: 
DEBUG:netmiko:read_channel: 
DEBUG:netmiko:read_channel: 
DEBUG:netmiko:read_channel: 
DEBUG:netmiko:read_channel: 
DEBUG:netmiko:read_channel: 
DEBUG:netmiko:read_channel: 
DEBUG:netmiko:read_channel: 
DEBUG:netmiko:read_channel: 
DEBUG:netmiko:read_channel: ddf -h | grep .g
DEBUG:netmiko:read_channel: z
%                                                                                                                                                                                                                                                                                                                                                                                                                                                                                                                              
 

svlngen4-fab1-apic1# 
DEBUG:netmiko:Pattern found: (df\ \-h\ \|\ grep\ \.gz) 
%                                                                                                                                                                                                                                                                                                                                                                                                                                                                                                                              
 

svlngen4-fab1-apic1# 
%                                                                                                                                                                                                                                                                                                                                                                                                                                                                                                                              
 

svlngen4-fab1-apic1# 
%                                                                                                                                                                                                                                                                                                                                                                                                                                                                                                                              
 

svlngen4-fab1-apic1# 
%                                                                                                                                                                                                                                                                                                                                                                                                                                                                                                                              
 

svlngen4-fab1-apic1# ddf -h | grep .gz
DEBUG:netmiko:read_channel: 
DEBUG:netmiko:read_channel: 
DEBUG:netmiko:write_channel: b'\n'
DEBUG:netmiko:read_channel: 
DEBUG:netmiko:write_channel: b'\n'
DEBUG:netmiko:read_channel: 
DEBUG:netmiko:write_channel: b'\n'
DEBUG:netmiko:read_channel: 
DEBUG:netmiko:write_channel: b'\n'
DEBUG:netmiko:read_channel: 
DEBUG:netmiko:write_channel: b'\n'
DEBUG:netmiko:read_channel: 
%                                                                                                                                                                                                                                                                                                                                                                                                                                                                                                                              
 

svlngen4-fab1-apic1# 
DEBUG:netmiko:read_channel: 
DEBUG:netmiko:[find_prompt()]: prompt is svlngen4-fab1-apic1#
DEBUG:netmiko:write_channel: b'find /data/techsupport -mtime +30 -ls | grep .gz\n'
DEBUG:netmiko:read_channel: 
DEBUG:netmiko:read_channel: 
DEBUG:netmiko:read_channel: 
%                                                                                                                                                                                                                                                                                                                                                                                                                                                                                                                              
 

svlngen4-fab1-apic1# 
%                                                                                                                                                                                                                                                                                                                                                                                                                                                                                                                              
 

DEBUG:netmiko:read_channel: 
svlngen4-fab1-apic1# 
%                                                                                                                                                                                                                                                                                                                                                                                                                                                                                                                              
 

svlngen4-fab1-apic1# 
%                                                                                                                                                                                                                                                                                                                                                                                                                                                                                                                              
 

svlngen4-fab1-apic1# 
DEBUG:netmiko:read_channel: 
DEBUG:netmiko:read_channel: 
DEBUG:netmiko:read_channel: 
DEBUG:netmiko:read_channel: 
DEBUG:netmiko:read_channel: 
DEBUG:netmiko:read_channel: 
DEBUG:netmiko:read_channel: 
DEBUG:netmiko:read_channel: 
DEBUG:netmiko:read_channel: 
DEBUG:netmiko:read_channel: 
DEBUG:netmiko:read_channel: 
DEBUG:netmiko:read_channel: 
DEBUG:netmiko:read_channel: 
DEBUG:netmiko:read_channel: 
DEBUG:netmiko:read_channel: 
DEBUG:netmiko:read_channel: 
DEBUG:netmiko:read_channel: 
DEBUG:netmiko:read_channel: 
DEBUG:netmiko:read_channel: 
DEBUG:netmiko:read_channel: 
DEBUG:netmiko:read_channel: ffind /data/techsupport -mtime +30 -ls | grep .gz
find: '/data/techsupport/lost+found': Permission denied
%                                                                                                                                                                                                                                                                                                                                                                                                                                                                                                                              
 

svlngen4-fab1-apic1# 
DEBUG:netmiko:Pattern found: (find\ /data/techsupport\ \-mtime\ \+30\ \-ls\ \|\ grep\ \.gz) 
%                                                                                                                                                                                                                                                                                                                                                                                                                                                                                                                              
 

svlngen4-fab1-apic1# 
%                                                                                                                                                                                                                                                                                                                                                                                                                                                                                                                              
 

svlngen4-fab1-apic1# 
%                                                                                                                                                                                                                                                                                                                                                                                                                                                                                                                              
 

svlngen4-fab1-apic1# 
%                                                                                                                                                                                                                                                                                                                                                                                                                                                                                                                              
 

svlngen4-fab1-apic1# ffind /data/techsupport -mtime +30 -ls | grep .gz
DEBUG:netmiko:read_channel: 
DEBUG:netmiko:read_channel: 
DEBUG:netmiko:write_channel: b'\n'
DEBUG:netmiko:read_channel: 
DEBUG:netmiko:write_channel: b'\n'
DEBUG:netmiko:read_channel: 
DEBUG:netmiko:write_channel: b'\n'
DEBUG:netmiko:read_channel: 
DEBUG:netmiko:write_channel: b'\n'
DEBUG:netmiko:read_channel: 
DEBUG:netmiko:write_channel: b'\n'
DEBUG:netmiko:read_channel: 
%                                                                                                                                                                                                                                                                                                                                                                                                                                                                                                                              
 

svlngen4-fab1-apic1# 
DEBUG:netmiko:read_channel: 
DEBUG:netmiko:[find_prompt()]: prompt is svlngen4-fab1-apic1#
DEBUG:netmiko:write_channel: b'find /data/techsupport -type f -mtime +30 | xargs rm -fv *.gz\n'
DEBUG:netmiko:read_channel: 
DEBUG:netmiko:read_channel: 
DEBUG:netmiko:read_channel: 
DEBUG:netmiko:read_channel: 
DEBUG:netmiko:read_channel: 
DEBUG:netmiko:read_channel: 
DEBUG:netmiko:read_channel: 
DEBUG:netmiko:read_channel: 
DEBUG:netmiko:read_channel: 
DEBUG:netmiko:read_channel: 
DEBUG:netmiko:read_channel: 
DEBUG:netmiko:read_channel: 
DEBUG:netmiko:read_channel: 
DEBUG:netmiko:read_channel: 
%                                                                                                                                                                                                                                                                                                                                                                                                                                                                                                                              
 

svlngen4-fab1-apic1# 
%                                                                                                                                                                                                                                                                                                                                                                                                                                                                                                                              
 

svlngen4-fab1-apic1# 
%                                                                                                                                                                                                                                                                                                                                                                                                                                                                                                                              
 

svlngen4-fab1-apic1# 
%                                                                                                                                                                                                                                                                                                                                                                                                                                                                                                                              
 

svlngen4-fab1-apic1# 
DEBUG:netmiko:read_channel: 
DEBUG:netmiko:read_channel: 
DEBUG:netmiko:read_channel: 
DEBUG:netmiko:read_channel: 
DEBUG:netmiko:read_channel: 
DEBUG:netmiko:read_channel: 
DEBUG:netmiko:read_channel: 
DEBUG:netmiko:read_channel: 
DEBUG:netmiko:read_channel: 
DEBUG:netmiko:read_channel: 
DEBUG:netmiko:read_channel: 
DEBUG:netmiko:read_channel: 
DEBUG:netmiko:read_channel: 
DEBUG:netmiko:read_channel: 
DEBUG:netmiko:read_channel: 
DEBUG:netmiko:read_channel: 
DEBUG:netmiko:read_channel: 
DEBUG:netmiko:read_channel: 
DEBUG:netmiko:read_channel: 
DEBUG:netmiko:read_channel: 
DEBUG:netmiko:read_channel: 
DEBUG:netmiko:read_channel: 
DEBUG:netmiko:read_channel: 
DEBUG:netmiko:read_channel: 
DEBUG:netmiko:read_channel: ffind /data/techsupport -type f -mtime +30 | xargs rm -fv *.gz
zsh: no matches found: *.gz
%                                                                                                                                                                                                                                                                                                                                                                                                                                                                                                                              
 

svlngen4-fab1-apic1# 
DEBUG:netmiko:Pattern found: (find\ /data/techsupport\ \-type\ f\ \-mtime\ \+30\ \|\ xargs\ rm\ \-fv\ \*\.gz) 
%                                                                                                                                                                                                                                                                                                                                                                                                                                                                                                                              
 

svlngen4-fab1-apic1# 
%                                                                                                                                                                                                                                                                                                                                                                                                                                                                                                                              
 

svlngen4-fab1-apic1# 
%                                                                                                                                                                                                                                                                                                                                                                                                                                                                                                                              
 

svlngen4-fab1-apic1# 
%                                                                                                                                                                                                                                                                                                                                                                                                                                                                                                                              
 

svlngen4-fab1-apic1# ffind /data/techsupport -type f -mtime +30 | xargs rm -fv *.gz
DEBUG:netmiko:read_channel: 
DEBUG:netmiko:read_channel: 
DEBUG:netmiko:write_channel: b'\n'
DEBUG:netmiko:read_channel: 
DEBUG:netmiko:write_channel: b'\n'
DEBUG:netmiko:read_channel: 
DEBUG:netmiko:write_channel: b'\n'
DEBUG:netmiko:read_channel: 
DEBUG:netmiko:write_channel: b'\n'
DEBUG:netmiko:read_channel: 
DEBUG:netmiko:write_channel: b'\n'
DEBUG:netmiko:read_channel: 
%                                                                                                                                                                                                                                                                                                                                                                                                                                                                                                                              
 

svlngen4-fab1-apic1# 
DEBUG:netmiko:read_channel: 
DEBUG:netmiko:[find_prompt()]: prompt is svlngen4-fab1-apic1#
DEBUG:netmiko:write_channel: b'cd /data/techsupport/\n'
DEBUG:netmiko:read_channel: 
DEBUG:netmiko:read_channel: 
DEBUG:netmiko:read_channel: 
DEBUG:netmiko:read_channel: 
DEBUG:netmiko:read_channel: 
DEBUG:netmiko:read_channel: 
DEBUG:netmiko:read_channel: 
DEBUG:netmiko:read_channel: 
DEBUG:netmiko:read_channel: 
DEBUG:netmiko:read_channel: 
DEBUG:netmiko:read_channel: 
DEBUG:netmiko:read_channel: 
%                                                                                                                                                                                                                                                                                                                                                                                                                                                                                                                              
 

svlngen4-fab1-apic1# 
%                                                                                                                                                                                                                                                                                                                                                                                                                                                                                                                              
 

svlngen4-fab1-apic1# 
%                                                                                                                                                                                                                                                                                                                                                                                                                                                                                                                              
 

svlngen4-fab1-apic1# 
%                                                                                                                                                                                                                                                                                                                                                                                                                                                                                                                              
 

svlngen4-fab1-apic1# 
DEBUG:netmiko:read_channel: 
DEBUG:netmiko:read_channel: 
DEBUG:netmiko:read_channel: 
DEBUG:netmiko:read_channel: 
DEBUG:netmiko:read_channel: 
DEBUG:netmiko:read_channel: 
DEBUG:netmiko:read_channel: 
DEBUG:netmiko:read_channel: 
DEBUG:netmiko:read_channel: 
DEBUG:netmiko:read_channel: 
DEBUG:netmiko:read_channel: 
DEBUG:netmiko:read_channel: 
DEBUG:netmiko:read_channel: 
DEBUG:netmiko:read_channel: 
DEBUG:netmiko:read_channel: 
DEBUG:netmiko:read_channel: 
DEBUG:netmiko:read_channel: 
DEBUG:netmiko:read_channel: 
DEBUG:netmiko:read_channel: 
DEBUG:netmiko:read_channel: 
DEBUG:netmiko:read_channel: 
DEBUG:netmiko:read_channel: 
DEBUG:netmiko:read_channel: 
DEBUG:netmiko:read_channel: 
DEBUG:netmiko:read_channel: 
DEBUG:netmiko:read_channel: ccd /data/techsupport/
%                                                                                                                                                                                                                                                                                                                                                                                                                                                                                                                              
 

svlngen4-fab1-apic1# 
DEBUG:netmiko:Pattern found: (cd\ /data/techsupport/) 
%                                                                                                                                                                                                                                                                                                                                                                                                                                                                                                                              
 

svlngen4-fab1-apic1# 
%                                                                                                                                                                                                                                                                                                                                                                                                                                                                                                                              
 

svlngen4-fab1-apic1# 
%                                                                                                                                                                                                                                                                                                                                                                                                                                                                                                                              
 

svlngen4-fab1-apic1# 
%                                                                                                                                                                                                                                                                                                                                                                                                                                                                                                                              
 

svlngen4-fab1-apic1# ccd /data/techsupport/
DEBUG:netmiko:read_channel: 
DEBUG:netmiko:read_channel: 
DEBUG:netmiko:write_channel: b'\n'
DEBUG:netmiko:read_channel: 
DEBUG:netmiko:write_channel: b'\n'
DEBUG:netmiko:read_channel: 
DEBUG:netmiko:write_channel: b'\n'
DEBUG:netmiko:read_channel: 
DEBUG:netmiko:write_channel: b'\n'
DEBUG:netmiko:read_channel: 
DEBUG:netmiko:write_channel: b'\n'
DEBUG:netmiko:read_channel: 
%                                                                                                                                                                                                                                                                                                                                                                                                                                                                                                                              
 

svlngen4-fab1-apic1# 
DEBUG:netmiko:read_channel: 
DEBUG:netmiko:[find_prompt()]: prompt is svlngen4-fab1-apic1#
DEBUG:netmiko:write_channel: b'ls -l\n'
DEBUG:netmiko:read_channel: 
DEBUG:netmiko:read_channel: 
DEBUG:netmiko:read_channel: 
DEBUG:netmiko:read_channel: 
DEBUG:netmiko:read_channel: 
DEBUG:netmiko:read_channel: 
DEBUG:netmiko:read_channel: 
DEBUG:netmiko:read_channel: 
DEBUG:netmiko:read_channel: 
DEBUG:netmiko:read_channel: 
DEBUG:netmiko:read_channel: 
DEBUG:netmiko:read_channel: 
DEBUG:netmiko:read_channel: 
%                                                                                                                                                                                                                                                                                                                                                                                                                                                                                                                              
 

svlngen4-fab1-apic1# 
%                                                                                                                                                                                                                                                                                                                                                                                                                                                                                                                              
 

svlngen4-fab1-apic1# 
%                                                                                                                                                                                                                                                                                                                                                                                                                                                                                                                              
 

svlngen4-fab1-apic1# 
%                                                                                                                                                                                                                                                                                                                                                                                                                                                                                                                              
 

svlngen4-fab1-apic1# 
DEBUG:netmiko:read_channel: 
DEBUG:netmiko:read_channel: 
DEBUG:netmiko:read_channel: 
DEBUG:netmiko:read_channel: 
DEBUG:netmiko:read_channel: 
DEBUG:netmiko:read_channel: 
DEBUG:netmiko:read_channel: 
DEBUG:netmiko:read_channel: 
DEBUG:netmiko:read_channel: 
DEBUG:netmiko:read_channel: 
DEBUG:netmiko:read_channel: 
DEBUG:netmiko:read_channel: 
DEBUG:netmiko:read_channel: 
DEBUG:netmiko:read_channel: 
DEBUG:netmiko:read_channel: 
DEBUG:netmiko:read_channel: 
DEBUG:netmiko:read_channel: 
DEBUG:netmiko:read_channel: 
DEBUG:netmiko:read_channel: 
DEBUG:netmiko:read_channel: 
DEBUG:netmiko:read_channel: 
DEBUG:netmiko:read_channel: 
DEBUG:netmiko:read_channel: 
DEBUG:netmiko:read_channel: 
DEBUG:netmiko:read_channel: 
DEBUG:netmiko:read_channel: 
DEBUG:netmiko:read_channel: 
DEBUG:netmiko:read_channel: 
DEBUG:netmiko:read_channel: lls -l
total 36
drwxrwxr-x 2 ifc   admin  4096 Apr 20 04:07 debug
drwxrwxrwx 2 root  root   4096 Apr  5 04:23 heapstats
drwx------ 2 root  root  16384 Nov 22  2019 lost+found
drwxr-xr-x 2 admin admin  4096 Apr 23 23:13 test.txt
drwxrwxrwx 2 root  root   4096 Dec 12  2019 troubleshoot
drwx------ 2 admin admin  4096 Apr 23 23:22 upgradeTriages
%                                                                                                                                                                                                                                                                                                                                                                                                                                                                                                                              
 

svlngen4-fab1-apic1# 
DEBUG:netmiko:Pattern found: (ls\ \-l) 
%                                                                                                                                                                                                                                                                                                                                                                                                                                                                                                                              
 

svlngen4-fab1-apic1# 
%                                                                                                                                                                                                                                                                                                                                                                                                                                                                                                                              
 

svlngen4-fab1-apic1# 
%                                                                                                                                                                                                                                                                                                                                                                                                                                                                                                                              
 

svlngen4-fab1-apic1# 
%                                                                                                                                                                                                                                                                                                                                                                                                                                                                                                                              
 

svlngen4-fab1-apic1# lls -l
DEBUG:netmiko:read_channel: 
DEBUG:netmiko:read_channel: 
DEBUG:netmiko:write_channel: b'\n'
DEBUG:netmiko:read_channel: 
DEBUG:netmiko:write_channel: b'\n'
DEBUG:netmiko:read_channel: 
DEBUG:netmiko:write_channel: b'\n'
DEBUG:netmiko:read_channel: 
DEBUG:netmiko:write_channel: b'\n'
DEBUG:netmiko:read_channel: 
DEBUG:netmiko:write_channel: b'\n'
DEBUG:netmiko:read_channel: 
%                                                                                                                                                                                                                                                                                                                                                                                                                                                                                                                              
 

svlngen4-fab1-apic1# 
DEBUG:netmiko:read_channel: 
DEBUG:netmiko:[find_prompt()]: prompt is svlngen4-fab1-apic1#
DEBUG:netmiko:write_channel: b'df -h | grep .gz\n'
DEBUG:netmiko:read_channel: 
DEBUG:netmiko:read_channel: 
DEBUG:netmiko:read_channel: 
DEBUG:netmiko:read_channel: 
DEBUG:netmiko:read_channel: 
DEBUG:netmiko:read_channel: 
DEBUG:netmiko:read_channel: 
DEBUG:netmiko:read_channel: 
DEBUG:netmiko:read_channel: 
DEBUG:netmiko:read_channel: 
DEBUG:netmiko:read_channel: 
DEBUG:netmiko:read_channel: 
%                                                                                                                                                                                                                                                                                                                                                                                                                                                                                                                              
 

svlngen4-fab1-apic1# 
%                                                                                                                                                                                                                                                                                                                                                                                                                                                                                                                              
 

svlngen4-fab1-apic1# 
%                                                                                                                                                                                                                                                                                                                                                                                                                                                                                                                              
 

svlngen4-fab1-apic1# 
%                                                                                                                                                                                                                                                                                                                                                                                                                                                                                                                              
 

svlngen4-fab1-apic1# 
DEBUG:netmiko:read_channel: 
DEBUG:netmiko:read_channel: 
DEBUG:netmiko:read_channel: 
DEBUG:netmiko:read_channel: 
DEBUG:netmiko:read_channel: 
DEBUG:netmiko:read_channel: 
DEBUG:netmiko:read_channel: 
DEBUG:netmiko:read_channel: 
DEBUG:netmiko:read_channel: 
DEBUG:netmiko:read_channel: 
DEBUG:netmiko:read_channel: 
DEBUG:netmiko:read_channel: 
DEBUG:netmiko:read_channel: 
DEBUG:netmiko:read_channel: 
DEBUG:netmiko:read_channel: 
DEBUG:netmiko:read_channel: 
DEBUG:netmiko:read_channel: 
DEBUG:netmiko:read_channel: 
DEBUG:netmiko:read_channel: 
DEBUG:netmiko:read_channel: 
DEBUG:netmiko:read_channel: 
DEBUG:netmiko:read_channel: 
DEBUG:netmiko:read_channel: 
DEBUG:netmiko:read_channel: 
DEBUG:netmiko:read_channel: 
DEBUG:netmiko:read_channel: ddf -h | grep .gz
%                                                                                                                                                                                                                                                                                                                                                                                                                                                                                                                              
 

svlngen4-fab1-apic1# 
DEBUG:netmiko:Pattern found: (df\ \-h\ \|\ grep\ \.gz) 
%                                                                                                                                                                                                                                                                                                                                                                                                                                                                                                                              
 

svlngen4-fab1-apic1# 
%                                                                                                                                                                                                                                                                                                                                                                                                                                                                                                                              
 

svlngen4-fab1-apic1# 
%                                                                                                                                                                                                                                                                                                                                                                                                                                                                                                                              
 

svlngen4-fab1-apic1# 
%                                                                                                                                                                                                                                                                                                                                                                                                                                                                                                                              
 

svlngen4-fab1-apic1# ddf -h | grep .gz
DEBUG:netmiko:read_channel: 
DEBUG:paramiko.transport:starting thread (client mode): 0xdf19160
DEBUG:paramiko.transport:Local version/idstring: SSH-2.0-paramiko_2.10.3
DEBUG:paramiko.transport:Remote version/idstring: SSH-2.0-OpenSSH_8.2
INFO:paramiko.transport:Connected (version 2.0, client OpenSSH_8.2)
DEBUG:paramiko.transport:=== Key exchange possibilities ===
DEBUG:paramiko.transport:kex algos: curve25519-sha256, curve25519-sha256@libssh.org, diffie-hellman-group1-sha1, diffie-hellman-group14-sha1, diffie-hellman-group14-sha256, diffie-hellman-group16-sha512, ecdh-sha2-nistp256, ecdh-sha2-nistp384, ecdh-sha2-nistp521
DEBUG:paramiko.transport:server key: ssh-rsa
DEBUG:paramiko.transport:client encrypt: aes128-ctr, aes192-ctr, aes256-ctr
DEBUG:paramiko.transport:server encrypt: aes128-ctr, aes192-ctr, aes256-ctr
DEBUG:paramiko.transport:client mac: hmac-sha1, hmac-sha2-256, hmac-sha2-512
DEBUG:paramiko.transport:server mac: hmac-sha1, hmac-sha2-256, hmac-sha2-512
DEBUG:paramiko.transport:client compress: none, zlib@openssh.com
DEBUG:paramiko.transport:server compress: none, zlib@openssh.com
DEBUG:paramiko.transport:client lang: <none>
DEBUG:paramiko.transport:server lang: <none>
DEBUG:paramiko.transport:kex follows: False
DEBUG:paramiko.transport:=== Key exchange agreements ===
DEBUG:paramiko.transport:Kex: curve25519-sha256@libssh.org
DEBUG:paramiko.transport:HostKey: ssh-rsa
DEBUG:paramiko.transport:Cipher: aes128-ctr
DEBUG:paramiko.transport:MAC: hmac-sha2-256
DEBUG:paramiko.transport:Compression: none
DEBUG:paramiko.transport:=== End of kex handshake ===
DEBUG:paramiko.transport:kex engine KexCurve25519 specified hash_algo <built-in function openssl_sha256>
DEBUG:paramiko.transport:Switch to new keys ...
DEBUG:paramiko.transport:Got EXT_INFO: {'server-sig-algs': b'ssh-ed25519,sk-ssh-ed25519@openssh.com,ssh-rsa,rsa-sha2-256,rsa-sha2-512,ssh-dss,ecdsa-sha2-nistp256,ecdsa-sha2-nistp384,ecdsa-sha2-nistp521,sk-ecdsa-sha2-nistp256@openssh.com'}
DEBUG:paramiko.transport:Adding ssh-rsa host key for svlngen4-fab1-apic1: b'cb2da8ed61e467840f2aac1ca52bcede'
DEBUG:paramiko.transport:userauth is OK
INFO:paramiko.transport:Auth banner: b'Application Policy Infrastructure Controller\n'
INFO:paramiko.transport:Authentication (password) successful!
DEBUG:paramiko.transport:[chan 0] Max packet in: 32768 bytes
DEBUG:paramiko.transport:Received global request "hostkeys-00@openssh.com"
DEBUG:paramiko.transport:Rejecting "hostkeys-00@openssh.com" global request from server.
DEBUG:paramiko.transport:[chan 0] Max packet out: 32768 bytes
DEBUG:paramiko.transport:Secsh channel 0 opened.
DEBUG:paramiko.transport:[chan 0] Sesch channel 0 request ok
DEBUG:paramiko.transport:[chan 0] Sesch channel 0 request ok
DEBUG:netmiko:read_channel: 
DEBUG:netmiko:read_channel: 
DEBUG:netmiko:read_channel: 
DEBUG:netmiko:read_channel: 
DEBUG:netmiko:read_channel: 
DEBUG:netmiko:read_channel: 
DEBUG:netmiko:read_channel: 
DEBUG:netmiko:read_channel: 
DEBUG:netmiko:read_channel: 
DEBUG:netmiko:read_channel: 
DEBUG:netmiko:read_channel: 
DEBUG:netmiko:read_channel: 
DEBUG:netmiko:read_channel: 
DEBUG:netmiko:read_channel: 
DEBUG:netmiko:read_channel: 
DEBUG:netmiko:read_channel: 
DEBUG:netmiko:read_channel: 
DEBUG:netmiko:read_channel: 
DEBUG:netmiko:read_channel: 
DEBUG:netmiko:read_channel: 
DEBUG:netmiko:read_channel: 
DEBUG:netmiko:read_channel: 
DEBUG:netmiko:read_channel: 
DEBUG:netmiko:read_channel: 
DEBUG:netmiko:read_channel: 
DEBUG:netmiko:read_channel: 
DEBUG:netmiko:read_channel: 
DEBUG:netmiko:read_channel: 
DEBUG:netmiko:read_channel: 
DEBUG:netmiko:read_channel: 
DEBUG:netmiko:read_channel: 
DEBUG:netmiko:read_channel: 
DEBUG:netmiko:read_channel: 
DEBUG:netmiko:read_channel: 
DEBUG:netmiko:read_channel: 
DEBUG:netmiko:read_channel: 
DEBUG:netmiko:read_channel: 
DEBUG:netmiko:read_channel: 
DEBUG:netmiko:read_channel: 
DEBUG:netmiko:read_channel: 
DEBUG:netmiko:read_channel: 
DEBUG:netmiko:read_channel: 
DEBUG:netmiko:read_channel: 
DEBUG:netmiko:read_channel: 
DEBUG:netmiko:read_channel: 
DEBUG:netmiko:read_channel: 
DEBUG:netmiko:read_channel: Last login: 2022-04-24T00:03:03.000-07:00 UTC
%                                                                                                                                                                                                                                                                                                                                                                                                                                                                                                                              
 

svlngen4-fab1-apic1# 
DEBUG:netmiko:Pattern found: ([>#]) Last login: 2022-04-24T00:03:03.000-07:00 UTC
%                                                                                                                                                                                                                                                                                                                                                                                                                                                                                                                              
 

svlngen4-fab1-apic1#
DEBUG:netmiko:write_channel: b'terminal width 511\n'
DEBUG:netmiko:read_channel: 
DEBUG:netmiko:read_channel: 
DEBUG:netmiko:read_channel: 
DEBUG:netmiko:read_channel: 
DEBUG:netmiko:read_channel: 
DEBUG:netmiko:read_channel: 
DEBUG:netmiko:read_channel: 
DEBUG:netmiko:read_channel: 
DEBUG:netmiko:read_channel: 
DEBUG:netmiko:read_channel: 
DEBUG:netmiko:read_channel: 
DEBUG:netmiko:read_channel: 
DEBUG:netmiko:read_channel: 
DEBUG:netmiko:read_channel: 
DEBUG:netmiko:read_channel: 
DEBUG:netmiko:read_channel: 
DEBUG:netmiko:read_channel: 
DEBUG:netmiko:read_channel: 
DEBUG:netmiko:read_channel: 
DEBUG:netmiko:read_channel: 
DEBUG:netmiko:read_channel: 
DEBUG:netmiko:read_channel: 
DEBUG:netmiko:read_channel: 
DEBUG:netmiko:read_channel: 
DEBUG:netmiko:read_channel: 
DEBUG:netmiko:read_channel: 
DEBUG:netmiko:read_channel: tterminal width 511
DEBUG:netmiko:Pattern found: (terminal width 511)  tterminal width 511
DEBUG:netmiko:In disable_paging
DEBUG:netmiko:Command: terminal length 0

DEBUG:netmiko:write_channel: b'terminal length 0\n'
DEBUG:netmiko:read_channel: 
DEBUG:netmiko:read_channel: 
DEBUG:netmiko:read_channel: 
DEBUG:netmiko:read_channel: 
DEBUG:netmiko:read_channel: 
DEBUG:netmiko:read_channel: 
DEBUG:netmiko:read_channel: 
DEBUG:netmiko:read_channel: 
DEBUG:netmiko:read_channel: 
DEBUG:netmiko:read_channel: 
DEBUG:netmiko:read_channel: 
DEBUG:netmiko:read_channel: 
DEBUG:netmiko:read_channel: 
DEBUG:netmiko:read_channel: 
DEBUG:netmiko:read_channel: 
DEBUG:netmiko:read_channel: 
DEBUG:netmiko:read_channel: 
DEBUG:netmiko:read_channel: 
DEBUG:netmiko:read_channel: 
DEBUG:netmiko:read_channel: 
DEBUG:netmiko:read_channel: 
DEBUG:netmiko:read_channel: 
DEBUG:netmiko:read_channel: 
DEBUG:netmiko:read_channel: 
DEBUG:netmiko:read_channel: 
DEBUG:netmiko:read_channel: 
DEBUG:netmiko:read_channel: 
%                                                                                                                                                                                                                                                                                                                                                                                                                                                                                                                              
 

svlngen4-fab1-apic1# tterminal length 0
%                                                                                                                                                                                                                                                                                                                                                                                                                                                                                                                              
 

svlngen4-fab1-apic1# 
DEBUG:netmiko:Pattern found: (terminal\ length\ 0) 
%                                                                                                                                                                                                                                                                                                                                                                                                                                                                                                                              
 

svlngen4-fab1-apic1# tterminal length 0
DEBUG:netmiko:
%                                                                                                                                                                                                                                                                                                                                                                                                                                                                                                                              
 

svlngen4-fab1-apic1# tterminal length 0
DEBUG:netmiko:Exiting disable_paging
DEBUG:netmiko:read_channel: 
DEBUG:netmiko:Clear buffer detects data in the channel
DEBUG:netmiko:read_channel: 
DEBUG:netmiko:write_channel: b'\n'
DEBUG:netmiko:read_channel: 
DEBUG:netmiko:read_channel: 
DEBUG:netmiko:read_channel: 
DEBUG:netmiko:read_channel: 
DEBUG:netmiko:read_channel: 
DEBUG:netmiko:read_channel: 
DEBUG:netmiko:read_channel: 
DEBUG:netmiko:read_channel: 
DEBUG:netmiko:read_channel: 
DEBUG:netmiko:read_channel: 
DEBUG:netmiko:read_channel: 
DEBUG:netmiko:read_channel: 
DEBUG:netmiko:read_channel: 
DEBUG:netmiko:read_channel: 
DEBUG:netmiko:read_channel: 
DEBUG:netmiko:read_channel: 
DEBUG:netmiko:read_channel: 
DEBUG:netmiko:read_channel: 
DEBUG:netmiko:read_channel: 
DEBUG:netmiko:read_channel: 
DEBUG:netmiko:read_channel: 

DEBUG:netmiko:read_channel: %                                                                                                                                                                                                                                                                                                                                                                                                                                                                                                                              
 

svlngen4-fab1-apic1# 
DEBUG:netmiko:Pattern found: (\#|>) 
%                                                                                                                                                                                                                                                                                                                                                                                                                                                                                                                              
 

svlngen4-fab1-apic1#
DEBUG:netmiko:read_channel: 
DEBUG:netmiko:Clear buffer detects data in the channel
DEBUG:netmiko:read_channel: 
DEBUG:netmiko:[find_prompt()]: prompt is svlngen4-fab1-apic1#
DEBUG:netmiko:read_channel: 
DEBUG:netmiko:write_channel: b'\n'
DEBUG:netmiko:read_channel: 
DEBUG:netmiko:write_channel: b'\n'
DEBUG:netmiko:read_channel: 
DEBUG:netmiko:write_channel: b'\n'
DEBUG:netmiko:read_channel: 
DEBUG:netmiko:write_channel: b'\n'
DEBUG:netmiko:read_channel: 
DEBUG:netmiko:write_channel: b'\n'
DEBUG:netmiko:read_channel: 
%                                                                                                                                                                                                                                                                                                                                                                                                                                                                                                                              
 

svlngen4-fab1-apic1# 
DEBUG:netmiko:read_channel: 
DEBUG:netmiko:[find_prompt()]: prompt is svlngen4-fab1-apic1#
DEBUG:netmiko:write_channel: b'cd /data/techsupport/\n'
DEBUG:netmiko:read_channel: 
DEBUG:netmiko:read_channel: 
DEBUG:netmiko:read_channel: 
DEBUG:netmiko:read_channel: 
DEBUG:netmiko:read_channel: 
DEBUG:netmiko:read_channel: 
DEBUG:netmiko:read_channel: 
DEBUG:netmiko:read_channel: 
%                                                                                                                                                                                                                                                                                                                                                                                                                                                                                                                              
 

svlngen4-fab1-apic1# 
%                                                                                                                                                                                                                                                                                                                                                                                                                                                                                                                              
 

DEBUG:netmiko:read_channel: 
svlngen4-fab1-apic1# 
%                                                                                                                                                                                                                                                                                                                                                                                                                                                                                                                              
 

svlngen4-fab1-apic1# 
%                                                                                                                                                                                                                                                                                                                                                                                                                                                                                                                              
 

svlngen4-fab1-apic1# 
DEBUG:netmiko:read_channel: 
DEBUG:netmiko:read_channel: 
DEBUG:netmiko:read_channel: 
DEBUG:netmiko:read_channel: 
DEBUG:netmiko:read_channel: 
DEBUG:netmiko:read_channel: 
DEBUG:netmiko:read_channel: 
DEBUG:netmiko:read_channel: 
DEBUG:netmiko:read_channel: 
DEBUG:netmiko:read_channel: 
DEBUG:netmiko:read_channel: 
DEBUG:netmiko:read_channel: 
DEBUG:netmiko:read_channel: 
DEBUG:netmiko:read_channel: 
DEBUG:netmiko:read_channel: 
DEBUG:netmiko:read_channel: 
DEBUG:netmiko:read_channel: 
DEBUG:netmiko:read_channel: 
DEBUG:netmiko:read_channel: 
DEBUG:netmiko:read_channel: 
DEBUG:netmiko:read_channel: 
DEBUG:netmiko:read_channel: 
DEBUG:netmiko:read_channel: 
DEBUG:netmiko:read_channel: 
DEBUG:netmiko:read_channel: ccd /data/techsupport/
%                                                                                                                                                                                                                                                                                                                                                                                                                                                                                                                              
 

svlngen4-fab1-apic1# 
DEBUG:netmiko:Pattern found: (cd\ /data/techsupport/) 
%                                                                                                                                                                                                                                                                                                                                                                                                                                                                                                                              
 

svlngen4-fab1-apic1# 
%                                                                                                                                                                                                                                                                                                                                                                                                                                                                                                                              
 

svlngen4-fab1-apic1# 
%                                                                                                                                                                                                                                                                                                                                                                                                                                                                                                                              
 

svlngen4-fab1-apic1# 
%                                                                                                                                                                                                                                                                                                                                                                                                                                                                                                                              
 

svlngen4-fab1-apic1# ccd /data/techsupport/
DEBUG:netmiko:read_channel: 
DEBUG:netmiko:read_channel: 
DEBUG:netmiko:write_channel: b'\n'
DEBUG:netmiko:read_channel: 
DEBUG:netmiko:write_channel: b'\n'
DEBUG:netmiko:read_channel: 
DEBUG:netmiko:write_channel: b'\n'
DEBUG:netmiko:read_channel: 
DEBUG:netmiko:write_channel: b'\n'
DEBUG:netmiko:read_channel: 
DEBUG:netmiko:write_channel: b'\n'
DEBUG:netmiko:read_channel: 
%                                                                                                                                                                                                                                                                                                                                                                                                                                                                                                                              
 

svlngen4-fab1-apic1# 
DEBUG:netmiko:read_channel: 
DEBUG:netmiko:[find_prompt()]: prompt is svlngen4-fab1-apic1#
DEBUG:netmiko:write_channel: b'ls -l\n'
DEBUG:netmiko:read_channel: 
DEBUG:netmiko:read_channel: 
DEBUG:netmiko:read_channel: 
DEBUG:netmiko:read_channel: 
DEBUG:netmiko:read_channel: 
DEBUG:netmiko:read_channel: 
DEBUG:netmiko:read_channel: 
DEBUG:netmiko:read_channel: 
DEBUG:netmiko:read_channel: 
DEBUG:netmiko:read_channel: 
DEBUG:netmiko:read_channel: 
DEBUG:netmiko:read_channel: 
%                                                                                                                                                                                                                                                                                                                                                                                                                                                                                                                              
 

svlngen4-fab1-apic1# 
%                                                                                                                                                                                                                                                                                                                                                                                                                                                                                                                              
 

svlngen4-fab1-apic1# 
%                                                                                                                                                                                                                                                                                                                                                                                                                                                                                                                              
 

svlngen4-fab1-apic1# 
%                                                                                                                                                                                                                                                                                                                                                                                                                                                                                                                              
 

svlngen4-fab1-apic1# 
DEBUG:netmiko:read_channel: 
DEBUG:netmiko:read_channel: 
DEBUG:netmiko:read_channel: 
DEBUG:netmiko:read_channel: 
DEBUG:netmiko:read_channel: 
DEBUG:netmiko:read_channel: 
DEBUG:netmiko:read_channel: 
DEBUG:netmiko:read_channel: 
DEBUG:netmiko:read_channel: 
DEBUG:netmiko:read_channel: 
DEBUG:netmiko:read_channel: 
DEBUG:netmiko:read_channel: 
DEBUG:netmiko:read_channel: 
DEBUG:netmiko:read_channel: 
DEBUG:netmiko:read_channel: 
DEBUG:netmiko:read_channel: 
DEBUG:netmiko:read_channel: 
DEBUG:netmiko:read_channel: lls -l
total 36
drwxrwxr-x 2 ifc   admin  4096 Apr 20 04:07 debug
drwxrwxrwx 2 root  root   4096 Apr  5 04:23 heapstats
drwx------ 2 root  root  16384 Nov 22  2019 lost+found
drwxr-xr-x 2 admin admin  4096 Apr 23 23:13 test.txt
drwxrwxrwx 2 root  root   4096 Dec 12  2019 troubleshoot
drwx------ 2 admin admin  4096 Apr 23 23:22 upgradeTriages
%                                                                                                                                                                                                                                                                                                                                                                                                                                                                                                                              
 

DEBUG:netmiko:Pattern found: (ls\ \-l) 
%                                                                                                                                                                                                                                                                                                                                                                                                                                                                                                                              
 

svlngen4-fab1-apic1# 
%                                                                                                                                                                                                                                                                                                                                                                                                                                                                                                                              
 

svlngen4-fab1-apic1# 
%                                                                                                                                                                                                                                                                                                                                                                                                                                                                                                                              
 

svlngen4-fab1-apic1# 
%                                                                                                                                                                                                                                                                                                                                                                                                                                                                                                                              
 

svlngen4-fab1-apic1# lls -l
DEBUG:netmiko:read_channel: 
svlngen4-fab1-apic1# 
DEBUG:netmiko:read_channel: 
DEBUG:netmiko:write_channel: b'\n'
DEBUG:netmiko:read_channel: 
DEBUG:netmiko:write_channel: b'\n'
DEBUG:netmiko:read_channel: 
DEBUG:netmiko:write_channel: b'\n'
DEBUG:netmiko:read_channel: 
DEBUG:netmiko:write_channel: b'\n'
DEBUG:netmiko:read_channel: 
%                                                                                                                                                                                                                                                                                                                                                                                                                                                                                                                              
 

svlngen4-fab1-apic1# 
DEBUG:netmiko:read_channel: 
DEBUG:netmiko:[find_prompt()]: prompt is svlngen4-fab1-apic1#
DEBUG:netmiko:write_channel: b'df -h | grep tech\n'
DEBUG:netmiko:read_channel: 
DEBUG:netmiko:read_channel: 
DEBUG:netmiko:read_channel: 
DEBUG:netmiko:read_channel: 
DEBUG:netmiko:read_channel: 
DEBUG:netmiko:read_channel: 
DEBUG:netmiko:read_channel: 
DEBUG:netmiko:read_channel: 
DEBUG:netmiko:read_channel: 
DEBUG:netmiko:read_channel: 
DEBUG:netmiko:read_channel: 
DEBUG:netmiko:read_channel: 
DEBUG:netmiko:read_channel: 
DEBUG:netmiko:read_channel: 
DEBUG:netmiko:read_channel: 
DEBUG:netmiko:read_channel: 
DEBUG:netmiko:read_channel: 
DEBUG:netmiko:read_channel: 
DEBUG:netmiko:read_channel: 
DEBUG:netmiko:read_channel: 
DEBUG:netmiko:read_channel: 
DEBUG:netmiko:read_channel: 
DEBUG:netmiko:read_channel: 
DEBUG:netmiko:read_channel: 
DEBUG:netmiko:read_channel: 
%                                                                                                                                                                                                                                                                                                                                                                                                                                                                                                                              
 

svlngen4-fab1-apic1# 
%                                                                                                                                                                                                                                                                                                                                                                                                                                                                                                                              
 

svlngen4-fab1-apic1# 
%                                                                                                                                                                                                                                                                                                                                                                                                                                                                                                                              
 

svlngen4-fab1-apic1# 
DEBUG:netmiko:read_channel: 
DEBUG:netmiko:read_channel: 
DEBUG:netmiko:read_channel: 
DEBUG:netmiko:read_channel: 
DEBUG:netmiko:read_channel: 
DEBUG:netmiko:read_channel: 
DEBUG:netmiko:read_channel: 
DEBUG:netmiko:read_channel: 
DEBUG:netmiko:read_channel: 
DEBUG:netmiko:read_channel: 
DEBUG:netmiko:read_channel: 
DEBUG:netmiko:read_channel: 
DEBUG:netmiko:read_channel: 
DEBUG:netmiko:read_channel: 
DEBUG:netmiko:read_channel: 
DEBUG:netmiko:read_channel: 
DEBUG:netmiko:read_channel: 
DEBUG:netmiko:read_channel: 
DEBUG:netmiko:read_channel: 
DEBUG:netmiko:read_channel: 
DEBUG:netmiko:read_channel: 
DEBUG:netmiko:read_channel: 
DEBUG:netmiko:read_channel: 
DEBUG:netmiko:read_channel: 
DEBUG:netmiko:read_channel: 
DEBUG:netmiko:read_channel: ddf -h | grep tech
/dev/mapper/vg_ifc0-techsupport   40G   49M   38G   1% /data/techsupport
%                                                                                                                                                                                                                                                                                                                                                                                                                                                                                                                              
 

svlngen4-fab1-apic1# 
DEBUG:netmiko:Pattern found: (df\ \-h\ \|\ grep\ tech) 
%                                                                                                                                                                                                                                                                                                                                                                                                                                                                                                                              
 

svlngen4-fab1-apic1# 
%                                                                                                                                                                                                                                                                                                                                                                                                                                                                                                                              
 

svlngen4-fab1-apic1# 
%                                                                                                                                                                                                                                                                                                                                                                                                                                                                                                                              
 

svlngen4-fab1-apic1# ddf -h | grep tech
DEBUG:netmiko:read_channel: 
DEBUG:netmiko:read_channel: 
DEBUG:netmiko:write_channel: b'\n'
DEBUG:netmiko:read_channel: 
DEBUG:netmiko:write_channel: b'\n'
DEBUG:netmiko:read_channel: 
DEBUG:netmiko:write_channel: b'\n'
DEBUG:netmiko:read_channel: 
DEBUG:netmiko:write_channel: b'\n'
DEBUG:netmiko:read_channel: 
DEBUG:netmiko:write_channel: b'\n'
DEBUG:netmiko:read_channel: 
%                                                                                                                                                                                                                                                                                                                                                                                                                                                                                                                              
 

svlngen4-fab1-apic1# 
DEBUG:netmiko:read_channel: 
DEBUG:netmiko:[find_prompt()]: prompt is svlngen4-fab1-apic1#
DEBUG:netmiko:write_channel: b'find /data/techsupport -mtime +30 -ls | grep .gz\n'
DEBUG:netmiko:read_channel: 
DEBUG:netmiko:read_channel: 
DEBUG:netmiko:read_channel: 
DEBUG:netmiko:read_channel: 
DEBUG:netmiko:read_channel: 
DEBUG:netmiko:read_channel: 
DEBUG:netmiko:read_channel: 
DEBUG:netmiko:read_channel: 
DEBUG:netmiko:read_channel: 
DEBUG:netmiko:read_channel: 
DEBUG:netmiko:read_channel: 
DEBUG:netmiko:read_channel: 
DEBUG:netmiko:read_channel: 
DEBUG:netmiko:read_channel: 
DEBUG:netmiko:read_channel: 
%                                                                                                                                                                                                                                                                                                                                                                                                                                                                                                                              
 

svlngen4-fab1-apic1# 
%                                                                                                                                                                                                                                                                                                                                                                                                                                                                                                                              
 

svlngen4-fab1-apic1# 
%                                                                                                                                                                                                                                                                                                                                                                                                                                                                                                                              
 

svlngen4-fab1-apic1# 
%                                                                                                                                                                                                                                                                                                                                                                                                                                                                                                                              
 

svlngen4-fab1-apic1# 
DEBUG:netmiko:read_channel: 
DEBUG:netmiko:read_channel: 
DEBUG:netmiko:read_channel: 
DEBUG:netmiko:read_channel: 
DEBUG:netmiko:read_channel: 
DEBUG:netmiko:read_channel: 
DEBUG:netmiko:read_channel: 
DEBUG:netmiko:read_channel: 
DEBUG:netmiko:read_channel: 
DEBUG:netmiko:read_channel: 
DEBUG:netmiko:read_channel: 
DEBUG:netmiko:read_channel: 
DEBUG:netmiko:read_channel: 
DEBUG:netmiko:read_channel: 
DEBUG:netmiko:read_channel: 
DEBUG:netmiko:read_channel: 
DEBUG:netmiko:read_channel: 
DEBUG:netmiko:read_channel: 
DEBUG:netmiko:read_channel: 
DEBUG:netmiko:read_channel: ffind /data/techsupport -mtime +30 -l
DEBUG:netmiko:read_channel: 
DEBUG:netmiko:read_channel: 
DEBUG:netmiko:read_channel: 
DEBUG:netmiko:read_channel: 
DEBUG:netmiko:read_channel: 
DEBUG:netmiko:read_channel: 
DEBUG:netmiko:read_channel: 
DEBUG:netmiko:read_channel: 
DEBUG:netmiko:read_channel: 
DEBUG:netmiko:read_channel: 
DEBUG:netmiko:read_channel: 
DEBUG:netmiko:read_channel: 
DEBUG:netmiko:read_channel: 
DEBUG:netmiko:read_channel: 
DEBUG:netmiko:read_channel: 
DEBUG:netmiko:read_channel: 
DEBUG:netmiko:read_channel: 
DEBUG:netmiko:read_channel: 
DEBUG:netmiko:read_channel: 
DEBUG:netmiko:read_channel: 
DEBUG:netmiko:read_channel: 
DEBUG:netmiko:read_channel: 
DEBUG:netmiko:read_channel: s | grep .gz
find: '/data/techsupport/lost+found': Permission denied
%                                                                                                                                                                                                                                                                                                                                                                                                                                                                                                                              
 

svlngen4-fab1-apic1# 
DEBUG:netmiko:Pattern found: (find\ /data/techsupport\ \-mtime\ \+30\ \-ls\ \|\ grep\ \.gz) 
%                                                                                                                                                                                                                                                                                                                                                                                                                                                                                                                              
 

svlngen4-fab1-apic1# 
%                                                                                                                                                                                                                                                                                                                                                                                                                                                                                                                              
 

svlngen4-fab1-apic1# 
%                                                                                                                                                                                                                                                                                                                                                                                                                                                                                                                              
 

svlngen4-fab1-apic1# 
%                                                                                                                                                                                                                                                                                                                                                                                                                                                                                                                              
 

svlngen4-fab1-apic1# ffind /data/techsupport -mtime +30 -ls | grep .gz
DEBUG:netmiko:read_channel: 
DEBUG:netmiko:read_channel: 
DEBUG:netmiko:write_channel: b'\n'
DEBUG:netmiko:read_channel: 
DEBUG:netmiko:write_channel: b'\n'
DEBUG:netmiko:read_channel: 
DEBUG:netmiko:write_channel: b'\n'
DEBUG:netmiko:read_channel: 
DEBUG:netmiko:write_channel: b'\n'
DEBUG:netmiko:read_channel: 
DEBUG:netmiko:write_channel: b'\n'
DEBUG:netmiko:read_channel: 
%                                                                                                                                                                                                                                                                                                                                                                                                                                                                                                                              
 

svlngen4-fab1-apic1# 
DEBUG:netmiko:read_channel: 
DEBUG:netmiko:[find_prompt()]: prompt is svlngen4-fab1-apic1#
DEBUG:netmiko:write_channel: b'find /data/techsupport -type f -mtime +30 | xargs rm -fv *.gz\n'
DEBUG:netmiko:read_channel: 
DEBUG:netmiko:read_channel: 
DEBUG:netmiko:read_channel: 
DEBUG:netmiko:read_channel: 
DEBUG:netmiko:read_channel: 
DEBUG:netmiko:read_channel: 
DEBUG:netmiko:read_channel: 
DEBUG:netmiko:read_channel: 
DEBUG:netmiko:read_channel: 
DEBUG:netmiko:read_channel: 
DEBUG:netmiko:read_channel: 
DEBUG:netmiko:read_channel: 
DEBUG:netmiko:read_channel: 
DEBUG:netmiko:read_channel: 
DEBUG:netmiko:read_channel: 
DEBUG:netmiko:read_channel: 
DEBUG:netmiko:read_channel: 
DEBUG:netmiko:read_channel: 
DEBUG:netmiko:read_channel: 
DEBUG:netmiko:read_channel: 
DEBUG:netmiko:read_channel: 
DEBUG:netmiko:read_channel: 
%                                                                                                                                                                                                                                                                                                                                                                                                                                                                                                                              
 

svlngen4-fab1-apic1# 
%                                                                                                                                                                                                                                                                                                                                                                                                                                                                                                                              
 

svlngen4-fab1-apic1# 
%                                                                                                                                                                                                                                                                                                                                                                                                                                                                                                                              
 

svlngen4-fab1-apic1# 
%                                                                                                                                                                                                                                                                                                                                                                                                                                                                                                                              
 

svlngen4-fab1-apic1# 
DEBUG:netmiko:read_channel: 
DEBUG:netmiko:read_channel: 
DEBUG:netmiko:read_channel: 
DEBUG:netmiko:read_channel: 
DEBUG:netmiko:read_channel: 
DEBUG:netmiko:read_channel: 
DEBUG:netmiko:read_channel: 
DEBUG:netmiko:read_channel: 
DEBUG:netmiko:read_channel: 
DEBUG:netmiko:read_channel: 
DEBUG:netmiko:read_channel: 
DEBUG:netmiko:read_channel: 
DEBUG:netmiko:read_channel: 
DEBUG:netmiko:read_channel: 
DEBUG:netmiko:read_channel: 
DEBUG:netmiko:read_channel: 
DEBUG:netmiko:read_channel: 
DEBUG:netmiko:read_channel: 
DEBUG:netmiko:read_channel: 
DEBUG:netmiko:read_channel: 
DEBUG:netmiko:read_channel: 
DEBUG:netmiko:read_channel: 
DEBUG:netmiko:read_channel: 
DEBUG:netmiko:read_channel: 
DEBUG:netmiko:read_channel: ffind /data/techsupport -type f -mtime +30 | xargs r
DEBUG:netmiko:read_channel: m -fv
DEBUG:netmiko:read_channel: 
DEBUG:netmiko:read_channel: 
DEBUG:netmiko:read_channel: 
DEBUG:netmiko:read_channel: 
DEBUG:netmiko:read_channel: 
DEBUG:netmiko:read_channel: 
DEBUG:netmiko:read_channel: 
DEBUG:netmiko:read_channel: 
DEBUG:netmiko:read_channel: 
DEBUG:netmiko:read_channel: 
DEBUG:netmiko:read_channel: 
DEBUG:netmiko:read_channel: 
DEBUG:netmiko:read_channel: 
DEBUG:netmiko:read_channel: 
DEBUG:netmiko:read_channel: 
DEBUG:netmiko:read_channel: 
DEBUG:netmiko:read_channel: 
DEBUG:netmiko:read_channel: 
DEBUG:netmiko:read_channel: 
DEBUG:netmiko:read_channel: 
DEBUG:netmiko:read_channel: 
DEBUG:netmiko:read_channel: 
DEBUG:netmiko:read_channel:  *.gz
zsh: no matches found: *.gz
%                                                                                                                                                                                                                                                                                                                                                                                                                                                                                                                              
 

svlngen4-fab1-apic1# 
DEBUG:netmiko:Pattern found: (find\ /data/techsupport\ \-type\ f\ \-mtime\ \+30\ \|\ xargs\ rm\ \-fv\ \*\.gz) 
%                                                                                                                                                                                                                                                                                                                                                                                                                                                                                                                              
 

svlngen4-fab1-apic1# 
%                                                                                                                                                                                                                                                                                                                                                                                                                                                                                                                              
 

svlngen4-fab1-apic1# 
%                                                                                                                                                                                                                                                                                                                                                                                                                                                                                                                              
 

svlngen4-fab1-apic1# 
%                                                                                                                                                                                                                                                                                                                                                                                                                                                                                                                              
 

svlngen4-fab1-apic1# ffind /data/techsupport -type f -mtime +30 | xargs rm -fv *.gz
DEBUG:netmiko:read_channel: 
DEBUG:netmiko:read_channel: 
DEBUG:netmiko:write_channel: b'\n'
DEBUG:netmiko:read_channel: 
DEBUG:netmiko:write_channel: b'\n'
DEBUG:netmiko:read_channel: 
DEBUG:netmiko:write_channel: b'\n'
DEBUG:netmiko:read_channel: 
DEBUG:netmiko:write_channel: b'\n'
DEBUG:netmiko:read_channel: 
DEBUG:netmiko:write_channel: b'\n'
DEBUG:netmiko:read_channel: 
%                                                                                                                                                                                                                                                                                                                                                                                                                                                                                                                              
 

svlngen4-fab1-apic1# 
DEBUG:netmiko:read_channel: 
DEBUG:netmiko:[find_prompt()]: prompt is svlngen4-fab1-apic1#
DEBUG:netmiko:write_channel: b'cd /data/techsupport/\n'
DEBUG:netmiko:read_channel: 
DEBUG:netmiko:read_channel: 
DEBUG:netmiko:read_channel: 
DEBUG:netmiko:read_channel: 
DEBUG:netmiko:read_channel: 
DEBUG:netmiko:read_channel: 
DEBUG:netmiko:read_channel: 
DEBUG:netmiko:read_channel: 
DEBUG:netmiko:read_channel: 
DEBUG:netmiko:read_channel: 
DEBUG:netmiko:read_channel: 
DEBUG:netmiko:read_channel: 
DEBUG:netmiko:read_channel: 
DEBUG:netmiko:read_channel: 
DEBUG:netmiko:read_channel: 
DEBUG:netmiko:read_channel: 
%                                                                                                                                                                                                                                                                                                                                                                                                                                                                                                                              
 

svlngen4-fab1-apic1# 
%                                                                                                                                                                                                                                                                                                                                                                                                                                                                                                                              
 

svlngen4-fab1-apic1# 
%                                                                                                                                                                                                                                                                                                                                                                                                                                                                                                                              
 

svlngen4-fab1-apic1# 
%                                                                                                                                                                                                                                                                                                                                                                                                                                                                                                                              
 

svlngen4-fab1-apic1# 
DEBUG:netmiko:read_channel: 
DEBUG:netmiko:read_channel: 
DEBUG:netmiko:read_channel: 
DEBUG:netmiko:read_channel: 
DEBUG:netmiko:read_channel: 
DEBUG:netmiko:read_channel: 
DEBUG:netmiko:read_channel: 
DEBUG:netmiko:read_channel: 
DEBUG:netmiko:read_channel: 
DEBUG:netmiko:read_channel: 
DEBUG:netmiko:read_channel: 
DEBUG:netmiko:read_channel: 
DEBUG:netmiko:read_channel: 
DEBUG:netmiko:read_channel: 
DEBUG:netmiko:read_channel: 
DEBUG:netmiko:read_channel: 
DEBUG:netmiko:read_channel: 
DEBUG:netmiko:read_channel: 
DEBUG:netmiko:read_channel: 
DEBUG:netmiko:read_channel: 
DEBUG:netmiko:read_channel: 
DEBUG:netmiko:read_channel: 
DEBUG:netmiko:read_channel: 
DEBUG:netmiko:read_channel: ccd /data/techsupport/
%                                                                                                                                                                                                                                                                                                                                                                                                                                                                                                                              
 

svlngen4-fab1-apic1# 
DEBUG:netmiko:Pattern found: (cd\ /data/techsupport/) 
%                                                                                                                                                                                                                                                                                                                                                                                                                                                                                                                              
 

svlngen4-fab1-apic1# 
%                                                                                                                                                                                                                                                                                                                                                                                                                                                                                                                              
 

svlngen4-fab1-apic1# 
%                                                                                                                                                                                                                                                                                                                                                                                                                                                                                                                              
 

svlngen4-fab1-apic1# 
%                                                                                                                                                                                                                                                                                                                                                                                                                                                                                                                              
 

svlngen4-fab1-apic1# ccd /data/techsupport/
DEBUG:netmiko:read_channel: 
DEBUG:netmiko:read_channel: 
DEBUG:netmiko:write_channel: b'\n'
DEBUG:netmiko:read_channel: 
DEBUG:netmiko:write_channel: b'\n'
DEBUG:netmiko:read_channel: 
DEBUG:netmiko:write_channel: b'\n'
DEBUG:netmiko:read_channel: 
DEBUG:netmiko:write_channel: b'\n'
DEBUG:netmiko:read_channel: 
DEBUG:netmiko:write_channel: b'\n'
DEBUG:netmiko:read_channel: 
%                                                                                                                                                                                                                                                                                                                                                                                                                                                                                                                              
 

svlngen4-fab1-apic1# 
DEBUG:netmiko:read_channel: 
DEBUG:netmiko:[find_prompt()]: prompt is svlngen4-fab1-apic1#
DEBUG:netmiko:write_channel: b'ls -l\n'
DEBUG:netmiko:read_channel: 
DEBUG:netmiko:read_channel: 
DEBUG:netmiko:read_channel: 
DEBUG:netmiko:read_channel: 
DEBUG:netmiko:read_channel: 
DEBUG:netmiko:read_channel: 
DEBUG:netmiko:read_channel: 
DEBUG:netmiko:read_channel: 
DEBUG:netmiko:read_channel: 
DEBUG:netmiko:read_channel: 
DEBUG:netmiko:read_channel: 
DEBUG:netmiko:read_channel: 
DEBUG:netmiko:read_channel: 
DEBUG:netmiko:read_channel: 
%                                                                                                                                                                                                                                                                                                                                                                                                                                                                                                                              
 

svlngen4-fab1-apic1# 
%                                                                                                                                                                                                                                                                                                                                                                                                                                                                                                                              
 

svlngen4-fab1-apic1# 
%                                                                                                                                                                                                                                                                                                                                                                                                                                                                                                                              
 

svlngen4-fab1-apic1# 
%                                                                                                                                                                                                                                                                                                                                                                                                                                                                                                                              
 

svlngen4-fab1-apic1# 
DEBUG:netmiko:read_channel: 
DEBUG:netmiko:read_channel: 
DEBUG:netmiko:read_channel: 
DEBUG:netmiko:read_channel: 
DEBUG:netmiko:read_channel: 
DEBUG:netmiko:read_channel: 
DEBUG:netmiko:read_channel: 
DEBUG:netmiko:read_channel: 
DEBUG:netmiko:read_channel: 
DEBUG:netmiko:read_channel: 
DEBUG:netmiko:read_channel: 
DEBUG:netmiko:read_channel: 
DEBUG:netmiko:read_channel: 
DEBUG:netmiko:read_channel: 
DEBUG:netmiko:read_channel: 
DEBUG:netmiko:read_channel: 
DEBUG:netmiko:read_channel: 
DEBUG:netmiko:read_channel: 
DEBUG:netmiko:read_channel: 
DEBUG:netmiko:read_channel: 
DEBUG:netmiko:read_channel: 
DEBUG:netmiko:read_channel: 
DEBUG:netmiko:read_channel: 
DEBUG:netmiko:read_channel: 
DEBUG:netmiko:read_channel: 
DEBUG:netmiko:read_channel: lls -l
total 36
drwxrwxr-x 2 ifc   admin  4096 Apr 20 04:07 debug
drwxrwxrwx 2 root  root   4096 Apr  5 04:23 heapstats
drwx------ 2 root  root  16384 Nov 22  2019 lost+found
drwxr-xr-x 2 admin admin  4096 Apr 23 23:13 test.txt
drwxrwxrwx 2 root  root   4096 Dec 12  2019 troubleshoot
drwx------ 2 admin admin  4096 Apr 23 23:22 upgradeTriages
%                                                                                                                                                                                                                                                                                                                                                                                                                                                                                                                              
 

svlngen4-fab1-apic1# 
DEBUG:netmiko:Pattern found: (ls\ \-l) 
%                                                                                                                                                                                                                                                                                                                                                                                                                                                                                                                              
 

svlngen4-fab1-apic1# 
%                                                                                                                                                                                                                                                                                                                                                                                                                                                                                                                              
 

svlngen4-fab1-apic1# 
%                                                                                                                                                                                                                                                                                                                                                                                                                                                                                                                              
 

svlngen4-fab1-apic1# 
%                                                                                                                                                                                                                                                                                                                                                                                                                                                                                                                              
 

svlngen4-fab1-apic1# lls -l
DEBUG:netmiko:read_channel: 
DEBUG:netmiko:read_channel: 
DEBUG:netmiko:write_channel: b'\n'
DEBUG:netmiko:read_channel: 
DEBUG:netmiko:write_channel: b'\n'
DEBUG:netmiko:read_channel: 
DEBUG:netmiko:write_channel: b'\n'
DEBUG:netmiko:read_channel: 
DEBUG:netmiko:write_channel: b'\n'
DEBUG:netmiko:read_channel: 
DEBUG:netmiko:write_channel: b'\n'
DEBUG:netmiko:read_channel: 
%                                                                                                                                                                                                                                                                                                                                                                                                                                                                                                                              
 

svlngen4-fab1-apic1# 
DEBUG:netmiko:read_channel: 
DEBUG:netmiko:[find_prompt()]: prompt is svlngen4-fab1-apic1#
DEBUG:netmiko:write_channel: b'df -h | grep tech\n'
DEBUG:netmiko:read_channel: 
DEBUG:netmiko:read_channel: 
DEBUG:netmiko:read_channel: 
DEBUG:netmiko:read_channel: 
DEBUG:netmiko:read_channel: 
DEBUG:netmiko:read_channel: 
DEBUG:netmiko:read_channel: 
DEBUG:netmiko:read_channel: 
DEBUG:netmiko:read_channel: 
DEBUG:netmiko:read_channel: 
DEBUG:netmiko:read_channel: 
DEBUG:netmiko:read_channel: 
DEBUG:netmiko:read_channel: 
DEBUG:netmiko:read_channel: 
%                                                                                                                                                                                                                                                                                                                                                                                                                                                                                                                              
 

svlngen4-fab1-apic1# 
%                                                                                                                                                                                                                                                                                                                                                                                                                                                                                                                              
 

svlngen4-fab1-apic1# 
%                                                                                                                                                                                                                                                                                                                                                                                                                                                                                                                              
 

svlngen4-fab1-apic1# 
%                                                                                                                                                                                                                                                                                                                                                                                                                                                                                                                              
 

svlngen4-fab1-apic1# 
DEBUG:netmiko:read_channel: 
DEBUG:netmiko:read_channel: 
DEBUG:netmiko:read_channel: 
DEBUG:netmiko:read_channel: 
DEBUG:netmiko:read_channel: 
DEBUG:netmiko:read_channel: 
DEBUG:netmiko:read_channel: 
DEBUG:netmiko:read_channel: 
DEBUG:netmiko:read_channel: 
DEBUG:netmiko:read_channel: 
DEBUG:netmiko:read_channel: 
DEBUG:netmiko:read_channel: 
DEBUG:netmiko:read_channel: 
DEBUG:netmiko:read_channel: 
DEBUG:netmiko:read_channel: 
DEBUG:netmiko:read_channel: 
DEBUG:netmiko:read_channel: 
DEBUG:netmiko:read_channel: 
DEBUG:netmiko:read_channel: ddf -h | grep tech

DEBUG:netmiko:Pattern found: (df\ \-h\ \|\ grep\ tech) 
%                                                                                                                                                                                                                                                                                                                                                                                                                                                                                                                              
 

svlngen4-fab1-apic1# 
%                                                                                                                                                                                                                                                                                                                                                                                                                                                                                                                              
 

svlngen4-fab1-apic1# 
%                                                                                                                                                                                                                                                                                                                                                                                                                                                                                                                              
 

svlngen4-fab1-apic1# 
%                                                                                                                                                                                                                                                                                                                                                                                                                                                                                                                              
 

svlngen4-fab1-apic1# ddf -h | grep tech
DEBUG:netmiko:read_channel: /dev/mapper/vg_ifc0-techsupport   40G   49M   38G   1% /data/techsupport
%                                                                                                                                                                                                                                                                                                                                                                                                                                                                                                                              
 

svlngen4-fab1-apic1# 
DEBUG:paramiko.transport:starting thread (client mode): 0x10e5f1c0
DEBUG:paramiko.transport:Local version/idstring: SSH-2.0-paramiko_2.10.3
DEBUG:paramiko.transport:Remote version/idstring: SSH-2.0-OpenSSH_8.2
INFO:paramiko.transport:Connected (version 2.0, client OpenSSH_8.2)
DEBUG:paramiko.transport:=== Key exchange possibilities ===
DEBUG:paramiko.transport:kex algos: curve25519-sha256, curve25519-sha256@libssh.org, diffie-hellman-group1-sha1, diffie-hellman-group14-sha1, diffie-hellman-group14-sha256, diffie-hellman-group16-sha512, ecdh-sha2-nistp256, ecdh-sha2-nistp384, ecdh-sha2-nistp521
DEBUG:paramiko.transport:server key: ssh-rsa
DEBUG:paramiko.transport:client encrypt: aes128-ctr, aes192-ctr, aes256-ctr
DEBUG:paramiko.transport:server encrypt: aes128-ctr, aes192-ctr, aes256-ctr
DEBUG:paramiko.transport:client mac: hmac-sha1, hmac-sha2-256, hmac-sha2-512
DEBUG:paramiko.transport:server mac: hmac-sha1, hmac-sha2-256, hmac-sha2-512
DEBUG:paramiko.transport:client compress: none, zlib@openssh.com
DEBUG:paramiko.transport:server compress: none, zlib@openssh.com
DEBUG:paramiko.transport:client lang: <none>
DEBUG:paramiko.transport:server lang: <none>
DEBUG:paramiko.transport:kex follows: False
DEBUG:paramiko.transport:=== Key exchange agreements ===
DEBUG:paramiko.transport:Kex: curve25519-sha256@libssh.org
DEBUG:paramiko.transport:HostKey: ssh-rsa
DEBUG:paramiko.transport:Cipher: aes128-ctr
DEBUG:paramiko.transport:MAC: hmac-sha2-256
DEBUG:paramiko.transport:Compression: none
DEBUG:paramiko.transport:=== End of kex handshake ===
DEBUG:paramiko.transport:kex engine KexCurve25519 specified hash_algo <built-in function openssl_sha256>
DEBUG:paramiko.transport:Switch to new keys ...
DEBUG:paramiko.transport:Got EXT_INFO: {'server-sig-algs': b'ssh-ed25519,sk-ssh-ed25519@openssh.com,ssh-rsa,rsa-sha2-256,rsa-sha2-512,ssh-dss,ecdsa-sha2-nistp256,ecdsa-sha2-nistp384,ecdsa-sha2-nistp521,sk-ecdsa-sha2-nistp256@openssh.com'}
DEBUG:paramiko.transport:Adding ssh-rsa host key for svlngen4-fab1-apic1: b'cb2da8ed61e467840f2aac1ca52bcede'
DEBUG:paramiko.transport:userauth is OK
INFO:paramiko.transport:Auth banner: b'Application Policy Infrastructure Controller\n'
INFO:paramiko.transport:Authentication (password) successful!
DEBUG:paramiko.transport:[chan 0] Max packet in: 32768 bytes
DEBUG:paramiko.transport:Received global request "hostkeys-00@openssh.com"
DEBUG:paramiko.transport:Rejecting "hostkeys-00@openssh.com" global request from server.
DEBUG:paramiko.transport:[chan 0] Max packet out: 32768 bytes
DEBUG:paramiko.transport:Secsh channel 0 opened.
DEBUG:paramiko.transport:[chan 0] Sesch channel 0 request ok
DEBUG:paramiko.transport:[chan 0] Sesch channel 0 request ok
DEBUG:netmiko:read_channel: 
DEBUG:netmiko:read_channel: 
DEBUG:netmiko:read_channel: 
DEBUG:netmiko:read_channel: 
DEBUG:netmiko:read_channel: 
DEBUG:netmiko:read_channel: 
DEBUG:netmiko:read_channel: 
DEBUG:netmiko:read_channel: 
DEBUG:netmiko:read_channel: 
DEBUG:netmiko:read_channel: 
DEBUG:netmiko:read_channel: 
DEBUG:netmiko:read_channel: 
DEBUG:netmiko:read_channel: 
DEBUG:netmiko:read_channel: 
DEBUG:netmiko:read_channel: 
DEBUG:netmiko:read_channel: 
DEBUG:netmiko:read_channel: 
DEBUG:netmiko:read_channel: 
DEBUG:netmiko:read_channel: 
DEBUG:netmiko:read_channel: 
DEBUG:netmiko:read_channel: 
DEBUG:netmiko:read_channel: 
DEBUG:netmiko:read_channel: 
DEBUG:netmiko:read_channel: 
DEBUG:netmiko:read_channel: 
DEBUG:netmiko:read_channel: 
DEBUG:netmiko:read_channel: 
DEBUG:netmiko:read_channel: 
DEBUG:netmiko:read_channel: 
DEBUG:netmiko:read_channel: 
DEBUG:netmiko:read_channel: 
DEBUG:netmiko:read_channel: 
DEBUG:netmiko:read_channel: 
DEBUG:netmiko:read_channel: 
DEBUG:netmiko:read_channel: 
DEBUG:netmiko:read_channel: 
DEBUG:netmiko:read_channel: 
DEBUG:netmiko:read_channel: 
DEBUG:netmiko:read_channel: Last login: 2022-04-24T00:05:39.000-07:00 UTC

DEBUG:netmiko:read_channel: 
DEBUG:netmiko:read_channel: 
DEBUG:netmiko:read_channel: 
DEBUG:netmiko:read_channel: 
DEBUG:netmiko:read_channel: 
DEBUG:netmiko:read_channel: 
DEBUG:netmiko:read_channel: 
DEBUG:netmiko:read_channel: %                                                                                                                                                                                                                                                                                                                                                                                                                                                                                                                              
 

DEBUG:netmiko:read_channel: 
svlngen4-fab1-apic1# 
DEBUG:netmiko:Pattern found: ([>#]) Last login: 2022-04-24T00:05:39.000-07:00 UTC
%                                                                                                                                                                                                                                                                                                                                                                                                                                                                                                                              
 

svlngen4-fab1-apic1#
DEBUG:netmiko:write_channel: b'terminal width 511\n'
DEBUG:netmiko:read_channel: 
DEBUG:netmiko:read_channel: 
DEBUG:netmiko:read_channel: 
DEBUG:netmiko:read_channel: 
DEBUG:netmiko:read_channel: 
DEBUG:netmiko:read_channel: 
DEBUG:netmiko:read_channel: 
DEBUG:netmiko:read_channel: 
DEBUG:netmiko:read_channel: 
DEBUG:netmiko:read_channel: 
DEBUG:netmiko:read_channel: 
DEBUG:netmiko:read_channel: 
DEBUG:netmiko:read_channel: 
DEBUG:netmiko:read_channel: 
DEBUG:netmiko:read_channel: 
DEBUG:netmiko:read_channel: 
DEBUG:netmiko:read_channel: 
DEBUG:netmiko:read_channel: 
DEBUG:netmiko:read_channel: 
DEBUG:netmiko:read_channel: 
DEBUG:netmiko:read_channel: 
DEBUG:netmiko:read_channel: 
DEBUG:netmiko:read_channel: tterminal width 511
%                                                                                                                                                                                                                                                                                                                                                                                                                                                                                                                              
 

DEBUG:netmiko:Pattern found: (terminal width 511)  tterminal width 511
DEBUG:netmiko:In disable_paging
DEBUG:netmiko:Command: terminal length 0

DEBUG:netmiko:write_channel: b'terminal length 0\n'
DEBUG:netmiko:read_channel: 
DEBUG:netmiko:read_channel: 
DEBUG:netmiko:read_channel: 
DEBUG:netmiko:read_channel: 
DEBUG:netmiko:read_channel: 
DEBUG:netmiko:read_channel: 
DEBUG:netmiko:read_channel: 
DEBUG:netmiko:read_channel: 
DEBUG:netmiko:read_channel: 
DEBUG:netmiko:read_channel: 
DEBUG:netmiko:read_channel: 
DEBUG:netmiko:read_channel: 
DEBUG:netmiko:read_channel: 
DEBUG:netmiko:read_channel: 
DEBUG:netmiko:read_channel: 
DEBUG:netmiko:read_channel: 
DEBUG:netmiko:read_channel: 
DEBUG:netmiko:read_channel: 
DEBUG:netmiko:read_channel: 
DEBUG:netmiko:read_channel: 
DEBUG:netmiko:read_channel: 
DEBUG:netmiko:read_channel: 
DEBUG:netmiko:read_channel: 
DEBUG:netmiko:read_channel: 
DEBUG:netmiko:read_channel: 
DEBUG:netmiko:read_channel: 
svlngen4-fab1-apic1# tterminal length 0
%                                                                                                                                                                                                                                                                                                                                                                                                                                                                                                                              
 

svlngen4-fab1-apic1# 
DEBUG:netmiko:Pattern found: (terminal\ length\ 0) 
%                                                                                                                                                                                                                                                                                                                                                                                                                                                                                                                              
 

svlngen4-fab1-apic1# tterminal length 0
DEBUG:netmiko:
%                                                                                                                                                                                                                                                                                                                                                                                                                                                                                                                              
 

svlngen4-fab1-apic1# tterminal length 0
DEBUG:netmiko:Exiting disable_paging
DEBUG:netmiko:read_channel: 
DEBUG:netmiko:Clear buffer detects data in the channel
DEBUG:netmiko:read_channel: 
DEBUG:netmiko:write_channel: b'\n'
DEBUG:netmiko:read_channel: 
DEBUG:netmiko:read_channel: 
DEBUG:netmiko:read_channel: 
DEBUG:netmiko:read_channel: 
DEBUG:netmiko:read_channel: 
DEBUG:netmiko:read_channel: 
DEBUG:netmiko:read_channel: 
DEBUG:netmiko:read_channel: 
DEBUG:netmiko:read_channel: 
DEBUG:netmiko:read_channel: 
DEBUG:netmiko:read_channel: 
DEBUG:netmiko:read_channel: 
DEBUG:netmiko:read_channel: 
DEBUG:netmiko:read_channel: 
DEBUG:netmiko:read_channel: 
DEBUG:netmiko:read_channel: 
DEBUG:netmiko:read_channel: 
DEBUG:netmiko:read_channel: 
DEBUG:netmiko:read_channel: 
DEBUG:netmiko:read_channel: 
DEBUG:netmiko:read_channel: 
DEBUG:netmiko:read_channel: 
DEBUG:netmiko:read_channel: 
DEBUG:netmiko:read_channel: 
%                                                                                                                                                                                                                                                                                                                                                                                                                                                                                                                              
 

svlngen4-fab1-apic1# 
DEBUG:netmiko:Pattern found: (\#|>) 
%                                                                                                                                                                                                                                                                                                                                                                                                                                                                                                                              
 

svlngen4-fab1-apic1#
DEBUG:netmiko:read_channel: 
DEBUG:netmiko:Clear buffer detects data in the channel
DEBUG:netmiko:read_channel: 
DEBUG:netmiko:[find_prompt()]: prompt is svlngen4-fab1-apic1#
DEBUG:netmiko:read_channel: 
DEBUG:netmiko:write_channel: b'\n'
DEBUG:netmiko:read_channel: 
DEBUG:netmiko:write_channel: b'\n'
DEBUG:netmiko:read_channel: 
DEBUG:netmiko:write_channel: b'\n'
DEBUG:netmiko:read_channel: 
DEBUG:netmiko:write_channel: b'\n'
DEBUG:netmiko:read_channel: 
DEBUG:netmiko:write_channel: b'\n'
DEBUG:netmiko:read_channel: 
%                                                                                                                                                                                                                                                                                                                                                                                                                                                                                                                              
 

svlngen4-fab1-apic1# 
DEBUG:netmiko:read_channel: 
DEBUG:netmiko:[find_prompt()]: prompt is svlngen4-fab1-apic1#
DEBUG:netmiko:write_channel: b'cd /data/techsupport/\n'
DEBUG:netmiko:read_channel: 
DEBUG:netmiko:read_channel: 
DEBUG:netmiko:read_channel: 
DEBUG:netmiko:read_channel: 
DEBUG:netmiko:read_channel: 
DEBUG:netmiko:read_channel: 
%                                                                                                                                                                                                                                                                                                                                                                                                                                                                                                                              
 

svlngen4-fab1-apic1# 

DEBUG:netmiko:read_channel: %                                                                                                                                                                                                                                                                                                                                                                                                                                                                                                                              
 

DEBUG:netmiko:read_channel: 
svlngen4-fab1-apic1# 
%                                                                                                                                                                                                                                                                                                                                                                                                                                                                                                                              
 

svlngen4-fab1-apic1# 
%                                                                                                                                                                                                                                                                                                                                                                                                                                                                                                                              
 

svlngen4-fab1-apic1# 
DEBUG:netmiko:read_channel: 
DEBUG:netmiko:read_channel: 
DEBUG:netmiko:read_channel: 
DEBUG:netmiko:read_channel: 
DEBUG:netmiko:read_channel: 
DEBUG:netmiko:read_channel: 
DEBUG:netmiko:read_channel: 
DEBUG:netmiko:read_channel: 
DEBUG:netmiko:read_channel: 
DEBUG:netmiko:read_channel: 
DEBUG:netmiko:read_channel: 
DEBUG:netmiko:read_channel: 
DEBUG:netmiko:read_channel: 
DEBUG:netmiko:read_channel: 
DEBUG:netmiko:read_channel: 
DEBUG:netmiko:read_channel: ccd /data/techsupport/
%                                                                                                                                                                                                                                                                                                                                                                                                                                                                                                                              
 

svlngen4-fab1-apic1# 
DEBUG:netmiko:Pattern found: (cd\ /data/techsupport/) 
%                                                                                                                                                                                                                                                                                                                                                                                                                                                                                                                              
 

svlngen4-fab1-apic1# 
%                                                                                                                                                                                                                                                                                                                                                                                                                                                                                                                              
 

svlngen4-fab1-apic1# 
%                                                                                                                                                                                                                                                                                                                                                                                                                                                                                                                              
 

svlngen4-fab1-apic1# 
%                                                                                                                                                                                                                                                                                                                                                                                                                                                                                                                              
 

svlngen4-fab1-apic1# ccd /data/techsupport/
DEBUG:netmiko:read_channel: 
DEBUG:netmiko:read_channel: 
DEBUG:netmiko:write_channel: b'\n'
DEBUG:netmiko:read_channel: 
DEBUG:netmiko:write_channel: b'\n'
DEBUG:netmiko:read_channel: 
DEBUG:netmiko:write_channel: b'\n'
DEBUG:netmiko:read_channel: 
DEBUG:netmiko:write_channel: b'\n'
DEBUG:netmiko:read_channel: 
DEBUG:netmiko:write_channel: b'\n'
DEBUG:netmiko:read_channel: 
%                                                                                                                                                                                                                                                                                                                                                                                                                                                                                                                              
 

svlngen4-fab1-apic1# 
DEBUG:netmiko:read_channel: 
DEBUG:netmiko:[find_prompt()]: prompt is svlngen4-fab1-apic1#
DEBUG:netmiko:write_channel: b'ls -l\n'
DEBUG:netmiko:read_channel: 
DEBUG:netmiko:read_channel: 
DEBUG:netmiko:read_channel: 
%                                                                                                                                                                                                                                                                                                                                                                                                                                                                                                                              
 

DEBUG:netmiko:read_channel: 
svlngen4-fab1-apic1# 
%                                                                                                                                                                                                                                                                                                                                                                                                                                                                                                                              
 

svlngen4-fab1-apic1# 
%                                                                                                                                                                                                                                                                                                                                                                                                                                                                                                                              
 

DEBUG:netmiko:read_channel: 
svlngen4-fab1-apic1# 
%                                                                                                                                                                                                                                                                                                                                                                                                                                                                                                                              
 

svlngen4-fab1-apic1# 
DEBUG:netmiko:read_channel: 
DEBUG:netmiko:read_channel: 
DEBUG:netmiko:read_channel: 
DEBUG:netmiko:read_channel: 
DEBUG:netmiko:read_channel: 
DEBUG:netmiko:read_channel: 
DEBUG:netmiko:read_channel: 
DEBUG:netmiko:read_channel: 
DEBUG:netmiko:read_channel: 
DEBUG:netmiko:read_channel: 
DEBUG:netmiko:read_channel: 
DEBUG:netmiko:read_channel: 
DEBUG:netmiko:read_channel: 
DEBUG:netmiko:read_channel: 
DEBUG:netmiko:read_channel: 
DEBUG:netmiko:read_channel: 
DEBUG:netmiko:read_channel: lls -l

DEBUG:netmiko:Pattern found: (ls\ \-l) 
%                                                                                                                                                                                                                                                                                                                                                                                                                                                                                                                              
 

svlngen4-fab1-apic1# 
%                                                                                                                                                                                                                                                                                                                                                                                                                                                                                                                              
 

svlngen4-fab1-apic1# 
%                                                                                                                                                                                                                                                                                                                                                                                                                                                                                                                              
 

svlngen4-fab1-apic1# 
%                                                                                                                                                                                                                                                                                                                                                                                                                                                                                                                              
 

svlngen4-fab1-apic1# lls -l
DEBUG:netmiko:read_channel: total 36
drwxrwxr-x 2 ifc   admin  4096 Apr 20 04:07 debug
drwxrwxrwx 2 root  root   4096 Apr  5 04:23 heapstats
drwx------ 2 root  root  16384 Nov 22  2019 lost+found
drwxr-xr-x 2 admin admin  4096 Apr 23 23:13 test.txt
drwxrwxrwx 2 root  root   4096 Dec 12  2019 troubleshoot
drwx------ 2 admin admin  4096 Apr 23 23:22 upgradeTriages
%                                                                                                                                                                                                                                                                                                                                                                                                                                                                                                                              
 

svlngen4-fab1-apic1# 
DEBUG:netmiko:read_channel: 
DEBUG:netmiko:write_channel: b'\n'
DEBUG:netmiko:read_channel: 
DEBUG:netmiko:write_channel: b'\n'
DEBUG:netmiko:read_channel: 
DEBUG:netmiko:write_channel: b'\n'
DEBUG:netmiko:read_channel: 
DEBUG:netmiko:write_channel: b'\n'
DEBUG:netmiko:read_channel: 
DEBUG:netmiko:write_channel: b'\n'
DEBUG:netmiko:read_channel: 
%                                                                                                                                                                                                                                                                                                                                                                                                                                                                                                                              
 

svlngen4-fab1-apic1# 
DEBUG:netmiko:read_channel: 
DEBUG:netmiko:[find_prompt()]: prompt is svlngen4-fab1-apic1#
DEBUG:netmiko:write_channel: b'df -h | grep tech\n'
DEBUG:netmiko:read_channel: 
DEBUG:netmiko:read_channel: 
DEBUG:netmiko:read_channel: 
%                                                                                                                                                                                                                                                                                                                                                                                                                                                                                                                              
 

DEBUG:netmiko:read_channel: 
DEBUG:netmiko:read_channel: 
svlngen4-fab1-apic1# 
%                                                                                                                                                                                                                                                                                                                                                                                                                                                                                                                              
 

svlngen4-fab1-apic1# 
%                                                                                                                                                                                                                                                                                                                                                                                                                                                                                                                              
 

svlngen4-fab1-apic1# 
%                                                                                                                                                                                                                                                                                                                                                                                                                                                                                                                              
 

svlngen4-fab1-apic1# 
DEBUG:netmiko:read_channel: 
DEBUG:netmiko:read_channel: 
DEBUG:netmiko:read_channel: 
DEBUG:netmiko:read_channel: 
DEBUG:netmiko:read_channel: 
DEBUG:netmiko:read_channel: 
DEBUG:netmiko:read_channel: 
DEBUG:netmiko:read_channel: 
DEBUG:netmiko:read_channel: 
DEBUG:netmiko:read_channel: 
DEBUG:netmiko:read_channel: 
DEBUG:netmiko:read_channel: 
DEBUG:netmiko:read_channel: 
DEBUG:netmiko:read_channel: 
DEBUG:netmiko:read_channel: ddf -h | grep tech

DEBUG:netmiko:Pattern found: (df\ \-h\ \|\ grep\ tech) 
%                                                                                                                                                                                                                                                                                                                                                                                                                                                                                                                              
 

svlngen4-fab1-apic1# 
%                                                                                                                                                                                                                                                                                                                                                                                                                                                                                                                              
 

svlngen4-fab1-apic1# 
%                                                                                                                                                                                                                                                                                                                                                                                                                                                                                                                              
 

svlngen4-fab1-apic1# 
%                                                                                                                                                                                                                                                                                                                                                                                                                                                                                                                              
 

svlngen4-fab1-apic1# ddf -h | grep tech
DEBUG:netmiko:read_channel: /dev/mapper/vg_ifc0-techsupport   40G   49M   38G   1% /data/techsupport
%                                                                                                                                                                                                                                                                                                                                                                                                                                                                                                                              
 

svlngen4-fab1-apic1# 
DEBUG:netmiko:read_channel: 
DEBUG:netmiko:write_channel: b'\n'
DEBUG:netmiko:read_channel: 
DEBUG:netmiko:write_channel: b'\n'
DEBUG:netmiko:read_channel: 
DEBUG:netmiko:write_channel: b'\n'
DEBUG:netmiko:read_channel: 
DEBUG:netmiko:write_channel: b'\n'
DEBUG:netmiko:read_channel: 
DEBUG:netmiko:write_channel: b'\n'
DEBUG:netmiko:read_channel: 
%                                                                                                                                                                                                                                                                                                                                                                                                                                                                                                                              
 

svlngen4-fab1-apic1# 
DEBUG:netmiko:read_channel: 
DEBUG:netmiko:[find_prompt()]: prompt is svlngen4-fab1-apic1#
DEBUG:netmiko:write_channel: b'find /data/techsupport -mtime +30 -ls | grep .gz\n'
DEBUG:netmiko:read_channel: 
DEBUG:netmiko:read_channel: 
DEBUG:netmiko:read_channel: 
DEBUG:netmiko:read_channel: 
DEBUG:netmiko:read_channel: 
DEBUG:netmiko:read_channel: 
DEBUG:netmiko:read_channel: 
DEBUG:netmiko:read_channel: 
DEBUG:netmiko:read_channel: 
DEBUG:netmiko:read_channel: 
DEBUG:netmiko:read_channel: 
DEBUG:netmiko:read_channel: 
DEBUG:netmiko:read_channel: 
%                                                                                                                                                                                                                                                                                                                                                                                                                                                                                                                              
 

svlngen4-fab1-apic1# 
%                                                                                                                                                                                                                                                                                                                                                                                                                                                                                                                              
 

svlngen4-fab1-apic1# 
%                                                                                                                                                                                                                                                                                                                                                                                                                                                                                                                              
 

svlngen4-fab1-apic1# 
%                                                                                                                                                                                                                                                                                                                                                                                                                                                                                                                              
 

svlngen4-fab1-apic1# 
DEBUG:netmiko:read_channel: 
DEBUG:netmiko:read_channel: 
DEBUG:netmiko:read_channel: 
DEBUG:netmiko:read_channel: 
DEBUG:netmiko:read_channel: 
DEBUG:netmiko:read_channel: 
DEBUG:netmiko:read_channel: 
DEBUG:netmiko:read_channel: 
DEBUG:netmiko:read_channel: 
DEBUG:netmiko:read_channel: 
DEBUG:netmiko:read_channel: 
DEBUG:netmiko:read_channel: 
DEBUG:netmiko:read_channel: 
DEBUG:netmiko:read_channel: 
DEBUG:netmiko:read_channel: 
DEBUG:netmiko:read_channel: 
DEBUG:netmiko:read_channel: 
DEBUG:netmiko:read_channel: 
DEBUG:netmiko:read_channel: 
DEBUG:netmiko:read_channel: 
DEBUG:netmiko:read_channel: 
DEBUG:netmiko:read_channel: 
DEBUG:netmiko:read_channel: 
DEBUG:netmiko:read_channel: ffind /data/techsupport -mtime +30 -ls |
DEBUG:netmiko:read_channel: 
DEBUG:netmiko:read_channel: 
DEBUG:netmiko:read_channel: 
DEBUG:netmiko:read_channel: 
DEBUG:netmiko:read_channel: 
DEBUG:netmiko:read_channel: 
DEBUG:netmiko:read_channel: 
DEBUG:netmiko:read_channel: 
DEBUG:netmiko:read_channel: 
DEBUG:netmiko:read_channel: 
DEBUG:netmiko:read_channel: 
DEBUG:netmiko:read_channel: 
DEBUG:netmiko:read_channel: 
DEBUG:netmiko:read_channel: 
DEBUG:netmiko:read_channel: 
DEBUG:netmiko:read_channel: 
DEBUG:netmiko:read_channel: 
DEBUG:netmiko:read_channel: 
DEBUG:netmiko:read_channel: 
DEBUG:netmiko:read_channel: 
DEBUG:netmiko:read_channel: 
DEBUG:netmiko:read_channel: 
DEBUG:netmiko:read_channel: 
DEBUG:netmiko:read_channel:  grep .gz
find: '/data/techsupport/lost+found': Permission denied
%                                                                                                                                                                                                                                                                                                                                                                                                                                                                                                                              
 

svlngen4-fab1-apic1# 
DEBUG:netmiko:Pattern found: (find\ /data/techsupport\ \-mtime\ \+30\ \-ls\ \|\ grep\ \.gz) 
%                                                                                                                                                                                                                                                                                                                                                                                                                                                                                                                              
 

svlngen4-fab1-apic1# 
%                                                                                                                                                                                                                                                                                                                                                                                                                                                                                                                              
 

svlngen4-fab1-apic1# 
%                                                                                                                                                                                                                                                                                                                                                                                                                                                                                                                              
 

svlngen4-fab1-apic1# 
%                                                                                                                                                                                                                                                                                                                                                                                                                                                                                                                              
 

svlngen4-fab1-apic1# ffind /data/techsupport -mtime +30 -ls | grep .gz
DEBUG:netmiko:read_channel: 
DEBUG:netmiko:read_channel: 
DEBUG:netmiko:write_channel: b'\n'
DEBUG:netmiko:read_channel: 
DEBUG:netmiko:write_channel: b'\n'
DEBUG:netmiko:read_channel: 
DEBUG:netmiko:write_channel: b'\n'
DEBUG:netmiko:read_channel: 
DEBUG:netmiko:write_channel: b'\n'
DEBUG:netmiko:read_channel: 
DEBUG:netmiko:write_channel: b'\n'
DEBUG:netmiko:read_channel: 
%                                                                                                                                                                                                                                                                                                                                                                                                                                                                                                                              
 

svlngen4-fab1-apic1# 
DEBUG:netmiko:read_channel: 
DEBUG:netmiko:[find_prompt()]: prompt is svlngen4-fab1-apic1#
DEBUG:netmiko:write_channel: b'find /data/techsupport -type f -mtime +30 | xargs rm -fv *.gz\n'
DEBUG:netmiko:read_channel: 
DEBUG:netmiko:read_channel: 
DEBUG:netmiko:read_channel: 
DEBUG:netmiko:read_channel: 
DEBUG:netmiko:read_channel: 
DEBUG:netmiko:read_channel: 
DEBUG:netmiko:read_channel: 
DEBUG:netmiko:read_channel: 
DEBUG:netmiko:read_channel: 
DEBUG:netmiko:read_channel: 
DEBUG:netmiko:read_channel: 
DEBUG:netmiko:read_channel: 
DEBUG:netmiko:read_channel: 
%                                                                                                                                                                                                                                                                                                                                                                                                                                                                                                                              
 

svlngen4-fab1-apic1# 
%                                                                                                                                                                                                                                                                                                                                                                                                                                                                                                                              
 

svlngen4-fab1-apic1# 
%                                                                                                                                                                                                                                                                                                                                                                                                                                                                                                                              
 

svlngen4-fab1-apic1# 
%                                                                                                                                                                                                                                                                                                                                                                                                                                                                                                                              
 

svlngen4-fab1-apic1# 
DEBUG:netmiko:read_channel: 
DEBUG:netmiko:read_channel: 
DEBUG:netmiko:read_channel: 
DEBUG:netmiko:read_channel: 
DEBUG:netmiko:read_channel: 
DEBUG:netmiko:read_channel: 
DEBUG:netmiko:read_channel: 
DEBUG:netmiko:read_channel: 
DEBUG:netmiko:read_channel: 
DEBUG:netmiko:read_channel: 
DEBUG:netmiko:read_channel: 
DEBUG:netmiko:read_channel: 
DEBUG:netmiko:read_channel: 
DEBUG:netmiko:read_channel: 
DEBUG:netmiko:read_channel: 
DEBUG:netmiko:read_channel: 
DEBUG:netmiko:read_channel: 
DEBUG:netmiko:read_channel: 
DEBUG:netmiko:read_channel: 
DEBUG:netmiko:read_channel: 
DEBUG:netmiko:read_channel: 
DEBUG:netmiko:read_channel: 
DEBUG:netmiko:read_channel: 
DEBUG:netmiko:read_channel: 
DEBUG:netmiko:read_channel: 
DEBUG:netmiko:read_channel: f
DEBUG:netmiko:read_channel: find /data/techsupport -type f -mtime +30 | xargs rm -fv *.gz
zsh: no matches found: *.gz
%                                                                                                                                                                                                                                                                                                                                                                                                                                                                                                                              
 

svlngen4-fab1-apic1# 
DEBUG:netmiko:Pattern found: (find\ /data/techsupport\ \-type\ f\ \-mtime\ \+30\ \|\ xargs\ rm\ \-fv\ \*\.gz) 
%                                                                                                                                                                                                                                                                                                                                                                                                                                                                                                                              
 

svlngen4-fab1-apic1# 
%                                                                                                                                                                                                                                                                                                                                                                                                                                                                                                                              
 

svlngen4-fab1-apic1# 
%                                                                                                                                                                                                                                                                                                                                                                                                                                                                                                                              
 

svlngen4-fab1-apic1# 
%                                                                                                                                                                                                                                                                                                                                                                                                                                                                                                                              
 

svlngen4-fab1-apic1# ffind /data/techsupport -type f -mtime +30 | xargs rm -fv *.gz
DEBUG:netmiko:read_channel: 
DEBUG:netmiko:read_channel: 
DEBUG:netmiko:write_channel: b'\n'
DEBUG:netmiko:read_channel: 
DEBUG:netmiko:write_channel: b'\n'
DEBUG:netmiko:read_channel: 
DEBUG:netmiko:write_channel: b'\n'
DEBUG:netmiko:read_channel: 
DEBUG:netmiko:write_channel: b'\n'
DEBUG:netmiko:read_channel: 
DEBUG:netmiko:write_channel: b'\n'
DEBUG:netmiko:read_channel: 
%                                                                                                                                                                                                                                                                                                                                                                                                                                                                                                                              
 

svlngen4-fab1-apic1# 
DEBUG:netmiko:read_channel: 
DEBUG:netmiko:[find_prompt()]: prompt is svlngen4-fab1-apic1#
DEBUG:netmiko:write_channel: b'cd /data/techsupport/\n'
DEBUG:netmiko:read_channel: 
DEBUG:netmiko:read_channel: 
DEBUG:netmiko:read_channel: 
DEBUG:netmiko:read_channel: 
DEBUG:netmiko:read_channel: 
DEBUG:netmiko:read_channel: 
DEBUG:netmiko:read_channel: 
DEBUG:netmiko:read_channel: 
DEBUG:netmiko:read_channel: 
DEBUG:netmiko:read_channel: 
DEBUG:netmiko:read_channel: 
DEBUG:netmiko:read_channel: 
DEBUG:netmiko:read_channel: 
DEBUG:netmiko:read_channel: 
DEBUG:netmiko:read_channel: 
DEBUG:netmiko:read_channel: 
DEBUG:netmiko:read_channel: 
DEBUG:netmiko:read_channel: 
DEBUG:netmiko:read_channel: 
%                                                                                                                                                                                                                                                                                                                                                                                                                                                                                                                              
 

svlngen4-fab1-apic1# 
%                                                                                                                                                                                                                                                                                                                                                                                                                                                                                                                              
 

svlngen4-fab1-apic1# 
%                                                                                                                                                                                                                                                                                                                                                                                                                                                                                                                              
 

svlngen4-fab1-apic1# 
%                                                                                                                                                                                                                                                                                                                                                                                                                                                                                                                              
 

svlngen4-fab1-apic1# 
DEBUG:netmiko:read_channel: 
DEBUG:netmiko:read_channel: 
DEBUG:netmiko:read_channel: 
DEBUG:netmiko:read_channel: 
DEBUG:netmiko:read_channel: 
DEBUG:netmiko:read_channel: 
DEBUG:netmiko:read_channel: 
DEBUG:netmiko:read_channel: 
DEBUG:netmiko:read_channel: 
DEBUG:netmiko:read_channel: 
DEBUG:netmiko:read_channel: 
DEBUG:netmiko:read_channel: 
DEBUG:netmiko:read_channel: 
DEBUG:netmiko:read_channel: 
DEBUG:netmiko:read_channel: 
DEBUG:netmiko:read_channel: 
DEBUG:netmiko:read_channel: ccd /data/techsupport/
%                                                                                                                                                                                                                                                                                                                                                                                                                                                                                                                              
 

svlngen4-fab1-apic1# 
DEBUG:netmiko:Pattern found: (cd\ /data/techsupport/) 
%                                                                                                                                                                                                                                                                                                                                                                                                                                                                                                                              
 

svlngen4-fab1-apic1# 
%                                                                                                                                                                                                                                                                                                                                                                                                                                                                                                                              
 

svlngen4-fab1-apic1# 
%                                                                                                                                                                                                                                                                                                                                                                                                                                                                                                                              
 

svlngen4-fab1-apic1# 
%                                                                                                                                                                                                                                                                                                                                                                                                                                                                                                                              
 

svlngen4-fab1-apic1# ccd /data/techsupport/
DEBUG:netmiko:read_channel: 
DEBUG:netmiko:read_channel: 
DEBUG:netmiko:write_channel: b'\n'
DEBUG:netmiko:read_channel: 
DEBUG:netmiko:write_channel: b'\n'
DEBUG:netmiko:read_channel: 
DEBUG:netmiko:write_channel: b'\n'
DEBUG:netmiko:read_channel: 
DEBUG:netmiko:write_channel: b'\n'
DEBUG:netmiko:read_channel: 
DEBUG:netmiko:write_channel: b'\n'
DEBUG:netmiko:read_channel: 
%                                                                                                                                                                                                                                                                                                                                                                                                                                                                                                                              
 

svlngen4-fab1-apic1# 
DEBUG:netmiko:read_channel: 
DEBUG:netmiko:[find_prompt()]: prompt is svlngen4-fab1-apic1#
DEBUG:netmiko:write_channel: b'ls -l\n'
DEBUG:netmiko:read_channel: 
DEBUG:netmiko:read_channel: 
DEBUG:netmiko:read_channel: 
DEBUG:netmiko:read_channel: 
%                                                                                                                                                                                                                                                                                                                                                                                                                                                                                                                              
 

DEBUG:netmiko:read_channel: 
svlngen4-fab1-apic1# 
%                                                                                                                                                                                                                                                                                                                                                                                                                                                                                                                              
 

svlngen4-fab1-apic1# 
%                                                                                                                                                                                                                                                                                                                                                                                                                                                                                                                              
 

svlngen4-fab1-apic1# 
%                                                                                                                                                                                                                                                                                                                                                                                                                                                                                                                              
 

DEBUG:netmiko:read_channel: 
svlngen4-fab1-apic1# 
DEBUG:netmiko:read_channel: 
DEBUG:netmiko:read_channel: 
DEBUG:netmiko:read_channel: 
DEBUG:netmiko:read_channel: 
DEBUG:netmiko:read_channel: 
DEBUG:netmiko:read_channel: 
DEBUG:netmiko:read_channel: 
DEBUG:netmiko:read_channel: 
DEBUG:netmiko:read_channel: 
DEBUG:netmiko:read_channel: 
DEBUG:netmiko:read_channel: 
DEBUG:netmiko:read_channel: 
DEBUG:netmiko:read_channel: 
DEBUG:netmiko:read_channel: 
DEBUG:netmiko:read_channel: 
DEBUG:netmiko:read_channel: 
DEBUG:netmiko:read_channel: lls -l

DEBUG:netmiko:Pattern found: (ls\ \-l) 
%                                                                                                                                                                                                                                                                                                                                                                                                                                                                                                                              
 

svlngen4-fab1-apic1# 
%                                                                                                                                                                                                                                                                                                                                                                                                                                                                                                                              
 

svlngen4-fab1-apic1# 
%                                                                                                                                                                                                                                                                                                                                                                                                                                                                                                                              
 

svlngen4-fab1-apic1# 
%                                                                                                                                                                                                                                                                                                                                                                                                                                                                                                                              
 

svlngen4-fab1-apic1# lls -l
DEBUG:netmiko:read_channel: total 36
drwxrwxr-x 2 ifc   admin  4096 Apr 20 04:07 debug
drwxrwxrwx 2 root  root   4096 Apr  5 04:23 heapstats
drwx------ 2 root  root  16384 Nov 22  2019 lost+found
drwxr-xr-x 2 admin admin  4096 Apr 23 23:13 test.txt
drwxrwxrwx 2 root  root   4096 Dec 12  2019 troubleshoot
drwx------ 2 admin admin  4096 Apr 23 23:22 upgradeTriages
%                                                                                                                                                                                                                                                                                                                                                                                                                                                                                                                              
 

svlngen4-fab1-apic1# 
DEBUG:netmiko:read_channel: 
DEBUG:netmiko:write_channel: b'\n'
DEBUG:netmiko:read_channel: 
DEBUG:netmiko:write_channel: b'\n'
DEBUG:netmiko:read_channel: 
DEBUG:netmiko:write_channel: b'\n'
DEBUG:netmiko:read_channel: 
DEBUG:netmiko:write_channel: b'\n'
DEBUG:netmiko:read_channel: 
DEBUG:netmiko:write_channel: b'\n'
DEBUG:netmiko:read_channel: 
%                                                                                                                                                                                                                                                                                                                                                                                                                                                                                                                              
 

svlngen4-fab1-apic1# 
DEBUG:netmiko:read_channel: 
DEBUG:netmiko:[find_prompt()]: prompt is svlngen4-fab1-apic1#
DEBUG:netmiko:write_channel: b'df -h | grep tech\n'
DEBUG:netmiko:read_channel: 
DEBUG:netmiko:read_channel: 
DEBUG:netmiko:read_channel: 
%                                                                                                                                                                                                                                                                                                                                                                                                                                                                                                                              
 

DEBUG:netmiko:read_channel: 
svlngen4-fab1-apic1# 
%                                                                                                                                                                                                                                                                                                                                                                                                                                                                                                                              
 

DEBUG:netmiko:read_channel: 
DEBUG:netmiko:read_channel: 
svlngen4-fab1-apic1# 
%                                                                                                                                                                                                                                                                                                                                                                                                                                                                                                                              
 

svlngen4-fab1-apic1# 
%                                                                                                                                                                                                                                                                                                                                                                                                                                                                                                                              
 

svlngen4-fab1-apic1# 
DEBUG:netmiko:read_channel: 
DEBUG:netmiko:read_channel: 
DEBUG:netmiko:read_channel: 
DEBUG:netmiko:read_channel: 
DEBUG:netmiko:read_channel: 
DEBUG:netmiko:read_channel: 
DEBUG:netmiko:read_channel: 
DEBUG:netmiko:read_channel: 
DEBUG:netmiko:read_channel: 
DEBUG:netmiko:read_channel: 
DEBUG:netmiko:read_channel: 
DEBUG:netmiko:read_channel: 
DEBUG:netmiko:read_channel: 
DEBUG:netmiko:read_channel: 
DEBUG:netmiko:read_channel: 
DEBUG:netmiko:read_channel: 
DEBUG:netmiko:read_channel: 
DEBUG:netmiko:read_channel: ddf -h | grep tech

DEBUG:netmiko:Pattern found: (df\ \-h\ \|\ grep\ tech) 
%                                                                                                                                                                                                                                                                                                                                                                                                                                                                                                                              
 

svlngen4-fab1-apic1# 
%                                                                                                                                                                                                                                                                                                                                                                                                                                                                                                                              
 

svlngen4-fab1-apic1# 
%                                                                                                                                                                                                                                                                                                                                                                                                                                                                                                                              
 

svlngen4-fab1-apic1# 
%                                                                                                                                                                                                                                                                                                                                                                                                                                                                                                                              
 

svlngen4-fab1-apic1# ddf -h | grep tech
DEBUG:netmiko:read_channel: /dev/mapper/vg_ifc0-techsupport   40G   49M   38G   1% /data/techsupport
%                                                                                                                                                                                                                                                                                                                                                                                                                                                                                                                              
 

svlngen4-fab1-apic1# 
DEBUG:paramiko.transport:starting thread (client mode): 0x35470a0
DEBUG:paramiko.transport:Local version/idstring: SSH-2.0-paramiko_2.10.3
DEBUG:paramiko.transport:Remote version/idstring: SSH-2.0-OpenSSH_8.2
INFO:paramiko.transport:Connected (version 2.0, client OpenSSH_8.2)
DEBUG:paramiko.transport:=== Key exchange possibilities ===
DEBUG:paramiko.transport:kex algos: curve25519-sha256, curve25519-sha256@libssh.org, diffie-hellman-group1-sha1, diffie-hellman-group14-sha1, diffie-hellman-group14-sha256, diffie-hellman-group16-sha512, ecdh-sha2-nistp256, ecdh-sha2-nistp384, ecdh-sha2-nistp521
DEBUG:paramiko.transport:server key: ssh-rsa
DEBUG:paramiko.transport:client encrypt: aes128-ctr, aes192-ctr, aes256-ctr
DEBUG:paramiko.transport:server encrypt: aes128-ctr, aes192-ctr, aes256-ctr
DEBUG:paramiko.transport:client mac: hmac-sha1, hmac-sha2-256, hmac-sha2-512
DEBUG:paramiko.transport:server mac: hmac-sha1, hmac-sha2-256, hmac-sha2-512
DEBUG:paramiko.transport:client compress: none, zlib@openssh.com
DEBUG:paramiko.transport:server compress: none, zlib@openssh.com
DEBUG:paramiko.transport:client lang: <none>
DEBUG:paramiko.transport:server lang: <none>
DEBUG:paramiko.transport:kex follows: False
DEBUG:paramiko.transport:=== Key exchange agreements ===
DEBUG:paramiko.transport:Kex: curve25519-sha256@libssh.org
DEBUG:paramiko.transport:HostKey: ssh-rsa
DEBUG:paramiko.transport:Cipher: aes128-ctr
DEBUG:paramiko.transport:MAC: hmac-sha2-256
DEBUG:paramiko.transport:Compression: none
DEBUG:paramiko.transport:=== End of kex handshake ===
DEBUG:paramiko.transport:kex engine KexCurve25519 specified hash_algo <built-in function openssl_sha256>
DEBUG:paramiko.transport:Switch to new keys ...
DEBUG:paramiko.transport:Got EXT_INFO: {'server-sig-algs': b'ssh-ed25519,sk-ssh-ed25519@openssh.com,ssh-rsa,rsa-sha2-256,rsa-sha2-512,ssh-dss,ecdsa-sha2-nistp256,ecdsa-sha2-nistp384,ecdsa-sha2-nistp521,sk-ecdsa-sha2-nistp256@openssh.com'}
DEBUG:paramiko.transport:Adding ssh-rsa host key for svlngen4-fab1-apic1: b'cb2da8ed61e467840f2aac1ca52bcede'
DEBUG:paramiko.transport:userauth is OK
INFO:paramiko.transport:Auth banner: b'Application Policy Infrastructure Controller\n'
INFO:paramiko.transport:Authentication (password) successful!
DEBUG:paramiko.transport:[chan 0] Max packet in: 32768 bytes
DEBUG:paramiko.transport:Received global request "hostkeys-00@openssh.com"
DEBUG:paramiko.transport:Rejecting "hostkeys-00@openssh.com" global request from server.
DEBUG:paramiko.transport:[chan 0] Max packet out: 32768 bytes
DEBUG:paramiko.transport:Secsh channel 0 opened.
DEBUG:paramiko.transport:[chan 0] Sesch channel 0 request ok
DEBUG:paramiko.transport:[chan 0] Sesch channel 0 request ok
DEBUG:netmiko:read_channel: 
DEBUG:netmiko:read_channel: 
DEBUG:netmiko:read_channel: 
DEBUG:netmiko:read_channel: 
DEBUG:netmiko:read_channel: 
DEBUG:netmiko:read_channel: 
DEBUG:netmiko:read_channel: 
DEBUG:netmiko:read_channel: 
DEBUG:netmiko:read_channel: 
DEBUG:netmiko:read_channel: 
DEBUG:netmiko:read_channel: 
DEBUG:netmiko:read_channel: 
DEBUG:netmiko:read_channel: 
DEBUG:netmiko:read_channel: 
DEBUG:netmiko:read_channel: 
DEBUG:netmiko:read_channel: 
DEBUG:netmiko:read_channel: 
DEBUG:netmiko:read_channel: 
DEBUG:netmiko:read_channel: 
DEBUG:netmiko:read_channel: 
DEBUG:netmiko:read_channel: 
DEBUG:netmiko:read_channel: 
DEBUG:netmiko:read_channel: 
DEBUG:netmiko:read_channel: 
DEBUG:netmiko:read_channel: 
DEBUG:netmiko:read_channel: 
DEBUG:netmiko:read_channel: 
DEBUG:netmiko:read_channel: 
DEBUG:netmiko:read_channel: 
DEBUG:netmiko:read_channel: 
DEBUG:netmiko:read_channel: 
DEBUG:netmiko:read_channel: 
DEBUG:netmiko:read_channel: 
DEBUG:netmiko:read_channel: 
DEBUG:netmiko:read_channel: 
DEBUG:netmiko:read_channel: 
DEBUG:netmiko:read_channel: 
DEBUG:netmiko:read_channel: 
DEBUG:netmiko:read_channel: 
DEBUG:netmiko:read_channel: 
DEBUG:netmiko:read_channel: 
DEBUG:netmiko:read_channel: 
DEBUG:netmiko:read_channel: 
DEBUG:netmiko:read_channel: 
DEBUG:netmiko:read_channel: 
DEBUG:netmiko:read_channel: 
DEBUG:netmiko:read_channel: 
DEBUG:netmiko:read_channel: 
DEBUG:netmiko:read_channel: 
DEBUG:netmiko:read_channel: 
DEBUG:netmiko:read_channel: 
DEBUG:netmiko:read_channel: 
DEBUG:netmiko:read_channel: 
DEBUG:netmiko:read_channel: 
DEBUG:netmiko:read_channel: 
DEBUG:netmiko:read_channel: 
DEBUG:netmiko:read_channel: 
DEBUG:netmiko:read_channel: 
DEBUG:netmiko:read_channel: 
DEBUG:netmiko:read_channel: 
DEBUG:netmiko:read_channel: 
DEBUG:netmiko:read_channel: 
DEBUG:netmiko:read_channel: Last login: 2022-04-24T00:09:28.000-07:00 UTC

DEBUG:netmiko:read_channel: 
DEBUG:netmiko:read_channel: 
DEBUG:netmiko:read_channel: 
DEBUG:netmiko:read_channel: %                                                                                                                                                                                                                                                                                                                                                                                                                                                                                                                              
 

svlngen4-fab1-apic1# 
DEBUG:netmiko:Pattern found: ([>#]) Last login: 2022-04-24T00:09:28.000-07:00 UTC
%                                                                                                                                                                                                                                                                                                                                                                                                                                                                                                                              
 

svlngen4-fab1-apic1#
DEBUG:netmiko:write_channel: b'terminal width 511\n'
DEBUG:netmiko:read_channel: 
DEBUG:netmiko:read_channel: 
DEBUG:netmiko:read_channel: 
DEBUG:netmiko:read_channel: 
DEBUG:netmiko:read_channel: 
DEBUG:netmiko:read_channel: 
DEBUG:netmiko:read_channel: 
DEBUG:netmiko:read_channel: 
DEBUG:netmiko:read_channel: 
DEBUG:netmiko:read_channel: 
DEBUG:netmiko:read_channel: 
DEBUG:netmiko:read_channel: 
DEBUG:netmiko:read_channel: 
DEBUG:netmiko:read_channel: 
DEBUG:netmiko:read_channel: 
DEBUG:netmiko:read_channel: 
DEBUG:netmiko:read_channel: 
DEBUG:netmiko:read_channel: 
DEBUG:netmiko:read_channel: 
DEBUG:netmiko:read_channel: 
DEBUG:netmiko:read_channel: 
DEBUG:netmiko:read_channel: 
DEBUG:netmiko:read_channel: tterminal width 51
DEBUG:netmiko:read_channel: 
DEBUG:netmiko:read_channel: 
DEBUG:netmiko:read_channel: 
DEBUG:netmiko:read_channel: 
DEBUG:netmiko:read_channel: 
DEBUG:netmiko:read_channel: 
DEBUG:netmiko:read_channel: 
DEBUG:netmiko:read_channel: 
DEBUG:netmiko:read_channel: 
DEBUG:netmiko:read_channel: 
DEBUG:netmiko:read_channel: 
DEBUG:netmiko:read_channel: 
DEBUG:netmiko:read_channel: 
DEBUG:netmiko:read_channel: 
DEBUG:netmiko:read_channel: 
DEBUG:netmiko:read_channel: 
DEBUG:netmiko:read_channel: 
DEBUG:netmiko:read_channel: 
DEBUG:netmiko:read_channel: 
DEBUG:netmiko:read_channel: 
DEBUG:netmiko:read_channel: 1
%                                                                                                                                                                                                                                                                                                                                                                                                                                                                                                                              
 

svlngen4-fab1-apic1# 
DEBUG:netmiko:Pattern found: (terminal width 511)  tterminal width 511
DEBUG:netmiko:In disable_paging
DEBUG:netmiko:Command: terminal length 0

DEBUG:netmiko:write_channel: b'terminal length 0\n'
DEBUG:netmiko:read_channel: 
DEBUG:netmiko:read_channel: 
DEBUG:netmiko:read_channel: 
DEBUG:netmiko:read_channel: 
DEBUG:netmiko:read_channel: 
DEBUG:netmiko:read_channel: 
DEBUG:netmiko:read_channel: 
DEBUG:netmiko:read_channel: 
DEBUG:netmiko:read_channel: 
DEBUG:netmiko:read_channel: 
DEBUG:netmiko:read_channel: 
DEBUG:netmiko:read_channel: 
DEBUG:netmiko:read_channel: 
DEBUG:netmiko:read_channel: 
DEBUG:netmiko:read_channel: 
DEBUG:netmiko:read_channel: 
DEBUG:netmiko:read_channel: 
DEBUG:netmiko:read_channel: 
DEBUG:netmiko:read_channel: 
DEBUG:netmiko:read_channel: 
DEBUG:netmiko:read_channel: 
DEBUG:netmiko:read_channel: 
DEBUG:netmiko:read_channel: tterminal length 0
%                                                                                                                                                                                                                                                                                                                                                                                                                                                                                                                              
 

svlngen4-fab1-apic1# 
DEBUG:netmiko:Pattern found: (terminal\ length\ 0) 
%                                                                                                                                                                                                                                                                                                                                                                                                                                                                                                                              
 

svlngen4-fab1-apic1# tterminal length 0
DEBUG:netmiko:
%                                                                                                                                                                                                                                                                                                                                                                                                                                                                                                                              
 

svlngen4-fab1-apic1# tterminal length 0
DEBUG:netmiko:Exiting disable_paging
DEBUG:netmiko:read_channel: 
DEBUG:netmiko:Clear buffer detects data in the channel
DEBUG:netmiko:read_channel: 
DEBUG:netmiko:write_channel: b'\n'
DEBUG:netmiko:read_channel: 
DEBUG:netmiko:read_channel: 
DEBUG:netmiko:read_channel: 
DEBUG:netmiko:read_channel: 
DEBUG:netmiko:read_channel: 
DEBUG:netmiko:read_channel: 
DEBUG:netmiko:read_channel: 
DEBUG:netmiko:read_channel: 
DEBUG:netmiko:read_channel: 
DEBUG:netmiko:read_channel: 
DEBUG:netmiko:read_channel: 
DEBUG:netmiko:read_channel: 
DEBUG:netmiko:read_channel: 
DEBUG:netmiko:read_channel: 
DEBUG:netmiko:read_channel: 
DEBUG:netmiko:read_channel: 
DEBUG:netmiko:read_channel: 
DEBUG:netmiko:read_channel: 
DEBUG:netmiko:read_channel: 
DEBUG:netmiko:read_channel: 
DEBUG:netmiko:read_channel: 
DEBUG:netmiko:read_channel: 
DEBUG:netmiko:read_channel: 
DEBUG:netmiko:read_channel: 
%                                                                                                                                                                                                                                                                                                                                                                                                                                                                                                                              
 

svlngen4-fab1-apic1# 
DEBUG:netmiko:Pattern found: (\#|>) 
%                                                                                                                                                                                                                                                                                                                                                                                                                                                                                                                              
 

svlngen4-fab1-apic1#
DEBUG:netmiko:read_channel: 
DEBUG:netmiko:Clear buffer detects data in the channel
DEBUG:netmiko:read_channel: 
DEBUG:netmiko:[find_prompt()]: prompt is svlngen4-fab1-apic1#
DEBUG:netmiko:read_channel: 
DEBUG:netmiko:write_channel: b'\n'
DEBUG:netmiko:read_channel: 
DEBUG:netmiko:write_channel: b'\n'
DEBUG:netmiko:read_channel: 
DEBUG:netmiko:write_channel: b'\n'
DEBUG:netmiko:read_channel: 
DEBUG:netmiko:write_channel: b'\n'
DEBUG:netmiko:read_channel: 
DEBUG:netmiko:write_channel: b'\n'
DEBUG:netmiko:read_channel: 
%                                                                                                                                                                                                                                                                                                                                                                                                                                                                                                                              
 

svlngen4-fab1-apic1# 
DEBUG:netmiko:read_channel: 
DEBUG:netmiko:[find_prompt()]: prompt is svlngen4-fab1-apic1#
DEBUG:netmiko:write_channel: b'cd /data/techsupport/\n'
DEBUG:netmiko:read_channel: 
DEBUG:netmiko:read_channel: 
DEBUG:netmiko:read_channel: 
DEBUG:netmiko:read_channel: 
%                                                                                                                                                                                                                                                                                                                                                                                                                                                                                                                              
 

DEBUG:netmiko:read_channel: 
svlngen4-fab1-apic1# 
%                                                                                                                                                                                                                                                                                                                                                                                                                                                                                                                              
 

svlngen4-fab1-apic1# 
%                                                                                                                                                                                                                                                                                                                                                                                                                                                                                                                              
 

DEBUG:netmiko:read_channel: 
svlngen4-fab1-apic1# 
%                                                                                                                                                                                                                                                                                                                                                                                                                                                                                                                              
 

svlngen4-fab1-apic1# 
DEBUG:netmiko:read_channel: 
DEBUG:netmiko:read_channel: 
DEBUG:netmiko:read_channel: 
DEBUG:netmiko:read_channel: 
DEBUG:netmiko:read_channel: 
DEBUG:netmiko:read_channel: 
DEBUG:netmiko:read_channel: 
DEBUG:netmiko:read_channel: 
DEBUG:netmiko:read_channel: 
DEBUG:netmiko:read_channel: 
DEBUG:netmiko:read_channel: 
DEBUG:netmiko:read_channel: 
DEBUG:netmiko:read_channel: 
DEBUG:netmiko:read_channel: 
DEBUG:netmiko:read_channel: 
DEBUG:netmiko:read_channel: 
DEBUG:netmiko:read_channel: ccd 
DEBUG:netmiko:read_channel: /data/techsupport/
%                                                                                                                                                                                                                                                                                                                                                                                                                                                                                                                              
 

DEBUG:netmiko:Pattern found: (cd\ /data/techsupport/) 
%                                                                                                                                                                                                                                                                                                                                                                                                                                                                                                                              
 

svlngen4-fab1-apic1# 
%                                                                                                                                                                                                                                                                                                                                                                                                                                                                                                                              
 

svlngen4-fab1-apic1# 
%                                                                                                                                                                                                                                                                                                                                                                                                                                                                                                                              
 

svlngen4-fab1-apic1# 
%                                                                                                                                                                                                                                                                                                                                                                                                                                                                                                                              
 

svlngen4-fab1-apic1# ccd /data/techsupport/
DEBUG:netmiko:read_channel: 
svlngen4-fab1-apic1# 
DEBUG:netmiko:read_channel: 
DEBUG:netmiko:write_channel: b'\n'
DEBUG:netmiko:read_channel: 
DEBUG:netmiko:write_channel: b'\n'
DEBUG:netmiko:read_channel: 
DEBUG:netmiko:write_channel: b'\n'
DEBUG:netmiko:read_channel: 
DEBUG:netmiko:write_channel: b'\n'
DEBUG:netmiko:read_channel: 
DEBUG:netmiko:write_channel: b'\n'
DEBUG:netmiko:read_channel: 
%                                                                                                                                                                                                                                                                                                                                                                                                                                                                                                                              
 

svlngen4-fab1-apic1# 
DEBUG:netmiko:read_channel: 
DEBUG:netmiko:[find_prompt()]: prompt is svlngen4-fab1-apic1#
DEBUG:netmiko:write_channel: b'ls -l\n'
DEBUG:netmiko:read_channel: 
DEBUG:netmiko:read_channel: 
DEBUG:netmiko:read_channel: 
DEBUG:netmiko:read_channel: 
DEBUG:netmiko:read_channel: 
DEBUG:netmiko:read_channel: 
DEBUG:netmiko:read_channel: 
%                                                                                                                                                                                                                                                                                                                                                                                                                                                                                                                              
 

DEBUG:netmiko:read_channel: 
DEBUG:netmiko:read_channel: 
svlngen4-fab1-apic1# 
%                                                                                                                                                                                                                                                                                                                                                                                                                                                                                                                              
 

svlngen4-fab1-apic1# 
%                                                                                                                                                                                                                                                                                                                                                                                                                                                                                                                              
 

svlngen4-fab1-apic1# 
%                                                                                                                                                                                                                                                                                                                                                                                                                                                                                                                              
 

svlngen4-fab1-apic1# 
DEBUG:netmiko:read_channel: 
DEBUG:netmiko:read_channel: 
DEBUG:netmiko:read_channel: 
DEBUG:netmiko:read_channel: 
DEBUG:netmiko:read_channel: 
DEBUG:netmiko:read_channel: 
DEBUG:netmiko:read_channel: 
DEBUG:netmiko:read_channel: 
DEBUG:netmiko:read_channel: 
DEBUG:netmiko:read_channel: 
DEBUG:netmiko:read_channel: 
DEBUG:netmiko:read_channel: 
DEBUG:netmiko:read_channel: 
DEBUG:netmiko:read_channel: 
DEBUG:netmiko:read_channel: 
DEBUG:netmiko:read_channel: 
DEBUG:netmiko:read_channel: 
DEBUG:netmiko:read_channel: lls -l
total 36
drwxrwxr-x 2 ifc   admin  4096 Apr 20 04:07 debug
drwxrwxrwx 2 root  root   4096 Apr  5 04:23 heapstats
drwx------ 2 root  root  16384 Nov 22  2019 lost+found
drwxr-xr-x 2 admin admin  4096 Apr 23 23:13 test.txt
drwxrwxrwx 2 root  root   4096 Dec 12  2019 troubleshoot
drwx------ 2 admin admin  4096 Apr 23 23:22 upgradeTriages
%                                                                                                                                                                                                                                                                                                                                                                                                                                                                                                                              
 

DEBUG:netmiko:Pattern found: (ls\ \-l) 
%                                                                                                                                                                                                                                                                                                                                                                                                                                                                                                                              
 

svlngen4-fab1-apic1# 
%                                                                                                                                                                                                                                                                                                                                                                                                                                                                                                                              
 

svlngen4-fab1-apic1# 
%                                                                                                                                                                                                                                                                                                                                                                                                                                                                                                                              
 

svlngen4-fab1-apic1# 
%                                                                                                                                                                                                                                                                                                                                                                                                                                                                                                                              
 

svlngen4-fab1-apic1# lls -l
DEBUG:netmiko:read_channel: 
svlngen4-fab1-apic1# 
DEBUG:netmiko:read_channel: 
DEBUG:netmiko:write_channel: b'\n'
DEBUG:netmiko:read_channel: 
DEBUG:netmiko:write_channel: b'\n'
DEBUG:netmiko:read_channel: 
DEBUG:netmiko:write_channel: b'\n'
DEBUG:netmiko:read_channel: 
DEBUG:netmiko:write_channel: b'\n'
DEBUG:netmiko:read_channel: 
DEBUG:netmiko:write_channel: b'\n'
DEBUG:netmiko:read_channel: 
%                                                                                                                                                                                                                                                                                                                                                                                                                                                                                                                              
 

svlngen4-fab1-apic1# 
DEBUG:netmiko:read_channel: 
DEBUG:netmiko:[find_prompt()]: prompt is svlngen4-fab1-apic1#
DEBUG:netmiko:write_channel: b'df -h | grep tech\n'
DEBUG:netmiko:read_channel: 
DEBUG:netmiko:read_channel: 
DEBUG:netmiko:read_channel: 
DEBUG:netmiko:read_channel: 
DEBUG:netmiko:read_channel: 
DEBUG:netmiko:read_channel: 
DEBUG:netmiko:read_channel: 
DEBUG:netmiko:read_channel: 
DEBUG:netmiko:read_channel: 
DEBUG:netmiko:read_channel: 
DEBUG:netmiko:read_channel: 
DEBUG:netmiko:read_channel: 
DEBUG:netmiko:read_channel: 
%                                                                                                                                                                                                                                                                                                                                                                                                                                                                                                                              
 

svlngen4-fab1-apic1# 
%                                                                                                                                                                                                                                                                                                                                                                                                                                                                                                                              
 

svlngen4-fab1-apic1# 
%                                                                                                                                                                                                                                                                                                                                                                                                                                                                                                                              
 

svlngen4-fab1-apic1# 
%                                                                                                                                                                                                                                                                                                                                                                                                                                                                                                                              
 

svlngen4-fab1-apic1# 
DEBUG:netmiko:read_channel: 
DEBUG:netmiko:read_channel: 
DEBUG:netmiko:read_channel: 
DEBUG:netmiko:read_channel: 
DEBUG:netmiko:read_channel: 
DEBUG:netmiko:read_channel: 
DEBUG:netmiko:read_channel: 
DEBUG:netmiko:read_channel: 
DEBUG:netmiko:read_channel: 
DEBUG:netmiko:read_channel: 
DEBUG:netmiko:read_channel: 
DEBUG:netmiko:read_channel: 
DEBUG:netmiko:read_channel: 
DEBUG:netmiko:read_channel: 
DEBUG:netmiko:read_channel: 
DEBUG:netmiko:read_channel: 
DEBUG:netmiko:read_channel: 
DEBUG:netmiko:read_channel: 
DEBUG:netmiko:read_channel: 
DEBUG:netmiko:read_channel: 
DEBUG:netmiko:read_channel: 
DEBUG:netmiko:read_channel: 
DEBUG:netmiko:read_channel: 
DEBUG:netmiko:read_channel: 
DEBUG:netmiko:read_channel: 
DEBUG:netmiko:read_channel: ddf -h | grep tech
/dev/mapper/vg_ifc0-techsupport   40G   49M   38G   1% /data/techsupport
%                                                                                                                                                                                                                                                                                                                                                                                                                                                                                                                              
 

svlngen4-fab1-apic1# 
DEBUG:netmiko:Pattern found: (df\ \-h\ \|\ grep\ tech) 
%                                                                                                                                                                                                                                                                                                                                                                                                                                                                                                                              
 

svlngen4-fab1-apic1# 
%                                                                                                                                                                                                                                                                                                                                                                                                                                                                                                                              
 

svlngen4-fab1-apic1# 
%                                                                                                                                                                                                                                                                                                                                                                                                                                                                                                                              
 

svlngen4-fab1-apic1# 
%                                                                                                                                                                                                                                                                                                                                                                                                                                                                                                                              
 

svlngen4-fab1-apic1# ddf -h | grep tech
DEBUG:netmiko:read_channel: 
DEBUG:netmiko:read_channel: 
DEBUG:netmiko:write_channel: b'\n'
DEBUG:netmiko:read_channel: 
DEBUG:netmiko:write_channel: b'\n'
DEBUG:netmiko:read_channel: 
DEBUG:netmiko:write_channel: b'\n'
DEBUG:netmiko:read_channel: 
DEBUG:netmiko:write_channel: b'\n'
DEBUG:netmiko:read_channel: 
DEBUG:netmiko:write_channel: b'\n'
DEBUG:netmiko:read_channel: 
%                                                                                                                                                                                                                                                                                                                                                                                                                                                                                                                              
 

svlngen4-fab1-apic1# 
DEBUG:netmiko:read_channel: 
DEBUG:netmiko:[find_prompt()]: prompt is svlngen4-fab1-apic1#
DEBUG:netmiko:write_channel: b'find /data/techsupport -mtime +30 -ls | grep .gz\n'
DEBUG:netmiko:read_channel: 
DEBUG:netmiko:read_channel: 
DEBUG:netmiko:read_channel: 
DEBUG:netmiko:read_channel: 
DEBUG:netmiko:read_channel: 
DEBUG:netmiko:read_channel: 
DEBUG:netmiko:read_channel: 
DEBUG:netmiko:read_channel: 
DEBUG:netmiko:read_channel: 
DEBUG:netmiko:read_channel: 
DEBUG:netmiko:read_channel: 
DEBUG:netmiko:read_channel: 
DEBUG:netmiko:read_channel: 
DEBUG:netmiko:read_channel: 
%                                                                                                                                                                                                                                                                                                                                                                                                                                                                                                                              
 

svlngen4-fab1-apic1# 
%                                                                                                                                                                                                                                                                                                                                                                                                                                                                                                                              
 

svlngen4-fab1-apic1# 
%                                                                                                                                                                                                                                                                                                                                                                                                                                                                                                                              
 

svlngen4-fab1-apic1# 
%                                                                                                                                                                                                                                                                                                                                                                                                                                                                                                                              
 

svlngen4-fab1-apic1# 
DEBUG:netmiko:read_channel: 
DEBUG:netmiko:read_channel: 
DEBUG:netmiko:read_channel: 
DEBUG:netmiko:read_channel: 
DEBUG:netmiko:read_channel: 
DEBUG:netmiko:read_channel: 
DEBUG:netmiko:read_channel: 
DEBUG:netmiko:read_channel: 
DEBUG:netmiko:read_channel: 
DEBUG:netmiko:read_channel: 
DEBUG:netmiko:read_channel: 
DEBUG:netmiko:read_channel: 
DEBUG:netmiko:read_channel: 
DEBUG:netmiko:read_channel: 
DEBUG:netmiko:read_channel: 
DEBUG:netmiko:read_channel: 
DEBUG:netmiko:read_channel: 
DEBUG:netmiko:read_channel: 
DEBUG:netmiko:read_channel: 
DEBUG:netmiko:read_channel: 
DEBUG:netmiko:read_channel: 
DEBUG:netmiko:read_channel: 
DEBUG:netmiko:read_channel: 
DEBUG:netmiko:read_channel: 
DEBUG:netmiko:read_channel: 
DEBUG:netmiko:read_channel: ffind /data/techsupport -mtime +30 -ls | grep .gz

DEBUG:netmiko:Pattern found: (find\ /data/techsupport\ \-mtime\ \+30\ \-ls\ \|\ grep\ \.gz) 
%                                                                                                                                                                                                                                                                                                                                                                                                                                                                                                                              
 

svlngen4-fab1-apic1# 
%                                                                                                                                                                                                                                                                                                                                                                                                                                                                                                                              
 

svlngen4-fab1-apic1# 
%                                                                                                                                                                                                                                                                                                                                                                                                                                                                                                                              
 

svlngen4-fab1-apic1# 
%                                                                                                                                                                                                                                                                                                                                                                                                                                                                                                                              
 

svlngen4-fab1-apic1# ffind /data/techsupport -mtime +30 -ls | grep .gz
DEBUG:netmiko:read_channel: 
DEBUG:netmiko:read_channel: 
DEBUG:netmiko:read_channel: 
DEBUG:netmiko:read_channel: 
DEBUG:netmiko:read_channel: 
DEBUG:netmiko:read_channel: 
DEBUG:netmiko:read_channel: 
DEBUG:netmiko:read_channel: 
DEBUG:netmiko:read_channel: 
DEBUG:netmiko:read_channel: 
DEBUG:netmiko:read_channel: find: '/data/techsupport/lost+found': Permission denied
%                                                                                                                                                                                                                                                                                                                                                                                                                                                                                                                              
 

svlngen4-fab1-apic1# 
DEBUG:netmiko:read_channel: 
DEBUG:netmiko:write_channel: b'\n'
DEBUG:netmiko:read_channel: 
DEBUG:netmiko:write_channel: b'\n'
DEBUG:netmiko:read_channel: 
DEBUG:netmiko:write_channel: b'\n'
DEBUG:netmiko:read_channel: 
DEBUG:netmiko:write_channel: b'\n'
DEBUG:netmiko:read_channel: 
DEBUG:netmiko:write_channel: b'\n'
DEBUG:netmiko:read_channel: 
%                                                                                                                                                                                                                                                                                                                                                                                                                                                                                                                              
 

svlngen4-fab1-apic1# 
DEBUG:netmiko:read_channel: 
DEBUG:netmiko:[find_prompt()]: prompt is svlngen4-fab1-apic1#
DEBUG:netmiko:write_channel: b'find /data/techsupport -type f -mtime +30 | xargs rm -fv *.gz\n'
DEBUG:netmiko:read_channel: 
DEBUG:netmiko:read_channel: 
DEBUG:netmiko:read_channel: 
DEBUG:netmiko:read_channel: 
DEBUG:netmiko:read_channel: 
DEBUG:netmiko:read_channel: 
DEBUG:netmiko:read_channel: 
DEBUG:netmiko:read_channel: 
DEBUG:netmiko:read_channel: 
DEBUG:netmiko:read_channel: 
DEBUG:netmiko:read_channel: 
DEBUG:netmiko:read_channel: 
DEBUG:netmiko:read_channel: 
DEBUG:netmiko:read_channel: 
%                                                                                                                                                                                                                                                                                                                                                                                                                                                                                                                              
 

svlngen4-fab1-apic1# 
%                                                                                                                                                                                                                                                                                                                                                                                                                                                                                                                              
 

svlngen4-fab1-apic1# 
%                                                                                                                                                                                                                                                                                                                                                                                                                                                                                                                              
 

svlngen4-fab1-apic1# 
%                                                                                                                                                                                                                                                                                                                                                                                                                                                                                                                              
 

svlngen4-fab1-apic1# 
DEBUG:netmiko:read_channel: 
DEBUG:netmiko:read_channel: 
DEBUG:netmiko:read_channel: 
DEBUG:netmiko:read_channel: 
DEBUG:netmiko:read_channel: 
DEBUG:netmiko:read_channel: 
DEBUG:netmiko:read_channel: 
DEBUG:netmiko:read_channel: 
DEBUG:netmiko:read_channel: 
DEBUG:netmiko:read_channel: 
DEBUG:netmiko:read_channel: 
DEBUG:netmiko:read_channel: 
DEBUG:netmiko:read_channel: 
DEBUG:netmiko:read_channel: 
DEBUG:netmiko:read_channel: 
DEBUG:netmiko:read_channel: 
DEBUG:netmiko:read_channel: 
DEBUG:netmiko:read_channel: 
DEBUG:netmiko:read_channel: 
DEBUG:netmiko:read_channel: 
DEBUG:netmiko:read_channel: 
DEBUG:netmiko:read_channel: 
DEBUG:netmiko:read_channel: 
DEBUG:netmiko:read_channel: 
DEBUG:netmiko:read_channel: 
DEBUG:netmiko:read_channel: ffind /data/techsupport -type f -mtime +30 | xargs rm -fv *.gz
zsh: no matches found: *.gz
%                                                                                                                                                                                                                                                                                                                                                                                                                                                                                                                              
 

svlngen4-fab1-apic1# 
DEBUG:netmiko:Pattern found: (find\ /data/techsupport\ \-type\ f\ \-mtime\ \+30\ \|\ xargs\ rm\ \-fv\ \*\.gz) 
%                                                                                                                                                                                                                                                                                                                                                                                                                                                                                                                              
 

svlngen4-fab1-apic1# 
%                                                                                                                                                                                                                                                                                                                                                                                                                                                                                                                              
 

svlngen4-fab1-apic1# 
%                                                                                                                                                                                                                                                                                                                                                                                                                                                                                                                              
 

svlngen4-fab1-apic1# 
%                                                                                                                                                                                                                                                                                                                                                                                                                                                                                                                              
 

svlngen4-fab1-apic1# ffind /data/techsupport -type f -mtime +30 | xargs rm -fv *.gz
DEBUG:netmiko:read_channel: 
DEBUG:netmiko:read_channel: 
DEBUG:netmiko:write_channel: b'\n'
DEBUG:netmiko:read_channel: 
DEBUG:netmiko:write_channel: b'\n'
DEBUG:netmiko:read_channel: 
DEBUG:netmiko:write_channel: b'\n'
DEBUG:netmiko:read_channel: 
DEBUG:netmiko:write_channel: b'\n'
DEBUG:netmiko:read_channel: 
DEBUG:netmiko:write_channel: b'\n'
DEBUG:netmiko:read_channel: 
DEBUG:netmiko:write_channel: b'\n'
DEBUG:netmiko:read_channel: 
DEBUG:netmiko:write_channel: b'\n'
DEBUG:netmiko:read_channel: 
%                                                                                                                                                                                                                                                                                                                                                                                                                                                                                                                              
 

svlngen4-fab1-apic1# 
%                                                                                                                                                                                                                                                                                                                                                                                                                                                                                                                              
 

svlngen4-fab1-apic1# 
%                                                                                                                                                                                                                                                                                                                                                                                                                                                                                                                              
 

svlngen4-fab1-apic1# 

DEBUG:netmiko:read_channel: 
DEBUG:netmiko:[find_prompt()]: prompt is svlngen4-fab1-apic1#
DEBUG:netmiko:write_channel: b'cd /data/techsupport/\n'
DEBUG:netmiko:read_channel: 
DEBUG:netmiko:read_channel: 
DEBUG:netmiko:read_channel: 
DEBUG:netmiko:read_channel: 
DEBUG:netmiko:read_channel: 
DEBUG:netmiko:read_channel: 
DEBUG:netmiko:read_channel: 
DEBUG:netmiko:read_channel: %                                                                                                                                                                                                                                                                                                                                                                                                                                                                                                                              
 

svlngen4-fab1-apic1# 
%                                                                                                                                                                                                                                                                                                                                                                                                                                                                                                                              
 

svlngen4-fab1-apic1# 
%                                                                                                                                                                                                                                                                                                                                                                                                                                                                                                                              
 

svlngen4-fab1-apic1# 
%                                                                                                                                                                                                                                                                                                                                                                                                                                                                                                                              
 

svlngen4-fab1-apic1# 
DEBUG:netmiko:read_channel: 
DEBUG:netmiko:read_channel: 
DEBUG:netmiko:read_channel: 
DEBUG:netmiko:read_channel: 
DEBUG:netmiko:read_channel: 
DEBUG:netmiko:read_channel: 
DEBUG:netmiko:read_channel: 
DEBUG:netmiko:read_channel: 
DEBUG:netmiko:read_channel: 
DEBUG:netmiko:read_channel: 
DEBUG:netmiko:read_channel: 
DEBUG:netmiko:read_channel: ccd /data/techsupport/
%                                                                                                                                                                                                                                                                                                                                                                                                                                                                                                                              
 

DEBUG:netmiko:Pattern found: (cd\ /data/techsupport/) %                                                                                                                                                                                                                                                                                                                                                                                                                                                                                                                              
 

svlngen4-fab1-apic1# 
%                                                                                                                                                                                                                                                                                                                                                                                                                                                                                                                              
 

svlngen4-fab1-apic1# 
%                                                                                                                                                                                                                                                                                                                                                                                                                                                                                                                              
 

svlngen4-fab1-apic1# 
%                                                                                                                                                                                                                                                                                                                                                                                                                                                                                                                              
 

svlngen4-fab1-apic1# ccd /data/techsupport/
DEBUG:netmiko:read_channel: 
svlngen4-fab1-apic1# 
DEBUG:netmiko:read_channel: 
DEBUG:netmiko:write_channel: b'\n'
DEBUG:netmiko:read_channel: 
DEBUG:netmiko:write_channel: b'\n'
DEBUG:netmiko:read_channel: 
DEBUG:netmiko:write_channel: b'\n'
DEBUG:netmiko:read_channel: 
DEBUG:netmiko:write_channel: b'\n'
DEBUG:netmiko:read_channel: 

DEBUG:netmiko:write_channel: b'\n'
DEBUG:netmiko:read_channel: %                                                                                                                                                                                                                                                                                                                                                                                                                                                                                                                              
 

svlngen4-fab1-apic1# 
DEBUG:netmiko:read_channel: 
%                                                                                                                                                                                                                                                                                                                                                                                                                                                                                                                              
 

DEBUG:netmiko:Clear buffer detects data in the channel
DEBUG:netmiko:read_channel: 
svlngen4-fab1-apic1# 
%                                                                                                                                                                                                                                                                                                                                                                                                                                                                                                                              
 

svlngen4-fab1-apic1# 
%                                                                                                                                                                                                                                                                                                                                                                                                                                                                                                                              
 

svlngen4-fab1-apic1# 
DEBUG:netmiko:Clear buffer detects data in the channel
DEBUG:netmiko:read_channel: 
DEBUG:netmiko:[find_prompt()]: prompt is svlngen4-fab1-apic1#
DEBUG:netmiko:write_channel: b'ls -l\n'
DEBUG:netmiko:read_channel: 
DEBUG:netmiko:read_channel: 
DEBUG:netmiko:read_channel: 
DEBUG:netmiko:read_channel: 
DEBUG:netmiko:read_channel: 
DEBUG:netmiko:read_channel: 
DEBUG:netmiko:read_channel: 
DEBUG:netmiko:read_channel: 
DEBUG:netmiko:read_channel: 
DEBUG:netmiko:read_channel: 
DEBUG:netmiko:read_channel: 
DEBUG:netmiko:read_channel: 
DEBUG:netmiko:read_channel: 
DEBUG:netmiko:read_channel: 
%                                                                                                                                                                                                                                                                                                                                                                                                                                                                                                                              
 

DEBUG:netmiko:read_channel: 
svlngen4-fab1-apic1# 
DEBUG:netmiko:read_channel: 
DEBUG:netmiko:read_channel: 
DEBUG:netmiko:read_channel: 
DEBUG:netmiko:read_channel: 
DEBUG:netmiko:read_channel: 
DEBUG:netmiko:read_channel: 
DEBUG:netmiko:read_channel: 
DEBUG:netmiko:read_channel: 
DEBUG:netmiko:read_channel: 
DEBUG:netmiko:read_channel: 
DEBUG:netmiko:read_channel: 
DEBUG:netmiko:read_channel: 
DEBUG:netmiko:read_channel: 
DEBUG:netmiko:read_channel: 
DEBUG:netmiko:read_channel: 
DEBUG:netmiko:read_channel: 
DEBUG:netmiko:read_channel: 
DEBUG:netmiko:read_channel: 
DEBUG:netmiko:read_channel: 
DEBUG:netmiko:read_channel: 
DEBUG:netmiko:read_channel: 
DEBUG:netmiko:read_channel: 
DEBUG:netmiko:read_channel: 
DEBUG:netmiko:read_channel: 
DEBUG:netmiko:read_channel: 
DEBUG:netmiko:read_channel: 
DEBUG:netmiko:read_channel: lls -l
total 36
drwxrwxr-x 2 ifc   admin  4096 Apr 20 04:07 debug
drwxrwxrwx 2 root  root   4096 Apr  5 04:23 heapstats
drwx------ 2 root  root  16384 Nov 22  2019 lost+found
drwxr-xr-x 2 admin admin  4096 Apr 23 23:13 test.txt
drwxrwxrwx 2 root  root   4096 Dec 12  2019 troubleshoot
drwx------ 2 admin admin  4096 Apr 23 23:22 upgradeTriages
%                                                                                                                                                                                                                                                                                                                                                                                                                                                                                                                              
 

svlngen4-fab1-apic1# 
DEBUG:netmiko:Pattern found: (ls\ \-l) 
%                                                                                                                                                                                                                                                                                                                                                                                                                                                                                                                              
 

svlngen4-fab1-apic1# lls -l
DEBUG:netmiko:read_channel: 
DEBUG:netmiko:read_channel: 
DEBUG:netmiko:write_channel: b'\n'
DEBUG:netmiko:read_channel: 
DEBUG:netmiko:write_channel: b'\n'
DEBUG:netmiko:read_channel: 
DEBUG:netmiko:write_channel: b'\n'
DEBUG:netmiko:read_channel: 
DEBUG:netmiko:write_channel: b'\n'
DEBUG:netmiko:read_channel: 
DEBUG:netmiko:write_channel: b'\n'
DEBUG:netmiko:read_channel: 
%                                                                                                                                                                                                                                                                                                                                                                                                                                                                                                                              
 

svlngen4-fab1-apic1# 
DEBUG:netmiko:read_channel: 
DEBUG:netmiko:[find_prompt()]: prompt is svlngen4-fab1-apic1#
DEBUG:netmiko:write_channel: b'df -h | grep tech\n'
DEBUG:netmiko:read_channel: 
DEBUG:netmiko:read_channel: 
DEBUG:netmiko:read_channel: 
DEBUG:netmiko:read_channel: 
DEBUG:netmiko:read_channel: 
DEBUG:netmiko:read_channel: 
DEBUG:netmiko:read_channel: 
DEBUG:netmiko:read_channel: 
%                                                                                                                                                                                                                                                                                                                                                                                                                                                                                                                              
 

svlngen4-fab1-apic1# 
%                                                                                                                                                                                                                                                                                                                                                                                                                                                                                                                              
 

svlngen4-fab1-apic1# 
%                                                                                                                                                                                                                                                                                                                                                                                                                                                                                                                              
 

svlngen4-fab1-apic1# 
%                                                                                                                                                                                                                                                                                                                                                                                                                                                                                                                              
 

svlngen4-fab1-apic1# 
DEBUG:netmiko:read_channel: 
DEBUG:netmiko:read_channel: 
DEBUG:netmiko:read_channel: 
DEBUG:netmiko:read_channel: 
DEBUG:netmiko:read_channel: 
DEBUG:netmiko:read_channel: 
DEBUG:netmiko:read_channel: 
DEBUG:netmiko:read_channel: 
DEBUG:netmiko:read_channel: 
DEBUG:netmiko:read_channel: 
DEBUG:netmiko:read_channel: 
DEBUG:netmiko:read_channel: 
DEBUG:netmiko:read_channel: 
DEBUG:netmiko:read_channel: 
DEBUG:netmiko:read_channel: 
DEBUG:netmiko:read_channel: 
DEBUG:netmiko:read_channel: 
DEBUG:netmiko:read_channel: 
DEBUG:netmiko:read_channel: ddf -h | grep tech
/dev/mapper/vg_ifc0-techsupport   40G   49M   38G   1% /data/techsupport
%                                                                                                                                                                                                                                                                                                                                                                                                                                                                                                                              
 

svlngen4-fab1-apic1# 
DEBUG:netmiko:Pattern found: (df\ \-h\ \|\ grep\ tech) 
%                                                                                                                                                                                                                                                                                                                                                                                                                                                                                                                              
 

svlngen4-fab1-apic1# 
%                                                                                                                                                                                                                                                                                                                                                                                                                                                                                                                              
 

svlngen4-fab1-apic1# 
%                                                                                                                                                                                                                                                                                                                                                                                                                                                                                                                              
 

svlngen4-fab1-apic1# 
%                                                                                                                                                                                                                                                                                                                                                                                                                                                                                                                              
 

svlngen4-fab1-apic1# ddf -h | grep tech
DEBUG:netmiko:read_channel: 
DEBUG:paramiko.transport:starting thread (client mode): 0x5a110a0
DEBUG:paramiko.transport:Local version/idstring: SSH-2.0-paramiko_2.10.3
DEBUG:paramiko.transport:Remote version/idstring: SSH-2.0-OpenSSH_8.2
INFO:paramiko.transport:Connected (version 2.0, client OpenSSH_8.2)
DEBUG:paramiko.transport:=== Key exchange possibilities ===
DEBUG:paramiko.transport:kex algos: curve25519-sha256, curve25519-sha256@libssh.org, diffie-hellman-group1-sha1, diffie-hellman-group14-sha1, diffie-hellman-group14-sha256, diffie-hellman-group16-sha512, ecdh-sha2-nistp256, ecdh-sha2-nistp384, ecdh-sha2-nistp521
DEBUG:paramiko.transport:server key: ssh-rsa
DEBUG:paramiko.transport:client encrypt: aes128-ctr, aes192-ctr, aes256-ctr
DEBUG:paramiko.transport:server encrypt: aes128-ctr, aes192-ctr, aes256-ctr
DEBUG:paramiko.transport:client mac: hmac-sha1, hmac-sha2-256, hmac-sha2-512
DEBUG:paramiko.transport:server mac: hmac-sha1, hmac-sha2-256, hmac-sha2-512
DEBUG:paramiko.transport:client compress: none, zlib@openssh.com
DEBUG:paramiko.transport:server compress: none, zlib@openssh.com
DEBUG:paramiko.transport:client lang: <none>
DEBUG:paramiko.transport:server lang: <none>
DEBUG:paramiko.transport:kex follows: False
DEBUG:paramiko.transport:=== Key exchange agreements ===
DEBUG:paramiko.transport:Kex: curve25519-sha256@libssh.org
DEBUG:paramiko.transport:HostKey: ssh-rsa
DEBUG:paramiko.transport:Cipher: aes128-ctr
DEBUG:paramiko.transport:MAC: hmac-sha2-256
DEBUG:paramiko.transport:Compression: none
DEBUG:paramiko.transport:=== End of kex handshake ===
DEBUG:paramiko.transport:kex engine KexCurve25519 specified hash_algo <built-in function openssl_sha256>
DEBUG:paramiko.transport:Switch to new keys ...
DEBUG:paramiko.transport:Adding ssh-rsa host key for svlngen4-fab1-apic1: b'cb2da8ed61e467840f2aac1ca52bcede'
DEBUG:paramiko.transport:Got EXT_INFO: {'server-sig-algs': b'ssh-ed25519,sk-ssh-ed25519@openssh.com,ssh-rsa,rsa-sha2-256,rsa-sha2-512,ssh-dss,ecdsa-sha2-nistp256,ecdsa-sha2-nistp384,ecdsa-sha2-nistp521,sk-ecdsa-sha2-nistp256@openssh.com'}
DEBUG:paramiko.transport:userauth is OK
INFO:paramiko.transport:Auth banner: b'Application Policy Infrastructure Controller\n'
INFO:paramiko.transport:Authentication (password) successful!
DEBUG:paramiko.transport:[chan 0] Max packet in: 32768 bytes
DEBUG:paramiko.transport:Received global request "hostkeys-00@openssh.com"
DEBUG:paramiko.transport:Rejecting "hostkeys-00@openssh.com" global request from server.
DEBUG:paramiko.transport:[chan 0] Max packet out: 32768 bytes
DEBUG:paramiko.transport:Secsh channel 0 opened.
DEBUG:paramiko.transport:[chan 0] Sesch channel 0 request ok
DEBUG:paramiko.transport:[chan 0] Sesch channel 0 request ok
DEBUG:netmiko:read_channel: 
DEBUG:netmiko:read_channel: 
DEBUG:netmiko:read_channel: 
DEBUG:netmiko:read_channel: 
DEBUG:netmiko:read_channel: 
DEBUG:netmiko:read_channel: 
DEBUG:netmiko:read_channel: 
DEBUG:netmiko:read_channel: 
DEBUG:netmiko:read_channel: 
DEBUG:netmiko:read_channel: 
DEBUG:netmiko:read_channel: 
DEBUG:netmiko:read_channel: 
DEBUG:netmiko:read_channel: 
DEBUG:netmiko:read_channel: 
DEBUG:netmiko:read_channel: 
DEBUG:netmiko:read_channel: 
DEBUG:netmiko:read_channel: 
DEBUG:netmiko:read_channel: 
DEBUG:netmiko:read_channel: 
DEBUG:netmiko:read_channel: 
DEBUG:netmiko:read_channel: 
DEBUG:netmiko:read_channel: 
DEBUG:netmiko:read_channel: 
DEBUG:netmiko:read_channel: 
DEBUG:netmiko:read_channel: 
DEBUG:netmiko:read_channel: 
DEBUG:netmiko:read_channel: 
DEBUG:netmiko:read_channel: 
DEBUG:netmiko:read_channel: 
DEBUG:netmiko:read_channel: 
DEBUG:netmiko:read_channel: 
DEBUG:netmiko:read_channel: 
DEBUG:netmiko:read_channel: 
DEBUG:netmiko:read_channel: 
DEBUG:netmiko:read_channel: 
DEBUG:netmiko:read_channel: 
DEBUG:netmiko:read_channel: 
DEBUG:netmiko:read_channel: 
DEBUG:netmiko:read_channel: 
DEBUG:netmiko:read_channel: Last login: 2022-04-24T00:11:12.000-07:00 UTC

DEBUG:netmiko:read_channel: %                                                                                                                                                                                                                                                                                                                                                                                                                                                                                                                              
 

svlngen4-fab1-apic1# 
DEBUG:netmiko:Pattern found: ([>#]) Last login: 2022-04-24T00:11:12.000-07:00 UTC
%                                                                                                                                                                                                                                                                                                                                                                                                                                                                                                                              
 

svlngen4-fab1-apic1#
DEBUG:netmiko:write_channel: b'terminal width 511\n'
DEBUG:netmiko:read_channel: 
DEBUG:netmiko:read_channel: 
DEBUG:netmiko:read_channel: 
DEBUG:netmiko:read_channel: 
DEBUG:netmiko:read_channel: 
DEBUG:netmiko:read_channel: 
DEBUG:netmiko:read_channel: 
DEBUG:netmiko:read_channel: 
DEBUG:netmiko:read_channel: 
DEBUG:netmiko:read_channel: 
DEBUG:netmiko:read_channel: 
DEBUG:netmiko:read_channel: 
DEBUG:netmiko:read_channel: 
DEBUG:netmiko:read_channel: 
DEBUG:netmiko:read_channel: 
DEBUG:netmiko:read_channel: 
DEBUG:netmiko:read_channel: 
DEBUG:netmiko:read_channel: tterminal width 511
%                                                                                                                                                                                                                                                                                                                                                                                                                                                                                                                              
 

svlngen4-fab1-apic1# 
DEBUG:netmiko:Pattern found: (terminal width 511)  tterminal width 511
DEBUG:netmiko:In disable_paging
DEBUG:netmiko:Command: terminal length 0

DEBUG:netmiko:write_channel: b'terminal length 0\n'
DEBUG:netmiko:read_channel: 
DEBUG:netmiko:read_channel: 
DEBUG:netmiko:read_channel: 
DEBUG:netmiko:read_channel: 
DEBUG:netmiko:read_channel: 
DEBUG:netmiko:read_channel: 
DEBUG:netmiko:read_channel: 
DEBUG:netmiko:read_channel: 
DEBUG:netmiko:read_channel: 
DEBUG:netmiko:read_channel: 
DEBUG:netmiko:read_channel: 
DEBUG:netmiko:read_channel: 
DEBUG:netmiko:read_channel: 
DEBUG:netmiko:read_channel: 
DEBUG:netmiko:read_channel: 
DEBUG:netmiko:read_channel: 
DEBUG:netmiko:read_channel: 
DEBUG:netmiko:read_channel: 
DEBUG:netmiko:read_channel: 
DEBUG:netmiko:read_channel: tterminal len
DEBUG:netmiko:read_channel: gth 0
%                                                                                                                                                                                                                                                                                                                                                                                                                                                                                                                              
 

svlngen4-fab1-apic1# 
DEBUG:netmiko:Pattern found: (terminal\ length\ 0) 
%                                                                                                                                                                                                                                                                                                                                                                                                                                                                                                                              
 

svlngen4-fab1-apic1# tterminal length 0
DEBUG:netmiko:
%                                                                                                                                                                                                                                                                                                                                                                                                                                                                                                                              
 

svlngen4-fab1-apic1# tterminal length 0
DEBUG:netmiko:Exiting disable_paging
DEBUG:netmiko:read_channel: 
DEBUG:netmiko:Clear buffer detects data in the channel
DEBUG:netmiko:read_channel: 
DEBUG:netmiko:write_channel: b'\n'
DEBUG:netmiko:read_channel: 
DEBUG:netmiko:read_channel: 
DEBUG:netmiko:read_channel: 
DEBUG:netmiko:read_channel: 
DEBUG:netmiko:read_channel: 
DEBUG:netmiko:read_channel: 
DEBUG:netmiko:read_channel: 
DEBUG:netmiko:read_channel: 
DEBUG:netmiko:read_channel: 
DEBUG:netmiko:read_channel: 
DEBUG:netmiko:read_channel: 
DEBUG:netmiko:read_channel: 
DEBUG:netmiko:read_channel: 
DEBUG:netmiko:read_channel: 
DEBUG:netmiko:read_channel: 
DEBUG:netmiko:read_channel: 
DEBUG:netmiko:read_channel: 
DEBUG:netmiko:read_channel: 
DEBUG:netmiko:read_channel: 
DEBUG:netmiko:read_channel: 
DEBUG:netmiko:read_channel: 
DEBUG:netmiko:read_channel: 
DEBUG:netmiko:read_channel: 
%                                                                                                                                                                                                                                                                                                                                                                                                                                                                                                                              
 

svlngen4-fab1-apic1# 
DEBUG:netmiko:Pattern found: (\#|>) 
%                                                                                                                                                                                                                                                                                                                                                                                                                                                                                                                              
 

svlngen4-fab1-apic1#
DEBUG:netmiko:read_channel: 
DEBUG:netmiko:Clear buffer detects data in the channel
DEBUG:netmiko:read_channel: 
DEBUG:netmiko:[find_prompt()]: prompt is svlngen4-fab1-apic1#
DEBUG:netmiko:read_channel: 
DEBUG:netmiko:write_channel: b'\n'
DEBUG:netmiko:read_channel: 
DEBUG:netmiko:write_channel: b'\n'
DEBUG:netmiko:read_channel: 
DEBUG:netmiko:write_channel: b'\n'
DEBUG:netmiko:read_channel: 
DEBUG:netmiko:write_channel: b'\n'
DEBUG:netmiko:read_channel: 
DEBUG:netmiko:write_channel: b'\n'
DEBUG:netmiko:read_channel: 
%                                                                                                                                                                                                                                                                                                                                                                                                                                                                                                                              
 

svlngen4-fab1-apic1# 
DEBUG:netmiko:read_channel: 
DEBUG:netmiko:[find_prompt()]: prompt is svlngen4-fab1-apic1#
DEBUG:netmiko:write_channel: b'cd /data/techsupport/\n'
DEBUG:netmiko:read_channel: 
DEBUG:netmiko:read_channel: 
DEBUG:netmiko:read_channel: 
DEBUG:netmiko:read_channel: 
DEBUG:netmiko:read_channel: 
DEBUG:netmiko:read_channel: 
DEBUG:netmiko:read_channel: 
DEBUG:netmiko:read_channel: 
%                                                                                                                                                                                                                                                                                                                                                                                                                                                                                                                              
 

DEBUG:netmiko:read_channel: 
svlngen4-fab1-apic1# 
%                                                                                                                                                                                                                                                                                                                                                                                                                                                                                                                              
 

svlngen4-fab1-apic1# 
%                                                                                                                                                                                                                                                                                                                                                                                                                                                                                                                              
 

svlngen4-fab1-apic1# 
%                                                                                                                                                                                                                                                                                                                                                                                                                                                                                                                              
 

svlngen4-fab1-apic1# 
DEBUG:netmiko:read_channel: 
DEBUG:netmiko:read_channel: 
DEBUG:netmiko:read_channel: 
DEBUG:netmiko:read_channel: 
DEBUG:netmiko:read_channel: 
DEBUG:netmiko:read_channel: 
DEBUG:netmiko:read_channel: 
DEBUG:netmiko:read_channel: 
DEBUG:netmiko:read_channel: 
DEBUG:netmiko:read_channel: 
DEBUG:netmiko:read_channel: 
DEBUG:netmiko:read_channel: 
DEBUG:netmiko:read_channel: 
DEBUG:netmiko:read_channel: 
DEBUG:netmiko:read_channel: 
DEBUG:netmiko:read_channel: 
DEBUG:netmiko:read_channel: 
DEBUG:netmiko:read_channel: 
DEBUG:netmiko:read_channel: 
DEBUG:netmiko:read_channel: 
DEBUG:netmiko:read_channel: 
DEBUG:netmiko:read_channel: 
DEBUG:netmiko:read_channel: 
DEBUG:netmiko:read_channel: 
DEBUG:netmiko:read_channel: ccd /data/techsupport/
%                                                                                                                                                                                                                                                                                                                                                                                                                                                                                                                              
 

svlngen4-fab1-apic1# 
DEBUG:netmiko:Pattern found: (cd\ /data/techsupport/) 
%                                                                                                                                                                                                                                                                                                                                                                                                                                                                                                                              
 

svlngen4-fab1-apic1# 
%                                                                                                                                                                                                                                                                                                                                                                                                                                                                                                                              
 

svlngen4-fab1-apic1# 
%                                                                                                                                                                                                                                                                                                                                                                                                                                                                                                                              
 

svlngen4-fab1-apic1# 
%                                                                                                                                                                                                                                                                                                                                                                                                                                                                                                                              
 

svlngen4-fab1-apic1# ccd /data/techsupport/
DEBUG:netmiko:read_channel: 
DEBUG:netmiko:read_channel: 
DEBUG:netmiko:write_channel: b'\n'
DEBUG:netmiko:read_channel: 
DEBUG:netmiko:write_channel: b'\n'
DEBUG:netmiko:read_channel: 
DEBUG:netmiko:write_channel: b'\n'
DEBUG:netmiko:read_channel: 
DEBUG:netmiko:write_channel: b'\n'
DEBUG:netmiko:read_channel: 
DEBUG:netmiko:write_channel: b'\n'
DEBUG:netmiko:read_channel: 
%                                                                                                                                                                                                                                                                                                                                                                                                                                                                                                                              
 

svlngen4-fab1-apic1# 
DEBUG:netmiko:read_channel: 
DEBUG:netmiko:[find_prompt()]: prompt is svlngen4-fab1-apic1#
DEBUG:netmiko:write_channel: b'ls -l\n'
DEBUG:netmiko:read_channel: 
DEBUG:netmiko:read_channel: 
DEBUG:netmiko:read_channel: 
DEBUG:netmiko:read_channel: 
DEBUG:netmiko:read_channel: 
DEBUG:netmiko:read_channel: 
DEBUG:netmiko:read_channel: 
DEBUG:netmiko:read_channel: 
DEBUG:netmiko:read_channel: 
DEBUG:netmiko:read_channel: 
DEBUG:netmiko:read_channel: 
DEBUG:netmiko:read_channel: 
%                                                                                                                                                                                                                                                                                                                                                                                                                                                                                                                              
 

svlngen4-fab1-apic1# 
%                                                                                                                                                                                                                                                                                                                                                                                                                                                                                                                              
 

svlngen4-fab1-apic1# 
%                                                                                                                                                                                                                                                                                                                                                                                                                                                                                                                              
 

svlngen4-fab1-apic1# 
%                                                                                                                                                                                                                                                                                                                                                                                                                                                                                                                              
 

svlngen4-fab1-apic1# 
DEBUG:netmiko:read_channel: 
DEBUG:netmiko:read_channel: 
DEBUG:netmiko:read_channel: 
DEBUG:netmiko:read_channel: 
DEBUG:netmiko:read_channel: 
DEBUG:netmiko:read_channel: 
DEBUG:netmiko:read_channel: 
DEBUG:netmiko:read_channel: 
DEBUG:netmiko:read_channel: 
DEBUG:netmiko:read_channel: 
DEBUG:netmiko:read_channel: 
DEBUG:netmiko:read_channel: 
DEBUG:netmiko:read_channel: 
DEBUG:netmiko:read_channel: 
DEBUG:netmiko:read_channel: 
DEBUG:netmiko:read_channel: 
DEBUG:netmiko:read_channel: 
DEBUG:netmiko:read_channel: 
DEBUG:netmiko:read_channel: 
DEBUG:netmiko:read_channel: 
DEBUG:netmiko:read_channel: 
DEBUG:netmiko:read_channel: lls -l
total 36
drwxrwxr-x 2 ifc   admin  4096 Apr 20 04:07 debug
drwxrwxrwx 2 root  root   4096 Apr  5 04:23 heapstats
drwx------ 2 root  root  16384 Nov 22  2019 lost+found
drwxr-xr-x 2 admin admin  4096 Apr 23 23:13 test.txt
drwxrwxrwx 2 root  root   4096 Dec 12  2019 troubleshoot
drwx------ 2 admin admin  4096 Apr 23 23:22 upgradeTriages
%                                                                                                                                                                                                                                                                                                                                                                                                                                                                                                                              
 

svlngen4-fab1-apic1# 
DEBUG:netmiko:Pattern found: (ls\ \-l) 
%                                                                                                                                                                                                                                                                                                                                                                                                                                                                                                                              
 

svlngen4-fab1-apic1# 
%                                                                                                                                                                                                                                                                                                                                                                                                                                                                                                                              
 

svlngen4-fab1-apic1# 
%                                                                                                                                                                                                                                                                                                                                                                                                                                                                                                                              
 

svlngen4-fab1-apic1# 
%                                                                                                                                                                                                                                                                                                                                                                                                                                                                                                                              
 

svlngen4-fab1-apic1# lls -l
DEBUG:netmiko:read_channel: 
DEBUG:netmiko:read_channel: 
DEBUG:netmiko:write_channel: b'\n'
DEBUG:netmiko:read_channel: 
DEBUG:netmiko:write_channel: b'\n'
DEBUG:netmiko:read_channel: 
DEBUG:netmiko:write_channel: b'\n'
DEBUG:netmiko:read_channel: 
DEBUG:netmiko:write_channel: b'\n'
DEBUG:netmiko:read_channel: 
DEBUG:netmiko:write_channel: b'\n'
DEBUG:netmiko:read_channel: 
%                                                                                                                                                                                                                                                                                                                                                                                                                                                                                                                              
 

svlngen4-fab1-apic1# 
DEBUG:netmiko:read_channel: 
DEBUG:netmiko:[find_prompt()]: prompt is svlngen4-fab1-apic1#
DEBUG:netmiko:write_channel: b'df -h | grep tech\n'
DEBUG:netmiko:read_channel: 
DEBUG:netmiko:read_channel: 
DEBUG:netmiko:read_channel: 
DEBUG:netmiko:read_channel: 
DEBUG:netmiko:read_channel: 
DEBUG:netmiko:read_channel: 
DEBUG:netmiko:read_channel: 
DEBUG:netmiko:read_channel: 
DEBUG:netmiko:read_channel: 
DEBUG:netmiko:read_channel: 
DEBUG:netmiko:read_channel: 
DEBUG:netmiko:read_channel: 
DEBUG:netmiko:read_channel: 
DEBUG:netmiko:read_channel: 
DEBUG:netmiko:read_channel: 
DEBUG:netmiko:read_channel: 
DEBUG:netmiko:read_channel: 
DEBUG:netmiko:read_channel: 
DEBUG:netmiko:read_channel: 
%                                                                                                                                                                                                                                                                                                                                                                                                                                                                                                                              
 

svlngen4-fab1-apic1# 
%                                                                                                                                                                                                                                                                                                                                                                                                                                                                                                                              
 

svlngen4-fab1-apic1# 
%                                                                                                                                                                                                                                                                                                                                                                                                                                                                                                                              
 

svlngen4-fab1-apic1# 
%                                                                                                                                                                                                                                                                                                                                                                                                                                                                                                                              
 

svlngen4-fab1-apic1# 
DEBUG:netmiko:read_channel: 
DEBUG:netmiko:read_channel: 
DEBUG:netmiko:read_channel: 
DEBUG:netmiko:read_channel: 
DEBUG:netmiko:read_channel: 
DEBUG:netmiko:read_channel: 
DEBUG:netmiko:read_channel: 
DEBUG:netmiko:read_channel: 
DEBUG:netmiko:read_channel: 
DEBUG:netmiko:read_channel: 
DEBUG:netmiko:read_channel: 
DEBUG:netmiko:read_channel: 
DEBUG:netmiko:read_channel: 
DEBUG:netmiko:read_channel: 
DEBUG:netmiko:read_channel: 
DEBUG:netmiko:read_channel: 
DEBUG:netmiko:read_channel: 
DEBUG:netmiko:read_channel: 
DEBUG:netmiko:read_channel: 
DEBUG:netmiko:read_channel: 
DEBUG:netmiko:read_channel: 
DEBUG:netmiko:read_channel: 
DEBUG:netmiko:read_channel: 
DEBUG:netmiko:read_channel: 
DEBUG:netmiko:read_channel: 
DEBUG:netmiko:read_channel: ddf -h | grep tech
/dev/mapper/vg_ifc0-techsupport   40G   49M   38G   1% /data/techsupport
%                                                                                                                                                                                                                                                                                                                                                                                                                                                                                                                              
 

svlngen4-fab1-apic1# 
DEBUG:netmiko:Pattern found: (df\ \-h\ \|\ grep\ tech) 
%                                                                                                                                                                                                                                                                                                                                                                                                                                                                                                                              
 

svlngen4-fab1-apic1# 
%                                                                                                                                                                                                                                                                                                                                                                                                                                                                                                                              
 

svlngen4-fab1-apic1# 
%                                                                                                                                                                                                                                                                                                                                                                                                                                                                                                                              
 

svlngen4-fab1-apic1# 
%                                                                                                                                                                                                                                                                                                                                                                                                                                                                                                                              
 

svlngen4-fab1-apic1# ddf -h | grep tech
DEBUG:netmiko:read_channel: 
DEBUG:netmiko:read_channel: 
DEBUG:netmiko:write_channel: b'\n'
DEBUG:netmiko:read_channel: 
DEBUG:netmiko:write_channel: b'\n'
DEBUG:netmiko:read_channel: 
DEBUG:netmiko:write_channel: b'\n'
DEBUG:netmiko:read_channel: 
DEBUG:netmiko:write_channel: b'\n'
DEBUG:netmiko:read_channel: 
DEBUG:netmiko:write_channel: b'\n'
DEBUG:netmiko:read_channel: 
%                                                                                                                                                                                                                                                                                                                                                                                                                                                                                                                              
 

svlngen4-fab1-apic1# 
DEBUG:netmiko:read_channel: 
DEBUG:netmiko:[find_prompt()]: prompt is svlngen4-fab1-apic1#
DEBUG:netmiko:write_channel: b'find /data/techsupport -mtime +30 -ls | grep .gz\n'
DEBUG:netmiko:read_channel: 
DEBUG:netmiko:read_channel: 
DEBUG:netmiko:read_channel: 
DEBUG:netmiko:read_channel: 
DEBUG:netmiko:read_channel: 
DEBUG:netmiko:read_channel: 
DEBUG:netmiko:read_channel: 
DEBUG:netmiko:read_channel: 
DEBUG:netmiko:read_channel: 
DEBUG:netmiko:read_channel: 
DEBUG:netmiko:read_channel: 
DEBUG:netmiko:read_channel: 
%                                                                                                                                                                                                                                                                                                                                                                                                                                                                                                                              
 

svlngen4-fab1-apic1# 
%                                                                                                                                                                                                                                                                                                                                                                                                                                                                                                                              
 

svlngen4-fab1-apic1# 
%                                                                                                                                                                                                                                                                                                                                                                                                                                                                                                                              
 

svlngen4-fab1-apic1# 
%                                                                                                                                                                                                                                                                                                                                                                                                                                                                                                                              
 

svlngen4-fab1-apic1# 
DEBUG:netmiko:read_channel: 
DEBUG:netmiko:read_channel: 
DEBUG:netmiko:read_channel: 
DEBUG:netmiko:read_channel: 
DEBUG:netmiko:read_channel: 
DEBUG:netmiko:read_channel: 
DEBUG:netmiko:read_channel: 
DEBUG:netmiko:read_channel: 
DEBUG:netmiko:read_channel: 
DEBUG:netmiko:read_channel: 
DEBUG:netmiko:read_channel: 
DEBUG:netmiko:read_channel: 
DEBUG:netmiko:read_channel: 
DEBUG:netmiko:read_channel: 
DEBUG:netmiko:read_channel: 
DEBUG:netmiko:read_channel: 
DEBUG:netmiko:read_channel: 
DEBUG:netmiko:read_channel: 
DEBUG:netmiko:read_channel: 
DEBUG:netmiko:read_channel: 
DEBUG:netmiko:read_channel: 
DEBUG:netmiko:read_channel: 
DEBUG:netmiko:read_channel: 
DEBUG:netmiko:read_channel: 
DEBUG:netmiko:read_channel: 
DEBUG:netmiko:read_channel: 
DEBUG:netmiko:read_channel: ffind /data/techsupport -mtime +30 -ls | grep
DEBUG:netmiko:read_channel: 
DEBUG:netmiko:read_channel: 
DEBUG:netmiko:read_channel: 
DEBUG:netmiko:read_channel: 
DEBUG:netmiko:read_channel: 
DEBUG:netmiko:read_channel: 
DEBUG:netmiko:read_channel: 
DEBUG:netmiko:read_channel: 
DEBUG:netmiko:read_channel: 
DEBUG:netmiko:read_channel: 
DEBUG:netmiko:read_channel: 
DEBUG:netmiko:read_channel: 
DEBUG:netmiko:read_channel: 
DEBUG:netmiko:read_channel: 
DEBUG:netmiko:read_channel: 
DEBUG:netmiko:read_channel: 
DEBUG:netmiko:read_channel: 
DEBUG:netmiko:read_channel: 
DEBUG:netmiko:read_channel: 
DEBUG:netmiko:read_channel: 
DEBUG:netmiko:read_channel: 
DEBUG:netmiko:read_channel: 
DEBUG:netmiko:read_channel: 
DEBUG:netmiko:read_channel: 
DEBUG:netmiko:read_channel:  .gz
find: '/data/techsupport/lost+found': Permission denied
%                                                                                                                                                                                                                                                                                                                                                                                                                                                                                                                              
 

svlngen4-fab1-apic1# 
DEBUG:netmiko:Pattern found: (find\ /data/techsupport\ \-mtime\ \+30\ \-ls\ \|\ grep\ \.gz) 
%                                                                                                                                                                                                                                                                                                                                                                                                                                                                                                                              
 

svlngen4-fab1-apic1# 
%                                                                                                                                                                                                                                                                                                                                                                                                                                                                                                                              
 

svlngen4-fab1-apic1# 
%                                                                                                                                                                                                                                                                                                                                                                                                                                                                                                                              
 

svlngen4-fab1-apic1# 
%                                                                                                                                                                                                                                                                                                                                                                                                                                                                                                                              
 

svlngen4-fab1-apic1# ffind /data/techsupport -mtime +30 -ls | grep .gz
DEBUG:netmiko:read_channel: 
DEBUG:netmiko:read_channel: 
DEBUG:netmiko:write_channel: b'\n'
DEBUG:netmiko:read_channel: 
DEBUG:netmiko:write_channel: b'\n'
DEBUG:netmiko:read_channel: 
DEBUG:netmiko:write_channel: b'\n'
DEBUG:netmiko:read_channel: 
DEBUG:netmiko:write_channel: b'\n'
DEBUG:netmiko:read_channel: 
DEBUG:netmiko:write_channel: b'\n'
DEBUG:netmiko:read_channel: 
%                                                                                                                                                                                                                                                                                                                                                                                                                                                                                                                              
 

svlngen4-fab1-apic1# 
DEBUG:netmiko:read_channel: 
DEBUG:netmiko:[find_prompt()]: prompt is svlngen4-fab1-apic1#
DEBUG:netmiko:write_channel: b'find /data/techsupport -type f -mtime +30 | xargs rm -fv *.gz\n'
DEBUG:netmiko:read_channel: 
DEBUG:netmiko:read_channel: 
DEBUG:netmiko:read_channel: 
DEBUG:netmiko:read_channel: 
DEBUG:netmiko:read_channel: 
DEBUG:netmiko:read_channel: 
DEBUG:netmiko:read_channel: 
DEBUG:netmiko:read_channel: 
DEBUG:netmiko:read_channel: 
DEBUG:netmiko:read_channel: 
DEBUG:netmiko:read_channel: 
DEBUG:netmiko:read_channel: 
DEBUG:netmiko:read_channel: 
DEBUG:netmiko:read_channel: 
DEBUG:netmiko:read_channel: 
%                                                                                                                                                                                                                                                                                                                                                                                                                                                                                                                              
 

svlngen4-fab1-apic1# 
%                                                                                                                                                                                                                                                                                                                                                                                                                                                                                                                              
 

svlngen4-fab1-apic1# 
%                                                                                                                                                                                                                                                                                                                                                                                                                                                                                                                              
 

svlngen4-fab1-apic1# 
%                                                                                                                                                                                                                                                                                                                                                                                                                                                                                                                              
 

svlngen4-fab1-apic1# 
DEBUG:netmiko:read_channel: 
DEBUG:netmiko:read_channel: 
DEBUG:netmiko:read_channel: 
DEBUG:netmiko:read_channel: 
DEBUG:netmiko:read_channel: 
DEBUG:netmiko:read_channel: 
DEBUG:netmiko:read_channel: 
DEBUG:netmiko:read_channel: 
DEBUG:netmiko:read_channel: 
DEBUG:netmiko:read_channel: 
DEBUG:netmiko:read_channel: 
DEBUG:netmiko:read_channel: 
DEBUG:netmiko:read_channel: 
DEBUG:netmiko:read_channel: 
DEBUG:netmiko:read_channel: 
DEBUG:netmiko:read_channel: 
DEBUG:netmiko:read_channel: 
DEBUG:netmiko:read_channel: 
DEBUG:netmiko:read_channel: 
DEBUG:netmiko:read_channel: 
DEBUG:netmiko:read_channel: 
DEBUG:netmiko:read_channel: 
DEBUG:netmiko:read_channel: 
DEBUG:netmiko:read_channel: 
DEBUG:netmiko:read_channel: ffind /data/techsupport -type f -mtime +30 | xargs 
DEBUG:netmiko:read_channel: 
DEBUG:netmiko:read_channel: 
DEBUG:netmiko:read_channel: 
DEBUG:netmiko:read_channel: 
DEBUG:netmiko:read_channel: 
DEBUG:netmiko:read_channel: 
DEBUG:netmiko:read_channel: 
DEBUG:netmiko:read_channel: 
DEBUG:netmiko:read_channel: 
DEBUG:netmiko:read_channel: 
DEBUG:netmiko:read_channel: 
DEBUG:netmiko:read_channel: 
DEBUG:netmiko:read_channel: 
DEBUG:netmiko:read_channel: 
DEBUG:netmiko:read_channel: 
DEBUG:netmiko:read_channel: 
DEBUG:netmiko:read_channel: 
DEBUG:netmiko:read_channel: 
DEBUG:netmiko:read_channel: 
DEBUG:netmiko:read_channel: 
DEBUG:netmiko:read_channel: 
DEBUG:netmiko:read_channel: 
DEBUG:netmiko:read_channel: 
DEBUG:netmiko:read_channel: 
DEBUG:netmiko:read_channel: rm -fv *.gz
zsh: no matches found: *.gz
%                                                                                                                                                                                                                                                                                                                                                                                                                                                                                                                              
 

svlngen4-fab1-apic1# 
DEBUG:netmiko:Pattern found: (find\ /data/techsupport\ \-type\ f\ \-mtime\ \+30\ \|\ xargs\ rm\ \-fv\ \*\.gz) 
%                                                                                                                                                                                                                                                                                                                                                                                                                                                                                                                              
 

svlngen4-fab1-apic1# 
%                                                                                                                                                                                                                                                                                                                                                                                                                                                                                                                              
 

svlngen4-fab1-apic1# 
%                                                                                                                                                                                                                                                                                                                                                                                                                                                                                                                              
 

svlngen4-fab1-apic1# 
%                                                                                                                                                                                                                                                                                                                                                                                                                                                                                                                              
 

svlngen4-fab1-apic1# ffind /data/techsupport -type f -mtime +30 | xargs rm -fv *.gz
DEBUG:netmiko:read_channel: 
DEBUG:netmiko:read_channel: 
DEBUG:netmiko:write_channel: b'\n'
DEBUG:netmiko:read_channel: 
DEBUG:netmiko:write_channel: b'\n'
DEBUG:netmiko:read_channel: 
DEBUG:netmiko:write_channel: b'\n'
DEBUG:netmiko:read_channel: 
DEBUG:netmiko:write_channel: b'\n'
DEBUG:netmiko:read_channel: 
DEBUG:netmiko:write_channel: b'\n'
DEBUG:netmiko:read_channel: 
%                                                                                                                                                                                                                                                                                                                                                                                                                                                                                                                              
 

svlngen4-fab1-apic1# 
DEBUG:netmiko:read_channel: 
DEBUG:netmiko:[find_prompt()]: prompt is svlngen4-fab1-apic1#
DEBUG:netmiko:write_channel: b'cd /data/techsupport/\n'
DEBUG:netmiko:read_channel: 
DEBUG:netmiko:read_channel: 
DEBUG:netmiko:read_channel: 
DEBUG:netmiko:read_channel: 
DEBUG:netmiko:read_channel: 
DEBUG:netmiko:read_channel: 
DEBUG:netmiko:read_channel: 
DEBUG:netmiko:read_channel: 
DEBUG:netmiko:read_channel: 
DEBUG:netmiko:read_channel: 
DEBUG:netmiko:read_channel: 
DEBUG:netmiko:read_channel: 
DEBUG:netmiko:read_channel: 
%                                                                                                                                                                                                                                                                                                                                                                                                                                                                                                                              
 

svlngen4-fab1-apic1# 
%                                                                                                                                                                                                                                                                                                                                                                                                                                                                                                                              
 

svlngen4-fab1-apic1# 
%                                                                                                                                                                                                                                                                                                                                                                                                                                                                                                                              
 

svlngen4-fab1-apic1# 
%                                                                                                                                                                                                                                                                                                                                                                                                                                                                                                                              
 

svlngen4-fab1-apic1# 
DEBUG:netmiko:read_channel: 
DEBUG:netmiko:read_channel: 
DEBUG:netmiko:read_channel: 
DEBUG:netmiko:read_channel: 
DEBUG:netmiko:read_channel: 
DEBUG:netmiko:read_channel: 
DEBUG:netmiko:read_channel: 
DEBUG:netmiko:read_channel: 
DEBUG:netmiko:read_channel: 
DEBUG:netmiko:read_channel: 
DEBUG:netmiko:read_channel: 
DEBUG:netmiko:read_channel: 
DEBUG:netmiko:read_channel: 
DEBUG:netmiko:read_channel: 
DEBUG:netmiko:read_channel: 
DEBUG:netmiko:read_channel: 
DEBUG:netmiko:read_channel: 
DEBUG:netmiko:read_channel: 
DEBUG:netmiko:read_channel: 
DEBUG:netmiko:read_channel: 
DEBUG:netmiko:read_channel: 
DEBUG:netmiko:read_channel: 
DEBUG:netmiko:read_channel: 
DEBUG:netmiko:read_channel: 
DEBUG:netmiko:read_channel: ccd /da
DEBUG:netmiko:read_channel: ta/techsupport/
%                                                                                                                                                                                                                                                                                                                                                                                                                                                                                                                              
 

svlngen4-fab1-apic1# 
DEBUG:netmiko:Pattern found: (cd\ /data/techsupport/) 
%                                                                                                                                                                                                                                                                                                                                                                                                                                                                                                                              
 

svlngen4-fab1-apic1# 
%                                                                                                                                                                                                                                                                                                                                                                                                                                                                                                                              
 

svlngen4-fab1-apic1# 
%                                                                                                                                                                                                                                                                                                                                                                                                                                                                                                                              
 

svlngen4-fab1-apic1# 
%                                                                                                                                                                                                                                                                                                                                                                                                                                                                                                                              
 

svlngen4-fab1-apic1# ccd /data/techsupport/
DEBUG:netmiko:read_channel: 
DEBUG:netmiko:read_channel: 
DEBUG:netmiko:write_channel: b'\n'
DEBUG:netmiko:read_channel: 
DEBUG:netmiko:write_channel: b'\n'
DEBUG:netmiko:read_channel: 
DEBUG:netmiko:write_channel: b'\n'
DEBUG:netmiko:read_channel: 
DEBUG:netmiko:write_channel: b'\n'
DEBUG:netmiko:read_channel: 
DEBUG:netmiko:write_channel: b'\n'
DEBUG:netmiko:read_channel: 
%                                                                                                                                                                                                                                                                                                                                                                                                                                                                                                                              
 

svlngen4-fab1-apic1# 
DEBUG:netmiko:read_channel: 
DEBUG:netmiko:[find_prompt()]: prompt is svlngen4-fab1-apic1#
DEBUG:netmiko:write_channel: b'ls -l\n'
DEBUG:netmiko:read_channel: 
DEBUG:netmiko:read_channel: 
DEBUG:netmiko:read_channel: 
DEBUG:netmiko:read_channel: 
DEBUG:netmiko:read_channel: 
DEBUG:netmiko:read_channel: 
DEBUG:netmiko:read_channel: 
DEBUG:netmiko:read_channel: 
DEBUG:netmiko:read_channel: 
DEBUG:netmiko:read_channel: 
DEBUG:netmiko:read_channel: 
DEBUG:netmiko:read_channel: 
DEBUG:netmiko:read_channel: 
DEBUG:netmiko:read_channel: 
%                                                                                                                                                                                                                                                                                                                                                                                                                                                                                                                              
 

svlngen4-fab1-apic1# 
%                                                                                                                                                                                                                                                                                                                                                                                                                                                                                                                              
 

svlngen4-fab1-apic1# 
%                                                                                                                                                                                                                                                                                                                                                                                                                                                                                                                              
 

svlngen4-fab1-apic1# 
%                                                                                                                                                                                                                                                                                                                                                                                                                                                                                                                              
 

svlngen4-fab1-apic1# 
DEBUG:netmiko:read_channel: 
DEBUG:netmiko:read_channel: 
DEBUG:netmiko:read_channel: 
DEBUG:netmiko:read_channel: 
DEBUG:netmiko:read_channel: 
DEBUG:netmiko:read_channel: 
DEBUG:netmiko:read_channel: 
DEBUG:netmiko:read_channel: 
DEBUG:netmiko:read_channel: 
DEBUG:netmiko:read_channel: 
DEBUG:netmiko:read_channel: 
DEBUG:netmiko:read_channel: 
DEBUG:netmiko:read_channel: 
DEBUG:netmiko:read_channel: 
DEBUG:netmiko:read_channel: 
DEBUG:netmiko:read_channel: 
DEBUG:netmiko:read_channel: 
DEBUG:netmiko:read_channel: 
DEBUG:netmiko:read_channel: 
DEBUG:netmiko:read_channel: 
DEBUG:netmiko:read_channel: 
DEBUG:netmiko:read_channel: 
DEBUG:netmiko:read_channel: 
DEBUG:netmiko:read_channel: 
DEBUG:netmiko:read_channel: 
DEBUG:netmiko:read_channel: lls -l
total 36
drwxrwxr-x 2 ifc   admin  4096 Apr 20 04:07 debug
drwxrwxrwx 2 root  root   4096 Apr  5 04:23 heapstats
drwx------ 2 root  root  16384 Nov 22  2019 lost+found
drwxr-xr-x 2 admin admin  4096 Apr 23 23:13 test.txt
drwxrwxrwx 2 root  root   4096 Dec 12  2019 troubleshoot
drwx------ 2 admin admin  4096 Apr 23 23:22 upgradeTriages
%                                                                                                                                                                                                                                                                                                                                                                                                                                                                                                                              
 

svlngen4-fab1-apic1# 
DEBUG:netmiko:Pattern found: (ls\ \-l) 
%                                                                                                                                                                                                                                                                                                                                                                                                                                                                                                                              
 

svlngen4-fab1-apic1# 
%                                                                                                                                                                                                                                                                                                                                                                                                                                                                                                                              
 

svlngen4-fab1-apic1# 
%                                                                                                                                                                                                                                                                                                                                                                                                                                                                                                                              
 

svlngen4-fab1-apic1# 
%                                                                                                                                                                                                                                                                                                                                                                                                                                                                                                                              
 

svlngen4-fab1-apic1# lls -l
DEBUG:netmiko:read_channel: 
DEBUG:netmiko:read_channel: 
DEBUG:netmiko:write_channel: b'\n'
DEBUG:netmiko:read_channel: 
DEBUG:netmiko:write_channel: b'\n'
DEBUG:netmiko:read_channel: 
DEBUG:netmiko:write_channel: b'\n'
DEBUG:netmiko:read_channel: 
DEBUG:netmiko:write_channel: b'\n'
DEBUG:netmiko:read_channel: 
DEBUG:netmiko:write_channel: b'\n'
DEBUG:netmiko:read_channel: 
%                                                                                                                                                                                                                                                                                                                                                                                                                                                                                                                              
 

svlngen4-fab1-apic1# 
DEBUG:netmiko:read_channel: 
DEBUG:netmiko:[find_prompt()]: prompt is svlngen4-fab1-apic1#
DEBUG:netmiko:write_channel: b'df -h | grep tech\n'
DEBUG:netmiko:read_channel: 
DEBUG:netmiko:read_channel: 
DEBUG:netmiko:read_channel: 
DEBUG:netmiko:read_channel: 
DEBUG:netmiko:read_channel: 
DEBUG:netmiko:read_channel: 
DEBUG:netmiko:read_channel: 
DEBUG:netmiko:read_channel: 
DEBUG:netmiko:read_channel: 
DEBUG:netmiko:read_channel: 
DEBUG:netmiko:read_channel: 
DEBUG:netmiko:read_channel: 
DEBUG:netmiko:read_channel: 
%                                                                                                                                                                                                                                                                                                                                                                                                                                                                                                                              
 

svlngen4-fab1-apic1# 
%                                                                                                                                                                                                                                                                                                                                                                                                                                                                                                                              
 

svlngen4-fab1-apic1# 
%                                                                                                                                                                                                                                                                                                                                                                                                                                                                                                                              
 

svlngen4-fab1-apic1# 
%                                                                                                                                                                                                                                                                                                                                                                                                                                                                                                                              
 

svlngen4-fab1-apic1# 
DEBUG:netmiko:read_channel: 
DEBUG:netmiko:read_channel: 
DEBUG:netmiko:read_channel: 
DEBUG:netmiko:read_channel: 
DEBUG:netmiko:read_channel: 
DEBUG:netmiko:read_channel: 
DEBUG:netmiko:read_channel: 
DEBUG:netmiko:read_channel: 
DEBUG:netmiko:read_channel: 
DEBUG:netmiko:read_channel: 
DEBUG:netmiko:read_channel: 
DEBUG:netmiko:read_channel: 
DEBUG:netmiko:read_channel: 
DEBUG:netmiko:read_channel: 
DEBUG:netmiko:read_channel: 
DEBUG:netmiko:read_channel: 
DEBUG:netmiko:read_channel: 
DEBUG:netmiko:read_channel: 
DEBUG:netmiko:read_channel: 
DEBUG:netmiko:read_channel: 
DEBUG:netmiko:read_channel: 
DEBUG:netmiko:read_channel: ddf -h | grep tech
/dev/mapper/vg_ifc0-techsupport   40G   49M   38G   1% /data/techsupport
%                                                                                                                                                                                                                                                                                                                                                                                                                                                                                                                              
 

svlngen4-fab1-apic1# 
DEBUG:netmiko:Pattern found: (df\ \-h\ \|\ grep\ tech) 
%                                                                                                                                                                                                                                                                                                                                                                                                                                                                                                                              
 

svlngen4-fab1-apic1# 
%                                                                                                                                                                                                                                                                                                                                                                                                                                                                                                                              
 

svlngen4-fab1-apic1# 
%                                                                                                                                                                                                                                                                                                                                                                                                                                                                                                                              
 

svlngen4-fab1-apic1# 
%                                                                                                                                                                                                                                                                                                                                                                                                                                                                                                                              
 

svlngen4-fab1-apic1# ddf -h | grep tech
DEBUG:netmiko:read_channel: 
DEBUG:paramiko.transport:starting thread (client mode): 0xe4666a0
DEBUG:paramiko.transport:Local version/idstring: SSH-2.0-paramiko_2.10.3
DEBUG:paramiko.transport:Remote version/idstring: SSH-2.0-OpenSSH_8.2
INFO:paramiko.transport:Connected (version 2.0, client OpenSSH_8.2)
DEBUG:paramiko.transport:=== Key exchange possibilities ===
DEBUG:paramiko.transport:kex algos: curve25519-sha256, curve25519-sha256@libssh.org, diffie-hellman-group1-sha1, diffie-hellman-group14-sha1, diffie-hellman-group14-sha256, diffie-hellman-group16-sha512, ecdh-sha2-nistp256, ecdh-sha2-nistp384, ecdh-sha2-nistp521
DEBUG:paramiko.transport:server key: ssh-rsa
DEBUG:paramiko.transport:client encrypt: aes128-ctr, aes192-ctr, aes256-ctr
DEBUG:paramiko.transport:server encrypt: aes128-ctr, aes192-ctr, aes256-ctr
DEBUG:paramiko.transport:client mac: hmac-sha1, hmac-sha2-256, hmac-sha2-512
DEBUG:paramiko.transport:server mac: hmac-sha1, hmac-sha2-256, hmac-sha2-512
DEBUG:paramiko.transport:client compress: none, zlib@openssh.com
DEBUG:paramiko.transport:server compress: none, zlib@openssh.com
DEBUG:paramiko.transport:client lang: <none>
DEBUG:paramiko.transport:server lang: <none>
DEBUG:paramiko.transport:kex follows: False
DEBUG:paramiko.transport:=== Key exchange agreements ===
DEBUG:paramiko.transport:Kex: curve25519-sha256@libssh.org
DEBUG:paramiko.transport:HostKey: ssh-rsa
DEBUG:paramiko.transport:Cipher: aes128-ctr
DEBUG:paramiko.transport:MAC: hmac-sha2-256
DEBUG:paramiko.transport:Compression: none
DEBUG:paramiko.transport:=== End of kex handshake ===
DEBUG:paramiko.transport:kex engine KexCurve25519 specified hash_algo <built-in function openssl_sha256>
DEBUG:paramiko.transport:Switch to new keys ...
DEBUG:paramiko.transport:Got EXT_INFO: {'server-sig-algs': b'ssh-ed25519,sk-ssh-ed25519@openssh.com,ssh-rsa,rsa-sha2-256,rsa-sha2-512,ssh-dss,ecdsa-sha2-nistp256,ecdsa-sha2-nistp384,ecdsa-sha2-nistp521,sk-ecdsa-sha2-nistp256@openssh.com'}
DEBUG:paramiko.transport:Adding ssh-rsa host key for svlngen4-fab1-apic1: b'cb2da8ed61e467840f2aac1ca52bcede'
DEBUG:paramiko.transport:userauth is OK
INFO:paramiko.transport:Auth banner: b'Application Policy Infrastructure Controller\n'
INFO:paramiko.transport:Authentication (password) successful!
DEBUG:paramiko.transport:[chan 0] Max packet in: 32768 bytes
DEBUG:paramiko.transport:Received global request "hostkeys-00@openssh.com"
DEBUG:paramiko.transport:Rejecting "hostkeys-00@openssh.com" global request from server.
DEBUG:paramiko.transport:[chan 0] Max packet out: 32768 bytes
DEBUG:paramiko.transport:Secsh channel 0 opened.
DEBUG:paramiko.transport:[chan 0] Sesch channel 0 request ok
DEBUG:paramiko.transport:[chan 0] Sesch channel 0 request ok
DEBUG:netmiko:read_channel: 
DEBUG:netmiko:read_channel: 
DEBUG:netmiko:read_channel: 
DEBUG:netmiko:read_channel: 
DEBUG:netmiko:read_channel: 
DEBUG:netmiko:read_channel: 
DEBUG:netmiko:read_channel: 
DEBUG:netmiko:read_channel: 
DEBUG:netmiko:read_channel: 
DEBUG:netmiko:read_channel: 
DEBUG:netmiko:read_channel: 
DEBUG:netmiko:read_channel: 
DEBUG:netmiko:read_channel: 
DEBUG:netmiko:read_channel: 
DEBUG:netmiko:read_channel: 
DEBUG:netmiko:read_channel: 
DEBUG:netmiko:read_channel: 
DEBUG:netmiko:read_channel: 
DEBUG:netmiko:read_channel: 
DEBUG:netmiko:read_channel: 
DEBUG:netmiko:read_channel: 
DEBUG:netmiko:read_channel: 
DEBUG:netmiko:read_channel: 
DEBUG:netmiko:read_channel: 
DEBUG:netmiko:read_channel: 
DEBUG:netmiko:read_channel: 
DEBUG:netmiko:read_channel: 
DEBUG:netmiko:read_channel: 
DEBUG:netmiko:read_channel: 
DEBUG:netmiko:read_channel: 
DEBUG:netmiko:read_channel: 
DEBUG:netmiko:read_channel: 
DEBUG:netmiko:read_channel: 
DEBUG:netmiko:read_channel: 
DEBUG:netmiko:read_channel: 
DEBUG:netmiko:read_channel: 
DEBUG:netmiko:read_channel: 
DEBUG:netmiko:read_channel: 
DEBUG:netmiko:read_channel: 
DEBUG:netmiko:read_channel: 
DEBUG:netmiko:read_channel: 
DEBUG:netmiko:read_channel: 
DEBUG:netmiko:read_channel: 
DEBUG:netmiko:read_channel: 
DEBUG:netmiko:read_channel: 
DEBUG:netmiko:read_channel: Last login: 2022-04-24T02:22:24.000-07:00 UTC
%                                                                                                                                                                                                                                                                                                                                                                                                                                                                                                                              
 

svlngen4-fab1-apic1# 
DEBUG:netmiko:Pattern found: ([>#]) Last login: 2022-04-24T02:22:24.000-07:00 UTC
%                                                                                                                                                                                                                                                                                                                                                                                                                                                                                                                              
 

svlngen4-fab1-apic1#
DEBUG:netmiko:write_channel: b'terminal width 511\n'
DEBUG:netmiko:read_channel: 
DEBUG:netmiko:read_channel: 
DEBUG:netmiko:read_channel: 
DEBUG:netmiko:read_channel: 
DEBUG:netmiko:read_channel: 
DEBUG:netmiko:read_channel: 
DEBUG:netmiko:read_channel: 
DEBUG:netmiko:read_channel: 
DEBUG:netmiko:read_channel: 
DEBUG:netmiko:read_channel: 
DEBUG:netmiko:read_channel: 
DEBUG:netmiko:read_channel: 
DEBUG:netmiko:read_channel: 
DEBUG:netmiko:read_channel: 
DEBUG:netmiko:read_channel: 
DEBUG:netmiko:read_channel: 
DEBUG:netmiko:read_channel: 
DEBUG:netmiko:read_channel: 
DEBUG:netmiko:read_channel: 
DEBUG:netmiko:read_channel: 
DEBUG:netmiko:read_channel: 
DEBUG:netmiko:read_channel: 
DEBUG:netmiko:read_channel: 
DEBUG:netmiko:read_channel: 
DEBUG:netmiko:read_channel: 
DEBUG:netmiko:read_channel: tte
DEBUG:netmiko:read_channel: rminal width 511
%                                                                                                                                                                                                                                                                                                                                                                                                                                                                                                                              
 

DEBUG:netmiko:Pattern found: (terminal width 511)  tterminal width 511
DEBUG:netmiko:In disable_paging
DEBUG:netmiko:Command: terminal length 0

DEBUG:netmiko:write_channel: b'terminal length 0\n'
DEBUG:netmiko:read_channel: 
DEBUG:netmiko:read_channel: 
DEBUG:netmiko:read_channel: 
DEBUG:netmiko:read_channel: 
DEBUG:netmiko:read_channel: 
DEBUG:netmiko:read_channel: 
DEBUG:netmiko:read_channel: 
DEBUG:netmiko:read_channel: 
DEBUG:netmiko:read_channel: 
DEBUG:netmiko:read_channel: 
DEBUG:netmiko:read_channel: 
DEBUG:netmiko:read_channel: 
DEBUG:netmiko:read_channel: 
DEBUG:netmiko:read_channel: 
DEBUG:netmiko:read_channel: 
DEBUG:netmiko:read_channel: 
DEBUG:netmiko:read_channel: 
DEBUG:netmiko:read_channel: 
DEBUG:netmiko:read_channel: 
DEBUG:netmiko:read_channel: 
DEBUG:netmiko:read_channel: 
DEBUG:netmiko:read_channel: 
svlngen4-fab1-apic1# tterminal length 0
%                                                                                                                                                                                                                                                                                                                                                                                                                                                                                                                              
 

svlngen4-fab1-apic1# 
DEBUG:netmiko:Pattern found: (terminal\ length\ 0) 
%                                                                                                                                                                                                                                                                                                                                                                                                                                                                                                                              
 

svlngen4-fab1-apic1# tterminal length 0
DEBUG:netmiko:
%                                                                                                                                                                                                                                                                                                                                                                                                                                                                                                                              
 

svlngen4-fab1-apic1# tterminal length 0
DEBUG:netmiko:Exiting disable_paging
DEBUG:netmiko:read_channel: 
DEBUG:netmiko:Clear buffer detects data in the channel
DEBUG:netmiko:read_channel: 
DEBUG:netmiko:write_channel: b'\n'
DEBUG:netmiko:read_channel: 
DEBUG:netmiko:read_channel: 
DEBUG:netmiko:read_channel: 
DEBUG:netmiko:read_channel: 
DEBUG:netmiko:read_channel: 
DEBUG:netmiko:read_channel: 
DEBUG:netmiko:read_channel: 
DEBUG:netmiko:read_channel: 
DEBUG:netmiko:read_channel: 
DEBUG:netmiko:read_channel: 
DEBUG:netmiko:read_channel: 
DEBUG:netmiko:read_channel: 
DEBUG:netmiko:read_channel: 
DEBUG:netmiko:read_channel: 
DEBUG:netmiko:read_channel: 
DEBUG:netmiko:read_channel: 
DEBUG:netmiko:read_channel: 
DEBUG:netmiko:read_channel: 
DEBUG:netmiko:read_channel: 
DEBUG:netmiko:read_channel: 
%                                                                                                                                                                                                                                                                                                                                                                                                                                                                                                                              
 

svlngen4-fab1-apic1# 
DEBUG:netmiko:Pattern found: (\#|>) 
%                                                                                                                                                                                                                                                                                                                                                                                                                                                                                                                              
 

svlngen4-fab1-apic1#
DEBUG:netmiko:read_channel: 
DEBUG:netmiko:Clear buffer detects data in the channel
DEBUG:netmiko:read_channel: 
DEBUG:netmiko:[find_prompt()]: prompt is svlngen4-fab1-apic1#
DEBUG:netmiko:read_channel: 
DEBUG:netmiko:write_channel: b'\n'
DEBUG:netmiko:read_channel: 
DEBUG:netmiko:write_channel: b'\n'
DEBUG:netmiko:read_channel: 
DEBUG:netmiko:write_channel: b'\n'
DEBUG:netmiko:read_channel: 
DEBUG:netmiko:write_channel: b'\n'
DEBUG:netmiko:read_channel: 
DEBUG:netmiko:write_channel: b'\n'
DEBUG:netmiko:read_channel: 
%                                                                                                                                                                                                                                                                                                                                                                                                                                                                                                                              
 

svlngen4-fab1-apic1# 
DEBUG:netmiko:read_channel: 
DEBUG:netmiko:[find_prompt()]: prompt is svlngen4-fab1-apic1#
DEBUG:netmiko:write_channel: b'cd /data/techsupport/\n'
DEBUG:netmiko:read_channel: 
DEBUG:netmiko:read_channel: 
DEBUG:netmiko:read_channel: 
DEBUG:netmiko:read_channel: 
DEBUG:netmiko:read_channel: 
DEBUG:netmiko:read_channel: 
DEBUG:netmiko:read_channel: 
DEBUG:netmiko:read_channel: 
DEBUG:netmiko:read_channel: 
DEBUG:netmiko:read_channel: 
DEBUG:netmiko:read_channel: 
DEBUG:netmiko:read_channel: 
%                                                                                                                                                                                                                                                                                                                                                                                                                                                                                                                              
 

svlngen4-fab1-apic1# 
%                                                                                                                                                                                                                                                                                                                                                                                                                                                                                                                              
 

svlngen4-fab1-apic1# 
%                                                                                                                                                                                                                                                                                                                                                                                                                                                                                                                              
 

svlngen4-fab1-apic1# 
%                                                                                                                                                                                                                                                                                                                                                                                                                                                                                                                              
 

svlngen4-fab1-apic1# 
DEBUG:netmiko:read_channel: 
DEBUG:netmiko:read_channel: 
DEBUG:netmiko:read_channel: 
DEBUG:netmiko:read_channel: 
DEBUG:netmiko:read_channel: 
DEBUG:netmiko:read_channel: 
DEBUG:netmiko:read_channel: 
DEBUG:netmiko:read_channel: 
DEBUG:netmiko:read_channel: 
DEBUG:netmiko:read_channel: 
DEBUG:netmiko:read_channel: 
DEBUG:netmiko:read_channel: 
DEBUG:netmiko:read_channel: 
DEBUG:netmiko:read_channel: 
DEBUG:netmiko:read_channel: 
DEBUG:netmiko:read_channel: 
DEBUG:netmiko:read_channel: 
DEBUG:netmiko:read_channel: 
DEBUG:netmiko:read_channel: 
DEBUG:netmiko:read_channel: 
DEBUG:netmiko:read_channel: 
DEBUG:netmiko:read_channel: 
DEBUG:netmiko:read_channel: 
DEBUG:netmiko:read_channel: 
DEBUG:netmiko:read_channel: 
DEBUG:netmiko:read_channel: 
DEBUG:netmiko:read_channel: 
DEBUG:netmiko:read_channel: ccd /data/techsupport/
%                                                                                                                                                                                                                                                                                                                                                                                                                                                                                                                              
 

svlngen4-fab1-apic1# 
DEBUG:netmiko:Pattern found: (cd\ /data/techsupport/) 
%                                                                                                                                                                                                                                                                                                                                                                                                                                                                                                                              
 

svlngen4-fab1-apic1# 
%                                                                                                                                                                                                                                                                                                                                                                                                                                                                                                                              
 

svlngen4-fab1-apic1# 
%                                                                                                                                                                                                                                                                                                                                                                                                                                                                                                                              
 

svlngen4-fab1-apic1# 
%                                                                                                                                                                                                                                                                                                                                                                                                                                                                                                                              
 

svlngen4-fab1-apic1# ccd /data/techsupport/
DEBUG:netmiko:read_channel: 
DEBUG:netmiko:read_channel: 
DEBUG:netmiko:write_channel: b'\n'
DEBUG:netmiko:read_channel: 
DEBUG:netmiko:write_channel: b'\n'
DEBUG:netmiko:read_channel: 
DEBUG:netmiko:write_channel: b'\n'
DEBUG:netmiko:read_channel: 
DEBUG:netmiko:write_channel: b'\n'
DEBUG:netmiko:read_channel: 
DEBUG:netmiko:write_channel: b'\n'
DEBUG:netmiko:read_channel: 
%                                                                                                                                                                                                                                                                                                                                                                                                                                                                                                                              
 

svlngen4-fab1-apic1# 
DEBUG:netmiko:read_channel: 
DEBUG:netmiko:[find_prompt()]: prompt is svlngen4-fab1-apic1#
DEBUG:netmiko:write_channel: b'ls -l\n'
DEBUG:netmiko:read_channel: 
DEBUG:netmiko:read_channel: 
DEBUG:netmiko:read_channel: 
DEBUG:netmiko:read_channel: 
DEBUG:netmiko:read_channel: 
DEBUG:netmiko:read_channel: 
DEBUG:netmiko:read_channel: 
DEBUG:netmiko:read_channel: 
DEBUG:netmiko:read_channel: 
DEBUG:netmiko:read_channel: 
DEBUG:netmiko:read_channel: 
DEBUG:netmiko:read_channel: 
DEBUG:netmiko:read_channel: 
DEBUG:netmiko:read_channel: 
DEBUG:netmiko:read_channel: 
DEBUG:netmiko:read_channel: 
DEBUG:netmiko:read_channel: 
DEBUG:netmiko:read_channel: 
%                                                                                                                                                                                                                                                                                                                                                                                                                                                                                                                              
 

svlngen4-fab1-apic1# 
%                                                                                                                                                                                                                                                                                                                                                                                                                                                                                                                              
 

svlngen4-fab1-apic1# 
%                                                                                                                                                                                                                                                                                                                                                                                                                                                                                                                              
 

svlngen4-fab1-apic1# 
%                                                                                                                                                                                                                                                                                                                                                                                                                                                                                                                              
 

svlngen4-fab1-apic1# 
DEBUG:netmiko:read_channel: 
DEBUG:netmiko:read_channel: 
DEBUG:netmiko:read_channel: 
DEBUG:netmiko:read_channel: 
DEBUG:netmiko:read_channel: 
DEBUG:netmiko:read_channel: 
DEBUG:netmiko:read_channel: 
DEBUG:netmiko:read_channel: 
DEBUG:netmiko:read_channel: 
DEBUG:netmiko:read_channel: 
DEBUG:netmiko:read_channel: 
DEBUG:netmiko:read_channel: 
DEBUG:netmiko:read_channel: 
DEBUG:netmiko:read_channel: 
DEBUG:netmiko:read_channel: 
DEBUG:netmiko:read_channel: 
DEBUG:netmiko:read_channel: 
DEBUG:netmiko:read_channel: 
DEBUG:netmiko:read_channel: 
DEBUG:netmiko:read_channel: 
DEBUG:netmiko:read_channel: 
DEBUG:netmiko:read_channel: 
DEBUG:netmiko:read_channel: 
DEBUG:netmiko:read_channel: 
DEBUG:netmiko:read_channel: lls -l
total 36

DEBUG:netmiko:Pattern found: (ls\ \-l) 
%                                                                                                                                                                                                                                                                                                                                                                                                                                                                                                                              
 

svlngen4-fab1-apic1# 
%                                                                                                                                                                                                                                                                                                                                                                                                                                                                                                                              
 

svlngen4-fab1-apic1# 
%                                                                                                                                                                                                                                                                                                                                                                                                                                                                                                                              
 

svlngen4-fab1-apic1# 
%                                                                                                                                                                                                                                                                                                                                                                                                                                                                                                                              
 

svlngen4-fab1-apic1# lls -l
DEBUG:netmiko:read_channel: drwxrwxr-x 2 ifc   admin  4096 Apr 20 04:07 debug
drwxrwxrwx 2 root  root   4096 Apr  5 04:23 heapstats
drwx------ 2 root  root  16384 Nov 22  2019 lost+found
drwxr-xr-x 2 admin admin  4096 Apr 23 23:13 test.txt
drwxrwxrwx 2 root  root   4096 Dec 12  2019 troubleshoot
drwx------ 2 admin admin  4096 Apr 23 23:22 upgradeTriages
%                                                                                                                                                                                                                                                                                                                                                                                                                                                                                                                              
 

svlngen4-fab1-apic1# 
DEBUG:netmiko:read_channel: 
DEBUG:netmiko:write_channel: b'\n'
DEBUG:netmiko:read_channel: 
DEBUG:netmiko:write_channel: b'\n'
DEBUG:netmiko:read_channel: 
DEBUG:netmiko:write_channel: b'\n'
DEBUG:netmiko:read_channel: 
DEBUG:netmiko:write_channel: b'\n'
DEBUG:netmiko:read_channel: 
DEBUG:netmiko:write_channel: b'\n'
DEBUG:netmiko:read_channel: 
%                                                                                                                                                                                                                                                                                                                                                                                                                                                                                                                              
 

svlngen4-fab1-apic1# 
DEBUG:netmiko:read_channel: 
DEBUG:netmiko:[find_prompt()]: prompt is svlngen4-fab1-apic1#
DEBUG:netmiko:write_channel: b'df -h | grep tech\n'
DEBUG:netmiko:read_channel: 
DEBUG:netmiko:read_channel: 
DEBUG:netmiko:read_channel: 
DEBUG:netmiko:read_channel: 
DEBUG:netmiko:read_channel: 
DEBUG:netmiko:read_channel: 
DEBUG:netmiko:read_channel: 
DEBUG:netmiko:read_channel: 
DEBUG:netmiko:read_channel: 
DEBUG:netmiko:read_channel: 
DEBUG:netmiko:read_channel: 
%                                                                                                                                                                                                                                                                                                                                                                                                                                                                                                                              
 

svlngen4-fab1-apic1# 
%                                                                                                                                                                                                                                                                                                                                                                                                                                                                                                                              
 

svlngen4-fab1-apic1# 
%                                                                                                                                                                                                                                                                                                                                                                                                                                                                                                                              
 

svlngen4-fab1-apic1# 
%                                                                                                                                                                                                                                                                                                                                                                                                                                                                                                                              
 

svlngen4-fab1-apic1# 
DEBUG:netmiko:read_channel: 
DEBUG:netmiko:read_channel: 
DEBUG:netmiko:read_channel: 
DEBUG:netmiko:read_channel: 
DEBUG:netmiko:read_channel: 
DEBUG:netmiko:read_channel: 
DEBUG:netmiko:read_channel: 
DEBUG:netmiko:read_channel: 
DEBUG:netmiko:read_channel: 
DEBUG:netmiko:read_channel: 
DEBUG:netmiko:read_channel: 
DEBUG:netmiko:read_channel: 
DEBUG:netmiko:read_channel: 
DEBUG:netmiko:read_channel: 
DEBUG:netmiko:read_channel: 
DEBUG:netmiko:read_channel: 
DEBUG:netmiko:read_channel: 
DEBUG:netmiko:read_channel: 
DEBUG:netmiko:read_channel: 
DEBUG:netmiko:read_channel: 
DEBUG:netmiko:read_channel: 
DEBUG:netmiko:read_channel: 
DEBUG:netmiko:read_channel: 
DEBUG:netmiko:read_channel: ddf -h | grep tech
/dev/mapper/vg_ifc0-techsupport   40G   49M   38G   1% /data/techsupport
%                                                                                                                                                                                                                                                                                                                                                                                                                                                                                                                              
 

svlngen4-fab1-apic1# 
DEBUG:netmiko:Pattern found: (df\ \-h\ \|\ grep\ tech) 
%                                                                                                                                                                                                                                                                                                                                                                                                                                                                                                                              
 

svlngen4-fab1-apic1# 
%                                                                                                                                                                                                                                                                                                                                                                                                                                                                                                                              
 

svlngen4-fab1-apic1# 
%                                                                                                                                                                                                                                                                                                                                                                                                                                                                                                                              
 

svlngen4-fab1-apic1# 
%                                                                                                                                                                                                                                                                                                                                                                                                                                                                                                                              
 

svlngen4-fab1-apic1# ddf -h | grep tech
DEBUG:netmiko:read_channel: 
DEBUG:netmiko:read_channel: 
DEBUG:netmiko:write_channel: b'\n'
DEBUG:netmiko:read_channel: 
DEBUG:netmiko:write_channel: b'\n'
DEBUG:netmiko:read_channel: 
DEBUG:netmiko:write_channel: b'\n'
DEBUG:netmiko:read_channel: 
DEBUG:netmiko:write_channel: b'\n'
DEBUG:netmiko:read_channel: 
DEBUG:netmiko:write_channel: b'\n'
DEBUG:netmiko:read_channel: 
%                                                                                                                                                                                                                                                                                                                                                                                                                                                                                                                              
 

svlngen4-fab1-apic1# 
DEBUG:netmiko:read_channel: 
DEBUG:netmiko:[find_prompt()]: prompt is svlngen4-fab1-apic1#
DEBUG:netmiko:write_channel: b'find /data/techsupport -mtime +30 -ls | grep .gz\n'
DEBUG:netmiko:read_channel: 
DEBUG:netmiko:read_channel: 
DEBUG:netmiko:read_channel: 
DEBUG:netmiko:read_channel: 
DEBUG:netmiko:read_channel: 
DEBUG:netmiko:read_channel: 
DEBUG:netmiko:read_channel: 
%                                                                                                                                                                                                                                                                                                                                                                                                                                                                                                                              
 

DEBUG:netmiko:read_channel: 
svlngen4-fab1-apic1# 
%                                                                                                                                                                                                                                                                                                                                                                                                                                                                                                                              
 

svlngen4-fab1-apic1# 

DEBUG:netmiko:read_channel: %                                                                                                                                                                                                                                                                                                                                                                                                                                                                                                                              
 

svlngen4-fab1-apic1# 
%                                                                                                                                                                                                                                                                                                                                                                                                                                                                                                                              
 

svlngen4-fab1-apic1# 
DEBUG:netmiko:read_channel: 
DEBUG:netmiko:read_channel: 
DEBUG:netmiko:read_channel: 
DEBUG:netmiko:read_channel: 
DEBUG:netmiko:read_channel: 
DEBUG:netmiko:read_channel: 
DEBUG:netmiko:read_channel: 
DEBUG:netmiko:read_channel: 
DEBUG:netmiko:read_channel: 
DEBUG:netmiko:read_channel: 
DEBUG:netmiko:read_channel: 
DEBUG:netmiko:read_channel: 
DEBUG:netmiko:read_channel: 
DEBUG:netmiko:read_channel: 
DEBUG:netmiko:read_channel: 
DEBUG:netmiko:read_channel: 
DEBUG:netmiko:read_channel: ffind /data/techsupport -mtime +30 -ls 
DEBUG:netmiko:read_channel: | grep .gz
find: '/data/techsupport/lost+found': Permission denied
%                                                                                                                                                                                                                                                                                                                                                                                                                                                                                                                              
 

svlngen4-fab1-apic1# 
DEBUG:netmiko:Pattern found: (find\ /data/techsupport\ \-mtime\ \+30\ \-ls\ \|\ grep\ \.gz) 
%                                                                                                                                                                                                                                                                                                                                                                                                                                                                                                                              
 

svlngen4-fab1-apic1# 
%                                                                                                                                                                                                                                                                                                                                                                                                                                                                                                                              
 

svlngen4-fab1-apic1# 
%                                                                                                                                                                                                                                                                                                                                                                                                                                                                                                                              
 

svlngen4-fab1-apic1# 
%                                                                                                                                                                                                                                                                                                                                                                                                                                                                                                                              
 

svlngen4-fab1-apic1# ffind /data/techsupport -mtime +30 -ls | grep .gz
DEBUG:netmiko:read_channel: 
DEBUG:netmiko:read_channel: 
DEBUG:netmiko:write_channel: b'\n'
DEBUG:netmiko:read_channel: 
DEBUG:netmiko:write_channel: b'\n'
DEBUG:netmiko:read_channel: 
DEBUG:netmiko:write_channel: b'\n'
DEBUG:netmiko:read_channel: 
DEBUG:netmiko:write_channel: b'\n'
DEBUG:netmiko:read_channel: 
DEBUG:netmiko:write_channel: b'\n'
DEBUG:netmiko:read_channel: 
%                                                                                                                                                                                                                                                                                                                                                                                                                                                                                                                              
 

svlngen4-fab1-apic1# 
DEBUG:netmiko:read_channel: 
DEBUG:netmiko:[find_prompt()]: prompt is svlngen4-fab1-apic1#
DEBUG:netmiko:write_channel: b'find /data/techsupport -type f -mtime +30 | xargs rm -fv *.gz\n'
DEBUG:netmiko:read_channel: 
DEBUG:netmiko:read_channel: 
DEBUG:netmiko:read_channel: 
DEBUG:netmiko:read_channel: 
DEBUG:netmiko:read_channel: 
DEBUG:netmiko:read_channel: 
DEBUG:netmiko:read_channel: 
DEBUG:netmiko:read_channel: 
DEBUG:netmiko:read_channel: 
DEBUG:netmiko:read_channel: 
DEBUG:netmiko:read_channel: 
DEBUG:netmiko:read_channel: 
DEBUG:netmiko:read_channel: 
DEBUG:netmiko:read_channel: 
DEBUG:netmiko:read_channel: 
DEBUG:netmiko:read_channel: 
DEBUG:netmiko:read_channel: 
%                                                                                                                                                                                                                                                                                                                                                                                                                                                                                                                              
 

svlngen4-fab1-apic1# 
%                                                                                                                                                                                                                                                                                                                                                                                                                                                                                                                              
 

svlngen4-fab1-apic1# 
%                                                                                                                                                                                                                                                                                                                                                                                                                                                                                                                              
 

svlngen4-fab1-apic1# 
%                                                                                                                                                                                                                                                                                                                                                                                                                                                                                                                              
 

svlngen4-fab1-apic1# 
DEBUG:netmiko:read_channel: 
DEBUG:netmiko:read_channel: 
DEBUG:netmiko:read_channel: 
DEBUG:netmiko:read_channel: 
DEBUG:netmiko:read_channel: 
DEBUG:netmiko:read_channel: 
DEBUG:netmiko:read_channel: 
DEBUG:netmiko:read_channel: 
DEBUG:netmiko:read_channel: 
DEBUG:netmiko:read_channel: 
DEBUG:netmiko:read_channel: 
DEBUG:netmiko:read_channel: 
DEBUG:netmiko:read_channel: 
DEBUG:netmiko:read_channel: 
DEBUG:netmiko:read_channel: 
DEBUG:netmiko:read_channel: 
DEBUG:netmiko:read_channel: 
DEBUG:netmiko:read_channel: 
DEBUG:netmiko:read_channel: 
DEBUG:netmiko:read_channel: 
DEBUG:netmiko:read_channel: 
DEBUG:netmiko:read_channel: 
DEBUG:netmiko:read_channel: 
DEBUG:netmiko:read_channel: 
DEBUG:netmiko:read_channel: 
DEBUG:netmiko:read_channel: ffind /data/techsupport -type f -mtime +30 | xargs rm -fv *.gz
zsh: no matches found: *.gz
%                                                                                                                                                                                                                                                                                                                                                                                                                                                                                                                              
 

svlngen4-fab1-apic1# 
DEBUG:netmiko:Pattern found: (find\ /data/techsupport\ \-type\ f\ \-mtime\ \+30\ \|\ xargs\ rm\ \-fv\ \*\.gz) 
%                                                                                                                                                                                                                                                                                                                                                                                                                                                                                                                              
 

svlngen4-fab1-apic1# 
%                                                                                                                                                                                                                                                                                                                                                                                                                                                                                                                              
 

svlngen4-fab1-apic1# 
%                                                                                                                                                                                                                                                                                                                                                                                                                                                                                                                              
 

svlngen4-fab1-apic1# 
%                                                                                                                                                                                                                                                                                                                                                                                                                                                                                                                              
 

svlngen4-fab1-apic1# ffind /data/techsupport -type f -mtime +30 | xargs rm -fv *.gz
DEBUG:netmiko:read_channel: 
DEBUG:netmiko:read_channel: 
DEBUG:netmiko:write_channel: b'\n'
DEBUG:netmiko:read_channel: 
DEBUG:netmiko:write_channel: b'\n'
DEBUG:netmiko:read_channel: 
DEBUG:netmiko:write_channel: b'\n'
DEBUG:netmiko:read_channel: 
DEBUG:netmiko:write_channel: b'\n'
DEBUG:netmiko:read_channel: 
DEBUG:netmiko:write_channel: b'\n'
DEBUG:netmiko:read_channel: 
%                                                                                                                                                                                                                                                                                                                                                                                                                                                                                                                              
 

svlngen4-fab1-apic1# 
DEBUG:netmiko:read_channel: 
DEBUG:netmiko:[find_prompt()]: prompt is svlngen4-fab1-apic1#
DEBUG:netmiko:write_channel: b'cd /data/techsupport/\n'
DEBUG:netmiko:read_channel: 
DEBUG:netmiko:read_channel: 
DEBUG:netmiko:read_channel: 
DEBUG:netmiko:read_channel: 
DEBUG:netmiko:read_channel: 
DEBUG:netmiko:read_channel: 
DEBUG:netmiko:read_channel: 
DEBUG:netmiko:read_channel: 
DEBUG:netmiko:read_channel: 
DEBUG:netmiko:read_channel: 
DEBUG:netmiko:read_channel: 
DEBUG:netmiko:read_channel: 
DEBUG:netmiko:read_channel: 
DEBUG:netmiko:read_channel: 
%                                                                                                                                                                                                                                                                                                                                                                                                                                                                                                                              
 

svlngen4-fab1-apic1# 
%                                                                                                                                                                                                                                                                                                                                                                                                                                                                                                                              
 

svlngen4-fab1-apic1# 
%                                                                                                                                                                                                                                                                                                                                                                                                                                                                                                                              
 

svlngen4-fab1-apic1# 
%                                                                                                                                                                                                                                                                                                                                                                                                                                                                                                                              
 

svlngen4-fab1-apic1# 
DEBUG:netmiko:read_channel: 
DEBUG:netmiko:read_channel: 
DEBUG:netmiko:read_channel: 
DEBUG:netmiko:read_channel: 
DEBUG:netmiko:read_channel: 
DEBUG:netmiko:read_channel: 
DEBUG:netmiko:read_channel: 
DEBUG:netmiko:read_channel: 
DEBUG:netmiko:read_channel: 
DEBUG:netmiko:read_channel: 
DEBUG:netmiko:read_channel: 
DEBUG:netmiko:read_channel: 
DEBUG:netmiko:read_channel: 
DEBUG:netmiko:read_channel: 
DEBUG:netmiko:read_channel: 
DEBUG:netmiko:read_channel: 
DEBUG:netmiko:read_channel: 
DEBUG:netmiko:read_channel: 
DEBUG:netmiko:read_channel: 
DEBUG:netmiko:read_channel: 
DEBUG:netmiko:read_channel: 
DEBUG:netmiko:read_channel: 
DEBUG:netmiko:read_channel: 
DEBUG:netmiko:read_channel: 
DEBUG:netmiko:read_channel: ccd /data/techsupport/
%                                                                                                                                                                                                                                                                                                                                                                                                                                                                                                                              
 

svlngen4-fab1-apic1# 
DEBUG:netmiko:Pattern found: (cd\ /data/techsupport/) 
%                                                                                                                                                                                                                                                                                                                                                                                                                                                                                                                              
 

svlngen4-fab1-apic1# 
%                                                                                                                                                                                                                                                                                                                                                                                                                                                                                                                              
 

svlngen4-fab1-apic1# 
%                                                                                                                                                                                                                                                                                                                                                                                                                                                                                                                              
 

svlngen4-fab1-apic1# 
%                                                                                                                                                                                                                                                                                                                                                                                                                                                                                                                              
 

svlngen4-fab1-apic1# ccd /data/techsupport/
DEBUG:netmiko:read_channel: 
DEBUG:netmiko:read_channel: 
DEBUG:netmiko:write_channel: b'\n'
DEBUG:netmiko:read_channel: 
DEBUG:netmiko:write_channel: b'\n'
DEBUG:netmiko:read_channel: 
DEBUG:netmiko:write_channel: b'\n'
DEBUG:netmiko:read_channel: 
DEBUG:netmiko:write_channel: b'\n'
DEBUG:netmiko:read_channel: 
DEBUG:netmiko:write_channel: b'\n'
DEBUG:netmiko:read_channel: 
%                                                                                                                                                                                                                                                                                                                                                                                                                                                                                                                              
 

svlngen4-fab1-apic1# 
DEBUG:netmiko:read_channel: 
DEBUG:netmiko:[find_prompt()]: prompt is svlngen4-fab1-apic1#
DEBUG:netmiko:write_channel: b'ls -l\n'
DEBUG:netmiko:read_channel: 
DEBUG:netmiko:read_channel: 
DEBUG:netmiko:read_channel: 
%                                                                                                                                                                                                                                                                                                                                                                                                                                                                                                                              
 

svlngen4-fab1-apic1# 
%                                                                                                                                                                                                                                                                                                                                                                                                                                                                                                                              
 

DEBUG:netmiko:read_channel: 
svlngen4-fab1-apic1# 
%                                                                                                                                                                                                                                                                                                                                                                                                                                                                                                                              
 

svlngen4-fab1-apic1# 
%                                                                                                                                                                                                                                                                                                                                                                                                                                                                                                                              
 

svlngen4-fab1-apic1# 
DEBUG:netmiko:read_channel: 
DEBUG:netmiko:read_channel: 
DEBUG:netmiko:read_channel: 
DEBUG:netmiko:read_channel: 
DEBUG:netmiko:read_channel: 
DEBUG:netmiko:read_channel: 
DEBUG:netmiko:read_channel: 
DEBUG:netmiko:read_channel: 
DEBUG:netmiko:read_channel: 
DEBUG:netmiko:read_channel: 
DEBUG:netmiko:read_channel: 
DEBUG:netmiko:read_channel: 
DEBUG:netmiko:read_channel: 
DEBUG:netmiko:read_channel: 
DEBUG:netmiko:read_channel: 
DEBUG:netmiko:read_channel: 
DEBUG:netmiko:read_channel: 
DEBUG:netmiko:read_channel: 
DEBUG:netmiko:read_channel: 
DEBUG:netmiko:read_channel: 
DEBUG:netmiko:read_channel: 
DEBUG:netmiko:read_channel: 
DEBUG:netmiko:read_channel: 
DEBUG:netmiko:read_channel: 
DEBUG:netmiko:read_channel: 
DEBUG:netmiko:read_channel: lls -l

DEBUG:netmiko:Pattern found: (ls\ \-l) 
%                                                                                                                                                                                                                                                                                                                                                                                                                                                                                                                              
 

svlngen4-fab1-apic1# 
%                                                                                                                                                                                                                                                                                                                                                                                                                                                                                                                              
 

svlngen4-fab1-apic1# 
%                                                                                                                                                                                                                                                                                                                                                                                                                                                                                                                              
 

svlngen4-fab1-apic1# 
%                                                                                                                                                                                                                                                                                                                                                                                                                                                                                                                              
 

svlngen4-fab1-apic1# lls -l
DEBUG:netmiko:read_channel: total 36
drwxrwxr-x 2 ifc   admin  4096 Apr 20 04:07 debug
drwxrwxrwx 2 root  root   4096 Apr  5 04:23 heapstats
drwx------ 2 root  root  16384 Nov 22  2019 lost+found
drwxr-xr-x 2 admin admin  4096 Apr 23 23:13 test.txt
drwxrwxrwx 2 root  root   4096 Dec 12  2019 troubleshoot
drwx------ 2 admin admin  4096 Apr 23 23:22 upgradeTriages
%                                                                                                                                                                                                                                                                                                                                                                                                                                                                                                                              
 

svlngen4-fab1-apic1# 
DEBUG:netmiko:read_channel: 
DEBUG:netmiko:write_channel: b'\n'
DEBUG:netmiko:read_channel: 
DEBUG:netmiko:write_channel: b'\n'
DEBUG:netmiko:read_channel: 
DEBUG:netmiko:write_channel: b'\n'
DEBUG:netmiko:read_channel: 
DEBUG:netmiko:write_channel: b'\n'
DEBUG:netmiko:read_channel: 
DEBUG:netmiko:write_channel: b'\n'
DEBUG:netmiko:read_channel: 
%                                                                                                                                                                                                                                                                                                                                                                                                                                                                                                                              
 

svlngen4-fab1-apic1# 
DEBUG:netmiko:read_channel: 
DEBUG:netmiko:[find_prompt()]: prompt is svlngen4-fab1-apic1#
DEBUG:netmiko:write_channel: b'df -h | grep tech\n'
DEBUG:netmiko:read_channel: 
DEBUG:netmiko:read_channel: 
DEBUG:netmiko:read_channel: 
DEBUG:netmiko:read_channel: 
DEBUG:netmiko:read_channel: 
DEBUG:netmiko:read_channel: 
DEBUG:netmiko:read_channel: 
DEBUG:netmiko:read_channel: 
DEBUG:netmiko:read_channel: 
DEBUG:netmiko:read_channel: 
DEBUG:netmiko:read_channel: 
DEBUG:netmiko:read_channel: 
DEBUG:netmiko:read_channel: 
%                                                                                                                                                                                                                                                                                                                                                                                                                                                                                                                              
 

svlngen4-fab1-apic1# 
%                                                                                                                                                                                                                                                                                                                                                                                                                                                                                                                              
 

svlngen4-fab1-apic1# 
%                                                                                                                                                                                                                                                                                                                                                                                                                                                                                                                              
 

svlngen4-fab1-apic1# 
%                                                                                                                                                                                                                                                                                                                                                                                                                                                                                                                              
 

svlngen4-fab1-apic1# 
DEBUG:netmiko:read_channel: 
DEBUG:netmiko:read_channel: 
DEBUG:netmiko:read_channel: 
DEBUG:netmiko:read_channel: 
DEBUG:netmiko:read_channel: 
DEBUG:netmiko:read_channel: 
DEBUG:netmiko:read_channel: 
DEBUG:netmiko:read_channel: 
DEBUG:netmiko:read_channel: 
DEBUG:netmiko:read_channel: 
DEBUG:netmiko:read_channel: 
DEBUG:netmiko:read_channel: 
DEBUG:netmiko:read_channel: 
DEBUG:netmiko:read_channel: 
DEBUG:netmiko:read_channel: 
DEBUG:netmiko:read_channel: 
DEBUG:netmiko:read_channel: 
DEBUG:netmiko:read_channel: 
DEBUG:netmiko:read_channel: 
DEBUG:netmiko:read_channel: 
DEBUG:netmiko:read_channel: 
DEBUG:netmiko:read_channel: 
DEBUG:netmiko:read_channel: 
DEBUG:netmiko:read_channel: 
DEBUG:netmiko:read_channel: 
DEBUG:netmiko:read_channel: 
DEBUG:netmiko:read_channel: ddf -h | grep tech
/dev/mapper/vg_ifc0-techsupport   40G   49M   38G   1% /data/techsupport
%                                                                                                                                                                                                                                                                                                                                                                                                                                                                                                                              
 

svlngen4-fab1-apic1# 
DEBUG:netmiko:Pattern found: (df\ \-h\ \|\ grep\ tech) 
%                                                                                                                                                                                                                                                                                                                                                                                                                                                                                                                              
 

svlngen4-fab1-apic1# 
%                                                                                                                                                                                                                                                                                                                                                                                                                                                                                                                              
 

svlngen4-fab1-apic1# 
%                                                                                                                                                                                                                                                                                                                                                                                                                                                                                                                              
 

svlngen4-fab1-apic1# 
%                                                                                                                                                                                                                                                                                                                                                                                                                                                                                                                              
 

svlngen4-fab1-apic1# ddf -h | grep tech
DEBUG:netmiko:read_channel: 
DEBUG:paramiko.transport:starting thread (client mode): 0x82125e0
DEBUG:paramiko.transport:Local version/idstring: SSH-2.0-paramiko_2.10.3
DEBUG:paramiko.transport:Remote version/idstring: SSH-2.0-OpenSSH_8.2
INFO:paramiko.transport:Connected (version 2.0, client OpenSSH_8.2)
DEBUG:paramiko.transport:=== Key exchange possibilities ===
DEBUG:paramiko.transport:kex algos: curve25519-sha256, curve25519-sha256@libssh.org, diffie-hellman-group1-sha1, diffie-hellman-group14-sha1, diffie-hellman-group14-sha256, diffie-hellman-group16-sha512, ecdh-sha2-nistp256, ecdh-sha2-nistp384, ecdh-sha2-nistp521
DEBUG:paramiko.transport:server key: ssh-rsa
DEBUG:paramiko.transport:client encrypt: aes128-ctr, aes192-ctr, aes256-ctr
DEBUG:paramiko.transport:server encrypt: aes128-ctr, aes192-ctr, aes256-ctr
DEBUG:paramiko.transport:client mac: hmac-sha1, hmac-sha2-256, hmac-sha2-512
DEBUG:paramiko.transport:server mac: hmac-sha1, hmac-sha2-256, hmac-sha2-512
DEBUG:paramiko.transport:client compress: none, zlib@openssh.com
DEBUG:paramiko.transport:server compress: none, zlib@openssh.com
DEBUG:paramiko.transport:client lang: <none>
DEBUG:paramiko.transport:server lang: <none>
DEBUG:paramiko.transport:kex follows: False
DEBUG:paramiko.transport:=== Key exchange agreements ===
DEBUG:paramiko.transport:Kex: curve25519-sha256@libssh.org
DEBUG:paramiko.transport:HostKey: ssh-rsa
DEBUG:paramiko.transport:Cipher: aes128-ctr
DEBUG:paramiko.transport:MAC: hmac-sha2-256
DEBUG:paramiko.transport:Compression: none
DEBUG:paramiko.transport:=== End of kex handshake ===
DEBUG:paramiko.transport:kex engine KexCurve25519 specified hash_algo <built-in function openssl_sha256>
DEBUG:paramiko.transport:Switch to new keys ...
DEBUG:paramiko.transport:Adding ssh-rsa host key for svlngen4-fab1-apic1: b'cb2da8ed61e467840f2aac1ca52bcede'
DEBUG:paramiko.transport:Got EXT_INFO: {'server-sig-algs': b'ssh-ed25519,sk-ssh-ed25519@openssh.com,ssh-rsa,rsa-sha2-256,rsa-sha2-512,ssh-dss,ecdsa-sha2-nistp256,ecdsa-sha2-nistp384,ecdsa-sha2-nistp521,sk-ecdsa-sha2-nistp256@openssh.com'}
DEBUG:paramiko.transport:userauth is OK
INFO:paramiko.transport:Auth banner: b'Application Policy Infrastructure Controller\n'
INFO:paramiko.transport:Authentication (password) successful!
DEBUG:paramiko.transport:[chan 0] Max packet in: 32768 bytes
DEBUG:paramiko.transport:Received global request "hostkeys-00@openssh.com"
DEBUG:paramiko.transport:Rejecting "hostkeys-00@openssh.com" global request from server.
DEBUG:paramiko.transport:[chan 0] Max packet out: 32768 bytes
DEBUG:paramiko.transport:Secsh channel 0 opened.
DEBUG:paramiko.transport:[chan 0] Sesch channel 0 request ok
DEBUG:paramiko.transport:[chan 0] Sesch channel 0 request ok
DEBUG:netmiko:read_channel: 
DEBUG:netmiko:read_channel: 
DEBUG:netmiko:read_channel: 
DEBUG:netmiko:read_channel: 
DEBUG:netmiko:read_channel: 
DEBUG:netmiko:read_channel: 
DEBUG:netmiko:read_channel: 
DEBUG:netmiko:read_channel: 
DEBUG:netmiko:read_channel: 
DEBUG:netmiko:read_channel: 
DEBUG:netmiko:read_channel: 
DEBUG:netmiko:read_channel: 
DEBUG:netmiko:read_channel: 
DEBUG:netmiko:read_channel: 
DEBUG:netmiko:read_channel: 
DEBUG:netmiko:read_channel: 
DEBUG:netmiko:read_channel: 
DEBUG:netmiko:read_channel: 
DEBUG:netmiko:read_channel: 
DEBUG:netmiko:read_channel: 
DEBUG:netmiko:read_channel: 
DEBUG:netmiko:read_channel: 
DEBUG:netmiko:read_channel: 
DEBUG:netmiko:read_channel: 
DEBUG:netmiko:read_channel: 
DEBUG:netmiko:read_channel: 
DEBUG:netmiko:read_channel: 
DEBUG:netmiko:read_channel: 
DEBUG:netmiko:read_channel: 
DEBUG:netmiko:read_channel: 
DEBUG:netmiko:read_channel: 
DEBUG:netmiko:read_channel: 
DEBUG:netmiko:read_channel: 
DEBUG:netmiko:read_channel: 
DEBUG:netmiko:read_channel: 
DEBUG:netmiko:read_channel: 
DEBUG:netmiko:read_channel: 
DEBUG:netmiko:read_channel: 
DEBUG:netmiko:read_channel: 
DEBUG:netmiko:read_channel: 
DEBUG:netmiko:read_channel: Last login: 2022-04-24T02:24:17.000-07:00 UTC
%                                                                                                                                                                                                                                                                                                                                                                                                                                                                                                                              
 

svlngen4-fab1-apic1# 
DEBUG:netmiko:Pattern found: ([>#]) Last login: 2022-04-24T02:24:17.000-07:00 UTC
%                                                                                                                                                                                                                                                                                                                                                                                                                                                                                                                              
 

svlngen4-fab1-apic1#
DEBUG:netmiko:write_channel: b'terminal width 511\n'
DEBUG:netmiko:read_channel: 
DEBUG:netmiko:read_channel: 
DEBUG:netmiko:read_channel: 
DEBUG:netmiko:read_channel: 
DEBUG:netmiko:read_channel: 
DEBUG:netmiko:read_channel: 
DEBUG:netmiko:read_channel: 
DEBUG:netmiko:read_channel: 
DEBUG:netmiko:read_channel: 
DEBUG:netmiko:read_channel: 
DEBUG:netmiko:read_channel: 
DEBUG:netmiko:read_channel: 
DEBUG:netmiko:read_channel: 
DEBUG:netmiko:read_channel: 
DEBUG:netmiko:read_channel: 
DEBUG:netmiko:read_channel: 
DEBUG:netmiko:read_channel: 
DEBUG:netmiko:read_channel: 
DEBUG:netmiko:read_channel: 
DEBUG:netmiko:read_channel: tterminal width 511
%                                                                                                                                                                                                                                                                                                                                                                                                                                                                                                                              
 

svlngen4-fab1-apic1# 
DEBUG:netmiko:Pattern found: (terminal width 511)  tterminal width 511
DEBUG:netmiko:In disable_paging
DEBUG:netmiko:Command: terminal length 0

DEBUG:netmiko:write_channel: b'terminal length 0\n'
DEBUG:netmiko:read_channel: 
DEBUG:netmiko:read_channel: 
DEBUG:netmiko:read_channel: 
DEBUG:netmiko:read_channel: 
DEBUG:netmiko:read_channel: 
DEBUG:netmiko:read_channel: 
DEBUG:netmiko:read_channel: 
DEBUG:netmiko:read_channel: 
DEBUG:netmiko:read_channel: 
DEBUG:netmiko:read_channel: 
DEBUG:netmiko:read_channel: 
DEBUG:netmiko:read_channel: 
DEBUG:netmiko:read_channel: 
DEBUG:netmiko:read_channel: 
DEBUG:netmiko:read_channel: 
DEBUG:netmiko:read_channel: 
DEBUG:netmiko:read_channel: 
DEBUG:netmiko:read_channel: 
DEBUG:netmiko:read_channel: 
DEBUG:netmiko:read_channel: 
DEBUG:netmiko:read_channel: 
DEBUG:netmiko:read_channel: 
DEBUG:netmiko:read_channel: tterminal length 0
%                                                                                                                                                                                                                                                                                                                                                                                                                                                                                                                              
 

svlngen4-fab1-apic1# 
DEBUG:netmiko:Pattern found: (terminal\ length\ 0) 
%                                                                                                                                                                                                                                                                                                                                                                                                                                                                                                                              
 

svlngen4-fab1-apic1# tterminal length 0
DEBUG:netmiko:
%                                                                                                                                                                                                                                                                                                                                                                                                                                                                                                                              
 

svlngen4-fab1-apic1# tterminal length 0
DEBUG:netmiko:Exiting disable_paging
DEBUG:netmiko:read_channel: 
DEBUG:netmiko:Clear buffer detects data in the channel
DEBUG:netmiko:read_channel: 
DEBUG:netmiko:write_channel: b'\n'
DEBUG:netmiko:read_channel: 
DEBUG:netmiko:read_channel: 
DEBUG:netmiko:read_channel: 
DEBUG:netmiko:read_channel: 
DEBUG:netmiko:read_channel: 
DEBUG:netmiko:read_channel: 
DEBUG:netmiko:read_channel: 
DEBUG:netmiko:read_channel: 
DEBUG:netmiko:read_channel: 
DEBUG:netmiko:read_channel: 
DEBUG:netmiko:read_channel: 
DEBUG:netmiko:read_channel: 
DEBUG:netmiko:read_channel: 
DEBUG:netmiko:read_channel: 
DEBUG:netmiko:read_channel: 
DEBUG:netmiko:read_channel: 
DEBUG:netmiko:read_channel: 
DEBUG:netmiko:read_channel: 
DEBUG:netmiko:read_channel: 
DEBUG:netmiko:read_channel: 
DEBUG:netmiko:read_channel: 
DEBUG:netmiko:read_channel: 
%                                                                                                                                                                                                                                                                                                                                                                                                                                                                                                                              
 

svlngen4-fab1-apic1# 
DEBUG:netmiko:Pattern found: (\#|>) 
%                                                                                                                                                                                                                                                                                                                                                                                                                                                                                                                              
 

svlngen4-fab1-apic1#
DEBUG:netmiko:read_channel: 
DEBUG:netmiko:Clear buffer detects data in the channel
DEBUG:netmiko:read_channel: 
DEBUG:netmiko:[find_prompt()]: prompt is svlngen4-fab1-apic1#
DEBUG:netmiko:read_channel: 
DEBUG:netmiko:write_channel: b'\n'
DEBUG:netmiko:read_channel: 
DEBUG:netmiko:write_channel: b'\n'
DEBUG:netmiko:read_channel: 
DEBUG:netmiko:write_channel: b'\n'
DEBUG:netmiko:read_channel: 
DEBUG:netmiko:write_channel: b'\n'
DEBUG:netmiko:read_channel: 
DEBUG:netmiko:write_channel: b'\n'
DEBUG:netmiko:read_channel: 
%                                                                                                                                                                                                                                                                                                                                                                                                                                                                                                                              
 

svlngen4-fab1-apic1# 
DEBUG:netmiko:read_channel: 
DEBUG:netmiko:[find_prompt()]: prompt is svlngen4-fab1-apic1#
DEBUG:netmiko:write_channel: b'cd /data/techsupport/\n'
DEBUG:netmiko:read_channel: 
DEBUG:netmiko:read_channel: 
DEBUG:netmiko:read_channel: 
DEBUG:netmiko:read_channel: 
DEBUG:netmiko:read_channel: 
DEBUG:netmiko:read_channel: 
DEBUG:netmiko:read_channel: 
DEBUG:netmiko:read_channel: 
DEBUG:netmiko:read_channel: 
DEBUG:netmiko:read_channel: 
DEBUG:netmiko:read_channel: 
DEBUG:netmiko:read_channel: 
DEBUG:netmiko:read_channel: 
DEBUG:netmiko:read_channel: 
DEBUG:netmiko:read_channel: 
DEBUG:netmiko:read_channel: 
DEBUG:netmiko:read_channel: 
DEBUG:netmiko:read_channel: 
DEBUG:netmiko:read_channel: 
%                                                                                                                                                                                                                                                                                                                                                                                                                                                                                                                              
 

svlngen4-fab1-apic1# 
%                                                                                                                                                                                                                                                                                                                                                                                                                                                                                                                              
 

svlngen4-fab1-apic1# 
%                                                                                                                                                                                                                                                                                                                                                                                                                                                                                                                              
 

svlngen4-fab1-apic1# 
%                                                                                                                                                                                                                                                                                                                                                                                                                                                                                                                              
 

svlngen4-fab1-apic1# 
DEBUG:netmiko:read_channel: 
DEBUG:netmiko:read_channel: 
DEBUG:netmiko:read_channel: 
DEBUG:netmiko:read_channel: 
DEBUG:netmiko:read_channel: 
DEBUG:netmiko:read_channel: 
DEBUG:netmiko:read_channel: 
DEBUG:netmiko:read_channel: 
DEBUG:netmiko:read_channel: 
DEBUG:netmiko:read_channel: 
DEBUG:netmiko:read_channel: 
DEBUG:netmiko:read_channel: 
DEBUG:netmiko:read_channel: 
DEBUG:netmiko:read_channel: 
DEBUG:netmiko:read_channel: 
DEBUG:netmiko:read_channel: 
DEBUG:netmiko:read_channel: 
DEBUG:netmiko:read_channel: 
DEBUG:netmiko:read_channel: 
DEBUG:netmiko:read_channel: 
DEBUG:netmiko:read_channel: 
DEBUG:netmiko:read_channel: 
DEBUG:netmiko:read_channel: 
DEBUG:netmiko:read_channel: 
DEBUG:netmiko:read_channel: ccd /data/techsupport/
%                                                                                                                                                                                                                                                                                                                                                                                                                                                                                                                              
 

svlngen4-fab1-apic1# 
DEBUG:netmiko:Pattern found: (cd\ /data/techsupport/) 
%                                                                                                                                                                                                                                                                                                                                                                                                                                                                                                                              
 

svlngen4-fab1-apic1# 
%                                                                                                                                                                                                                                                                                                                                                                                                                                                                                                                              
 

svlngen4-fab1-apic1# 
%                                                                                                                                                                                                                                                                                                                                                                                                                                                                                                                              
 

svlngen4-fab1-apic1# 
%                                                                                                                                                                                                                                                                                                                                                                                                                                                                                                                              
 

svlngen4-fab1-apic1# ccd /data/techsupport/
DEBUG:netmiko:read_channel: 
DEBUG:netmiko:read_channel: 
DEBUG:netmiko:write_channel: b'\n'
DEBUG:netmiko:read_channel: 
DEBUG:netmiko:write_channel: b'\n'
DEBUG:netmiko:read_channel: 
DEBUG:netmiko:write_channel: b'\n'
DEBUG:netmiko:read_channel: 
DEBUG:netmiko:write_channel: b'\n'
DEBUG:netmiko:read_channel: 
DEBUG:netmiko:write_channel: b'\n'
DEBUG:netmiko:read_channel: 
%                                                                                                                                                                                                                                                                                                                                                                                                                                                                                                                              
 

svlngen4-fab1-apic1# 
DEBUG:netmiko:read_channel: 
DEBUG:netmiko:[find_prompt()]: prompt is svlngen4-fab1-apic1#
DEBUG:netmiko:write_channel: b'ls -l\n'
DEBUG:netmiko:read_channel: 
DEBUG:netmiko:read_channel: 
DEBUG:netmiko:read_channel: 
DEBUG:netmiko:read_channel: 
DEBUG:netmiko:read_channel: 
DEBUG:netmiko:read_channel: 
DEBUG:netmiko:read_channel: 
DEBUG:netmiko:read_channel: 
DEBUG:netmiko:read_channel: 
DEBUG:netmiko:read_channel: 
DEBUG:netmiko:read_channel: 
DEBUG:netmiko:read_channel: 
%                                                                                                                                                                                                                                                                                                                                                                                                                                                                                                                              
 

svlngen4-fab1-apic1# 
%                                                                                                                                                                                                                                                                                                                                                                                                                                                                                                                              
 

svlngen4-fab1-apic1# 
%                                                                                                                                                                                                                                                                                                                                                                                                                                                                                                                              
 

svlngen4-fab1-apic1# 
%                                                                                                                                                                                                                                                                                                                                                                                                                                                                                                                              
 

svlngen4-fab1-apic1# 
DEBUG:netmiko:read_channel: 
DEBUG:netmiko:read_channel: 
DEBUG:netmiko:read_channel: 
DEBUG:netmiko:read_channel: 
DEBUG:netmiko:read_channel: 
DEBUG:netmiko:read_channel: 
DEBUG:netmiko:read_channel: 
DEBUG:netmiko:read_channel: 
DEBUG:netmiko:read_channel: 
DEBUG:netmiko:read_channel: 
DEBUG:netmiko:read_channel: 
DEBUG:netmiko:read_channel: 
DEBUG:netmiko:read_channel: 
DEBUG:netmiko:read_channel: 
DEBUG:netmiko:read_channel: 
DEBUG:netmiko:read_channel: 
DEBUG:netmiko:read_channel: 
DEBUG:netmiko:read_channel: 
DEBUG:netmiko:read_channel: lls -l

DEBUG:netmiko:Pattern found: (ls\ \-l) 
%                                                                                                                                                                                                                                                                                                                                                                                                                                                                                                                              
 

svlngen4-fab1-apic1# 
%                                                                                                                                                                                                                                                                                                                                                                                                                                                                                                                              
 

svlngen4-fab1-apic1# 
%                                                                                                                                                                                                                                                                                                                                                                                                                                                                                                                              
 

svlngen4-fab1-apic1# 
%                                                                                                                                                                                                                                                                                                                                                                                                                                                                                                                              
 

svlngen4-fab1-apic1# lls -l
DEBUG:netmiko:read_channel: total 36
drwxrwxr-x 2 ifc   admin  4096 Apr 20 04:07 debug
drwxrwxrwx 2 root  root   4096 Apr  5 04:23 heapstats
drwx------ 2 root  root  16384 Nov 22  2019 lost+found
drwxr-xr-x 2 admin admin  4096 Apr 23 23:13 test.txt
drwxrwxrwx 2 root  root   4096 Dec 12  2019 troubleshoot
drwx------ 2 admin admin  4096 Apr 23 23:22 upgradeTriages
%                                                                                                                                                                                                                                                                                                                                                                                                                                                                                                                              
 

svlngen4-fab1-apic1# 
DEBUG:netmiko:read_channel: 
DEBUG:netmiko:write_channel: b'\n'
DEBUG:netmiko:read_channel: 
DEBUG:netmiko:write_channel: b'\n'
DEBUG:netmiko:read_channel: 
DEBUG:netmiko:write_channel: b'\n'
DEBUG:netmiko:read_channel: 
DEBUG:netmiko:write_channel: b'\n'
DEBUG:netmiko:read_channel: 
DEBUG:netmiko:write_channel: b'\n'
DEBUG:netmiko:read_channel: 
%                                                                                                                                                                                                                                                                                                                                                                                                                                                                                                                              
 

svlngen4-fab1-apic1# 
DEBUG:netmiko:read_channel: 
DEBUG:netmiko:[find_prompt()]: prompt is svlngen4-fab1-apic1#
DEBUG:netmiko:write_channel: b'df -h | grep tech\n'
DEBUG:netmiko:read_channel: 
DEBUG:netmiko:read_channel: 
DEBUG:netmiko:read_channel: 
DEBUG:netmiko:read_channel: 
DEBUG:netmiko:read_channel: 
DEBUG:netmiko:read_channel: 
DEBUG:netmiko:read_channel: 
DEBUG:netmiko:read_channel: 
DEBUG:netmiko:read_channel: 
DEBUG:netmiko:read_channel: 
DEBUG:netmiko:read_channel: 
DEBUG:netmiko:read_channel: 
%                                                                                                                                                                                                                                                                                                                                                                                                                                                                                                                              
 

svlngen4-fab1-apic1# 
%                                                                                                                                                                                                                                                                                                                                                                                                                                                                                                                              
 

svlngen4-fab1-apic1# 
%                                                                                                                                                                                                                                                                                                                                                                                                                                                                                                                              
 

svlngen4-fab1-apic1# 
%                                                                                                                                                                                                                                                                                                                                                                                                                                                                                                                              
 

svlngen4-fab1-apic1# 
DEBUG:netmiko:read_channel: 
DEBUG:netmiko:read_channel: 
DEBUG:netmiko:read_channel: 
DEBUG:netmiko:read_channel: 
DEBUG:netmiko:read_channel: 
DEBUG:netmiko:read_channel: 
DEBUG:netmiko:read_channel: 
DEBUG:netmiko:read_channel: 
DEBUG:netmiko:read_channel: 
DEBUG:netmiko:read_channel: 
DEBUG:netmiko:read_channel: 
DEBUG:netmiko:read_channel: 
DEBUG:netmiko:read_channel: 
DEBUG:netmiko:read_channel: 
DEBUG:netmiko:read_channel: 
DEBUG:netmiko:read_channel: 
DEBUG:netmiko:read_channel: 
DEBUG:netmiko:read_channel: 
DEBUG:netmiko:read_channel: 
DEBUG:netmiko:read_channel: ddf -h | grep tech

DEBUG:netmiko:Pattern found: (df\ \-h\ \|\ grep\ tech) 
%                                                                                                                                                                                                                                                                                                                                                                                                                                                                                                                              
 

svlngen4-fab1-apic1# 
%                                                                                                                                                                                                                                                                                                                                                                                                                                                                                                                              
 

svlngen4-fab1-apic1# 
%                                                                                                                                                                                                                                                                                                                                                                                                                                                                                                                              
 

svlngen4-fab1-apic1# 
%                                                                                                                                                                                                                                                                                                                                                                                                                                                                                                                              
 

svlngen4-fab1-apic1# ddf -h | grep tech
DEBUG:netmiko:read_channel: /dev/mapper/vg_ifc0-techsupport   40G   49M   38G   1% /data/techsupport
%                                                                                                                                                                                                                                                                                                                                                                                                                                                                                                                              
 

svlngen4-fab1-apic1# 
DEBUG:netmiko:read_channel: 
DEBUG:netmiko:write_channel: b'\n'
DEBUG:netmiko:read_channel: 
DEBUG:netmiko:write_channel: b'\n'
DEBUG:netmiko:read_channel: 
DEBUG:netmiko:write_channel: b'\n'
DEBUG:netmiko:read_channel: 
DEBUG:netmiko:write_channel: b'\n'
DEBUG:netmiko:read_channel: 
DEBUG:netmiko:write_channel: b'\n'
DEBUG:netmiko:read_channel: 
%                                                                                                                                                                                                                                                                                                                                                                                                                                                                                                                              
 

svlngen4-fab1-apic1# 
DEBUG:netmiko:read_channel: 
DEBUG:netmiko:[find_prompt()]: prompt is svlngen4-fab1-apic1#
DEBUG:netmiko:write_channel: b'find /data/techsupport -mtime +30 -ls | grep .gz\n'
DEBUG:netmiko:read_channel: 
DEBUG:netmiko:read_channel: 
DEBUG:netmiko:read_channel: 
DEBUG:netmiko:read_channel: 
DEBUG:netmiko:read_channel: 
DEBUG:netmiko:read_channel: 
DEBUG:netmiko:read_channel: 
DEBUG:netmiko:read_channel: 
DEBUG:netmiko:read_channel: 
DEBUG:netmiko:read_channel: 
DEBUG:netmiko:read_channel: 
DEBUG:netmiko:read_channel: 
DEBUG:netmiko:read_channel: 
DEBUG:netmiko:read_channel: 
DEBUG:netmiko:read_channel: 
DEBUG:netmiko:read_channel: 
DEBUG:netmiko:read_channel: 
DEBUG:netmiko:read_channel: 
DEBUG:netmiko:read_channel: 
DEBUG:netmiko:read_channel: 
%                                                                                                                                                                                                                                                                                                                                                                                                                                                                                                                              
 

svlngen4-fab1-apic1# 
%                                                                                                                                                                                                                                                                                                                                                                                                                                                                                                                              
 

svlngen4-fab1-apic1# 
%                                                                                                                                                                                                                                                                                                                                                                                                                                                                                                                              
 

svlngen4-fab1-apic1# 
%                                                                                                                                                                                                                                                                                                                                                                                                                                                                                                                              
 

svlngen4-fab1-apic1# 
DEBUG:netmiko:read_channel: 
DEBUG:netmiko:read_channel: 
DEBUG:netmiko:read_channel: 
DEBUG:netmiko:read_channel: 
DEBUG:netmiko:read_channel: 
DEBUG:netmiko:read_channel: 
DEBUG:netmiko:read_channel: 
DEBUG:netmiko:read_channel: 
DEBUG:netmiko:read_channel: 
DEBUG:netmiko:read_channel: 
DEBUG:netmiko:read_channel: 
DEBUG:netmiko:read_channel: 
DEBUG:netmiko:read_channel: 
DEBUG:netmiko:read_channel: 
DEBUG:netmiko:read_channel: 
DEBUG:netmiko:read_channel: 
DEBUG:netmiko:read_channel: 
DEBUG:netmiko:read_channel: 
DEBUG:netmiko:read_channel: 
DEBUG:netmiko:read_channel: 
DEBUG:netmiko:read_channel: 
DEBUG:netmiko:read_channel: ffind /data/techsupport -
DEBUG:netmiko:read_channel: mtime +30 -ls | grep .gz
find: '/data/techsupport/lost+found': Permission denied
%                                                                                                                                                                                                                                                                                                                                                                                                                                                                                                                              
 

DEBUG:netmiko:Pattern found: (find\ /data/techsupport\ \-mtime\ \+30\ \-ls\ \|\ grep\ \.gz) 
%                                                                                                                                                                                                                                                                                                                                                                                                                                                                                                                              
 

svlngen4-fab1-apic1# 
%                                                                                                                                                                                                                                                                                                                                                                                                                                                                                                                              
 

svlngen4-fab1-apic1# 
%                                                                                                                                                                                                                                                                                                                                                                                                                                                                                                                              
 

svlngen4-fab1-apic1# 
%                                                                                                                                                                                                                                                                                                                                                                                                                                                                                                                              
 

svlngen4-fab1-apic1# ffind /data/techsupport -mtime +30 -ls | grep .gz
DEBUG:netmiko:read_channel: 
DEBUG:netmiko:read_channel: 
DEBUG:netmiko:read_channel: 
DEBUG:netmiko:read_channel: 
DEBUG:netmiko:read_channel: 
DEBUG:netmiko:read_channel: 
DEBUG:netmiko:read_channel: 
DEBUG:netmiko:read_channel: 
DEBUG:netmiko:read_channel: 
svlngen4-fab1-apic1# 
DEBUG:netmiko:read_channel: 
DEBUG:netmiko:write_channel: b'\n'
DEBUG:netmiko:read_channel: 
DEBUG:netmiko:write_channel: b'\n'
DEBUG:netmiko:read_channel: 
DEBUG:netmiko:write_channel: b'\n'
DEBUG:netmiko:read_channel: 
DEBUG:netmiko:write_channel: b'\n'
DEBUG:netmiko:read_channel: 
DEBUG:netmiko:write_channel: b'\n'
DEBUG:netmiko:read_channel: 
%                                                                                                                                                                                                                                                                                                                                                                                                                                                                                                                              
 

svlngen4-fab1-apic1# 
DEBUG:netmiko:read_channel: 
DEBUG:netmiko:[find_prompt()]: prompt is svlngen4-fab1-apic1#
DEBUG:netmiko:write_channel: b'find /data/techsupport -type f -mtime +30 | xargs rm -fv *.gz\n'
DEBUG:netmiko:read_channel: 
DEBUG:netmiko:read_channel: 
DEBUG:netmiko:read_channel: 
DEBUG:netmiko:read_channel: 
DEBUG:netmiko:read_channel: 
DEBUG:netmiko:read_channel: 
DEBUG:netmiko:read_channel: 
DEBUG:netmiko:read_channel: 
DEBUG:netmiko:read_channel: 
DEBUG:netmiko:read_channel: 
DEBUG:netmiko:read_channel: 
DEBUG:netmiko:read_channel: 
DEBUG:netmiko:read_channel: 
DEBUG:netmiko:read_channel: 
DEBUG:netmiko:read_channel: 
%                                                                                                                                                                                                                                                                                                                                                                                                                                                                                                                              
 

svlngen4-fab1-apic1# 
%                                                                                                                                                                                                                                                                                                                                                                                                                                                                                                                              
 

svlngen4-fab1-apic1# 
%                                                                                                                                                                                                                                                                                                                                                                                                                                                                                                                              
 

svlngen4-fab1-apic1# 
%                                                                                                                                                                                                                                                                                                                                                                                                                                                                                                                              
 

svlngen4-fab1-apic1# 
DEBUG:netmiko:read_channel: 
DEBUG:netmiko:read_channel: 
DEBUG:netmiko:read_channel: 
DEBUG:netmiko:read_channel: 
DEBUG:netmiko:read_channel: 
DEBUG:netmiko:read_channel: 
DEBUG:netmiko:read_channel: 
DEBUG:netmiko:read_channel: 
DEBUG:netmiko:read_channel: 
DEBUG:netmiko:read_channel: 
DEBUG:netmiko:read_channel: 
DEBUG:netmiko:read_channel: 
DEBUG:netmiko:read_channel: 
DEBUG:netmiko:read_channel: 
DEBUG:netmiko:read_channel: 
DEBUG:netmiko:read_channel: 
DEBUG:netmiko:read_channel: 
DEBUG:netmiko:read_channel: 
DEBUG:netmiko:read_channel: 
DEBUG:netmiko:read_channel: 
DEBUG:netmiko:read_channel: 
DEBUG:netmiko:read_channel: 
DEBUG:netmiko:read_channel: 
DEBUG:netmiko:read_channel: 
DEBUG:netmiko:read_channel: 
DEBUG:netmiko:read_channel: ffind /data/techsupport -type f -mtime +30 | xargs rm -fv *.gz
zsh: no matches found: *.gz
%                                                                                                                                                                                                                                                                                                                                                                                                                                                                                                                              
 

svlngen4-fab1-apic1# 
DEBUG:netmiko:Pattern found: (find\ /data/techsupport\ \-type\ f\ \-mtime\ \+30\ \|\ xargs\ rm\ \-fv\ \*\.gz) 
%                                                                                                                                                                                                                                                                                                                                                                                                                                                                                                                              
 

svlngen4-fab1-apic1# 
%                                                                                                                                                                                                                                                                                                                                                                                                                                                                                                                              
 

svlngen4-fab1-apic1# 
%                                                                                                                                                                                                                                                                                                                                                                                                                                                                                                                              
 

svlngen4-fab1-apic1# 
%                                                                                                                                                                                                                                                                                                                                                                                                                                                                                                                              
 

svlngen4-fab1-apic1# ffind /data/techsupport -type f -mtime +30 | xargs rm -fv *.gz
DEBUG:netmiko:read_channel: 
DEBUG:netmiko:read_channel: 
DEBUG:netmiko:write_channel: b'\n'
DEBUG:netmiko:read_channel: 
DEBUG:netmiko:write_channel: b'\n'
DEBUG:netmiko:read_channel: 
DEBUG:netmiko:write_channel: b'\n'
DEBUG:netmiko:read_channel: 
DEBUG:netmiko:write_channel: b'\n'
DEBUG:netmiko:read_channel: 
DEBUG:netmiko:write_channel: b'\n'
DEBUG:netmiko:read_channel: 
%                                                                                                                                                                                                                                                                                                                                                                                                                                                                                                                              
 

svlngen4-fab1-apic1# 
DEBUG:netmiko:read_channel: 
DEBUG:netmiko:[find_prompt()]: prompt is svlngen4-fab1-apic1#
DEBUG:netmiko:write_channel: b'cd /data/techsupport/\n'
DEBUG:netmiko:read_channel: 
DEBUG:netmiko:read_channel: 
DEBUG:netmiko:read_channel: 
%                                                                                                                                                                                                                                                                                                                                                                                                                                                                                                                              
 

svlngen4-fab1-apic1# 
%                                                                                                                                                                                                                                                                                                                                                                                                                                                                                                                              
 

DEBUG:netmiko:read_channel: 
svlngen4-fab1-apic1# 
%                                                                                                                                                                                                                                                                                                                                                                                                                                                                                                                              
 

svlngen4-fab1-apic1# 
%                                                                                                                                                                                                                                                                                                                                                                                                                                                                                                                              
 

svlngen4-fab1-apic1# 
DEBUG:netmiko:read_channel: 
DEBUG:netmiko:read_channel: 
DEBUG:netmiko:read_channel: 
DEBUG:netmiko:read_channel: 
DEBUG:netmiko:read_channel: 
DEBUG:netmiko:read_channel: 
DEBUG:netmiko:read_channel: 
DEBUG:netmiko:read_channel: 
DEBUG:netmiko:read_channel: 
DEBUG:netmiko:read_channel: 
DEBUG:netmiko:read_channel: 
DEBUG:netmiko:read_channel: 
DEBUG:netmiko:read_channel: 
DEBUG:netmiko:read_channel: 
DEBUG:netmiko:read_channel: 
DEBUG:netmiko:read_channel: 
DEBUG:netmiko:read_channel: 
DEBUG:netmiko:read_channel: ccd /data/techsupport/
%                                                                                                                                                                                                                                                                                                                                                                                                                                                                                                                              
 

DEBUG:netmiko:Pattern found: (cd\ /data/techsupport/) 
%                                                                                                                                                                                                                                                                                                                                                                                                                                                                                                                              
 

svlngen4-fab1-apic1# 
%                                                                                                                                                                                                                                                                                                                                                                                                                                                                                                                              
 

svlngen4-fab1-apic1# 
%                                                                                                                                                                                                                                                                                                                                                                                                                                                                                                                              
 

svlngen4-fab1-apic1# 
%                                                                                                                                                                                                                                                                                                                                                                                                                                                                                                                              
 

svlngen4-fab1-apic1# ccd /data/techsupport/
DEBUG:netmiko:read_channel: 
svlngen4-fab1-apic1# 
DEBUG:netmiko:read_channel: 
DEBUG:netmiko:write_channel: b'\n'
DEBUG:netmiko:read_channel: 
DEBUG:netmiko:write_channel: b'\n'
DEBUG:netmiko:read_channel: 
DEBUG:netmiko:write_channel: b'\n'
DEBUG:netmiko:read_channel: 
DEBUG:netmiko:write_channel: b'\n'
DEBUG:netmiko:read_channel: 
DEBUG:netmiko:write_channel: b'\n'
DEBUG:netmiko:read_channel: 
%                                                                                                                                                                                                                                                                                                                                                                                                                                                                                                                              
 

svlngen4-fab1-apic1# 
DEBUG:netmiko:read_channel: 
DEBUG:netmiko:[find_prompt()]: prompt is svlngen4-fab1-apic1#
DEBUG:netmiko:write_channel: b'ls -l\n'
DEBUG:netmiko:read_channel: 
DEBUG:netmiko:read_channel: 
DEBUG:netmiko:read_channel: 
DEBUG:netmiko:read_channel: 
%                                                                                                                                                                                                                                                                                                                                                                                                                                                                                                                              
 

svlngen4-fab1-apic1# 
%                                                                                                                                                                                                                                                                                                                                                                                                                                                                                                                              
 

svlngen4-fab1-apic1# 
%                                                                                                                                                                                                                                                                                                                                                                                                                                                                                                                              
 

DEBUG:netmiko:read_channel: 
svlngen4-fab1-apic1# 
%                                                                                                                                                                                                                                                                                                                                                                                                                                                                                                                              
 

svlngen4-fab1-apic1# 
DEBUG:netmiko:read_channel: 
DEBUG:netmiko:read_channel: 
DEBUG:netmiko:read_channel: 
DEBUG:netmiko:read_channel: 
DEBUG:netmiko:read_channel: 
DEBUG:netmiko:read_channel: 
DEBUG:netmiko:read_channel: 
DEBUG:netmiko:read_channel: 
DEBUG:netmiko:read_channel: 
DEBUG:netmiko:read_channel: 
DEBUG:netmiko:read_channel: 
DEBUG:netmiko:read_channel: 
DEBUG:netmiko:read_channel: 
DEBUG:netmiko:read_channel: 
DEBUG:netmiko:read_channel: 
DEBUG:netmiko:read_channel: 
DEBUG:netmiko:read_channel: lls -l

DEBUG:netmiko:Pattern found: (ls\ \-l) 
%                                                                                                                                                                                                                                                                                                                                                                                                                                                                                                                              
 

svlngen4-fab1-apic1# 
%                                                                                                                                                                                                                                                                                                                                                                                                                                                                                                                              
 

svlngen4-fab1-apic1# 
%                                                                                                                                                                                                                                                                                                                                                                                                                                                                                                                              
 

svlngen4-fab1-apic1# 
%                                                                                                                                                                                                                                                                                                                                                                                                                                                                                                                              
 

svlngen4-fab1-apic1# lls -l
DEBUG:netmiko:read_channel: total 36
drwxrwxr-x 2 ifc   admin  4096 Apr 20 04:07 debug
drwxrwxrwx 2 root  root   4096 Apr  5 04:23 heapstats
drwx------ 2 root  root  16384 Nov 22  2019 lost+found
drwxr-xr-x 2 admin admin  4096 Apr 23 23:13 test.txt
drwxrwxrwx 2 root  root   4096 Dec 12  2019 troubleshoot
drwx------ 2 admin admin  4096 Apr 23 23:22 upgradeTriages
%                                                                                                                                                                                                                                                                                                                                                                                                                                                                                                                              
 

svlngen4-fab1-apic1# 
DEBUG:netmiko:read_channel: 
DEBUG:netmiko:write_channel: b'\n'
DEBUG:netmiko:read_channel: 
DEBUG:netmiko:write_channel: b'\n'
DEBUG:netmiko:read_channel: 
DEBUG:netmiko:write_channel: b'\n'
DEBUG:netmiko:read_channel: 
DEBUG:netmiko:write_channel: b'\n'
DEBUG:netmiko:read_channel: 
DEBUG:netmiko:write_channel: b'\n'
DEBUG:netmiko:read_channel: 
%                                                                                                                                                                                                                                                                                                                                                                                                                                                                                                                              
 

svlngen4-fab1-apic1# 
DEBUG:netmiko:read_channel: 
DEBUG:netmiko:[find_prompt()]: prompt is svlngen4-fab1-apic1#
DEBUG:netmiko:write_channel: b'df -h | grep tech\n'
DEBUG:netmiko:read_channel: 
DEBUG:netmiko:read_channel: 
DEBUG:netmiko:read_channel: 
DEBUG:netmiko:read_channel: 
DEBUG:netmiko:read_channel: 
DEBUG:netmiko:read_channel: 
DEBUG:netmiko:read_channel: 
DEBUG:netmiko:read_channel: 
DEBUG:netmiko:read_channel: 
DEBUG:netmiko:read_channel: 
DEBUG:netmiko:read_channel: 
DEBUG:netmiko:read_channel: 
DEBUG:netmiko:read_channel: 
DEBUG:netmiko:read_channel: 
DEBUG:netmiko:read_channel: 
DEBUG:netmiko:read_channel: 
DEBUG:netmiko:read_channel: 
DEBUG:netmiko:read_channel: 
%                                                                                                                                                                                                                                                                                                                                                                                                                                                                                                                              
 

svlngen4-fab1-apic1# 
%                                                                                                                                                                                                                                                                                                                                                                                                                                                                                                                              
 

svlngen4-fab1-apic1# 
%                                                                                                                                                                                                                                                                                                                                                                                                                                                                                                                              
 

svlngen4-fab1-apic1# 
%                                                                                                                                                                                                                                                                                                                                                                                                                                                                                                                              
 

svlngen4-fab1-apic1# 
DEBUG:netmiko:read_channel: 
DEBUG:netmiko:read_channel: 
DEBUG:netmiko:read_channel: 
DEBUG:netmiko:read_channel: 
DEBUG:netmiko:read_channel: 
DEBUG:netmiko:read_channel: 
DEBUG:netmiko:read_channel: 
DEBUG:netmiko:read_channel: 
DEBUG:netmiko:read_channel: 
DEBUG:netmiko:read_channel: 
DEBUG:netmiko:read_channel: 
DEBUG:netmiko:read_channel: 
DEBUG:netmiko:read_channel: 
DEBUG:netmiko:read_channel: 
DEBUG:netmiko:read_channel: 
DEBUG:netmiko:read_channel: 
DEBUG:netmiko:read_channel: 
DEBUG:netmiko:read_channel: 
DEBUG:netmiko:read_channel: 
DEBUG:netmiko:read_channel: 
DEBUG:netmiko:read_channel: 
DEBUG:netmiko:read_channel: ddf -h | grep tech
/dev/mapper/vg_ifc0-techsupport   40G   49M   38G   1% /data/techsupport
%                                                                                                                                                                                                                                                                                                                                                                                                                                                                                                                              
 

svlngen4-fab1-apic1# 
DEBUG:netmiko:Pattern found: (df\ \-h\ \|\ grep\ tech) 
%                                                                                                                                                                                                                                                                                                                                                                                                                                                                                                                              
 

svlngen4-fab1-apic1# 
%                                                                                                                                                                                                                                                                                                                                                                                                                                                                                                                              
 

svlngen4-fab1-apic1# 
%                                                                                                                                                                                                                                                                                                                                                                                                                                                                                                                              
 

svlngen4-fab1-apic1# 
%                                                                                                                                                                                                                                                                                                                                                                                                                                                                                                                              
 

svlngen4-fab1-apic1# ddf -h | grep tech
DEBUG:netmiko:read_channel: 
DEBUG:paramiko.transport:starting thread (client mode): 0x79735e0
DEBUG:paramiko.transport:Local version/idstring: SSH-2.0-paramiko_2.10.3
DEBUG:paramiko.transport:Remote version/idstring: SSH-2.0-OpenSSH_8.2
INFO:paramiko.transport:Connected (version 2.0, client OpenSSH_8.2)
DEBUG:paramiko.transport:=== Key exchange possibilities ===
DEBUG:paramiko.transport:kex algos: curve25519-sha256, curve25519-sha256@libssh.org, diffie-hellman-group1-sha1, diffie-hellman-group14-sha1, diffie-hellman-group14-sha256, diffie-hellman-group16-sha512, ecdh-sha2-nistp256, ecdh-sha2-nistp384, ecdh-sha2-nistp521
DEBUG:paramiko.transport:server key: ssh-rsa
DEBUG:paramiko.transport:client encrypt: aes128-ctr, aes192-ctr, aes256-ctr
DEBUG:paramiko.transport:server encrypt: aes128-ctr, aes192-ctr, aes256-ctr
DEBUG:paramiko.transport:client mac: hmac-sha1, hmac-sha2-256, hmac-sha2-512
DEBUG:paramiko.transport:server mac: hmac-sha1, hmac-sha2-256, hmac-sha2-512
DEBUG:paramiko.transport:client compress: none, zlib@openssh.com
DEBUG:paramiko.transport:server compress: none, zlib@openssh.com
DEBUG:paramiko.transport:client lang: <none>
DEBUG:paramiko.transport:server lang: <none>
DEBUG:paramiko.transport:kex follows: False
DEBUG:paramiko.transport:=== Key exchange agreements ===
DEBUG:paramiko.transport:Kex: curve25519-sha256@libssh.org
DEBUG:paramiko.transport:HostKey: ssh-rsa
DEBUG:paramiko.transport:Cipher: aes128-ctr
DEBUG:paramiko.transport:MAC: hmac-sha2-256
DEBUG:paramiko.transport:Compression: none
DEBUG:paramiko.transport:=== End of kex handshake ===
DEBUG:paramiko.transport:kex engine KexCurve25519 specified hash_algo <built-in function openssl_sha256>
DEBUG:paramiko.transport:Switch to new keys ...
DEBUG:paramiko.transport:Adding ssh-rsa host key for svlngen4-fab1-apic1: b'cb2da8ed61e467840f2aac1ca52bcede'
DEBUG:paramiko.transport:Got EXT_INFO: {'server-sig-algs': b'ssh-ed25519,sk-ssh-ed25519@openssh.com,ssh-rsa,rsa-sha2-256,rsa-sha2-512,ssh-dss,ecdsa-sha2-nistp256,ecdsa-sha2-nistp384,ecdsa-sha2-nistp521,sk-ecdsa-sha2-nistp256@openssh.com'}
DEBUG:paramiko.transport:userauth is OK
INFO:paramiko.transport:Auth banner: b'Application Policy Infrastructure Controller\n'
INFO:paramiko.transport:Authentication (password) successful!
DEBUG:paramiko.transport:[chan 0] Max packet in: 32768 bytes
DEBUG:paramiko.transport:Received global request "hostkeys-00@openssh.com"
DEBUG:paramiko.transport:Rejecting "hostkeys-00@openssh.com" global request from server.
DEBUG:paramiko.transport:[chan 0] Max packet out: 32768 bytes
DEBUG:paramiko.transport:Secsh channel 0 opened.
DEBUG:paramiko.transport:[chan 0] Sesch channel 0 request ok
DEBUG:paramiko.transport:[chan 0] Sesch channel 0 request ok
DEBUG:netmiko:read_channel: 
DEBUG:netmiko:read_channel: 
DEBUG:netmiko:read_channel: 
DEBUG:netmiko:read_channel: 
DEBUG:netmiko:read_channel: 
DEBUG:netmiko:read_channel: 
DEBUG:netmiko:read_channel: 
DEBUG:netmiko:read_channel: 
DEBUG:netmiko:read_channel: 
DEBUG:netmiko:read_channel: 
DEBUG:netmiko:read_channel: 
DEBUG:netmiko:read_channel: 
DEBUG:netmiko:read_channel: 
DEBUG:netmiko:read_channel: 
DEBUG:netmiko:read_channel: 
DEBUG:netmiko:read_channel: 
DEBUG:netmiko:read_channel: 
DEBUG:netmiko:read_channel: 
DEBUG:netmiko:read_channel: 
DEBUG:netmiko:read_channel: 
DEBUG:netmiko:read_channel: 
DEBUG:netmiko:read_channel: 
DEBUG:netmiko:read_channel: 
DEBUG:netmiko:read_channel: 
DEBUG:netmiko:read_channel: 
DEBUG:netmiko:read_channel: 
DEBUG:netmiko:read_channel: 
DEBUG:netmiko:read_channel: 
DEBUG:netmiko:read_channel: 
DEBUG:netmiko:read_channel: 
DEBUG:netmiko:read_channel: 
DEBUG:netmiko:read_channel: 
DEBUG:netmiko:read_channel: 
DEBUG:netmiko:read_channel: 
DEBUG:netmiko:read_channel: 
DEBUG:netmiko:read_channel: 
DEBUG:netmiko:read_channel: 
DEBUG:netmiko:read_channel: 
DEBUG:netmiko:read_channel: 
DEBUG:netmiko:read_channel: 
DEBUG:netmiko:read_channel: 
DEBUG:netmiko:read_channel: 
DEBUG:netmiko:read_channel: 
DEBUG:netmiko:read_channel: Last login: 2022-04-24T02:34:08.000-07:00 UTC
%                                                                                                                                                                                                                                                                                                                                                                                                                                                                                                                              
 

svlngen4-fab1-apic1# 
DEBUG:netmiko:Pattern found: ([>#]) Last login: 2022-04-24T02:34:08.000-07:00 UTC
%                                                                                                                                                                                                                                                                                                                                                                                                                                                                                                                              
 

svlngen4-fab1-apic1#
DEBUG:netmiko:write_channel: b'terminal width 511\n'
DEBUG:netmiko:read_channel: 
DEBUG:netmiko:read_channel: 
DEBUG:netmiko:read_channel: 
DEBUG:netmiko:read_channel: 
DEBUG:netmiko:read_channel: 
DEBUG:netmiko:read_channel: 
DEBUG:netmiko:read_channel: 
DEBUG:netmiko:read_channel: 
DEBUG:netmiko:read_channel: 
DEBUG:netmiko:read_channel: 
DEBUG:netmiko:read_channel: 
DEBUG:netmiko:read_channel: 
DEBUG:netmiko:read_channel: 
DEBUG:netmiko:read_channel: 
DEBUG:netmiko:read_channel: 
DEBUG:netmiko:read_channel: 
DEBUG:netmiko:read_channel: 
DEBUG:netmiko:read_channel: 
DEBUG:netmiko:read_channel: 
DEBUG:netmiko:read_channel: 
DEBUG:netmiko:read_channel: 
DEBUG:netmiko:read_channel: 
DEBUG:netmiko:read_channel: 
DEBUG:netmiko:read_channel: 
DEBUG:netmiko:read_channel: 
DEBUG:netmiko:read_channel: 
DEBUG:netmiko:read_channel: tterminal width 511

DEBUG:netmiko:Pattern found: (terminal width 511)  tterminal width 511
DEBUG:netmiko:In disable_paging
DEBUG:netmiko:Command: terminal length 0

DEBUG:netmiko:write_channel: b'terminal length 0\n'
DEBUG:netmiko:read_channel: 
DEBUG:netmiko:read_channel: 
DEBUG:netmiko:read_channel: 
DEBUG:netmiko:read_channel: 
DEBUG:netmiko:read_channel: 
DEBUG:netmiko:read_channel: 
DEBUG:netmiko:read_channel: 
DEBUG:netmiko:read_channel: 
DEBUG:netmiko:read_channel: 
DEBUG:netmiko:read_channel: 
DEBUG:netmiko:read_channel: 
DEBUG:netmiko:read_channel: 
DEBUG:netmiko:read_channel: 
DEBUG:netmiko:read_channel: 
DEBUG:netmiko:read_channel: 
DEBUG:netmiko:read_channel: 
DEBUG:netmiko:read_channel: 
DEBUG:netmiko:read_channel: 
DEBUG:netmiko:read_channel: 
DEBUG:netmiko:read_channel: 
DEBUG:netmiko:read_channel: 
DEBUG:netmiko:read_channel: 
DEBUG:netmiko:read_channel: 
DEBUG:netmiko:read_channel: 
DEBUG:netmiko:read_channel: 
DEBUG:netmiko:read_channel: 
DEBUG:netmiko:read_channel: %                                                                                                                                                                                                                                                                                                                                                                                                                                                                                                                              
 

svlngen4-fab1-apic1# tterminal length 0
%                                                                                                                                                                                                                                                                                                                                                                                                                                                                                                                              
 

svlngen4-fab1-apic1# 
DEBUG:netmiko:Pattern found: (terminal\ length\ 0) 
%                                                                                                                                                                                                                                                                                                                                                                                                                                                                                                                              
 

svlngen4-fab1-apic1# tterminal length 0
DEBUG:netmiko:
%                                                                                                                                                                                                                                                                                                                                                                                                                                                                                                                              
 

svlngen4-fab1-apic1# tterminal length 0
DEBUG:netmiko:Exiting disable_paging
DEBUG:netmiko:read_channel: 
DEBUG:netmiko:Clear buffer detects data in the channel
DEBUG:netmiko:read_channel: 
DEBUG:netmiko:write_channel: b'\n'
DEBUG:netmiko:read_channel: 
DEBUG:netmiko:read_channel: 
DEBUG:netmiko:read_channel: 
DEBUG:netmiko:read_channel: 
DEBUG:netmiko:read_channel: 
DEBUG:netmiko:read_channel: 
DEBUG:netmiko:read_channel: 
DEBUG:netmiko:read_channel: 
DEBUG:netmiko:read_channel: 
DEBUG:netmiko:read_channel: 
DEBUG:netmiko:read_channel: 
DEBUG:netmiko:read_channel: 
DEBUG:netmiko:read_channel: 
DEBUG:netmiko:read_channel: 
DEBUG:netmiko:read_channel: 
DEBUG:netmiko:read_channel: 
DEBUG:netmiko:read_channel: 
DEBUG:netmiko:read_channel: 
DEBUG:netmiko:read_channel: 
DEBUG:netmiko:read_channel: 
DEBUG:netmiko:read_channel: 
DEBUG:netmiko:read_channel: 
DEBUG:netmiko:read_channel: 
%                                                                                                                                                                                                                                                                                                                                                                                                                                                                                                                              
 

svlngen4-fab1-apic1# 
DEBUG:netmiko:Pattern found: (\#|>) 
%                                                                                                                                                                                                                                                                                                                                                                                                                                                                                                                              
 

svlngen4-fab1-apic1#
DEBUG:netmiko:read_channel: 
DEBUG:netmiko:Clear buffer detects data in the channel
DEBUG:netmiko:read_channel: 
DEBUG:netmiko:[find_prompt()]: prompt is svlngen4-fab1-apic1#
DEBUG:netmiko:read_channel: 
DEBUG:netmiko:write_channel: b'\n'
DEBUG:netmiko:read_channel: 
DEBUG:netmiko:write_channel: b'\n'
DEBUG:netmiko:read_channel: 
DEBUG:netmiko:write_channel: b'\n'
DEBUG:netmiko:read_channel: 
DEBUG:netmiko:write_channel: b'\n'
DEBUG:netmiko:read_channel: 
DEBUG:netmiko:write_channel: b'\n'
DEBUG:netmiko:read_channel: 
%                                                                                                                                                                                                                                                                                                                                                                                                                                                                                                                              
 

svlngen4-fab1-apic1# 
DEBUG:netmiko:read_channel: 
DEBUG:netmiko:[find_prompt()]: prompt is svlngen4-fab1-apic1#
DEBUG:netmiko:write_channel: b'cd /data/techsupport/\n'
DEBUG:netmiko:read_channel: 
DEBUG:netmiko:read_channel: 
DEBUG:netmiko:read_channel: 
%                                                                                                                                                                                                                                                                                                                                                                                                                                                                                                                              
 

DEBUG:netmiko:read_channel: 
svlngen4-fab1-apic1# 
%                                                                                                                                                                                                                                                                                                                                                                                                                                                                                                                              
 

svlngen4-fab1-apic1# 
%                                                                                                                                                                                                                                                                                                                                                                                                                                                                                                                              
 

svlngen4-fab1-apic1# 
%                                                                                                                                                                                                                                                                                                                                                                                                                                                                                                                              
 

DEBUG:netmiko:read_channel: 
svlngen4-fab1-apic1# 
DEBUG:netmiko:read_channel: 
DEBUG:netmiko:read_channel: 
DEBUG:netmiko:read_channel: 
DEBUG:netmiko:read_channel: 
DEBUG:netmiko:read_channel: 
DEBUG:netmiko:read_channel: 
DEBUG:netmiko:read_channel: 
DEBUG:netmiko:read_channel: 
DEBUG:netmiko:read_channel: 
DEBUG:netmiko:read_channel: 
DEBUG:netmiko:read_channel: 
DEBUG:netmiko:read_channel: 
DEBUG:netmiko:read_channel: 
DEBUG:netmiko:read_channel: 
DEBUG:netmiko:read_channel: 
DEBUG:netmiko:read_channel: 
DEBUG:netmiko:read_channel: 
DEBUG:netmiko:read_channel: 
DEBUG:netmiko:read_channel: 
DEBUG:netmiko:read_channel: 
DEBUG:netmiko:read_channel: 
DEBUG:netmiko:read_channel: 
DEBUG:netmiko:read_channel: ccd /data/techsupport/
%                                                                                                                                                                                                                                                                                                                                                                                                                                                                                                                              
 

svlngen4-fab1-apic1# 
DEBUG:netmiko:Pattern found: (cd\ /data/techsupport/) 
%                                                                                                                                                                                                                                                                                                                                                                                                                                                                                                                              
 

svlngen4-fab1-apic1# 
%                                                                                                                                                                                                                                                                                                                                                                                                                                                                                                                              
 

svlngen4-fab1-apic1# 
%                                                                                                                                                                                                                                                                                                                                                                                                                                                                                                                              
 

svlngen4-fab1-apic1# 
%                                                                                                                                                                                                                                                                                                                                                                                                                                                                                                                              
 

svlngen4-fab1-apic1# ccd /data/techsupport/
DEBUG:netmiko:read_channel: 
DEBUG:netmiko:read_channel: 
DEBUG:netmiko:write_channel: b'\n'
DEBUG:netmiko:read_channel: 
DEBUG:netmiko:write_channel: b'\n'
DEBUG:netmiko:read_channel: 
DEBUG:netmiko:write_channel: b'\n'
DEBUG:netmiko:read_channel: 
DEBUG:netmiko:write_channel: b'\n'
DEBUG:netmiko:read_channel: 
DEBUG:netmiko:write_channel: b'\n'
DEBUG:netmiko:read_channel: 
%                                                                                                                                                                                                                                                                                                                                                                                                                                                                                                                              
 

svlngen4-fab1-apic1# 
DEBUG:netmiko:read_channel: 
DEBUG:netmiko:[find_prompt()]: prompt is svlngen4-fab1-apic1#
DEBUG:netmiko:write_channel: b'ls -l\n'
DEBUG:netmiko:read_channel: 
DEBUG:netmiko:read_channel: 
DEBUG:netmiko:read_channel: 
DEBUG:netmiko:read_channel: 
DEBUG:netmiko:read_channel: 
DEBUG:netmiko:read_channel: 
DEBUG:netmiko:read_channel: 
DEBUG:netmiko:read_channel: 
DEBUG:netmiko:read_channel: 
DEBUG:netmiko:read_channel: 
DEBUG:netmiko:read_channel: 
DEBUG:netmiko:read_channel: 
DEBUG:netmiko:read_channel: 
%                                                                                                                                                                                                                                                                                                                                                                                                                                                                                                                              
 

svlngen4-fab1-apic1# 
%                                                                                                                                                                                                                                                                                                                                                                                                                                                                                                                              
 

svlngen4-fab1-apic1# 
%                                                                                                                                                                                                                                                                                                                                                                                                                                                                                                                              
 

svlngen4-fab1-apic1# 
%                                                                                                                                                                                                                                                                                                                                                                                                                                                                                                                              
 

svlngen4-fab1-apic1# 
DEBUG:netmiko:read_channel: 
DEBUG:netmiko:read_channel: 
DEBUG:netmiko:read_channel: 
DEBUG:netmiko:read_channel: 
DEBUG:netmiko:read_channel: 
DEBUG:netmiko:read_channel: 
DEBUG:netmiko:read_channel: 
DEBUG:netmiko:read_channel: 
DEBUG:netmiko:read_channel: 
DEBUG:netmiko:read_channel: 
DEBUG:netmiko:read_channel: 
DEBUG:netmiko:read_channel: 
DEBUG:netmiko:read_channel: 
DEBUG:netmiko:read_channel: 
DEBUG:netmiko:read_channel: 
DEBUG:netmiko:read_channel: 
DEBUG:netmiko:read_channel: 
DEBUG:netmiko:read_channel: 
DEBUG:netmiko:read_channel: 
DEBUG:netmiko:read_channel: 
DEBUG:netmiko:read_channel: 
DEBUG:netmiko:read_channel: 
DEBUG:netmiko:read_channel: 
DEBUG:netmiko:read_channel: 
DEBUG:netmiko:read_channel: 
DEBUG:netmiko:read_channel: 
DEBUG:netmiko:read_channel: lls -l
total 36
drwxrwxr-x 2 ifc   admin  4096 Apr 20 04:07 debug
drwxrwxrwx 2 root  root   4096 Apr  5 04:23 heapstats
drwx------ 2 root  root  16384 Nov 22  2019 lost+found
drwxr-xr-x 2 admin admin  4096 Apr 23 23:13 test.txt
drwxrwxrwx 2 root  root   4096 Dec 12  2019 troubleshoot
drwx------ 2 admin admin  4096 Apr 23 23:22 upgradeTriages
%                                                                                                                                                                                                                                                                                                                                                                                                                                                                                                                              
 

svlngen4-fab1-apic1# 
DEBUG:netmiko:Pattern found: (ls\ \-l) 
%                                                                                                                                                                                                                                                                                                                                                                                                                                                                                                                              
 

svlngen4-fab1-apic1# 
%                                                                                                                                                                                                                                                                                                                                                                                                                                                                                                                              
 

svlngen4-fab1-apic1# 
%                                                                                                                                                                                                                                                                                                                                                                                                                                                                                                                              
 

svlngen4-fab1-apic1# 
%                                                                                                                                                                                                                                                                                                                                                                                                                                                                                                                              
 

svlngen4-fab1-apic1# lls -l
DEBUG:netmiko:read_channel: 
DEBUG:netmiko:read_channel: 
DEBUG:netmiko:write_channel: b'\n'
DEBUG:netmiko:read_channel: 
DEBUG:netmiko:write_channel: b'\n'
DEBUG:netmiko:read_channel: 
DEBUG:netmiko:write_channel: b'\n'
DEBUG:netmiko:read_channel: 
DEBUG:netmiko:write_channel: b'\n'
DEBUG:netmiko:read_channel: 
DEBUG:netmiko:write_channel: b'\n'
DEBUG:netmiko:read_channel: 
%                                                                                                                                                                                                                                                                                                                                                                                                                                                                                                                              
 

svlngen4-fab1-apic1# 
DEBUG:netmiko:read_channel: 
DEBUG:netmiko:[find_prompt()]: prompt is svlngen4-fab1-apic1#
DEBUG:netmiko:write_channel: b'df -h | grep tech\n'
DEBUG:netmiko:read_channel: 
DEBUG:netmiko:read_channel: 
DEBUG:netmiko:read_channel: 
DEBUG:netmiko:read_channel: 
DEBUG:netmiko:read_channel: 
DEBUG:netmiko:read_channel: 
DEBUG:netmiko:read_channel: 
%                                                                                                                                                                                                                                                                                                                                                                                                                                                                                                                              
 

svlngen4-fab1-apic1# 
%                                                                                                                                                                                                                                                                                                                                                                                                                                                                                                                              
 

svlngen4-fab1-apic1# 
%                                                                                                                                                                                                                                                                                                                                                                                                                                                                                                                              
 

DEBUG:netmiko:read_channel: 
svlngen4-fab1-apic1# 
%                                                                                                                                                                                                                                                                                                                                                                                                                                                                                                                              
 

svlngen4-fab1-apic1# 
DEBUG:netmiko:read_channel: 
DEBUG:netmiko:read_channel: 
DEBUG:netmiko:read_channel: 
DEBUG:netmiko:read_channel: 
DEBUG:netmiko:read_channel: 
DEBUG:netmiko:read_channel: 
DEBUG:netmiko:read_channel: 
DEBUG:netmiko:read_channel: 
DEBUG:netmiko:read_channel: 
DEBUG:netmiko:read_channel: 
DEBUG:netmiko:read_channel: 
DEBUG:netmiko:read_channel: 
DEBUG:netmiko:read_channel: 
DEBUG:netmiko:read_channel: 
DEBUG:netmiko:read_channel: 
DEBUG:netmiko:read_channel: 
DEBUG:netmiko:read_channel: 
DEBUG:netmiko:read_channel: 
DEBUG:netmiko:read_channel: 
DEBUG:netmiko:read_channel: 
DEBUG:netmiko:read_channel: 
DEBUG:netmiko:read_channel: 
DEBUG:netmiko:read_channel: ddf -h | grep tech
/dev/mapper/vg_ifc0-techsupport   40G   49M   38G   1% /data/techsupport
%                                                                                                                                                                                                                                                                                                                                                                                                                                                                                                                              
 

svlngen4-fab1-apic1# 
DEBUG:netmiko:Pattern found: (df\ \-h\ \|\ grep\ tech) 
%                                                                                                                                                                                                                                                                                                                                                                                                                                                                                                                              
 

svlngen4-fab1-apic1# 
%                                                                                                                                                                                                                                                                                                                                                                                                                                                                                                                              
 

svlngen4-fab1-apic1# 
%                                                                                                                                                                                                                                                                                                                                                                                                                                                                                                                              
 

svlngen4-fab1-apic1# 
%                                                                                                                                                                                                                                                                                                                                                                                                                                                                                                                              
 

svlngen4-fab1-apic1# ddf -h | grep tech
DEBUG:netmiko:read_channel: 
DEBUG:netmiko:read_channel: 
DEBUG:netmiko:write_channel: b'\n'
DEBUG:netmiko:read_channel: 
DEBUG:netmiko:write_channel: b'\n'
DEBUG:netmiko:read_channel: 
DEBUG:netmiko:write_channel: b'\n'
DEBUG:netmiko:read_channel: 
DEBUG:netmiko:write_channel: b'\n'
DEBUG:netmiko:read_channel: 
DEBUG:netmiko:write_channel: b'\n'
DEBUG:netmiko:read_channel: 
%                                                                                                                                                                                                                                                                                                                                                                                                                                                                                                                              
 

svlngen4-fab1-apic1# 
DEBUG:netmiko:read_channel: 
DEBUG:netmiko:[find_prompt()]: prompt is svlngen4-fab1-apic1#
DEBUG:netmiko:write_channel: b'find /data/techsupport/ -mtime +30 -ls | grep .gz\n'
DEBUG:netmiko:read_channel: 
DEBUG:netmiko:read_channel: 
DEBUG:netmiko:read_channel: 
DEBUG:netmiko:read_channel: 
DEBUG:netmiko:read_channel: 
DEBUG:netmiko:read_channel: 
DEBUG:netmiko:read_channel: 
%                                                                                                                                                                                                                                                                                                                                                                                                                                                                                                                              
 

svlngen4-fab1-apic1# 
%                                                                                                                                                                                                                                                                                                                                                                                                                                                                                                                              
 

svlngen4-fab1-apic1# 
%                                                                                                                                                                                                                                                                                                                                                                                                                                                                                                                              
 

svlngen4-fab1-apic1# 

DEBUG:netmiko:read_channel: %                                                                                                                                                                                                                                                                                                                                                                                                                                                                                                                              
 

svlngen4-fab1-apic1# 
DEBUG:netmiko:read_channel: 
DEBUG:netmiko:read_channel: 
DEBUG:netmiko:read_channel: 
DEBUG:netmiko:read_channel: 
DEBUG:netmiko:read_channel: 
DEBUG:netmiko:read_channel: 
DEBUG:netmiko:read_channel: 
DEBUG:netmiko:read_channel: 
DEBUG:netmiko:read_channel: 
DEBUG:netmiko:read_channel: 
DEBUG:netmiko:read_channel: 
DEBUG:netmiko:read_channel: 
DEBUG:netmiko:read_channel: 
DEBUG:netmiko:read_channel: 
DEBUG:netmiko:read_channel: 
DEBUG:netmiko:read_channel: 
DEBUG:netmiko:read_channel: ffind /data/techsupport
DEBUG:netmiko:read_channel: / -mtime +30 -ls | grep .gz
find: '/data/techsupport/lost+found': Permission denied
%                                                                                                                                                                                                                                                                                                                                                                                                                                                                                                                              
 

svlngen4-fab1-apic1# 
DEBUG:netmiko:Pattern found: (find\ /data/techsupport/\ \-mtime\ \+30\ \-ls\ \|\ grep\ \.gz) 
%                                                                                                                                                                                                                                                                                                                                                                                                                                                                                                                              
 

svlngen4-fab1-apic1# 
%                                                                                                                                                                                                                                                                                                                                                                                                                                                                                                                              
 

svlngen4-fab1-apic1# 
%                                                                                                                                                                                                                                                                                                                                                                                                                                                                                                                              
 

svlngen4-fab1-apic1# 
%                                                                                                                                                                                                                                                                                                                                                                                                                                                                                                                              
 

svlngen4-fab1-apic1# ffind /data/techsupport/ -mtime +30 -ls | grep .gz
DEBUG:netmiko:read_channel: 
DEBUG:netmiko:read_channel: 
DEBUG:netmiko:write_channel: b'\n'
DEBUG:netmiko:read_channel: 
DEBUG:netmiko:write_channel: b'\n'
DEBUG:netmiko:read_channel: 
DEBUG:netmiko:write_channel: b'\n'
DEBUG:netmiko:read_channel: 
DEBUG:netmiko:write_channel: b'\n'
DEBUG:netmiko:read_channel: 
DEBUG:netmiko:write_channel: b'\n'
DEBUG:netmiko:read_channel: 
%                                                                                                                                                                                                                                                                                                                                                                                                                                                                                                                              
 

svlngen4-fab1-apic1# 
DEBUG:netmiko:read_channel: 
DEBUG:netmiko:[find_prompt()]: prompt is svlngen4-fab1-apic1#
DEBUG:netmiko:write_channel: b"find /data/techsupport/ -type f -mtime +30 -name '*.gz' -delete\n"
DEBUG:netmiko:read_channel: 
DEBUG:netmiko:read_channel: 
DEBUG:netmiko:read_channel: 
DEBUG:netmiko:read_channel: 
DEBUG:netmiko:read_channel: 
DEBUG:netmiko:read_channel: 
DEBUG:netmiko:read_channel: 
DEBUG:netmiko:read_channel: 
DEBUG:netmiko:read_channel: 
DEBUG:netmiko:read_channel: 
DEBUG:netmiko:read_channel: 
DEBUG:netmiko:read_channel: 
DEBUG:netmiko:read_channel: 
DEBUG:netmiko:read_channel: 
DEBUG:netmiko:read_channel: 
DEBUG:netmiko:read_channel: 
DEBUG:netmiko:read_channel: 
%                                                                                                                                                                                                                                                                                                                                                                                                                                                                                                                              
 

svlngen4-fab1-apic1# 
%                                                                                                                                                                                                                                                                                                                                                                                                                                                                                                                              
 

svlngen4-fab1-apic1# 
%                                                                                                                                                                                                                                                                                                                                                                                                                                                                                                                              
 

svlngen4-fab1-apic1# 
%                                                                                                                                                                                                                                                                                                                                                                                                                                                                                                                              
 

svlngen4-fab1-apic1# 
DEBUG:netmiko:read_channel: 
DEBUG:netmiko:read_channel: 
DEBUG:netmiko:read_channel: 
DEBUG:netmiko:read_channel: 
DEBUG:netmiko:read_channel: 
DEBUG:netmiko:read_channel: 
DEBUG:netmiko:read_channel: 
DEBUG:netmiko:read_channel: 
DEBUG:netmiko:read_channel: 
DEBUG:netmiko:read_channel: 
DEBUG:netmiko:read_channel: 
DEBUG:netmiko:read_channel: 
DEBUG:netmiko:read_channel: 
DEBUG:netmiko:read_channel: 
DEBUG:netmiko:read_channel: 
DEBUG:netmiko:read_channel: 
DEBUG:netmiko:read_channel: 
DEBUG:netmiko:read_channel: 
DEBUG:netmiko:read_channel: 
DEBUG:netmiko:read_channel: 
DEBUG:netmiko:read_channel: 
DEBUG:netmiko:read_channel: 
DEBUG:netmiko:read_channel: 
DEBUG:netmiko:read_channel: 
DEBUG:netmiko:read_channel: 
DEBUG:netmiko:read_channel: ffind /data/techsupport/ -type f -mtime +30 -name '*.gz' -delete
find: '/data/techsupport/lost+found': Permission denied
%                                                                                                                                                                                                                                                                                                                                                                                                                                                                                                                              
 

svlngen4-fab1-apic1# 
DEBUG:netmiko:Pattern found: (find\ /data/techsupport/\ \-type\ f\ \-mtime\ \+30\ \-name\ '\*\.gz'\ \-delete) 
%                                                                                                                                                                                                                                                                                                                                                                                                                                                                                                                              
 

svlngen4-fab1-apic1# 
%                                                                                                                                                                                                                                                                                                                                                                                                                                                                                                                              
 

svlngen4-fab1-apic1# 
%                                                                                                                                                                                                                                                                                                                                                                                                                                                                                                                              
 

svlngen4-fab1-apic1# 
%                                                                                                                                                                                                                                                                                                                                                                                                                                                                                                                              
 

svlngen4-fab1-apic1# ffind /data/techsupport/ -type f -mtime +30 -name '*.gz' -delete
DEBUG:netmiko:read_channel: 
DEBUG:netmiko:read_channel: 
DEBUG:netmiko:write_channel: b'\n'
DEBUG:netmiko:read_channel: 
DEBUG:netmiko:write_channel: b'\n'
DEBUG:netmiko:read_channel: 
DEBUG:netmiko:write_channel: b'\n'
DEBUG:netmiko:read_channel: 
DEBUG:netmiko:write_channel: b'\n'
DEBUG:netmiko:read_channel: 
DEBUG:netmiko:write_channel: b'\n'
DEBUG:netmiko:read_channel: 
%                                                                                                                                                                                                                                                                                                                                                                                                                                                                                                                              
 

svlngen4-fab1-apic1# 
DEBUG:netmiko:read_channel: 
DEBUG:netmiko:[find_prompt()]: prompt is svlngen4-fab1-apic1#
DEBUG:netmiko:write_channel: b'cd /data/techsupport/\n'
DEBUG:netmiko:read_channel: 
DEBUG:netmiko:read_channel: 
DEBUG:netmiko:read_channel: 
DEBUG:netmiko:read_channel: 
DEBUG:netmiko:read_channel: 
DEBUG:netmiko:read_channel: 
DEBUG:netmiko:read_channel: 
DEBUG:netmiko:read_channel: 
DEBUG:netmiko:read_channel: 
DEBUG:netmiko:read_channel: 
DEBUG:netmiko:read_channel: 
DEBUG:netmiko:read_channel: 
%                                                                                                                                                                                                                                                                                                                                                                                                                                                                                                                              
 

svlngen4-fab1-apic1# 
%                                                                                                                                                                                                                                                                                                                                                                                                                                                                                                                              
 

svlngen4-fab1-apic1# 
%                                                                                                                                                                                                                                                                                                                                                                                                                                                                                                                              
 

svlngen4-fab1-apic1# 
%                                                                                                                                                                                                                                                                                                                                                                                                                                                                                                                              
 

svlngen4-fab1-apic1# 
DEBUG:netmiko:read_channel: 
DEBUG:netmiko:read_channel: 
DEBUG:netmiko:read_channel: 
DEBUG:netmiko:read_channel: 
DEBUG:netmiko:read_channel: 
DEBUG:netmiko:read_channel: 
DEBUG:netmiko:read_channel: 
DEBUG:netmiko:read_channel: 
DEBUG:netmiko:read_channel: 
DEBUG:netmiko:read_channel: 
DEBUG:netmiko:read_channel: 
DEBUG:netmiko:read_channel: 
DEBUG:netmiko:read_channel: 
DEBUG:netmiko:read_channel: 
DEBUG:netmiko:read_channel: 
DEBUG:netmiko:read_channel: 
DEBUG:netmiko:read_channel: 
DEBUG:netmiko:read_channel: 
DEBUG:netmiko:read_channel: 
DEBUG:netmiko:read_channel: 
DEBUG:netmiko:read_channel: ccd /data/techsupport/
%                                                                                                                                                                                                                                                                                                                                                                                                                                                                                                                              
 

svlngen4-fab1-apic1# 
DEBUG:netmiko:Pattern found: (cd\ /data/techsupport/) 
%                                                                                                                                                                                                                                                                                                                                                                                                                                                                                                                              
 

svlngen4-fab1-apic1# 
%                                                                                                                                                                                                                                                                                                                                                                                                                                                                                                                              
 

svlngen4-fab1-apic1# 
%                                                                                                                                                                                                                                                                                                                                                                                                                                                                                                                              
 

svlngen4-fab1-apic1# 
%                                                                                                                                                                                                                                                                                                                                                                                                                                                                                                                              
 

svlngen4-fab1-apic1# ccd /data/techsupport/
DEBUG:netmiko:read_channel: 
DEBUG:netmiko:read_channel: 
DEBUG:netmiko:write_channel: b'\n'
DEBUG:netmiko:read_channel: 
DEBUG:netmiko:write_channel: b'\n'
DEBUG:netmiko:read_channel: 
DEBUG:netmiko:write_channel: b'\n'
DEBUG:netmiko:read_channel: 
DEBUG:netmiko:write_channel: b'\n'
DEBUG:netmiko:read_channel: 
DEBUG:netmiko:write_channel: b'\n'
DEBUG:netmiko:read_channel: 
%                                                                                                                                                                                                                                                                                                                                                                                                                                                                                                                              
 

svlngen4-fab1-apic1# 
DEBUG:netmiko:read_channel: 
DEBUG:netmiko:[find_prompt()]: prompt is svlngen4-fab1-apic1#
DEBUG:netmiko:write_channel: b'ls -l\n'
DEBUG:netmiko:read_channel: 
DEBUG:netmiko:read_channel: 
DEBUG:netmiko:read_channel: 
DEBUG:netmiko:read_channel: 
DEBUG:netmiko:read_channel: 
DEBUG:netmiko:read_channel: 
DEBUG:netmiko:read_channel: 
DEBUG:netmiko:read_channel: 
DEBUG:netmiko:read_channel: 
DEBUG:netmiko:read_channel: 
%                                                                                                                                                                                                                                                                                                                                                                                                                                                                                                                              
 

svlngen4-fab1-apic1# 
%                                                                                                                                                                                                                                                                                                                                                                                                                                                                                                                              
 

svlngen4-fab1-apic1# 
%                                                                                                                                                                                                                                                                                                                                                                                                                                                                                                                              
 

svlngen4-fab1-apic1# 
%                                                                                                                                                                                                                                                                                                                                                                                                                                                                                                                              
 

DEBUG:netmiko:read_channel: 
svlngen4-fab1-apic1# 
DEBUG:netmiko:read_channel: 
DEBUG:netmiko:read_channel: 
DEBUG:netmiko:read_channel: 
DEBUG:netmiko:read_channel: 
DEBUG:netmiko:read_channel: 
DEBUG:netmiko:read_channel: 
DEBUG:netmiko:read_channel: 
DEBUG:netmiko:read_channel: 
DEBUG:netmiko:read_channel: 
DEBUG:netmiko:read_channel: 
DEBUG:netmiko:read_channel: 
DEBUG:netmiko:read_channel: 
DEBUG:netmiko:read_channel: 
DEBUG:netmiko:read_channel: 
DEBUG:netmiko:read_channel: 
DEBUG:netmiko:read_channel: 
DEBUG:netmiko:read_channel: lls -l
total 36
drwxrwxr-x 2 ifc   admin  4096 Apr 20 04:07 debug
drwxrwxrwx 2 root  root   4096 Apr  5 04:23 heapstats
drwx------ 2 root  root  16384 Nov 22  2019 lost+found
drwxr-xr-x 2 admin admin  4096 Apr 23 23:13 test.txt
drwxrwxrwx 2 root  root   4096 Dec 12  2019 troubleshoot
drwx------ 2 admin admin  4096 Apr 23 23:22 upgradeTriages
%                                                                                                                                                                                                                                                                                                                                                                                                                                                                                                                              
 

DEBUG:netmiko:Pattern found: (ls\ \-l) 
%                                                                                                                                                                                                                                                                                                                                                                                                                                                                                                                              
 

svlngen4-fab1-apic1# 
%                                                                                                                                                                                                                                                                                                                                                                                                                                                                                                                              
 

svlngen4-fab1-apic1# 
%                                                                                                                                                                                                                                                                                                                                                                                                                                                                                                                              
 

svlngen4-fab1-apic1# 
%                                                                                                                                                                                                                                                                                                                                                                                                                                                                                                                              
 

svlngen4-fab1-apic1# lls -l
DEBUG:netmiko:read_channel: 
svlngen4-fab1-apic1# 
DEBUG:netmiko:read_channel: 
DEBUG:netmiko:write_channel: b'\n'
DEBUG:netmiko:read_channel: 
DEBUG:netmiko:write_channel: b'\n'
DEBUG:netmiko:read_channel: 
DEBUG:netmiko:write_channel: b'\n'
DEBUG:netmiko:read_channel: 
DEBUG:netmiko:write_channel: b'\n'
DEBUG:netmiko:read_channel: 
DEBUG:netmiko:write_channel: b'\n'
DEBUG:netmiko:read_channel: 
%                                                                                                                                                                                                                                                                                                                                                                                                                                                                                                                              
 

svlngen4-fab1-apic1# 
DEBUG:netmiko:read_channel: 
DEBUG:netmiko:[find_prompt()]: prompt is svlngen4-fab1-apic1#
DEBUG:netmiko:write_channel: b'df -h | grep tech\n'
DEBUG:netmiko:read_channel: 
DEBUG:netmiko:read_channel: 
DEBUG:netmiko:read_channel: 
DEBUG:netmiko:read_channel: 
DEBUG:netmiko:read_channel: 
DEBUG:netmiko:read_channel: 
DEBUG:netmiko:read_channel: 
%                                                                                                                                                                                                                                                                                                                                                                                                                                                                                                                              
 

svlngen4-fab1-apic1# 
%                                                                                                                                                                                                                                                                                                                                                                                                                                                                                                                              
 

svlngen4-fab1-apic1# 
%                                                                                                                                                                                                                                                                                                                                                                                                                                                                                                                              
 

svlngen4-fab1-apic1# 
%                                                                                                                                                                                                                                                                                                                                                                                                                                                                                                                              
 

svlngen4-fab1-apic1# 
DEBUG:netmiko:read_channel: 
DEBUG:netmiko:read_channel: 
DEBUG:netmiko:read_channel: 
DEBUG:netmiko:read_channel: 
DEBUG:netmiko:read_channel: 
DEBUG:netmiko:read_channel: 
DEBUG:netmiko:read_channel: 
DEBUG:netmiko:read_channel: 
DEBUG:netmiko:read_channel: 
DEBUG:netmiko:read_channel: 
DEBUG:netmiko:read_channel: 
DEBUG:netmiko:read_channel: 
DEBUG:netmiko:read_channel: 
DEBUG:netmiko:read_channel: 
DEBUG:netmiko:read_channel: 
DEBUG:netmiko:read_channel: 
DEBUG:netmiko:read_channel: 
DEBUG:netmiko:read_channel: 
DEBUG:netmiko:read_channel: 
DEBUG:netmiko:read_channel: 
DEBUG:netmiko:read_channel: 
DEBUG:netmiko:read_channel: 
DEBUG:netmiko:read_channel: 
DEBUG:netmiko:read_channel: 
DEBUG:netmiko:read_channel: 
DEBUG:netmiko:read_channel: 
DEBUG:netmiko:read_channel: ddf -h | grep tech
/dev/mapper/vg_ifc0-techsupport   40G   49M   38G   1% /data/techsupport
%                                                                                                                                                                                                                                                                                                                                                                                                                                                                                                                              
 

svlngen4-fab1-apic1# 
DEBUG:netmiko:Pattern found: (df\ \-h\ \|\ grep\ tech) 
%                                                                                                                                                                                                                                                                                                                                                                                                                                                                                                                              
 

svlngen4-fab1-apic1# 
%                                                                                                                                                                                                                                                                                                                                                                                                                                                                                                                              
 

svlngen4-fab1-apic1# 
%                                                                                                                                                                                                                                                                                                                                                                                                                                                                                                                              
 

svlngen4-fab1-apic1# 
%                                                                                                                                                                                                                                                                                                                                                                                                                                                                                                                              
 

svlngen4-fab1-apic1# ddf -h | grep tech
DEBUG:netmiko:read_channel: 
